2026-08-05 15:55:13 | INFO  | Logger initialized
2026-08-05 15:55:13 | INFO  | log_file=/home/albert/Ancestor/logs/Step3_Model_27_OneStage/2026-08-05-15-55-13.log
2026-08-05 15:55:13 | INFO  | output_dir=/home/albert/Ancestor/output/Step3_Model_27_OneStage/2026-08-05-15-55-13
[gpu_utils] GPU x1 已啟用：['/physical_device:GPU:0']
自訂 Label Mapping:
8screws: 0
1screws: 1
2screws: 2
3screws: 3
4screws: 4
模型已成功載入。
Model 2 - Layer 0: input_layer | Trainable: False
Model 2 - Layer 1: conv1d | Trainable: False
Model 2 - Layer 2: conv1d_1 | Trainable: False
Model 2 - Layer 3: max_pooling1d | Trainable: False
Model 2 - Layer 4: conv1d_2 | Trainable: False
Model 2 - Layer 5: conv1d_3 | Trainable: False
Model 2 - Layer 6: max_pooling1d_1 | Trainable: False
Model 2 - Layer 7: conv1d_4 | Trainable: False
Model 2 - Layer 8: conv1d_5 | Trainable: False
Model 2 - Layer 9: conv1d_6 | Trainable: False
Model 2 - Layer 10: max_pooling1d_2 | Trainable: False
Model 2 - Layer 11: conv1d_7 | Trainable: False
Model 2 - Layer 12: conv1d_8 | Trainable: False
Model 2 - Layer 13: conv1d_9 | Trainable: True
Model 2 - Layer 14: max_pooling1d_3 | Trainable: True
Model 2 - Layer 15: conv1d_10 | Trainable: True
Model 2 - Layer 16: conv1d_11 | Trainable: True
Model 2 - Layer 17: conv1d_12 | Trainable: True
Model 2 - Layer 18: max_pooling1d_4 | Trainable: True
Model 2 - Layer 19: flatten | Trainable: True
Model 2 - Layer 20: dense | Trainable: True
Model 2 - Layer 21: dropout | Trainable: True
Model 2 - Layer 22: dense_1 | Trainable: True
Model 2 - Layer 23: dropout_1 | Trainable: True
Model 2 - Layer 24: Screw_Number_Output | Trainable: True
[Training] Device: /GPU:0
Epoch 1/100
75/75 49ms/step accuracy=0.2603 loss=3.7494
75/75 73ms/step accuracy=0.2717 loss=2.9026 val_accuracy=0.3957 val_loss=1.4657
Epoch 2/100
75/75 4ms/step accuracy=0.3760 loss=1.5565 val_accuracy=0.5109 val_loss=1.1085
Epoch 3/100
75/75 3ms/step accuracy=0.4457 loss=1.3485
75/75 4ms/step accuracy=0.4562 loss=1.2949 val_accuracy=0.6277 val_loss=0.9750
Epoch 4/100
75/75 4ms/step accuracy=0.4946 loss=1.2044 val_accuracy=0.7045 val_loss=0.9011
Epoch 5/100
75/75 4ms/step accuracy=0.5438 loss=1.0803 val_accuracy=0.7379 val_loss=0.8192
Epoch 6/100
75/75 4ms/step accuracy=0.5789 loss=1.0003 val_accuracy=0.7746 val_loss=0.7482
Epoch 7/100
75/75 4ms/step accuracy=0.6152 loss=0.9266 val_accuracy=0.8047 val_loss=0.6773
Epoch 8/100
75/75 4ms/step accuracy=0.6427 loss=0.8980 val_accuracy=0.8197 val_loss=0.6367
Epoch 9/100
75/75 4ms/step accuracy=0.6720 loss=0.8418 val_accuracy=0.8564 val_loss=0.5820
Epoch 10/100
75/75 4ms/step accuracy=0.6820 loss=0.7988 val_accuracy=0.8664 val_loss=0.5444
Epoch 11/100
75/75 6ms/step accuracy=0.7012 loss=0.7477 val_accuracy=0.8848 val_loss=0.5030
Epoch 12/100
75/75 4ms/step accuracy=0.7170 loss=0.7232 val_accuracy=0.9065 val_loss=0.4745
Epoch 13/100
75/75 4ms/step accuracy=0.7329 loss=0.6739 val_accuracy=0.9232 val_loss=0.4371
Epoch 14/100
75/75 4ms/step accuracy=0.7609 loss=0.6282 val_accuracy=0.9232 val_loss=0.4013
Epoch 15/100
75/75 4ms/step accuracy=0.7592 loss=0.6176 val_accuracy=0.9265 val_loss=0.3743
Epoch 16/100
75/75 4ms/step accuracy=0.7838 loss=0.5826 val_accuracy=0.9299 val_loss=0.3465
Epoch 17/100
75/75 4ms/step accuracy=0.7913 loss=0.5650 val_accuracy=0.9366 val_loss=0.3280
Epoch 18/100
75/75 4ms/step accuracy=0.8072 loss=0.5408 val_accuracy=0.9416 val_loss=0.2987
Epoch 19/100
75/75 4ms/step accuracy=0.8297 loss=0.5096 val_accuracy=0.9466 val_loss=0.2841
Epoch 20/100
75/75 4ms/step accuracy=0.8343 loss=0.4853 val_accuracy=0.9499 val_loss=0.2604
Epoch 21/100
75/75 4ms/step accuracy=0.8385 loss=0.4804 val_accuracy=0.9549 val_loss=0.2413
Epoch 22/100
75/75 4ms/step accuracy=0.8485 loss=0.4540 val_accuracy=0.9599 val_loss=0.2256
Epoch 23/100
75/75 4ms/step accuracy=0.8518 loss=0.4272 val_accuracy=0.9616 val_loss=0.2081
Epoch 24/100
75/75 4ms/step accuracy=0.8598 loss=0.4123 val_accuracy=0.9699 val_loss=0.1965
Epoch 25/100
75/75 4ms/step accuracy=0.8606 loss=0.3958 val_accuracy=0.9649 val_loss=0.1890
Epoch 26/100
75/75 4ms/step accuracy=0.8685 loss=0.3792 val_accuracy=0.9733 val_loss=0.1829
Epoch 27/100
75/75 4ms/step accuracy=0.8806 loss=0.3651 val_accuracy=0.9733 val_loss=0.1773
Epoch 28/100
75/75 4ms/step accuracy=0.8715 loss=0.3690 val_accuracy=0.9733 val_loss=0.1566
Epoch 29/100
75/75 4ms/step accuracy=0.8731 loss=0.3511 val_accuracy=0.9783 val_loss=0.1546
Epoch 30/100
75/75 4ms/step accuracy=0.8898 loss=0.3265 val_accuracy=0.9816 val_loss=0.1421
Epoch 31/100
75/75 4ms/step accuracy=0.8831 loss=0.3370 val_accuracy=0.9750 val_loss=0.1392
Epoch 32/100
75/75 4ms/step accuracy=0.8836 loss=0.3232 val_accuracy=0.9766 val_loss=0.1336
Epoch 33/100
75/75 4ms/step accuracy=0.8965 loss=0.3029 val_accuracy=0.9816 val_loss=0.1223
Epoch 34/100
75/75 3ms/step accuracy=0.8997 loss=0.2823
75/75 4ms/step accuracy=0.9007 loss=0.2835 val_accuracy=0.9833 val_loss=0.1131
Epoch 35/100
75/75 4ms/step accuracy=0.9040 loss=0.2826 val_accuracy=0.9850 val_loss=0.1077
Epoch 36/100
75/75 3ms/step accuracy=0.9164 loss=0.2541
75/75 4ms/step accuracy=0.9103 loss=0.2711 val_accuracy=0.9800 val_loss=0.1181
Epoch 37/100
75/75 4ms/step accuracy=0.9061 loss=0.2620 val_accuracy=0.9866 val_loss=0.1053
Epoch 38/100
75/75 4ms/step accuracy=0.9069 loss=0.2713 val_accuracy=0.9850 val_loss=0.1078
Epoch 39/100
75/75 4ms/step accuracy=0.9103 loss=0.2670 val_accuracy=0.9883 val_loss=0.0974
Epoch 40/100
75/75 4ms/step accuracy=0.9153 loss=0.2522 val_accuracy=0.9850 val_loss=0.0969
Epoch 41/100
75/75 4ms/step accuracy=0.9203 loss=0.2367 val_accuracy=0.9866 val_loss=0.0950
Epoch 42/100
75/75 4ms/step accuracy=0.9149 loss=0.2438 val_accuracy=0.9866 val_loss=0.0916
Epoch 43/100
75/75 4ms/step accuracy=0.9207 loss=0.2366 val_accuracy=0.9883 val_loss=0.0849
Epoch 44/100
75/75 5ms/step accuracy=0.9286 loss=0.2268 val_accuracy=0.9866 val_loss=0.0871
Epoch 45/100
75/75 4ms/step accuracy=0.9178 loss=0.2326 val_accuracy=0.9883 val_loss=0.0861
Epoch 46/100
75/75 6ms/step accuracy=0.9165 loss=0.2303 val_accuracy=0.9883 val_loss=0.0859
Epoch 47/100
75/75 4ms/step accuracy=0.9224 loss=0.2170 val_accuracy=0.9850 val_loss=0.0801
Epoch 48/100
75/75 4ms/step accuracy=0.9203 loss=0.2258 val_accuracy=0.9883 val_loss=0.0733
Epoch 49/100
75/75 4ms/step accuracy=0.9286 loss=0.2116 val_accuracy=0.9883 val_loss=0.0778
Epoch 50/100
75/75 3ms/step accuracy=0.9356 loss=0.1948
75/75 4ms/step accuracy=0.9378 loss=0.1988 val_accuracy=0.9850 val_loss=0.0807
Epoch 51/100
75/75 4ms/step accuracy=0.9299 loss=0.2078 val_accuracy=0.9883 val_loss=0.0750
Epoch 52/100
75/75 4ms/step accuracy=0.9307 loss=0.2038 val_accuracy=0.9883 val_loss=0.0755
Epoch 53/100
75/75 3ms/step accuracy=0.9321 loss=0.2033
75/75 4ms/step accuracy=0.9320 loss=0.2075 val_accuracy=0.9883 val_loss=0.0714
Epoch 54/100
75/75 4ms/step accuracy=0.9261 loss=0.2094 val_accuracy=0.9900 val_loss=0.0688
Epoch 55/100
75/75 4ms/step accuracy=0.9303 loss=0.2094 val_accuracy=0.9883 val_loss=0.0714
Epoch 56/100
75/75 4ms/step accuracy=0.9370 loss=0.1958 val_accuracy=0.9883 val_loss=0.0684
Epoch 57/100
75/75 4ms/step accuracy=0.9353 loss=0.1927 val_accuracy=0.9883 val_loss=0.0752
Epoch 58/100
75/75 4ms/step accuracy=0.9324 loss=0.1969 val_accuracy=0.9883 val_loss=0.0788
Epoch 59/100
75/75 4ms/step accuracy=0.9428 loss=0.1749 val_accuracy=0.9883 val_loss=0.0687
Epoch 60/100
75/75 4ms/step accuracy=0.9391 loss=0.1705 val_accuracy=0.9900 val_loss=0.0605
Epoch 61/100
75/75 4ms/step accuracy=0.9416 loss=0.1879 val_accuracy=0.9900 val_loss=0.0646
Epoch 62/100
75/75 4ms/step accuracy=0.9449 loss=0.1685 val_accuracy=0.9883 val_loss=0.0624
Epoch 63/100
75/75 4ms/step accuracy=0.9395 loss=0.1705 val_accuracy=0.9883 val_loss=0.0693
Epoch 64/100
75/75 4ms/step accuracy=0.9395 loss=0.1785 val_accuracy=0.9900 val_loss=0.0612
Epoch 65/100
75/75 6ms/step accuracy=0.9445 loss=0.1623 val_accuracy=0.9900 val_loss=0.0622
Epoch 66/100
75/75 4ms/step accuracy=0.9487 loss=0.1492 val_accuracy=0.9883 val_loss=0.0675
Epoch 67/100
75/75 3ms/step accuracy=0.9506 loss=0.1616
75/75 4ms/step accuracy=0.9491 loss=0.1618 val_accuracy=0.9883 val_loss=0.0580
Epoch 68/100
75/75 4ms/step accuracy=0.9399 loss=0.1726 val_accuracy=0.9883 val_loss=0.0629
Epoch 69/100
75/75 4ms/step accuracy=0.9420 loss=0.1640 val_accuracy=0.9883 val_loss=0.0711
Epoch 70/100
75/75 4ms/step accuracy=0.9457 loss=0.1586 val_accuracy=0.9917 val_loss=0.0535
Epoch 71/100
75/75 4ms/step accuracy=0.9424 loss=0.1655 val_accuracy=0.9917 val_loss=0.0542
Epoch 72/100
75/75 4ms/step accuracy=0.9503 loss=0.1483 val_accuracy=0.9900 val_loss=0.0566
Epoch 73/100
75/75 4ms/step accuracy=0.9482 loss=0.1640 val_accuracy=0.9900 val_loss=0.0594
Epoch 74/100
75/75 4ms/step accuracy=0.9537 loss=0.1461 val_accuracy=0.9900 val_loss=0.0588
Epoch 75/100
75/75 3ms/step accuracy=0.9581 loss=0.1450
75/75 4ms/step accuracy=0.9524 loss=0.1520 val_accuracy=0.9917 val_loss=0.0542
Epoch 76/100
75/75 3ms/step accuracy=0.9521 loss=0.1390
75/75 4ms/step accuracy=0.9478 loss=0.1433 val_accuracy=0.9900 val_loss=0.0581
Epoch 77/100
75/75 4ms/step accuracy=0.9583 loss=0.1359 val_accuracy=0.9900 val_loss=0.0600
Epoch 78/100
75/75 4ms/step accuracy=0.9591 loss=0.1297 val_accuracy=0.9883 val_loss=0.0661
Epoch 79/100
75/75 4ms/step accuracy=0.9520 loss=0.1393 val_accuracy=0.9883 val_loss=0.0579
Epoch 80/100
75/75 4ms/step accuracy=0.9545 loss=0.1495 val_accuracy=0.9917 val_loss=0.0531
Epoch 81/100
75/75 4ms/step accuracy=0.9620 loss=0.1311 val_accuracy=0.9883 val_loss=0.0604
Epoch 82/100
75/75 4ms/step accuracy=0.9570 loss=0.1408 val_accuracy=0.9900 val_loss=0.0586
Epoch 83/100
75/75 4ms/step accuracy=0.9641 loss=0.1282 val_accuracy=0.9900 val_loss=0.0596
Epoch 84/100
75/75 4ms/step accuracy=0.9528 loss=0.1432 val_accuracy=0.9917 val_loss=0.0518
Epoch 85/100
75/75 4ms/step accuracy=0.9516 loss=0.1351 val_accuracy=0.9900 val_loss=0.0551
Epoch 86/100
75/75 4ms/step accuracy=0.9562 loss=0.1335 val_accuracy=0.9900 val_loss=0.0602
Epoch 87/100
75/75 4ms/step accuracy=0.9595 loss=0.1288 val_accuracy=0.9900 val_loss=0.0649
Epoch 88/100
75/75 4ms/step accuracy=0.9570 loss=0.1256 val_accuracy=0.9917 val_loss=0.0554
Epoch 89/100
75/75 4ms/step accuracy=0.9662 loss=0.1143 val_accuracy=0.9900 val_loss=0.0601
Epoch 90/100
75/75 4ms/step accuracy=0.9604 loss=0.1292 val_accuracy=0.9917 val_loss=0.0538
Epoch 91/100
75/75 4ms/step accuracy=0.9666 loss=0.1279 val_accuracy=0.9933 val_loss=0.0542
Epoch 92/100
75/75 4ms/step accuracy=0.9570 loss=0.1409 val_accuracy=0.9900 val_loss=0.0611
Epoch 93/100
75/75 4ms/step accuracy=0.9658 loss=0.1175 val_accuracy=0.9917 val_loss=0.0498
Epoch 94/100
75/75 4ms/step accuracy=0.9641 loss=0.1188 val_accuracy=0.9917 val_loss=0.0495
Epoch 95/100
75/75 4ms/step accuracy=0.9595 loss=0.1292 val_accuracy=0.9900 val_loss=0.0649
Epoch 96/100
75/75 4ms/step accuracy=0.9654 loss=0.1116 val_accuracy=0.9900 val_loss=0.0546
Epoch 97/100
75/75 4ms/step accuracy=0.9604 loss=0.1206 val_accuracy=0.9917 val_loss=0.0533
Epoch 98/100
75/75 3ms/step accuracy=0.9624 loss=0.1251
75/75 4ms/step accuracy=0.9612 loss=0.1312 val_accuracy=0.9917 val_loss=0.0559
Epoch 99/100
75/75 4ms/step accuracy=0.9695 loss=0.1126 val_accuracy=0.9917 val_loss=0.0686
Epoch 100/100
75/75 4ms/step accuracy=0.9662 loss=0.1146 val_accuracy=0.9900 val_loss=0.0648
19/19 3ms/step accuracy=0.9917 loss=0.0495
Loss: 0.0495, Accuracy: 0.9917
2026-08-05 15:56:02 | INFO  | Saved plot: /home/albert/Ancestor/output/Step3_Model_27_OneStage/2026-08-05-15-55-13/plot_000.png
2026-08-05 15:56:02 | INFO  | Saved plot: /home/albert/Ancestor/output/Step3_Model_27_OneStage/2026-08-05-15-55-13/plot_001.png
2026-08-05 15:56:03 | INFO  | Saved plot: /home/albert/Ancestor/output/Step3_Model_27_OneStage/2026-08-05-15-55-13/plot_002.png
