2026-08-05 16:02:01 | INFO  | Logger initialized
2026-08-05 16:02:01 | INFO  | log_file=/home/albert/Ancestor/logs/Step3_Model_16_TwoStage/2026-08-05-16-02-01.log
2026-08-05 16:02:01 | INFO  | output_dir=/home/albert/Ancestor/output/Step3_Model_16_TwoStage/2026-08-05-16-02-01
[gpu_utils] GPU x1 已啟用：['/physical_device:GPU:0']
自訂 Label Mapping:
8screws: 0
1screws: 1
2screws: 2
3screws: 3
4screws: 4
0 0
模型已成功載入。
Model 3 - Layer 0: input_layer | Trainable: False
Model 3 - Layer 1: conv1d | Trainable: False
Model 3 - Layer 2: conv1d_1 | Trainable: False
Model 3 - Layer 3: max_pooling1d | Trainable: False
Model 3 - Layer 4: conv1d_2 | Trainable: False
Model 3 - Layer 5: max_pooling1d_1 | Trainable: False
Model 3 - Layer 6: conv1d_3 | Trainable: True
Model 3 - Layer 7: max_pooling1d_2 | Trainable: True
Model 3 - Layer 8: flatten | Trainable: True
Model 3 - Layer 9: dense | Trainable: True
Model 3 - Layer 10: dropout | Trainable: True
Model 3 - Layer 11: Screw_Number_Output | Trainable: True
[Training] Device: /GPU:0
Epoch 1/100
75/75 33ms/step accuracy=0.3293 loss=5.5809
75/75 55ms/step accuracy=0.3631 loss=4.5017 val_accuracy=0.4591 val_loss=1.9613
Epoch 2/100
75/75 4ms/step accuracy=0.4904 loss=1.8358 val_accuracy=0.6411 val_loss=0.9504
Epoch 3/100
75/75 6ms/step accuracy=0.5939 loss=1.1576 val_accuracy=0.7913 val_loss=0.5985
Epoch 4/100
75/75 4ms/step accuracy=0.6949 loss=0.7946 val_accuracy=0.8564 val_loss=0.4673
Epoch 5/100
75/75 5ms/step accuracy=0.7475 loss=0.6602 val_accuracy=0.8915 val_loss=0.3796
Epoch 6/100
75/75 4ms/step accuracy=0.7750 loss=0.5696 val_accuracy=0.9132 val_loss=0.3196
Epoch 7/100
75/75 5ms/step accuracy=0.7942 loss=0.5289 val_accuracy=0.9265 val_loss=0.2722
Epoch 8/100
75/75 4ms/step accuracy=0.8026 loss=0.4813 val_accuracy=0.9432 val_loss=0.2382
Epoch 9/100
75/75 5ms/step accuracy=0.8247 loss=0.4343 val_accuracy=0.9549 val_loss=0.2073
Epoch 10/100
75/75 4ms/step accuracy=0.8222 loss=0.4378 val_accuracy=0.9583 val_loss=0.1890
Epoch 11/100
75/75 5ms/step accuracy=0.8381 loss=0.4024 val_accuracy=0.9683 val_loss=0.1706
Epoch 12/100
75/75 4ms/step accuracy=0.8414 loss=0.3761 val_accuracy=0.9766 val_loss=0.1517
Epoch 13/100
75/75 5ms/step accuracy=0.8422 loss=0.3590 val_accuracy=0.9766 val_loss=0.1362
Epoch 14/100
75/75 4ms/step accuracy=0.8418 loss=0.3598 val_accuracy=0.9816 val_loss=0.1279
Epoch 15/100
75/75 5ms/step accuracy=0.8548 loss=0.3316 val_accuracy=0.9816 val_loss=0.1148
Epoch 16/100
75/75 4ms/step accuracy=0.8614 loss=0.3139 val_accuracy=0.9816 val_loss=0.1074
Epoch 17/100
75/75 5ms/step accuracy=0.8744 loss=0.2998 val_accuracy=0.9833 val_loss=0.0954
Epoch 18/100
75/75 4ms/step accuracy=0.8689 loss=0.2974 val_accuracy=0.9866 val_loss=0.0886
Epoch 19/100
75/75 5ms/step accuracy=0.8694 loss=0.2895 val_accuracy=0.9866 val_loss=0.0821
Epoch 20/100
75/75 4ms/step accuracy=0.8819 loss=0.2734 val_accuracy=0.9866 val_loss=0.0753
Epoch 21/100
75/75 5ms/step accuracy=0.8748 loss=0.2653 val_accuracy=0.9883 val_loss=0.0694
Epoch 22/100
75/75 4ms/step accuracy=0.8907 loss=0.2522 val_accuracy=0.9883 val_loss=0.0645
Epoch 23/100
75/75 5ms/step accuracy=0.8944 loss=0.2509 val_accuracy=0.9900 val_loss=0.0589
Epoch 24/100
75/75 4ms/step accuracy=0.9086 loss=0.2263 val_accuracy=0.9900 val_loss=0.0523
Epoch 25/100
75/75 5ms/step accuracy=0.9157 loss=0.2150 val_accuracy=0.9900 val_loss=0.0486
Epoch 26/100
75/75 4ms/step accuracy=0.9086 loss=0.2078 val_accuracy=0.9900 val_loss=0.0451
Epoch 27/100
75/75 5ms/step accuracy=0.9161 loss=0.2062 val_accuracy=0.9900 val_loss=0.0425
Epoch 28/100
75/75 4ms/step accuracy=0.9194 loss=0.1950 val_accuracy=0.9900 val_loss=0.0385
Epoch 29/100
75/75 5ms/step accuracy=0.9149 loss=0.2012 val_accuracy=0.9917 val_loss=0.0355
Epoch 30/100
75/75 4ms/step accuracy=0.9119 loss=0.1974 val_accuracy=0.9917 val_loss=0.0329
Epoch 31/100
75/75 5ms/step accuracy=0.9220 loss=0.1836 val_accuracy=0.9917 val_loss=0.0298
Epoch 32/100
75/75 4ms/step accuracy=0.9190 loss=0.1827 val_accuracy=0.9917 val_loss=0.0286
Epoch 33/100
75/75 5ms/step accuracy=0.9149 loss=0.1901 val_accuracy=0.9950 val_loss=0.0266
Epoch 34/100
75/75 4ms/step accuracy=0.9207 loss=0.1776 val_accuracy=0.9967 val_loss=0.0251
Epoch 35/100
75/75 5ms/step accuracy=0.9224 loss=0.1744 val_accuracy=0.9967 val_loss=0.0230
Epoch 36/100
75/75 4ms/step accuracy=0.9278 loss=0.1611 val_accuracy=0.9983 val_loss=0.0209
Epoch 37/100
75/75 5ms/step accuracy=0.9249 loss=0.1685 val_accuracy=0.9983 val_loss=0.0209
Epoch 38/100
75/75 4ms/step accuracy=0.9236 loss=0.1618 val_accuracy=0.9967 val_loss=0.0189
Epoch 39/100
75/75 5ms/step accuracy=0.9249 loss=0.1574 val_accuracy=0.9983 val_loss=0.0174
Epoch 40/100
75/75 4ms/step accuracy=0.9236 loss=0.1636 val_accuracy=0.9967 val_loss=0.0171
Epoch 41/100
75/75 5ms/step accuracy=0.9324 loss=0.1582 val_accuracy=0.9983 val_loss=0.0164
Epoch 42/100
75/75 4ms/step accuracy=0.9370 loss=0.1508 val_accuracy=0.9983 val_loss=0.0156
Epoch 43/100
75/75 5ms/step accuracy=0.9257 loss=0.1561 val_accuracy=0.9983 val_loss=0.0147
Epoch 44/100
75/75 4ms/step accuracy=0.9353 loss=0.1456 val_accuracy=1.0000 val_loss=0.0133
Epoch 45/100
75/75 5ms/step accuracy=0.9307 loss=0.1465 val_accuracy=1.0000 val_loss=0.0126
Epoch 46/100
75/75 4ms/step accuracy=0.9316 loss=0.1424 val_accuracy=1.0000 val_loss=0.0117
Epoch 47/100
75/75 5ms/step accuracy=0.9295 loss=0.1483 val_accuracy=1.0000 val_loss=0.0111
Epoch 48/100
75/75 4ms/step accuracy=0.9316 loss=0.1406 val_accuracy=1.0000 val_loss=0.0105
Epoch 49/100
75/75 5ms/step accuracy=0.9453 loss=0.1238 val_accuracy=1.0000 val_loss=0.0098
Epoch 50/100
75/75 4ms/step accuracy=0.9395 loss=0.1287 val_accuracy=1.0000 val_loss=0.0095
Epoch 51/100
75/75 5ms/step accuracy=0.9370 loss=0.1309 val_accuracy=1.0000 val_loss=0.0090
Epoch 52/100
75/75 4ms/step accuracy=0.9374 loss=0.1242 val_accuracy=1.0000 val_loss=0.0084
Epoch 53/100
75/75 5ms/step accuracy=0.9374 loss=0.1223 val_accuracy=1.0000 val_loss=0.0078
Epoch 54/100
75/75 4ms/step accuracy=0.9445 loss=0.1149 val_accuracy=1.0000 val_loss=0.0075
Epoch 55/100
75/75 5ms/step accuracy=0.9391 loss=0.1223 val_accuracy=1.0000 val_loss=0.0062
Epoch 56/100
75/75 4ms/step accuracy=0.9391 loss=0.1215 val_accuracy=1.0000 val_loss=0.0061
Epoch 57/100
75/75 5ms/step accuracy=0.9386 loss=0.1251 val_accuracy=1.0000 val_loss=0.0057
Epoch 58/100
75/75 4ms/step accuracy=0.9432 loss=0.1163 val_accuracy=1.0000 val_loss=0.0060
Epoch 59/100
75/75 5ms/step accuracy=0.9520 loss=0.1095 val_accuracy=1.0000 val_loss=0.0052
Epoch 60/100
75/75 4ms/step accuracy=0.9474 loss=0.1075 val_accuracy=1.0000 val_loss=0.0049
Epoch 61/100
75/75 5ms/step accuracy=0.9445 loss=0.1169 val_accuracy=1.0000 val_loss=0.0048
Epoch 62/100
75/75 4ms/step accuracy=0.9437 loss=0.1107 val_accuracy=1.0000 val_loss=0.0045
Epoch 63/100
75/75 5ms/step accuracy=0.9520 loss=0.1050 val_accuracy=1.0000 val_loss=0.0041
Epoch 64/100
75/75 4ms/step accuracy=0.9478 loss=0.1061 val_accuracy=1.0000 val_loss=0.0039
Epoch 65/100
75/75 5ms/step accuracy=0.9416 loss=0.1103 val_accuracy=1.0000 val_loss=0.0037
Epoch 66/100
75/75 4ms/step accuracy=0.9432 loss=0.1126 val_accuracy=1.0000 val_loss=0.0035
Epoch 67/100
75/75 5ms/step accuracy=0.9441 loss=0.1059 val_accuracy=1.0000 val_loss=0.0036
Epoch 68/100
75/75 4ms/step accuracy=0.9503 loss=0.0971 val_accuracy=1.0000 val_loss=0.0034
Epoch 69/100
75/75 5ms/step accuracy=0.9524 loss=0.0939 val_accuracy=1.0000 val_loss=0.0028
Epoch 70/100
75/75 4ms/step accuracy=0.9487 loss=0.1014 val_accuracy=1.0000 val_loss=0.0028
Epoch 71/100
75/75 5ms/step accuracy=0.9478 loss=0.1023 val_accuracy=1.0000 val_loss=0.0029
Epoch 72/100
75/75 4ms/step accuracy=0.9503 loss=0.0981 val_accuracy=1.0000 val_loss=0.0025
Epoch 73/100
75/75 5ms/step accuracy=0.9449 loss=0.1041 val_accuracy=1.0000 val_loss=0.0025
Epoch 74/100
75/75 4ms/step accuracy=0.9474 loss=0.0982 val_accuracy=1.0000 val_loss=0.0025
Epoch 75/100
75/75 5ms/step accuracy=0.9449 loss=0.1033 val_accuracy=1.0000 val_loss=0.0025
Epoch 76/100
75/75 4ms/step accuracy=0.9503 loss=0.0945 val_accuracy=1.0000 val_loss=0.0024
Epoch 77/100
75/75 5ms/step accuracy=0.9470 loss=0.0969 val_accuracy=1.0000 val_loss=0.0023
Epoch 78/100
75/75 4ms/step accuracy=0.9482 loss=0.1000 val_accuracy=1.0000 val_loss=0.0018
Epoch 79/100
75/75 5ms/step accuracy=0.9466 loss=0.1036 val_accuracy=1.0000 val_loss=0.0020
Epoch 80/100
75/75 4ms/step accuracy=0.9487 loss=0.1048 val_accuracy=1.0000 val_loss=0.0021
Epoch 81/100
75/75 5ms/step accuracy=0.9441 loss=0.0977 val_accuracy=1.0000 val_loss=0.0019
Epoch 82/100
75/75 4ms/step accuracy=0.9503 loss=0.0936 val_accuracy=1.0000 val_loss=0.0020
Epoch 83/100
75/75 5ms/step accuracy=0.9553 loss=0.0883 val_accuracy=1.0000 val_loss=0.0020
Epoch 84/100
75/75 4ms/step accuracy=0.9487 loss=0.1005 val_accuracy=1.0000 val_loss=0.0017
Epoch 85/100
75/75 5ms/step accuracy=0.9524 loss=0.0941 val_accuracy=1.0000 val_loss=0.0015
Epoch 86/100
75/75 4ms/step accuracy=0.9499 loss=0.0950 val_accuracy=1.0000 val_loss=0.0016
Epoch 87/100
75/75 5ms/step accuracy=0.9437 loss=0.1030 val_accuracy=1.0000 val_loss=0.0016
Epoch 88/100
75/75 4ms/step accuracy=0.9445 loss=0.1043 val_accuracy=1.0000 val_loss=0.0016
Epoch 89/100
75/75 5ms/step accuracy=0.9516 loss=0.0901 val_accuracy=1.0000 val_loss=0.0016
Epoch 90/100
75/75 4ms/step accuracy=0.9520 loss=0.0892 val_accuracy=1.0000 val_loss=0.0019
Epoch 91/100
75/75 5ms/step accuracy=0.9512 loss=0.0937 val_accuracy=1.0000 val_loss=0.0017
Epoch 92/100
75/75 4ms/step accuracy=0.9662 loss=0.0723 val_accuracy=1.0000 val_loss=0.0013
Epoch 93/100
75/75 5ms/step accuracy=0.9654 loss=0.0711 val_accuracy=1.0000 val_loss=0.0012
Epoch 94/100
75/75 4ms/step accuracy=0.9553 loss=0.0866 val_accuracy=1.0000 val_loss=0.0013
Epoch 95/100
75/75 5ms/step accuracy=0.9520 loss=0.0898 val_accuracy=1.0000 val_loss=0.0013
Epoch 96/100
75/75 4ms/step accuracy=0.9524 loss=0.0918 val_accuracy=1.0000 val_loss=0.0012
Epoch 97/100
75/75 5ms/step accuracy=0.9503 loss=0.0908 val_accuracy=1.0000 val_loss=0.0012
Epoch 98/100
75/75 4ms/step accuracy=0.9562 loss=0.0855 val_accuracy=1.0000 val_loss=0.0011
Epoch 99/100
75/75 4ms/step accuracy=0.9637 loss=0.0725 val_accuracy=1.0000 val_loss=9.2843e-04
Epoch 100/100
75/75 4ms/step accuracy=0.9508 loss=0.0963 val_accuracy=1.0000 val_loss=9.8121e-04
19/19 11ms/step accuracy=1.0000 loss=9.2843e-04
Loss: 0.0009, Accuracy: 1.0000
2026-08-05 16:02:46 | INFO  | Saved plot: /home/albert/Ancestor/output/Step3_Model_16_TwoStage/2026-08-05-16-02-01/plot_000.png
2026-08-05 16:02:46 | INFO  | Saved plot: /home/albert/Ancestor/output/Step3_Model_16_TwoStage/2026-08-05-16-02-01/plot_001.png
2026-08-05 16:02:47 | INFO  | Saved plot: /home/albert/Ancestor/output/Step3_Model_16_TwoStage/2026-08-05-16-02-01/plot_002.png
