2026-08-05 17:15:26 | INFO  | Logger initialized
2026-08-05 17:15:26 | INFO  | log_file=/home/albert/Ancestor/logs/Step6_Model_27_Retrain/2026-08-05-17-15-26.log
2026-08-05 17:15:26 | INFO  | output_dir=/home/albert/Ancestor/output/Step6_Model_27_Retrain/2026-08-05-17-15-26
[gpu_utils] GPU x1 已啟用：['/physical_device:GPU:0']
自訂 Label Mapping:
8screws: 0
1screws: 1
2screws: 2
3screws: 3
4screws: 4
5screws: 5
6screws: 6
7screws: 7
3_14screws: 8
4_146screws: 9
[Training] Device: /GPU:0
Epoch 1/100
150/150 52ms/step accuracy=0.1291 loss=2.2543
150/150 70ms/step accuracy=0.1678 loss=2.1513 val_accuracy=0.2938 val_loss=1.7546
Epoch 2/100
150/150 4ms/step accuracy=0.3487 loss=1.7408
150/150 5ms/step accuracy=0.3917 loss=1.6435 val_accuracy=0.7028 val_loss=1.1718
Epoch 3/100
150/150 4ms/step accuracy=0.5897 loss=1.2160
150/150 5ms/step accuracy=0.6457 loss=1.0828 val_accuracy=0.9466 val_loss=0.3671
Epoch 4/100
150/150 5ms/step accuracy=0.8262 loss=0.5643 val_accuracy=0.9900 val_loss=0.1182
Epoch 5/100
150/150 5ms/step accuracy=0.8936 loss=0.3595 val_accuracy=0.9917 val_loss=0.0488
Epoch 6/100
150/150 5ms/step accuracy=0.9230 loss=0.2615 val_accuracy=0.9875 val_loss=0.0472
Epoch 7/100
150/150 5ms/step accuracy=0.9449 loss=0.1892 val_accuracy=0.9992 val_loss=0.0126
Epoch 8/100
150/150 4ms/step accuracy=0.9616 loss=0.1392
150/150 5ms/step accuracy=0.9622 loss=0.1323 val_accuracy=0.9967 val_loss=0.0109
Epoch 9/100
150/150 4ms/step accuracy=0.9704 loss=0.1022 val_accuracy=1.0000 val_loss=0.0053
Epoch 10/100
150/150 5ms/step accuracy=0.9702 loss=0.0950 val_accuracy=0.9983 val_loss=0.0064
Epoch 11/100
150/150 4ms/step accuracy=0.9762 loss=0.0777 val_accuracy=1.0000 val_loss=0.0023
Epoch 12/100
150/150 5ms/step accuracy=0.9777 loss=0.0695 val_accuracy=1.0000 val_loss=0.0021
Epoch 13/100
150/150 5ms/step accuracy=0.9802 loss=0.0747 val_accuracy=0.9975 val_loss=0.0094
Epoch 14/100
150/150 3ms/step accuracy=0.9806 loss=0.0591
150/150 5ms/step accuracy=0.9818 loss=0.0586 val_accuracy=1.0000 val_loss=0.0015
Epoch 15/100
150/150 5ms/step accuracy=0.9846 loss=0.0616 val_accuracy=1.0000 val_loss=0.0012
Epoch 16/100
150/150 5ms/step accuracy=0.9877 loss=0.0432 val_accuracy=1.0000 val_loss=0.0010
Epoch 17/100
150/150 4ms/step accuracy=0.9854 loss=0.0469 val_accuracy=1.0000 val_loss=0.0014
Epoch 18/100
150/150 5ms/step accuracy=0.9877 loss=0.0414 val_accuracy=1.0000 val_loss=0.0015
Epoch 19/100
150/150 5ms/step accuracy=0.9891 loss=0.0372 val_accuracy=1.0000 val_loss=0.0017
Epoch 20/100
150/150 5ms/step accuracy=0.9891 loss=0.0383 val_accuracy=1.0000 val_loss=3.8727e-04
Epoch 21/100
150/150 5ms/step accuracy=0.9910 loss=0.0325 val_accuracy=1.0000 val_loss=0.0017
Epoch 22/100
150/150 5ms/step accuracy=0.9912 loss=0.0388 val_accuracy=1.0000 val_loss=2.1036e-04
Epoch 23/100
150/150 5ms/step accuracy=0.9914 loss=0.0292 val_accuracy=1.0000 val_loss=2.0005e-04
Epoch 24/100
150/150 5ms/step accuracy=0.9921 loss=0.0258 val_accuracy=1.0000 val_loss=2.9853e-04
Epoch 25/100
150/150 4ms/step accuracy=0.9946 loss=0.0214 val_accuracy=1.0000 val_loss=1.5792e-04
Epoch 26/100
150/150 5ms/step accuracy=0.9923 loss=0.0235 val_accuracy=1.0000 val_loss=2.3953e-04
Epoch 27/100
150/150 5ms/step accuracy=0.9950 loss=0.0174 val_accuracy=1.0000 val_loss=1.5778e-04
Epoch 28/100
150/150 5ms/step accuracy=0.9944 loss=0.0233 val_accuracy=0.9850 val_loss=0.0385
Epoch 29/100
150/150 4ms/step accuracy=0.9899 loss=0.0421
150/150 5ms/step accuracy=0.9939 loss=0.0266 val_accuracy=1.0000 val_loss=3.1944e-04
Epoch 30/100
150/150 3ms/step accuracy=0.9899 loss=0.0220
150/150 5ms/step accuracy=0.9923 loss=0.0217 val_accuracy=1.0000 val_loss=1.5254e-04
Epoch 31/100
150/150 4ms/step accuracy=0.9929 loss=0.0208 val_accuracy=1.0000 val_loss=7.7429e-05
Epoch 32/100
150/150 5ms/step accuracy=0.9929 loss=0.0218 val_accuracy=0.9992 val_loss=7.6635e-04
Epoch 33/100
150/150 3ms/step accuracy=0.9969 loss=0.0132
150/150 5ms/step accuracy=0.9967 loss=0.0130 val_accuracy=1.0000 val_loss=2.7482e-04
Epoch 34/100
150/150 4ms/step accuracy=0.9954 loss=0.0150 val_accuracy=1.0000 val_loss=4.7000e-04
Epoch 35/100
150/150 3ms/step accuracy=0.9951 loss=0.0159
150/150 5ms/step accuracy=0.9944 loss=0.0171 val_accuracy=1.0000 val_loss=1.6563e-04
Epoch 36/100
150/150 5ms/step accuracy=0.9969 loss=0.0104 val_accuracy=1.0000 val_loss=4.4572e-05
Epoch 37/100
150/150 3ms/step accuracy=0.9961 loss=0.0110
150/150 5ms/step accuracy=0.9967 loss=0.0084 val_accuracy=1.0000 val_loss=4.2988e-05
Epoch 38/100
150/150 4ms/step accuracy=0.9952 loss=0.0151 val_accuracy=1.0000 val_loss=9.4192e-04
Epoch 39/100
150/150 5ms/step accuracy=0.9967 loss=0.0101 val_accuracy=1.0000 val_loss=1.4976e-04
Epoch 40/100
150/150 3ms/step accuracy=0.9977 loss=0.0093
150/150 5ms/step accuracy=0.9975 loss=0.0091 val_accuracy=1.0000 val_loss=0.0011
Epoch 41/100
150/150 4ms/step accuracy=0.9925 loss=0.0269 val_accuracy=0.9992 val_loss=0.0023
Epoch 42/100
150/150 5ms/step accuracy=0.9962 loss=0.0156 val_accuracy=1.0000 val_loss=2.8063e-05
Epoch 43/100
150/150 5ms/step accuracy=0.9973 loss=0.0080 val_accuracy=1.0000 val_loss=7.9778e-05
Epoch 44/100
150/150 4ms/step accuracy=0.9954 loss=0.0201 val_accuracy=1.0000 val_loss=7.9000e-04
Epoch 45/100
150/150 4ms/step accuracy=0.9965 loss=0.0093 val_accuracy=1.0000 val_loss=2.8071e-04
Epoch 46/100
150/150 4ms/step accuracy=0.9977 loss=0.0090 val_accuracy=1.0000 val_loss=2.6892e-05
Epoch 47/100
150/150 4ms/step accuracy=0.9962 loss=0.0105 val_accuracy=1.0000 val_loss=3.3143e-05
Epoch 48/100
150/150 4ms/step accuracy=0.9973 loss=0.0116 val_accuracy=1.0000 val_loss=5.5350e-05
Epoch 49/100
150/150 4ms/step accuracy=0.9954 loss=0.0153 val_accuracy=1.0000 val_loss=4.9720e-05
Epoch 50/100
150/150 3ms/step accuracy=0.9963 loss=0.0105
150/150 5ms/step accuracy=0.9969 loss=0.0085 val_accuracy=1.0000 val_loss=5.4483e-05
Epoch 51/100
150/150 4ms/step accuracy=0.9981 loss=0.0058 val_accuracy=1.0000 val_loss=0.0013
Epoch 52/100
150/150 4ms/step accuracy=0.9969 loss=0.0101 val_accuracy=1.0000 val_loss=4.5592e-05
Epoch 53/100
150/150 4ms/step accuracy=0.9985 loss=0.0062 val_accuracy=1.0000 val_loss=5.2739e-04
Epoch 54/100
150/150 5ms/step accuracy=0.9979 loss=0.0066 val_accuracy=1.0000 val_loss=2.3351e-05
Epoch 55/100
150/150 4ms/step accuracy=0.9975 loss=0.0082 val_accuracy=1.0000 val_loss=8.0651e-05
Epoch 56/100
150/150 4ms/step accuracy=0.9977 loss=0.0062 val_accuracy=1.0000 val_loss=5.7564e-05
Epoch 57/100
150/150 4ms/step accuracy=0.9985 loss=0.0048 val_accuracy=1.0000 val_loss=1.9616e-05
Epoch 58/100
150/150 4ms/step accuracy=0.9987 loss=0.0053 val_accuracy=1.0000 val_loss=1.3106e-05
Epoch 59/100
150/150 3ms/step accuracy=0.9981 loss=0.0074
150/150 5ms/step accuracy=0.9981 loss=0.0072 val_accuracy=1.0000 val_loss=7.5333e-06
Epoch 60/100
150/150 4ms/step accuracy=0.9977 loss=0.0071 val_accuracy=1.0000 val_loss=1.6532e-05
Epoch 61/100
150/150 4ms/step accuracy=0.9981 loss=0.0045 val_accuracy=1.0000 val_loss=2.1281e-04
Epoch 62/100
150/150 5ms/step accuracy=0.9977 loss=0.0074 val_accuracy=1.0000 val_loss=1.8482e-06
Epoch 63/100
150/150 4ms/step accuracy=0.9992 loss=0.0032 val_accuracy=1.0000 val_loss=2.9655e-06
Epoch 64/100
150/150 4ms/step accuracy=0.9975 loss=0.0063 val_accuracy=1.0000 val_loss=2.2438e-05
Epoch 65/100
150/150 4ms/step accuracy=0.9987 loss=0.0056 val_accuracy=1.0000 val_loss=4.4531e-06
Epoch 66/100
150/150 4ms/step accuracy=0.9987 loss=0.0037 val_accuracy=1.0000 val_loss=1.8689e-05
Epoch 67/100
150/150 4ms/step accuracy=0.9994 loss=0.0015 val_accuracy=1.0000 val_loss=3.9234e-06
Epoch 68/100
150/150 4ms/step accuracy=0.9994 loss=0.0022 val_accuracy=1.0000 val_loss=5.0215e-07
Epoch 69/100
150/150 4ms/step accuracy=0.9983 loss=0.0058 val_accuracy=1.0000 val_loss=4.7654e-06
Epoch 70/100
150/150 4ms/step accuracy=0.9985 loss=0.0056 val_accuracy=1.0000 val_loss=9.9156e-06
Epoch 71/100
150/150 4ms/step accuracy=0.9950 loss=0.0160 val_accuracy=0.9992 val_loss=0.0037
Epoch 72/100
150/150 4ms/step accuracy=0.9985 loss=0.0062 val_accuracy=1.0000 val_loss=8.9454e-05
Epoch 73/100
150/150 4ms/step accuracy=0.9950 loss=0.0238 val_accuracy=1.0000 val_loss=1.2969e-04
Epoch 74/100
150/150 4ms/step accuracy=0.9973 loss=0.0072 val_accuracy=1.0000 val_loss=6.2231e-05
Epoch 75/100
150/150 4ms/step accuracy=0.9990 loss=0.0036 val_accuracy=1.0000 val_loss=1.4047e-04
Epoch 76/100
150/150 4ms/step accuracy=0.9992 loss=0.0036 val_accuracy=1.0000 val_loss=7.1208e-05
Epoch 77/100
150/150 4ms/step accuracy=0.9992 loss=0.0030 val_accuracy=1.0000 val_loss=3.0441e-05
Epoch 78/100
150/150 4ms/step accuracy=0.9992 loss=0.0031 val_accuracy=1.0000 val_loss=6.2098e-06
38/38 6ms/step accuracy=1.0000 loss=5.0215e-07
Screw Number Loss: 0.0000, Screw Number Accuracy: 1.0000
2026-08-05 17:16:45 | INFO  | Saved plot: /home/albert/Ancestor/output/Step6_Model_27_Retrain/2026-08-05-17-15-26/plot_000.png
2026-08-05 17:16:45 | INFO  | Saved plot: /home/albert/Ancestor/output/Step6_Model_27_Retrain/2026-08-05-17-15-26/plot_001.png
2026-08-05 17:16:47 | INFO  | Saved plot: /home/albert/Ancestor/output/Step6_Model_27_Retrain/2026-08-05-17-15-26/plot_002.png
重訓練模型已儲存：/home/albert/Ancestor/data/Step-3/model/VGG16_A11000_retrained.keras
