2026-08-05 16:22:07 | INFO  | Logger initialized
2026-08-05 16:22:07 | INFO  | log_file=/home/albert/Ancestor/logs/Step4_Model_12_Detecting/2026-08-05-16-22-07.log
2026-08-05 16:22:07 | INFO  | output_dir=/home/albert/Ancestor/output/Step4_Model_12_Detecting/2026-08-05-16-22-07
=== 1. Loading training data ===
✔️ Train : (1399, 105)  |  Test : (350, 105)
==============================
▶ mcs = 21 | conf = 0.9 | thr = 7.08
==============================
--- Test‑set validation
C0      : 2screws 74筆
C1      : 1screws 71筆
C2      : 4screws 70筆
C3      : 8screws 74筆
C4      : 3screws 61筆
* C0  | size  74 | dist   2.06 | Known
* C1  | size  71 | dist   2.09 | Known
* C2  | size  70 | dist   2.06 | Known
* C3  | size  74 | dist   2.05 | Known
* C4  | size  61 | dist   2.30 | Known
--- Unknown ['5screws'] | mcs 21
C2      : 71 pts
C1      : 74 pts
C3      : 70 pts
C0      : 60 pts
C5      : 61 pts
C4      : 74 pts
C0  | size  60 | dist 4974.62 | New Fault
C1  | size  74 | dist   2.06 | Known
C2  | size  71 | dist   2.09 | Known
C3  | size  70 | dist   2.06 | Known
C4  | size  74 | dist   2.05 | Known
C5  | size  61 | dist   2.30 | Known
--- Unknown ['5screws', '6screws'] | mcs 21
C2      : 68 pts
C6      : 60 pts
C0      : 58 pts
C4      : 66 pts
C3      : 69 pts
C5      : 71 pts
C1      : 58 pts
C0  | size  58 | dist 2814.95 | New Fault
C1  | size  58 | dist 4951.92 | New Fault
C2  | size  68 | dist   2.07 | Known
C3  | size  69 | dist   2.12 | Known
C4  | size  66 | dist   2.05 | Known
C5  | size  71 | dist   2.04 | Known
C6  | size  60 | dist   2.31 | Known
--- Unknown ['5screws', '6screws', '7screws'] | mcs 21
C2      : 63 pts
C0      : 54 pts
C3      : 58 pts
C5      : 62 pts
C1      : 64 pts
C6      : 47 pts
outliers: 4 pts
C4      : 51 pts
C7      : 47 pts
C0  | size  54 | dist 4980.14 | New Fault
C1  | size  64 | dist   2.09 | Known
C2  | size  63 | dist   2.14 | Known
C3  | size  58 | dist   2.06 | Known
C4  | size  51 | dist   2.27 | Known
C5  | size  62 | dist   2.06 | Known
C6  | size  47 | dist 507.25 | New Fault
C7  | size  47 | dist 2823.17 | New Fault
--- Unknown ['5screws', '6screws', '7screws', '3_14screws'] | mcs 21
C6      : 37 pts
C2      : 49 pts
C4      : 52 pts
C7      : 56 pts
C3      : 49 pts
C0      : 60 pts
outliers: 27 pts
C1      : 45 pts
C5      : 47 pts
C8      : 28 pts
C0  | size  60 | dist   2.14 | Known
C1  | size  45 | dist 5107.48 | New Fault
C2  | size  49 | dist   2.08 | Known
C3  | size  49 | dist   2.28 | Known
C4  | size  52 | dist   2.05 | Known
C5  | size  47 | dist 2913.84 | New Fault
C6  | size  37 | dist 545.46 | New Fault
C7  | size  56 | dist   2.12 | Known
C8  | size  28 | dist   8.97 | New Fault
--- Unknown ['5screws', '6screws', '7screws', '3_14screws', '4_146screws'] | mcs 21
C3      : 45 pts
C9      : 52 pts
C7      : 42 pts
C5      : 52 pts
C2      : 51 pts
outliers: 20 pts
C1      : 51 pts
C4      : 43 pts
C0      : 42 pts
C6      : 29 pts
C8      : 23 pts
C0  | size  42 | dist 5171.54 | New Fault
C1  | size  51 | dist   2.18 | Known
C2  | size  51 | dist   2.10 | Known
C3  | size  45 | dist 463.01 | New Fault
C4  | size  43 | dist   2.31 | Known
C5  | size  52 | dist   2.04 | Known
C6  | size  29 | dist 591.36 | New Fault
C7  | size  42 | dist 2839.63 | New Fault
C8  | size  23 | dist   8.84 | New Fault
C9  | size  52 | dist   2.15 | Known
==============================
▶ mcs = 21 | conf = 0.95 | thr = 7.55
==============================
--- Test‑set validation
C0      : 2screws 74筆
C1      : 1screws 71筆
C2      : 4screws 70筆
C3      : 8screws 74筆
C4      : 3screws 61筆
* C0  | size  74 | dist   2.06 | Known
* C1  | size  71 | dist   2.09 | Known
* C2  | size  70 | dist   2.06 | Known
* C3  | size  74 | dist   2.05 | Known
* C4  | size  61 | dist   2.30 | Known
--- Unknown ['5screws'] | mcs 21
C2      : 71 pts
C1      : 74 pts
C3      : 70 pts
C0      : 60 pts
C5      : 61 pts
C4      : 74 pts
C0  | size  60 | dist 4974.62 | New Fault
C1  | size  74 | dist   2.06 | Known
C2  | size  71 | dist   2.09 | Known
C3  | size  70 | dist   2.06 | Known
C4  | size  74 | dist   2.05 | Known
C5  | size  61 | dist   2.30 | Known
--- Unknown ['5screws', '6screws'] | mcs 21
C2      : 68 pts
C6      : 60 pts
C0      : 58 pts
C4      : 66 pts
C3      : 69 pts
C5      : 71 pts
C1      : 58 pts
C0  | size  58 | dist 2814.95 | New Fault
C1  | size  58 | dist 4951.92 | New Fault
C2  | size  68 | dist   2.07 | Known
C3  | size  69 | dist   2.12 | Known
C4  | size  66 | dist   2.05 | Known
C5  | size  71 | dist   2.04 | Known
C6  | size  60 | dist   2.31 | Known
--- Unknown ['5screws', '6screws', '7screws'] | mcs 21
C2      : 63 pts
C0      : 54 pts
C3      : 58 pts
C5      : 62 pts
C1      : 64 pts
C6      : 47 pts
outliers: 4 pts
C4      : 51 pts
C7      : 47 pts
C0  | size  54 | dist 4980.14 | New Fault
C1  | size  64 | dist   2.09 | Known
C2  | size  63 | dist   2.14 | Known
C3  | size  58 | dist   2.06 | Known
C4  | size  51 | dist   2.27 | Known
C5  | size  62 | dist   2.06 | Known
C6  | size  47 | dist 507.25 | New Fault
C7  | size  47 | dist 2823.17 | New Fault
--- Unknown ['5screws', '6screws', '7screws', '3_14screws'] | mcs 21
C6      : 37 pts
C2      : 49 pts
C4      : 52 pts
C7      : 56 pts
C3      : 49 pts
C0      : 60 pts
outliers: 27 pts
C1      : 45 pts
C5      : 47 pts
C8      : 28 pts
C0  | size  60 | dist   2.14 | Known
C1  | size  45 | dist 5107.48 | New Fault
C2  | size  49 | dist   2.08 | Known
C3  | size  49 | dist   2.28 | Known
C4  | size  52 | dist   2.05 | Known
C5  | size  47 | dist 2913.84 | New Fault
C6  | size  37 | dist 545.46 | New Fault
C7  | size  56 | dist   2.12 | Known
C8  | size  28 | dist   8.97 | New Fault
--- Unknown ['5screws', '6screws', '7screws', '3_14screws', '4_146screws'] | mcs 21
C3      : 45 pts
C9      : 52 pts
C7      : 42 pts
C5      : 52 pts
C2      : 51 pts
outliers: 20 pts
C1      : 51 pts
C4      : 43 pts
C0      : 42 pts
C6      : 29 pts
C8      : 23 pts
C0  | size  42 | dist 5171.54 | New Fault
C1  | size  51 | dist   2.18 | Known
C2  | size  51 | dist   2.10 | Known
C3  | size  45 | dist 463.01 | New Fault
C4  | size  43 | dist   2.31 | Known
C5  | size  52 | dist   2.04 | Known
C6  | size  29 | dist 591.36 | New Fault
C7  | size  42 | dist 2839.63 | New Fault
C8  | size  23 | dist   8.84 | New Fault
C9  | size  52 | dist   2.15 | Known
==============================
▶ mcs = 21 | conf = 0.99 | thr = 9.62
==============================
--- Test‑set validation
C0      : 2screws 74筆
C1      : 1screws 71筆
C2      : 4screws 70筆
C3      : 8screws 74筆
C4      : 3screws 61筆
* C0  | size  74 | dist   2.06 | Known
* C1  | size  71 | dist   2.09 | Known
* C2  | size  70 | dist   2.06 | Known
* C3  | size  74 | dist   2.05 | Known
* C4  | size  61 | dist   2.30 | Known
--- Unknown ['5screws'] | mcs 21
C2      : 71 pts
C1      : 74 pts
C3      : 70 pts
C0      : 60 pts
C5      : 61 pts
C4      : 74 pts
C0  | size  60 | dist 4974.62 | New Fault
C1  | size  74 | dist   2.06 | Known
C2  | size  71 | dist   2.09 | Known
C3  | size  70 | dist   2.06 | Known
C4  | size  74 | dist   2.05 | Known
C5  | size  61 | dist   2.30 | Known
--- Unknown ['5screws', '6screws'] | mcs 21
C2      : 68 pts
C6      : 60 pts
C0      : 58 pts
C4      : 66 pts
C3      : 69 pts
C5      : 71 pts
C1      : 58 pts
C0  | size  58 | dist 2814.95 | New Fault
C1  | size  58 | dist 4951.92 | New Fault
C2  | size  68 | dist   2.07 | Known
C3  | size  69 | dist   2.12 | Known
C4  | size  66 | dist   2.05 | Known
C5  | size  71 | dist   2.04 | Known
C6  | size  60 | dist   2.31 | Known
--- Unknown ['5screws', '6screws', '7screws'] | mcs 21
C2      : 63 pts
C0      : 54 pts
C3      : 58 pts
C5      : 62 pts
C1      : 64 pts
C6      : 47 pts
outliers: 4 pts
C4      : 51 pts
C7      : 47 pts
C0  | size  54 | dist 4980.14 | New Fault
C1  | size  64 | dist   2.09 | Known
C2  | size  63 | dist   2.14 | Known
C3  | size  58 | dist   2.06 | Known
C4  | size  51 | dist   2.27 | Known
C5  | size  62 | dist   2.06 | Known
C6  | size  47 | dist 507.25 | New Fault
C7  | size  47 | dist 2823.17 | New Fault
--- Unknown ['5screws', '6screws', '7screws', '3_14screws'] | mcs 21
C6      : 37 pts
C2      : 49 pts
C4      : 52 pts
C7      : 56 pts
C3      : 49 pts
C0      : 60 pts
outliers: 27 pts
C1      : 45 pts
C5      : 47 pts
C8      : 28 pts
C0  | size  60 | dist   2.14 | Known
C1  | size  45 | dist 5107.48 | New Fault
C2  | size  49 | dist   2.08 | Known
C3  | size  49 | dist   2.28 | Known
C4  | size  52 | dist   2.05 | Known
C5  | size  47 | dist 2913.84 | New Fault
C6  | size  37 | dist 545.46 | New Fault
C7  | size  56 | dist   2.12 | Known
C8  | size  28 | dist   8.97 | Known
--- Unknown ['5screws', '6screws', '7screws', '3_14screws', '4_146screws'] | mcs 21
C3      : 45 pts
C9      : 52 pts
C7      : 42 pts
C5      : 52 pts
C2      : 51 pts
outliers: 20 pts
C1      : 51 pts
C4      : 43 pts
C0      : 42 pts
C6      : 29 pts
C8      : 23 pts
C0  | size  42 | dist 5171.54 | New Fault
C1  | size  51 | dist   2.18 | Known
C2  | size  51 | dist   2.10 | Known
C3  | size  45 | dist 463.01 | New Fault
C4  | size  43 | dist   2.31 | Known
C5  | size  52 | dist   2.04 | Known
C6  | size  29 | dist 591.36 | New Fault
C7  | size  42 | dist 2839.63 | New Fault
C8  | size  23 | dist   8.84 | Known
C9  | size  52 | dist   2.15 | Known
==============================
▶ mcs = 22 | conf = 0.9 | thr = 7.08
==============================
--- Test‑set validation
C0      : 2screws 74筆
C1      : 1screws 71筆
C2      : 4screws 70筆
C3      : 8screws 74筆
C4      : 3screws 61筆
* C0  | size  74 | dist   2.06 | Known
* C1  | size  71 | dist   2.09 | Known
* C2  | size  70 | dist   2.06 | Known
* C3  | size  74 | dist   2.05 | Known
* C4  | size  61 | dist   2.30 | Known
--- Unknown ['5screws'] | mcs 22
C2      : 71 pts
C1      : 74 pts
C3      : 70 pts
C0      : 60 pts
C5      : 61 pts
C4      : 74 pts
C0  | size  60 | dist 4974.62 | New Fault
C1  | size  74 | dist   2.06 | Known
C2  | size  71 | dist   2.09 | Known
C3  | size  70 | dist   2.06 | Known
C4  | size  74 | dist   2.05 | Known
C5  | size  61 | dist   2.30 | Known
--- Unknown ['5screws', '6screws'] | mcs 22
C2      : 68 pts
C6      : 60 pts
C0      : 58 pts
C4      : 66 pts
C3      : 69 pts
C5      : 71 pts
C1      : 58 pts
C0  | size  58 | dist 2814.95 | New Fault
C1  | size  58 | dist 4951.92 | New Fault
C2  | size  68 | dist   2.07 | Known
C3  | size  69 | dist   2.12 | Known
C4  | size  66 | dist   2.05 | Known
C5  | size  71 | dist   2.04 | Known
C6  | size  60 | dist   2.31 | Known
--- Unknown ['5screws', '6screws', '7screws'] | mcs 22
C2      : 63 pts
C0      : 54 pts
C3      : 58 pts
C5      : 62 pts
C1      : 64 pts
C6      : 47 pts
outliers: 4 pts
C4      : 51 pts
C7      : 47 pts
C0  | size  54 | dist 4980.14 | New Fault
C1  | size  64 | dist   2.09 | Known
C2  | size  63 | dist   2.14 | Known
C3  | size  58 | dist   2.06 | Known
C4  | size  51 | dist   2.27 | Known
C5  | size  62 | dist   2.06 | Known
C6  | size  47 | dist 507.25 | New Fault
C7  | size  47 | dist 2823.17 | New Fault
--- Unknown ['5screws', '6screws', '7screws', '3_14screws'] | mcs 22
C6      : 37 pts
C2      : 49 pts
C4      : 52 pts
C7      : 56 pts
C3      : 49 pts
C0      : 60 pts
outliers: 27 pts
C1      : 45 pts
C5      : 47 pts
C8      : 28 pts
C0  | size  60 | dist   2.14 | Known
C1  | size  45 | dist 5107.48 | New Fault
C2  | size  49 | dist   2.08 | Known
C3  | size  49 | dist   2.28 | Known
C4  | size  52 | dist   2.05 | Known
C5  | size  47 | dist 2913.84 | New Fault
C6  | size  37 | dist 545.46 | New Fault
C7  | size  56 | dist   2.12 | Known
C8  | size  28 | dist   8.97 | New Fault
--- Unknown ['5screws', '6screws', '7screws', '3_14screws', '4_146screws'] | mcs 22
C3      : 45 pts
C9      : 52 pts
C7      : 42 pts
C5      : 52 pts
C2      : 51 pts
outliers: 20 pts
C1      : 51 pts
C4      : 43 pts
C0      : 42 pts
C6      : 29 pts
C8      : 23 pts
C0  | size  42 | dist 5171.54 | New Fault
C1  | size  51 | dist   2.18 | Known
C2  | size  51 | dist   2.10 | Known
C3  | size  45 | dist 463.01 | New Fault
C4  | size  43 | dist   2.31 | Known
C5  | size  52 | dist   2.04 | Known
C6  | size  29 | dist 591.36 | New Fault
C7  | size  42 | dist 2839.63 | New Fault
C8  | size  23 | dist   8.84 | New Fault
C9  | size  52 | dist   2.15 | Known
==============================
▶ mcs = 22 | conf = 0.95 | thr = 7.55
==============================
--- Test‑set validation
C0      : 2screws 74筆
C1      : 1screws 71筆
C2      : 4screws 70筆
C3      : 8screws 74筆
C4      : 3screws 61筆
* C0  | size  74 | dist   2.06 | Known
* C1  | size  71 | dist   2.09 | Known
* C2  | size  70 | dist   2.06 | Known
* C3  | size  74 | dist   2.05 | Known
* C4  | size  61 | dist   2.30 | Known
--- Unknown ['5screws'] | mcs 22
C2      : 71 pts
C1      : 74 pts
C3      : 70 pts
C0      : 60 pts
C5      : 61 pts
C4      : 74 pts
C0  | size  60 | dist 4974.62 | New Fault
C1  | size  74 | dist   2.06 | Known
C2  | size  71 | dist   2.09 | Known
C3  | size  70 | dist   2.06 | Known
C4  | size  74 | dist   2.05 | Known
C5  | size  61 | dist   2.30 | Known
--- Unknown ['5screws', '6screws'] | mcs 22
C2      : 68 pts
C6      : 60 pts
C0      : 58 pts
C4      : 66 pts
C3      : 69 pts
C5      : 71 pts
C1      : 58 pts
C0  | size  58 | dist 2814.95 | New Fault
C1  | size  58 | dist 4951.92 | New Fault
C2  | size  68 | dist   2.07 | Known
C3  | size  69 | dist   2.12 | Known
C4  | size  66 | dist   2.05 | Known
C5  | size  71 | dist   2.04 | Known
C6  | size  60 | dist   2.31 | Known
--- Unknown ['5screws', '6screws', '7screws'] | mcs 22
C2      : 63 pts
C0      : 54 pts
C3      : 58 pts
C5      : 62 pts
C1      : 64 pts
C6      : 47 pts
outliers: 4 pts
C4      : 51 pts
C7      : 47 pts
C0  | size  54 | dist 4980.14 | New Fault
C1  | size  64 | dist   2.09 | Known
C2  | size  63 | dist   2.14 | Known
C3  | size  58 | dist   2.06 | Known
C4  | size  51 | dist   2.27 | Known
C5  | size  62 | dist   2.06 | Known
C6  | size  47 | dist 507.25 | New Fault
C7  | size  47 | dist 2823.17 | New Fault
--- Unknown ['5screws', '6screws', '7screws', '3_14screws'] | mcs 22
C6      : 37 pts
C2      : 49 pts
C4      : 52 pts
C7      : 56 pts
C3      : 49 pts
C0      : 60 pts
outliers: 27 pts
C1      : 45 pts
C5      : 47 pts
C8      : 28 pts
C0  | size  60 | dist   2.14 | Known
C1  | size  45 | dist 5107.48 | New Fault
C2  | size  49 | dist   2.08 | Known
C3  | size  49 | dist   2.28 | Known
C4  | size  52 | dist   2.05 | Known
C5  | size  47 | dist 2913.84 | New Fault
C6  | size  37 | dist 545.46 | New Fault
C7  | size  56 | dist   2.12 | Known
C8  | size  28 | dist   8.97 | New Fault
--- Unknown ['5screws', '6screws', '7screws', '3_14screws', '4_146screws'] | mcs 22
C3      : 45 pts
C9      : 52 pts
C7      : 42 pts
C5      : 52 pts
C2      : 51 pts
outliers: 20 pts
C1      : 51 pts
C4      : 43 pts
C0      : 42 pts
C6      : 29 pts
C8      : 23 pts
C0  | size  42 | dist 5171.54 | New Fault
C1  | size  51 | dist   2.18 | Known
C2  | size  51 | dist   2.10 | Known
C3  | size  45 | dist 463.01 | New Fault
C4  | size  43 | dist   2.31 | Known
C5  | size  52 | dist   2.04 | Known
C6  | size  29 | dist 591.36 | New Fault
C7  | size  42 | dist 2839.63 | New Fault
C8  | size  23 | dist   8.84 | New Fault
C9  | size  52 | dist   2.15 | Known
==============================
▶ mcs = 22 | conf = 0.99 | thr = 9.62
==============================
--- Test‑set validation
C0      : 2screws 74筆
C1      : 1screws 71筆
C2      : 4screws 70筆
C3      : 8screws 74筆
C4      : 3screws 61筆
* C0  | size  74 | dist   2.06 | Known
* C1  | size  71 | dist   2.09 | Known
* C2  | size  70 | dist   2.06 | Known
* C3  | size  74 | dist   2.05 | Known
* C4  | size  61 | dist   2.30 | Known
--- Unknown ['5screws'] | mcs 22
C2      : 71 pts
C1      : 74 pts
C3      : 70 pts
C0      : 60 pts
C5      : 61 pts
C4      : 74 pts
C0  | size  60 | dist 4974.62 | New Fault
C1  | size  74 | dist   2.06 | Known
C2  | size  71 | dist   2.09 | Known
C3  | size  70 | dist   2.06 | Known
C4  | size  74 | dist   2.05 | Known
C5  | size  61 | dist   2.30 | Known
--- Unknown ['5screws', '6screws'] | mcs 22
C2      : 68 pts
C6      : 60 pts
C0      : 58 pts
C4      : 66 pts
C3      : 69 pts
C5      : 71 pts
C1      : 58 pts
C0  | size  58 | dist 2814.95 | New Fault
C1  | size  58 | dist 4951.92 | New Fault
C2  | size  68 | dist   2.07 | Known
C3  | size  69 | dist   2.12 | Known
C4  | size  66 | dist   2.05 | Known
C5  | size  71 | dist   2.04 | Known
C6  | size  60 | dist   2.31 | Known
--- Unknown ['5screws', '6screws', '7screws'] | mcs 22
C2      : 63 pts
C0      : 54 pts
C3      : 58 pts
C5      : 62 pts
C1      : 64 pts
C6      : 47 pts
outliers: 4 pts
C4      : 51 pts
C7      : 47 pts
C0  | size  54 | dist 4980.14 | New Fault
C1  | size  64 | dist   2.09 | Known
C2  | size  63 | dist   2.14 | Known
C3  | size  58 | dist   2.06 | Known
C4  | size  51 | dist   2.27 | Known
C5  | size  62 | dist   2.06 | Known
C6  | size  47 | dist 507.25 | New Fault
C7  | size  47 | dist 2823.17 | New Fault
--- Unknown ['5screws', '6screws', '7screws', '3_14screws'] | mcs 22
C6      : 37 pts
C2      : 49 pts
C4      : 52 pts
C7      : 56 pts
C3      : 49 pts
C0      : 60 pts
outliers: 27 pts
C1      : 45 pts
C5      : 47 pts
C8      : 28 pts
C0  | size  60 | dist   2.14 | Known
C1  | size  45 | dist 5107.48 | New Fault
C2  | size  49 | dist   2.08 | Known
C3  | size  49 | dist   2.28 | Known
C4  | size  52 | dist   2.05 | Known
C5  | size  47 | dist 2913.84 | New Fault
C6  | size  37 | dist 545.46 | New Fault
C7  | size  56 | dist   2.12 | Known
C8  | size  28 | dist   8.97 | Known
--- Unknown ['5screws', '6screws', '7screws', '3_14screws', '4_146screws'] | mcs 22
C3      : 45 pts
C9      : 52 pts
C7      : 42 pts
C5      : 52 pts
C2      : 51 pts
outliers: 20 pts
C1      : 51 pts
C4      : 43 pts
C0      : 42 pts
C6      : 29 pts
C8      : 23 pts
C0  | size  42 | dist 5171.54 | New Fault
C1  | size  51 | dist   2.18 | Known
C2  | size  51 | dist   2.10 | Known
C3  | size  45 | dist 463.01 | New Fault
C4  | size  43 | dist   2.31 | Known
C5  | size  52 | dist   2.04 | Known
C6  | size  29 | dist 591.36 | New Fault
C7  | size  42 | dist 2839.63 | New Fault
C8  | size  23 | dist   8.84 | Known
C9  | size  52 | dist   2.15 | Known
==============================
▶ mcs = 23 | conf = 0.9 | thr = 7.08
==============================
--- Test‑set validation
C0      : 2screws 74筆
C1      : 1screws 71筆
C2      : 4screws 70筆
C3      : 8screws 74筆
C4      : 3screws 61筆
* C0  | size  74 | dist   2.06 | Known
* C1  | size  71 | dist   2.09 | Known
* C2  | size  70 | dist   2.06 | Known
* C3  | size  74 | dist   2.05 | Known
* C4  | size  61 | dist   2.30 | Known
--- Unknown ['5screws'] | mcs 23
C2      : 71 pts
C1      : 74 pts
C3      : 70 pts
C0      : 60 pts
C5      : 61 pts
C4      : 74 pts
C0  | size  60 | dist 4974.62 | New Fault
C1  | size  74 | dist   2.06 | Known
C2  | size  71 | dist   2.09 | Known
C3  | size  70 | dist   2.06 | Known
C4  | size  74 | dist   2.05 | Known
C5  | size  61 | dist   2.30 | Known
--- Unknown ['5screws', '6screws'] | mcs 23
C2      : 68 pts
C6      : 60 pts
C0      : 58 pts
C4      : 66 pts
C3      : 69 pts
C5      : 71 pts
C1      : 58 pts
C0  | size  58 | dist 2814.95 | New Fault
C1  | size  58 | dist 4951.92 | New Fault
C2  | size  68 | dist   2.07 | Known
C3  | size  69 | dist   2.12 | Known
C4  | size  66 | dist   2.05 | Known
C5  | size  71 | dist   2.04 | Known
C6  | size  60 | dist   2.31 | Known
--- Unknown ['5screws', '6screws', '7screws'] | mcs 23
C2      : 63 pts
C0      : 54 pts
C3      : 58 pts
C5      : 62 pts
C1      : 64 pts
C6      : 47 pts
outliers: 4 pts
C4      : 51 pts
C7      : 47 pts
C0  | size  54 | dist 4980.14 | New Fault
C1  | size  64 | dist   2.09 | Known
C2  | size  63 | dist   2.14 | Known
C3  | size  58 | dist   2.06 | Known
C4  | size  51 | dist   2.27 | Known
C5  | size  62 | dist   2.06 | Known
C6  | size  47 | dist 507.25 | New Fault
C7  | size  47 | dist 2823.17 | New Fault
--- Unknown ['5screws', '6screws', '7screws', '3_14screws'] | mcs 23
C6      : 37 pts
C2      : 49 pts
C4      : 52 pts
C7      : 56 pts
C3      : 49 pts
C0      : 60 pts
outliers: 27 pts
C1      : 45 pts
C5      : 47 pts
C8      : 28 pts
C0  | size  60 | dist   2.14 | Known
C1  | size  45 | dist 5107.48 | New Fault
C2  | size  49 | dist   2.08 | Known
C3  | size  49 | dist   2.28 | Known
C4  | size  52 | dist   2.05 | Known
C5  | size  47 | dist 2913.84 | New Fault
C6  | size  37 | dist 545.46 | New Fault
C7  | size  56 | dist   2.12 | Known
C8  | size  28 | dist   8.97 | New Fault
--- Unknown ['5screws', '6screws', '7screws', '3_14screws', '4_146screws'] | mcs 23
C3      : 45 pts
C9      : 52 pts
C7      : 42 pts
C5      : 52 pts
C2      : 51 pts
outliers: 20 pts
C1      : 51 pts
C4      : 43 pts
C0      : 42 pts
C6      : 29 pts
C8      : 23 pts
C0  | size  42 | dist 5171.54 | New Fault
C1  | size  51 | dist   2.18 | Known
C2  | size  51 | dist   2.10 | Known
C3  | size  45 | dist 463.01 | New Fault
C4  | size  43 | dist   2.31 | Known
C5  | size  52 | dist   2.04 | Known
C6  | size  29 | dist 591.36 | New Fault
C7  | size  42 | dist 2839.63 | New Fault
C8  | size  23 | dist   8.84 | New Fault
C9  | size  52 | dist   2.15 | Known
==============================
▶ mcs = 23 | conf = 0.95 | thr = 7.55
==============================
--- Test‑set validation
C0      : 2screws 74筆
C1      : 1screws 71筆
C2      : 4screws 70筆
C3      : 8screws 74筆
C4      : 3screws 61筆
* C0  | size  74 | dist   2.06 | Known
* C1  | size  71 | dist   2.09 | Known
* C2  | size  70 | dist   2.06 | Known
* C3  | size  74 | dist   2.05 | Known
* C4  | size  61 | dist   2.30 | Known
--- Unknown ['5screws'] | mcs 23
C2      : 71 pts
C1      : 74 pts
C3      : 70 pts
C0      : 60 pts
C5      : 61 pts
C4      : 74 pts
C0  | size  60 | dist 4974.62 | New Fault
C1  | size  74 | dist   2.06 | Known
C2  | size  71 | dist   2.09 | Known
C3  | size  70 | dist   2.06 | Known
C4  | size  74 | dist   2.05 | Known
C5  | size  61 | dist   2.30 | Known
--- Unknown ['5screws', '6screws'] | mcs 23
C2      : 68 pts
C6      : 60 pts
C0      : 58 pts
C4      : 66 pts
C3      : 69 pts
C5      : 71 pts
C1      : 58 pts
C0  | size  58 | dist 2814.95 | New Fault
C1  | size  58 | dist 4951.92 | New Fault
C2  | size  68 | dist   2.07 | Known
C3  | size  69 | dist   2.12 | Known
C4  | size  66 | dist   2.05 | Known
C5  | size  71 | dist   2.04 | Known
C6  | size  60 | dist   2.31 | Known
--- Unknown ['5screws', '6screws', '7screws'] | mcs 23
C2      : 63 pts
C0      : 54 pts
C3      : 58 pts
C5      : 62 pts
C1      : 64 pts
C6      : 47 pts
outliers: 4 pts
C4      : 51 pts
C7      : 47 pts
C0  | size  54 | dist 4980.14 | New Fault
C1  | size  64 | dist   2.09 | Known
C2  | size  63 | dist   2.14 | Known
C3  | size  58 | dist   2.06 | Known
C4  | size  51 | dist   2.27 | Known
C5  | size  62 | dist   2.06 | Known
C6  | size  47 | dist 507.25 | New Fault
C7  | size  47 | dist 2823.17 | New Fault
--- Unknown ['5screws', '6screws', '7screws', '3_14screws'] | mcs 23
C6      : 37 pts
C2      : 49 pts
C4      : 52 pts
C7      : 56 pts
C3      : 49 pts
C0      : 60 pts
outliers: 27 pts
C1      : 45 pts
C5      : 47 pts
C8      : 28 pts
C0  | size  60 | dist   2.14 | Known
C1  | size  45 | dist 5107.48 | New Fault
C2  | size  49 | dist   2.08 | Known
C3  | size  49 | dist   2.28 | Known
C4  | size  52 | dist   2.05 | Known
C5  | size  47 | dist 2913.84 | New Fault
C6  | size  37 | dist 545.46 | New Fault
C7  | size  56 | dist   2.12 | Known
C8  | size  28 | dist   8.97 | New Fault
--- Unknown ['5screws', '6screws', '7screws', '3_14screws', '4_146screws'] | mcs 23
C3      : 45 pts
C9      : 52 pts
C7      : 42 pts
C5      : 52 pts
C2      : 51 pts
outliers: 20 pts
C1      : 51 pts
C4      : 43 pts
C0      : 42 pts
C6      : 29 pts
C8      : 23 pts
C0  | size  42 | dist 5171.54 | New Fault
C1  | size  51 | dist   2.18 | Known
C2  | size  51 | dist   2.10 | Known
C3  | size  45 | dist 463.01 | New Fault
C4  | size  43 | dist   2.31 | Known
C5  | size  52 | dist   2.04 | Known
C6  | size  29 | dist 591.36 | New Fault
C7  | size  42 | dist 2839.63 | New Fault
C8  | size  23 | dist   8.84 | New Fault
C9  | size  52 | dist   2.15 | Known
==============================
▶ mcs = 23 | conf = 0.99 | thr = 9.62
==============================
--- Test‑set validation
C0      : 2screws 74筆
C1      : 1screws 71筆
C2      : 4screws 70筆
C3      : 8screws 74筆
C4      : 3screws 61筆
* C0  | size  74 | dist   2.06 | Known
* C1  | size  71 | dist   2.09 | Known
* C2  | size  70 | dist   2.06 | Known
* C3  | size  74 | dist   2.05 | Known
* C4  | size  61 | dist   2.30 | Known
--- Unknown ['5screws'] | mcs 23
C2      : 71 pts
C1      : 74 pts
C3      : 70 pts
C0      : 60 pts
C5      : 61 pts
C4      : 74 pts
C0  | size  60 | dist 4974.62 | New Fault
C1  | size  74 | dist   2.06 | Known
C2  | size  71 | dist   2.09 | Known
C3  | size  70 | dist   2.06 | Known
C4  | size  74 | dist   2.05 | Known
C5  | size  61 | dist   2.30 | Known
--- Unknown ['5screws', '6screws'] | mcs 23
C2      : 68 pts
C6      : 60 pts
C0      : 58 pts
C4      : 66 pts
C3      : 69 pts
C5      : 71 pts
C1      : 58 pts
C0  | size  58 | dist 2814.95 | New Fault
C1  | size  58 | dist 4951.92 | New Fault
C2  | size  68 | dist   2.07 | Known
C3  | size  69 | dist   2.12 | Known
C4  | size  66 | dist   2.05 | Known
C5  | size  71 | dist   2.04 | Known
C6  | size  60 | dist   2.31 | Known
--- Unknown ['5screws', '6screws', '7screws'] | mcs 23
C2      : 63 pts
C0      : 54 pts
C3      : 58 pts
C5      : 62 pts
C1      : 64 pts
C6      : 47 pts
outliers: 4 pts
C4      : 51 pts
C7      : 47 pts
C0  | size  54 | dist 4980.14 | New Fault
C1  | size  64 | dist   2.09 | Known
C2  | size  63 | dist   2.14 | Known
C3  | size  58 | dist   2.06 | Known
C4  | size  51 | dist   2.27 | Known
C5  | size  62 | dist   2.06 | Known
C6  | size  47 | dist 507.25 | New Fault
C7  | size  47 | dist 2823.17 | New Fault
--- Unknown ['5screws', '6screws', '7screws', '3_14screws'] | mcs 23
C6      : 37 pts
C2      : 49 pts
C4      : 52 pts
C7      : 56 pts
C3      : 49 pts
C0      : 60 pts
outliers: 27 pts
C1      : 45 pts
C5      : 47 pts
C8      : 28 pts
C0  | size  60 | dist   2.14 | Known
C1  | size  45 | dist 5107.48 | New Fault
C2  | size  49 | dist   2.08 | Known
C3  | size  49 | dist   2.28 | Known
C4  | size  52 | dist   2.05 | Known
C5  | size  47 | dist 2913.84 | New Fault
C6  | size  37 | dist 545.46 | New Fault
C7  | size  56 | dist   2.12 | Known
C8  | size  28 | dist   8.97 | Known
--- Unknown ['5screws', '6screws', '7screws', '3_14screws', '4_146screws'] | mcs 23
C3      : 45 pts
C9      : 52 pts
C7      : 42 pts
C5      : 52 pts
C2      : 51 pts
outliers: 20 pts
C1      : 51 pts
C4      : 43 pts
C0      : 42 pts
C6      : 29 pts
C8      : 23 pts
C0  | size  42 | dist 5171.54 | New Fault
C1  | size  51 | dist   2.18 | Known
C2  | size  51 | dist   2.10 | Known
C3  | size  45 | dist 463.01 | New Fault
C4  | size  43 | dist   2.31 | Known
C5  | size  52 | dist   2.04 | Known
C6  | size  29 | dist 591.36 | New Fault
C7  | size  42 | dist 2839.63 | New Fault
C8  | size  23 | dist   8.84 | Known
C9  | size  52 | dist   2.15 | Known
==============================
▶ mcs = 24 | conf = 0.9 | thr = 7.08
==============================
--- Test‑set validation
C0      : 2screws 74筆
C1      : 1screws 71筆
C2      : 4screws 70筆
C3      : 8screws 74筆
C4      : 3screws 61筆
* C0  | size  74 | dist   2.06 | Known
* C1  | size  71 | dist   2.09 | Known
* C2  | size  70 | dist   2.06 | Known
* C3  | size  74 | dist   2.05 | Known
* C4  | size  61 | dist   2.30 | Known
--- Unknown ['5screws'] | mcs 24
C2      : 71 pts
C1      : 74 pts
C3      : 70 pts
C0      : 60 pts
C5      : 61 pts
C4      : 74 pts
C0  | size  60 | dist 4974.62 | New Fault
C1  | size  74 | dist   2.06 | Known
C2  | size  71 | dist   2.09 | Known
C3  | size  70 | dist   2.06 | Known
C4  | size  74 | dist   2.05 | Known
C5  | size  61 | dist   2.30 | Known
--- Unknown ['5screws', '6screws'] | mcs 24
C2      : 68 pts
C6      : 60 pts
C0      : 58 pts
C4      : 66 pts
C3      : 69 pts
C5      : 71 pts
C1      : 58 pts
C0  | size  58 | dist 2814.95 | New Fault
C1  | size  58 | dist 4951.92 | New Fault
C2  | size  68 | dist   2.07 | Known
C3  | size  69 | dist   2.12 | Known
C4  | size  66 | dist   2.05 | Known
C5  | size  71 | dist   2.04 | Known
C6  | size  60 | dist   2.31 | Known
--- Unknown ['5screws', '6screws', '7screws'] | mcs 24
C2      : 63 pts
C0      : 54 pts
C3      : 58 pts
C5      : 62 pts
C1      : 64 pts
C6      : 47 pts
outliers: 4 pts
C4      : 51 pts
C7      : 47 pts
C0  | size  54 | dist 4980.14 | New Fault
C1  | size  64 | dist   2.09 | Known
C2  | size  63 | dist   2.14 | Known
C3  | size  58 | dist   2.06 | Known
C4  | size  51 | dist   2.27 | Known
C5  | size  62 | dist   2.06 | Known
C6  | size  47 | dist 507.25 | New Fault
C7  | size  47 | dist 2823.17 | New Fault
--- Unknown ['5screws', '6screws', '7screws', '3_14screws'] | mcs 24
C6      : 37 pts
C2      : 49 pts
C4      : 52 pts
C7      : 56 pts
C3      : 49 pts
C0      : 60 pts
outliers: 27 pts
C1      : 45 pts
C5      : 47 pts
C8      : 28 pts
C0  | size  60 | dist   2.14 | Known
C1  | size  45 | dist 5107.48 | New Fault
C2  | size  49 | dist   2.08 | Known
C3  | size  49 | dist   2.28 | Known
C4  | size  52 | dist   2.05 | Known
C5  | size  47 | dist 2913.84 | New Fault
C6  | size  37 | dist 545.46 | New Fault
C7  | size  56 | dist   2.12 | Known
C8  | size  28 | dist   8.97 | New Fault
--- Unknown ['5screws', '6screws', '7screws', '3_14screws', '4_146screws'] | mcs 24
C3      : 45 pts
C6      : 91 pts
C8      : 42 pts
C5      : 52 pts
C2      : 51 pts
outliers: 4 pts
C1      : 51 pts
C4      : 43 pts
C0      : 42 pts
C7      : 29 pts
C0  | size  42 | dist 5171.54 | New Fault
C1  | size  51 | dist   2.18 | Known
C2  | size  51 | dist   2.10 | Known
C3  | size  45 | dist 463.01 | New Fault
C4  | size  43 | dist   2.31 | Known
C5  | size  52 | dist   2.04 | Known
C6  | size  91 | dist   3.80 | Known
C7  | size  29 | dist 591.36 | New Fault
C8  | size  42 | dist 2839.63 | New Fault
==============================
▶ mcs = 24 | conf = 0.95 | thr = 7.55
==============================
--- Test‑set validation
C0      : 2screws 74筆
C1      : 1screws 71筆
C2      : 4screws 70筆
C3      : 8screws 74筆
C4      : 3screws 61筆
* C0  | size  74 | dist   2.06 | Known
* C1  | size  71 | dist   2.09 | Known
* C2  | size  70 | dist   2.06 | Known
* C3  | size  74 | dist   2.05 | Known
* C4  | size  61 | dist   2.30 | Known
--- Unknown ['5screws'] | mcs 24
C2      : 71 pts
C1      : 74 pts
C3      : 70 pts
C0      : 60 pts
C5      : 61 pts
C4      : 74 pts
C0  | size  60 | dist 4974.62 | New Fault
C1  | size  74 | dist   2.06 | Known
C2  | size  71 | dist   2.09 | Known
C3  | size  70 | dist   2.06 | Known
C4  | size  74 | dist   2.05 | Known
C5  | size  61 | dist   2.30 | Known
--- Unknown ['5screws', '6screws'] | mcs 24
C2      : 68 pts
C6      : 60 pts
C0      : 58 pts
C4      : 66 pts
C3      : 69 pts
C5      : 71 pts
C1      : 58 pts
C0  | size  58 | dist 2814.95 | New Fault
C1  | size  58 | dist 4951.92 | New Fault
C2  | size  68 | dist   2.07 | Known
C3  | size  69 | dist   2.12 | Known
C4  | size  66 | dist   2.05 | Known
C5  | size  71 | dist   2.04 | Known
C6  | size  60 | dist   2.31 | Known
--- Unknown ['5screws', '6screws', '7screws'] | mcs 24
C2      : 63 pts
C0      : 54 pts
C3      : 58 pts
C5      : 62 pts
C1      : 64 pts
C6      : 47 pts
outliers: 4 pts
C4      : 51 pts
C7      : 47 pts
C0  | size  54 | dist 4980.14 | New Fault
C1  | size  64 | dist   2.09 | Known
C2  | size  63 | dist   2.14 | Known
C3  | size  58 | dist   2.06 | Known
C4  | size  51 | dist   2.27 | Known
C5  | size  62 | dist   2.06 | Known
C6  | size  47 | dist 507.25 | New Fault
C7  | size  47 | dist 2823.17 | New Fault
--- Unknown ['5screws', '6screws', '7screws', '3_14screws'] | mcs 24
C6      : 37 pts
C2      : 49 pts
C4      : 52 pts
C7      : 56 pts
C3      : 49 pts
C0      : 60 pts
outliers: 27 pts
C1      : 45 pts
C5      : 47 pts
C8      : 28 pts
C0  | size  60 | dist   2.14 | Known
C1  | size  45 | dist 5107.48 | New Fault
C2  | size  49 | dist   2.08 | Known
C3  | size  49 | dist   2.28 | Known
C4  | size  52 | dist   2.05 | Known
C5  | size  47 | dist 2913.84 | New Fault
C6  | size  37 | dist 545.46 | New Fault
C7  | size  56 | dist   2.12 | Known
C8  | size  28 | dist   8.97 | New Fault
--- Unknown ['5screws', '6screws', '7screws', '3_14screws', '4_146screws'] | mcs 24
C3      : 45 pts
C6      : 91 pts
C8      : 42 pts
C5      : 52 pts
C2      : 51 pts
outliers: 4 pts
C1      : 51 pts
C4      : 43 pts
C0      : 42 pts
C7      : 29 pts
C0  | size  42 | dist 5171.54 | New Fault
C1  | size  51 | dist   2.18 | Known
C2  | size  51 | dist   2.10 | Known
C3  | size  45 | dist 463.01 | New Fault
C4  | size  43 | dist   2.31 | Known
C5  | size  52 | dist   2.04 | Known
C6  | size  91 | dist   3.80 | Known
C7  | size  29 | dist 591.36 | New Fault
C8  | size  42 | dist 2839.63 | New Fault
==============================
▶ mcs = 24 | conf = 0.99 | thr = 9.62
==============================
--- Test‑set validation
C0      : 2screws 74筆
C1      : 1screws 71筆
C2      : 4screws 70筆
C3      : 8screws 74筆
C4      : 3screws 61筆
* C0  | size  74 | dist   2.06 | Known
* C1  | size  71 | dist   2.09 | Known
* C2  | size  70 | dist   2.06 | Known
* C3  | size  74 | dist   2.05 | Known
* C4  | size  61 | dist   2.30 | Known
--- Unknown ['5screws'] | mcs 24
C2      : 71 pts
C1      : 74 pts
C3      : 70 pts
C0      : 60 pts
C5      : 61 pts
C4      : 74 pts
C0  | size  60 | dist 4974.62 | New Fault
C1  | size  74 | dist   2.06 | Known
C2  | size  71 | dist   2.09 | Known
C3  | size  70 | dist   2.06 | Known
C4  | size  74 | dist   2.05 | Known
C5  | size  61 | dist   2.30 | Known
--- Unknown ['5screws', '6screws'] | mcs 24
C2      : 68 pts
C6      : 60 pts
C0      : 58 pts
C4      : 66 pts
C3      : 69 pts
C5      : 71 pts
C1      : 58 pts
C0  | size  58 | dist 2814.95 | New Fault
C1  | size  58 | dist 4951.92 | New Fault
C2  | size  68 | dist   2.07 | Known
C3  | size  69 | dist   2.12 | Known
C4  | size  66 | dist   2.05 | Known
C5  | size  71 | dist   2.04 | Known
C6  | size  60 | dist   2.31 | Known
--- Unknown ['5screws', '6screws', '7screws'] | mcs 24
C2      : 63 pts
C0      : 54 pts
C3      : 58 pts
C5      : 62 pts
C1      : 64 pts
C6      : 47 pts
outliers: 4 pts
C4      : 51 pts
C7      : 47 pts
C0  | size  54 | dist 4980.14 | New Fault
C1  | size  64 | dist   2.09 | Known
C2  | size  63 | dist   2.14 | Known
C3  | size  58 | dist   2.06 | Known
C4  | size  51 | dist   2.27 | Known
C5  | size  62 | dist   2.06 | Known
C6  | size  47 | dist 507.25 | New Fault
C7  | size  47 | dist 2823.17 | New Fault
--- Unknown ['5screws', '6screws', '7screws', '3_14screws'] | mcs 24
C6      : 37 pts
C2      : 49 pts
C4      : 52 pts
C7      : 56 pts
C3      : 49 pts
C0      : 60 pts
outliers: 27 pts
C1      : 45 pts
C5      : 47 pts
C8      : 28 pts
C0  | size  60 | dist   2.14 | Known
C1  | size  45 | dist 5107.48 | New Fault
C2  | size  49 | dist   2.08 | Known
C3  | size  49 | dist   2.28 | Known
C4  | size  52 | dist   2.05 | Known
C5  | size  47 | dist 2913.84 | New Fault
C6  | size  37 | dist 545.46 | New Fault
C7  | size  56 | dist   2.12 | Known
C8  | size  28 | dist   8.97 | Known
--- Unknown ['5screws', '6screws', '7screws', '3_14screws', '4_146screws'] | mcs 24
C3      : 45 pts
C6      : 91 pts
C8      : 42 pts
C5      : 52 pts
C2      : 51 pts
outliers: 4 pts
C1      : 51 pts
C4      : 43 pts
C0      : 42 pts
C7      : 29 pts
C0  | size  42 | dist 5171.54 | New Fault
C1  | size  51 | dist   2.18 | Known
C2  | size  51 | dist   2.10 | Known
C3  | size  45 | dist 463.01 | New Fault
C4  | size  43 | dist   2.31 | Known
C5  | size  52 | dist   2.04 | Known
C6  | size  91 | dist   3.80 | Known
C7  | size  29 | dist 591.36 | New Fault
C8  | size  42 | dist 2839.63 | New Fault
