2026-08-05 16:56:49 | INFO  | Logger initialized
2026-08-05 16:56:49 | INFO  | log_file=/home/albert/Ancestor/logs/Step6_Model_13_Retrain/2026-08-05-16-56-49.log
2026-08-05 16:56:49 | INFO  | output_dir=/home/albert/Ancestor/output/Step6_Model_13_Retrain/2026-08-05-16-56-49
[gpu_utils] GPU x1 已啟用：['/physical_device:GPU:0']
自訂 Label Mapping:
8screws: 0
1screws: 1
2screws: 2
3screws: 3
4screws: 4
5screws: 5
6screws: 6
7screws: 7
3_14screws: 8
4_146screws: 9
[Training] Device: /GPU:0
Epoch 1/100
150/150 26ms/step accuracy=0.1263 loss=2.2501
150/150 36ms/step accuracy=0.1997 loss=2.1947 val_accuracy=0.5025 val_loss=2.0695
Epoch 2/100
150/150 4ms/step accuracy=0.4362 loss=1.9168 val_accuracy=0.6720 val_loss=1.6785
Epoch 3/100
150/150 4ms/step accuracy=0.5729 loss=1.4730 val_accuracy=0.7821 val_loss=1.1178
Epoch 4/100
150/150 4ms/step accuracy=0.6625 loss=1.0722 val_accuracy=0.8840 val_loss=0.7324
Epoch 5/100
150/150 4ms/step accuracy=0.7426 loss=0.7998 val_accuracy=0.9533 val_loss=0.4768
Epoch 6/100
150/150 4ms/step accuracy=0.8111 loss=0.6174 val_accuracy=0.9775 val_loss=0.3116
Epoch 7/100
150/150 4ms/step accuracy=0.8364 loss=0.5067 val_accuracy=0.9825 val_loss=0.2124
Epoch 8/100
150/150 4ms/step accuracy=0.8656 loss=0.4269 val_accuracy=0.9883 val_loss=0.1473
Epoch 9/100
150/150 4ms/step accuracy=0.8827 loss=0.3572 val_accuracy=0.9908 val_loss=0.1039
Epoch 10/100
150/150 4ms/step accuracy=0.8969 loss=0.3194 val_accuracy=0.9933 val_loss=0.0791
Epoch 11/100
150/150 4ms/step accuracy=0.9102 loss=0.2788 val_accuracy=0.9950 val_loss=0.0588
Epoch 12/100
150/150 4ms/step accuracy=0.9119 loss=0.2584 val_accuracy=0.9958 val_loss=0.0475
Epoch 13/100
150/150 4ms/step accuracy=0.9150 loss=0.2396 val_accuracy=0.9950 val_loss=0.0414
Epoch 14/100
150/150 4ms/step accuracy=0.9261 loss=0.2162 val_accuracy=0.9967 val_loss=0.0328
Epoch 15/100
150/150 4ms/step accuracy=0.9286 loss=0.1968 val_accuracy=0.9967 val_loss=0.0271
Epoch 16/100
150/150 4ms/step accuracy=0.9309 loss=0.2054 val_accuracy=0.9967 val_loss=0.0234
Epoch 17/100
150/150 4ms/step accuracy=0.9320 loss=0.1898 val_accuracy=0.9967 val_loss=0.0209
Epoch 18/100
150/150 4ms/step accuracy=0.9416 loss=0.1665 val_accuracy=0.9983 val_loss=0.0166
Epoch 19/100
150/150 4ms/step accuracy=0.9384 loss=0.1731 val_accuracy=0.9992 val_loss=0.0149
Epoch 20/100
150/150 4ms/step accuracy=0.9407 loss=0.1626 val_accuracy=0.9992 val_loss=0.0130
Epoch 21/100
150/150 4ms/step accuracy=0.9459 loss=0.1547 val_accuracy=0.9992 val_loss=0.0109
Epoch 22/100
150/150 4ms/step accuracy=0.9482 loss=0.1378 val_accuracy=1.0000 val_loss=0.0082
Epoch 23/100
150/150 4ms/step accuracy=0.9503 loss=0.1444 val_accuracy=1.0000 val_loss=0.0086
Epoch 24/100
150/150 4ms/step accuracy=0.9518 loss=0.1382 val_accuracy=0.9992 val_loss=0.0071
Epoch 25/100
150/150 4ms/step accuracy=0.9493 loss=0.1291 val_accuracy=1.0000 val_loss=0.0063
Epoch 26/100
150/150 4ms/step accuracy=0.9541 loss=0.1199 val_accuracy=1.0000 val_loss=0.0053
Epoch 27/100
150/150 4ms/step accuracy=0.9530 loss=0.1318 val_accuracy=1.0000 val_loss=0.0055
Epoch 28/100
150/150 4ms/step accuracy=0.9626 loss=0.1102 val_accuracy=1.0000 val_loss=0.0043
Epoch 29/100
150/150 4ms/step accuracy=0.9591 loss=0.1146 val_accuracy=1.0000 val_loss=0.0037
Epoch 30/100
150/150 4ms/step accuracy=0.9583 loss=0.1121 val_accuracy=1.0000 val_loss=0.0033
Epoch 31/100
150/150 4ms/step accuracy=0.9608 loss=0.1063 val_accuracy=1.0000 val_loss=0.0028
Epoch 32/100
150/150 4ms/step accuracy=0.9612 loss=0.1060 val_accuracy=1.0000 val_loss=0.0027
Epoch 33/100
150/150 4ms/step accuracy=0.9643 loss=0.0991 val_accuracy=1.0000 val_loss=0.0023
Epoch 34/100
150/150 4ms/step accuracy=0.9635 loss=0.1028 val_accuracy=1.0000 val_loss=0.0026
Epoch 35/100
150/150 4ms/step accuracy=0.9658 loss=0.0932 val_accuracy=1.0000 val_loss=0.0023
Epoch 36/100
150/150 4ms/step accuracy=0.9662 loss=0.0878 val_accuracy=1.0000 val_loss=0.0024
Epoch 37/100
150/150 4ms/step accuracy=0.9620 loss=0.0915 val_accuracy=1.0000 val_loss=0.0017
Epoch 38/100
150/150 4ms/step accuracy=0.9639 loss=0.0967 val_accuracy=1.0000 val_loss=0.0018
Epoch 39/100
150/150 4ms/step accuracy=0.9637 loss=0.0935 val_accuracy=1.0000 val_loss=0.0014
Epoch 40/100
150/150 4ms/step accuracy=0.9662 loss=0.0987 val_accuracy=1.0000 val_loss=0.0013
Epoch 41/100
150/150 4ms/step accuracy=0.9693 loss=0.0856 val_accuracy=1.0000 val_loss=0.0013
Epoch 42/100
150/150 4ms/step accuracy=0.9662 loss=0.0862 val_accuracy=1.0000 val_loss=0.0013
Epoch 43/100
150/150 4ms/step accuracy=0.9699 loss=0.0808 val_accuracy=1.0000 val_loss=0.0010
Epoch 44/100
150/150 4ms/step accuracy=0.9724 loss=0.0781 val_accuracy=1.0000 val_loss=8.0459e-04
Epoch 45/100
150/150 4ms/step accuracy=0.9699 loss=0.0741 val_accuracy=1.0000 val_loss=7.9035e-04
Epoch 46/100
150/150 4ms/step accuracy=0.9733 loss=0.0791 val_accuracy=1.0000 val_loss=8.6921e-04
Epoch 47/100
150/150 4ms/step accuracy=0.9729 loss=0.0703 val_accuracy=1.0000 val_loss=7.1492e-04
Epoch 48/100
150/150 4ms/step accuracy=0.9724 loss=0.0731 val_accuracy=1.0000 val_loss=7.1234e-04
Epoch 49/100
150/150 4ms/step accuracy=0.9706 loss=0.0726 val_accuracy=1.0000 val_loss=5.6296e-04
Epoch 50/100
150/150 4ms/step accuracy=0.9750 loss=0.0731 val_accuracy=1.0000 val_loss=5.0483e-04
Epoch 51/100
150/150 4ms/step accuracy=0.9693 loss=0.0756 val_accuracy=1.0000 val_loss=6.2107e-04
Epoch 52/100
150/150 4ms/step accuracy=0.9679 loss=0.0811 val_accuracy=1.0000 val_loss=4.3425e-04
Epoch 53/100
150/150 4ms/step accuracy=0.9758 loss=0.0640 val_accuracy=1.0000 val_loss=3.2860e-04
Epoch 54/100
150/150 4ms/step accuracy=0.9766 loss=0.0635 val_accuracy=1.0000 val_loss=5.3688e-04
Epoch 55/100
150/150 4ms/step accuracy=0.9714 loss=0.0708 val_accuracy=1.0000 val_loss=4.2123e-04
Epoch 56/100
150/150 4ms/step accuracy=0.9729 loss=0.0702 val_accuracy=1.0000 val_loss=4.3427e-04
Epoch 57/100
150/150 4ms/step accuracy=0.9775 loss=0.0606 val_accuracy=1.0000 val_loss=3.0054e-04
Epoch 58/100
150/150 4ms/step accuracy=0.9781 loss=0.0579 val_accuracy=1.0000 val_loss=1.7757e-04
Epoch 59/100
150/150 4ms/step accuracy=0.9766 loss=0.0638 val_accuracy=1.0000 val_loss=3.0605e-04
Epoch 60/100
150/150 4ms/step accuracy=0.9727 loss=0.0677 val_accuracy=1.0000 val_loss=3.8400e-04
Epoch 61/100
150/150 4ms/step accuracy=0.9770 loss=0.0619 val_accuracy=1.0000 val_loss=2.0700e-04
Epoch 62/100
150/150 4ms/step accuracy=0.9747 loss=0.0598 val_accuracy=1.0000 val_loss=2.5202e-04
Epoch 63/100
150/150 4ms/step accuracy=0.9741 loss=0.0691 val_accuracy=1.0000 val_loss=2.7000e-04
Epoch 64/100
150/150 4ms/step accuracy=0.9747 loss=0.0646 val_accuracy=1.0000 val_loss=2.3675e-04
Epoch 65/100
150/150 4ms/step accuracy=0.9777 loss=0.0582 val_accuracy=1.0000 val_loss=1.9882e-04
Epoch 66/100
150/150 4ms/step accuracy=0.9800 loss=0.0501 val_accuracy=1.0000 val_loss=2.3961e-04
Epoch 67/100
150/150 4ms/step accuracy=0.9806 loss=0.0537 val_accuracy=1.0000 val_loss=1.2052e-04
Epoch 68/100
150/150 4ms/step accuracy=0.9747 loss=0.0667 val_accuracy=1.0000 val_loss=1.5506e-04
Epoch 69/100
150/150 4ms/step accuracy=0.9814 loss=0.0492 val_accuracy=1.0000 val_loss=1.2746e-04
Epoch 70/100
150/150 4ms/step accuracy=0.9802 loss=0.0525 val_accuracy=1.0000 val_loss=1.2131e-04
Epoch 71/100
150/150 4ms/step accuracy=0.9760 loss=0.0656 val_accuracy=1.0000 val_loss=2.2101e-04
Epoch 72/100
150/150 4ms/step accuracy=0.9781 loss=0.0520 val_accuracy=1.0000 val_loss=2.0214e-04
Epoch 73/100
150/150 4ms/step accuracy=0.9827 loss=0.0452 val_accuracy=1.0000 val_loss=1.1003e-04
Epoch 74/100
150/150 4ms/step accuracy=0.9798 loss=0.0526 val_accuracy=1.0000 val_loss=8.0325e-05
Epoch 75/100
150/150 4ms/step accuracy=0.9808 loss=0.0513 val_accuracy=1.0000 val_loss=1.2059e-04
Epoch 76/100
150/150 4ms/step accuracy=0.9783 loss=0.0539 val_accuracy=1.0000 val_loss=9.4877e-05
Epoch 77/100
150/150 4ms/step accuracy=0.9743 loss=0.0633 val_accuracy=1.0000 val_loss=2.8441e-04
Epoch 78/100
150/150 4ms/step accuracy=0.9781 loss=0.0582 val_accuracy=1.0000 val_loss=9.3045e-05
Epoch 79/100
150/150 4ms/step accuracy=0.9833 loss=0.0450 val_accuracy=1.0000 val_loss=1.4117e-04
Epoch 80/100
150/150 4ms/step accuracy=0.9806 loss=0.0492 val_accuracy=1.0000 val_loss=5.8820e-05
Epoch 81/100
150/150 4ms/step accuracy=0.9798 loss=0.0515 val_accuracy=1.0000 val_loss=4.2448e-05
Epoch 82/100
150/150 4ms/step accuracy=0.9781 loss=0.0507 val_accuracy=1.0000 val_loss=1.1189e-04
Epoch 83/100
150/150 4ms/step accuracy=0.9802 loss=0.0473 val_accuracy=1.0000 val_loss=5.0241e-05
Epoch 84/100
150/150 4ms/step accuracy=0.9800 loss=0.0492 val_accuracy=1.0000 val_loss=4.0289e-05
Epoch 85/100
150/150 4ms/step accuracy=0.9800 loss=0.0502 val_accuracy=1.0000 val_loss=4.2081e-05
Epoch 86/100
150/150 4ms/step accuracy=0.9758 loss=0.0567 val_accuracy=1.0000 val_loss=5.0188e-05
Epoch 87/100
150/150 4ms/step accuracy=0.9789 loss=0.0510 val_accuracy=1.0000 val_loss=3.7377e-05
Epoch 88/100
150/150 4ms/step accuracy=0.9781 loss=0.0525 val_accuracy=1.0000 val_loss=2.3141e-05
Epoch 89/100
150/150 4ms/step accuracy=0.9827 loss=0.0448 val_accuracy=1.0000 val_loss=2.0390e-05
Epoch 90/100
150/150 4ms/step accuracy=0.9814 loss=0.0473 val_accuracy=1.0000 val_loss=2.8569e-05
Epoch 91/100
150/150 4ms/step accuracy=0.9781 loss=0.0529 val_accuracy=1.0000 val_loss=6.4761e-05
Epoch 92/100
150/150 4ms/step accuracy=0.9795 loss=0.0497 val_accuracy=1.0000 val_loss=3.8106e-05
Epoch 93/100
150/150 4ms/step accuracy=0.9783 loss=0.0514 val_accuracy=1.0000 val_loss=2.8057e-05
Epoch 94/100
150/150 4ms/step accuracy=0.9820 loss=0.0453 val_accuracy=1.0000 val_loss=3.8988e-05
Epoch 95/100
150/150 4ms/step accuracy=0.9810 loss=0.0434 val_accuracy=1.0000 val_loss=2.3644e-05
Epoch 96/100
150/150 4ms/step accuracy=0.9810 loss=0.0463 val_accuracy=1.0000 val_loss=2.0983e-05
Epoch 97/100
150/150 4ms/step accuracy=0.9833 loss=0.0421 val_accuracy=1.0000 val_loss=1.9637e-05
Epoch 98/100
150/150 4ms/step accuracy=0.9781 loss=0.0544 val_accuracy=1.0000 val_loss=1.7603e-05
Epoch 99/100
150/150 4ms/step accuracy=0.9827 loss=0.0471 val_accuracy=1.0000 val_loss=1.4119e-05
Epoch 100/100
150/150 4ms/step accuracy=0.9816 loss=0.0461 val_accuracy=1.0000 val_loss=2.5618e-05
38/38 3ms/step accuracy=1.0000 loss=1.4119e-05
Screw Number Loss: 0.0000, Screw Number Accuracy: 1.0000
2026-08-05 16:58:10 | INFO  | Saved plot: /home/albert/Ancestor/output/Step6_Model_13_Retrain/2026-08-05-16-56-49/plot_000.png
2026-08-05 16:58:10 | INFO  | Saved plot: /home/albert/Ancestor/output/Step6_Model_13_Retrain/2026-08-05-16-56-49/plot_001.png
2026-08-05 16:58:11 | INFO  | Saved plot: /home/albert/Ancestor/output/Step6_Model_13_Retrain/2026-08-05-16-56-49/plot_002.png
重訓練模型已儲存：/home/albert/Ancestor/data/Step-2/model/CNN_B6000_retrained.keras
