2026-08-05 17:14:15 | INFO  | Logger initialized
2026-08-05 17:14:15 | INFO  | log_file=/home/albert/Ancestor/logs/Step6_Model_26_Retrain/2026-08-05-17-14-15.log
2026-08-05 17:14:15 | INFO  | output_dir=/home/albert/Ancestor/output/Step6_Model_26_Retrain/2026-08-05-17-14-15
[gpu_utils] GPU x1 已啟用：['/physical_device:GPU:0']
自訂 Label Mapping:
8screws: 0
1screws: 1
2screws: 2
3screws: 3
4screws: 4
5screws: 5
6screws: 6
7screws: 7
3_14screws: 8
4_146screws: 9
[Training] Device: /GPU:0
Epoch 1/100
150/150 39ms/step accuracy=0.2427 loss=2.3862
150/150 52ms/step accuracy=0.3879 loss=1.8604 val_accuracy=0.2237 val_loss=2.2619
Epoch 2/100
150/150 4ms/step accuracy=0.7451 loss=1.0022
150/150 5ms/step accuracy=0.7857 loss=0.8806 val_accuracy=0.3556 val_loss=1.5661
Epoch 3/100
150/150 4ms/step accuracy=0.8886 loss=0.5485 val_accuracy=0.9366 val_loss=0.3996
Epoch 4/100
150/150 4ms/step accuracy=0.9380 loss=0.3641 val_accuracy=0.9983 val_loss=0.1313
Epoch 5/100
150/150 4ms/step accuracy=0.9493 loss=0.2770 val_accuracy=0.9975 val_loss=0.0605
Epoch 6/100
150/150 4ms/step accuracy=0.9666 loss=0.2067 val_accuracy=0.9992 val_loss=0.0400
Epoch 7/100
150/150 4ms/step accuracy=0.9712 loss=0.1700 val_accuracy=0.9983 val_loss=0.0254
Epoch 8/100
150/150 4ms/step accuracy=0.9739 loss=0.1478 val_accuracy=0.9983 val_loss=0.0166
Epoch 9/100
150/150 4ms/step accuracy=0.9785 loss=0.1276 val_accuracy=0.9992 val_loss=0.0109
Epoch 10/100
150/150 4ms/step accuracy=0.9827 loss=0.1045 val_accuracy=0.9992 val_loss=0.0086
Epoch 11/100
150/150 4ms/step accuracy=0.9846 loss=0.0924 val_accuracy=1.0000 val_loss=0.0065
Epoch 12/100
150/150 4ms/step accuracy=0.9860 loss=0.0831 val_accuracy=0.9983 val_loss=0.0060
Epoch 13/100
150/150 4ms/step accuracy=0.9869 loss=0.0776 val_accuracy=0.9992 val_loss=0.0040
Epoch 14/100
150/150 4ms/step accuracy=0.9881 loss=0.0717 val_accuracy=1.0000 val_loss=0.0032
Epoch 15/100
150/150 4ms/step accuracy=0.9891 loss=0.0611 val_accuracy=0.9992 val_loss=0.0034
Epoch 16/100
150/150 4ms/step accuracy=0.9873 loss=0.0608 val_accuracy=1.0000 val_loss=0.0026
Epoch 17/100
150/150 4ms/step accuracy=0.9908 loss=0.0537 val_accuracy=1.0000 val_loss=0.0016
Epoch 18/100
150/150 3ms/step accuracy=0.9938 loss=0.0482
150/150 4ms/step accuracy=0.9908 loss=0.0522 val_accuracy=0.9992 val_loss=0.0045
Epoch 19/100
150/150 4ms/step accuracy=0.9927 loss=0.0484 val_accuracy=1.0000 val_loss=0.0010
Epoch 20/100
150/150 4ms/step accuracy=0.9944 loss=0.0414 val_accuracy=1.0000 val_loss=7.5615e-04
Epoch 21/100
150/150 4ms/step accuracy=0.9917 loss=0.0416 val_accuracy=1.0000 val_loss=5.4239e-04
Epoch 22/100
150/150 4ms/step accuracy=0.9921 loss=0.0408 val_accuracy=1.0000 val_loss=5.8354e-04
Epoch 23/100
150/150 4ms/step accuracy=0.9935 loss=0.0343 val_accuracy=1.0000 val_loss=5.0016e-04
Epoch 24/100
150/150 3ms/step accuracy=0.9947 loss=0.0336
150/150 4ms/step accuracy=0.9927 loss=0.0340 val_accuracy=1.0000 val_loss=3.8984e-04
Epoch 25/100
150/150 4ms/step accuracy=0.9937 loss=0.0320 val_accuracy=1.0000 val_loss=2.6309e-04
Epoch 26/100
150/150 4ms/step accuracy=0.9933 loss=0.0310 val_accuracy=1.0000 val_loss=2.0553e-04
Epoch 27/100
150/150 4ms/step accuracy=0.9891 loss=0.0366 val_accuracy=1.0000 val_loss=0.0024
Epoch 28/100
150/150 4ms/step accuracy=0.9933 loss=0.0287 val_accuracy=1.0000 val_loss=3.2361e-04
Epoch 29/100
150/150 4ms/step accuracy=0.9946 loss=0.0291 val_accuracy=1.0000 val_loss=2.5164e-04
Epoch 30/100
150/150 4ms/step accuracy=0.9942 loss=0.0256 val_accuracy=1.0000 val_loss=2.4142e-04
Epoch 31/100
150/150 4ms/step accuracy=0.9954 loss=0.0239 val_accuracy=1.0000 val_loss=1.0874e-04
Epoch 32/100
150/150 4ms/step accuracy=0.9933 loss=0.0260 val_accuracy=1.0000 val_loss=1.0702e-04
Epoch 33/100
150/150 4ms/step accuracy=0.9952 loss=0.0227 val_accuracy=1.0000 val_loss=1.3996e-04
Epoch 34/100
150/150 4ms/step accuracy=0.9950 loss=0.0209 val_accuracy=1.0000 val_loss=2.0074e-04
Epoch 35/100
150/150 4ms/step accuracy=0.9952 loss=0.0210 val_accuracy=1.0000 val_loss=8.7321e-05
Epoch 36/100
150/150 4ms/step accuracy=0.9944 loss=0.0222 val_accuracy=1.0000 val_loss=7.9733e-05
Epoch 37/100
150/150 4ms/step accuracy=0.9956 loss=0.0198 val_accuracy=1.0000 val_loss=5.3836e-05
Epoch 38/100
150/150 4ms/step accuracy=0.9954 loss=0.0193 val_accuracy=0.9983 val_loss=0.0046
Epoch 39/100
150/150 4ms/step accuracy=0.9950 loss=0.0191 val_accuracy=1.0000 val_loss=5.3785e-04
Epoch 40/100
150/150 4ms/step accuracy=0.9958 loss=0.0207 val_accuracy=1.0000 val_loss=2.0328e-05
Epoch 41/100
150/150 4ms/step accuracy=0.9958 loss=0.0144 val_accuracy=1.0000 val_loss=2.2484e-04
Epoch 42/100
150/150 4ms/step accuracy=0.9958 loss=0.0186 val_accuracy=1.0000 val_loss=2.6643e-05
Epoch 43/100
150/150 4ms/step accuracy=0.9975 loss=0.0126 val_accuracy=1.0000 val_loss=2.1033e-05
Epoch 44/100
150/150 4ms/step accuracy=0.9962 loss=0.0149 val_accuracy=1.0000 val_loss=6.6851e-05
Epoch 45/100
150/150 4ms/step accuracy=0.9975 loss=0.0121 val_accuracy=1.0000 val_loss=3.7636e-04
Epoch 46/100
150/150 4ms/step accuracy=0.9977 loss=0.0121 val_accuracy=1.0000 val_loss=7.1959e-06
Epoch 47/100
150/150 4ms/step accuracy=0.9973 loss=0.0132 val_accuracy=1.0000 val_loss=2.8379e-05
Epoch 48/100
150/150 4ms/step accuracy=0.9948 loss=0.0162 val_accuracy=0.9992 val_loss=0.0023
Epoch 49/100
150/150 4ms/step accuracy=0.9977 loss=0.0120 val_accuracy=1.0000 val_loss=7.5010e-06
Epoch 50/100
150/150 4ms/step accuracy=0.9973 loss=0.0117 val_accuracy=1.0000 val_loss=9.7599e-06
Epoch 51/100
150/150 4ms/step accuracy=0.9967 loss=0.0140 val_accuracy=0.9992 val_loss=0.0040
Epoch 52/100
150/150 4ms/step accuracy=0.9956 loss=0.0150 val_accuracy=1.0000 val_loss=1.4060e-05
Epoch 53/100
150/150 4ms/step accuracy=0.9958 loss=0.0122 val_accuracy=1.0000 val_loss=6.9533e-05
Epoch 54/100
150/150 4ms/step accuracy=0.9973 loss=0.0121 val_accuracy=1.0000 val_loss=7.8099e-06
Epoch 55/100
150/150 4ms/step accuracy=0.9962 loss=0.0119 val_accuracy=1.0000 val_loss=9.2294e-06
Epoch 56/100
150/150 4ms/step accuracy=0.9981 loss=0.0104 val_accuracy=1.0000 val_loss=3.1707e-06
Epoch 57/100
150/150 3ms/step accuracy=0.9968 loss=0.0117
150/150 4ms/step accuracy=0.9967 loss=0.0117 val_accuracy=1.0000 val_loss=3.7371e-06
Epoch 58/100
150/150 4ms/step accuracy=0.9967 loss=0.0110 val_accuracy=1.0000 val_loss=2.8786e-06
Epoch 59/100
150/150 4ms/step accuracy=0.9967 loss=0.0107 val_accuracy=1.0000 val_loss=9.5902e-06
Epoch 60/100
150/150 4ms/step accuracy=0.9973 loss=0.0096 val_accuracy=1.0000 val_loss=4.1647e-04
Epoch 61/100
150/150 4ms/step accuracy=0.9975 loss=0.0095 val_accuracy=1.0000 val_loss=1.9266e-05
Epoch 62/100
150/150 4ms/step accuracy=0.9977 loss=0.0097 val_accuracy=1.0000 val_loss=1.5657e-05
Epoch 63/100
150/150 4ms/step accuracy=0.9969 loss=0.0131 val_accuracy=1.0000 val_loss=8.4183e-06
Epoch 64/100
150/150 4ms/step accuracy=0.9975 loss=0.0090 val_accuracy=0.9992 val_loss=0.0010
Epoch 65/100
150/150 4ms/step accuracy=0.9967 loss=0.0099 val_accuracy=1.0000 val_loss=1.9148e-05
Epoch 66/100
150/150 4ms/step accuracy=0.9981 loss=0.0067 val_accuracy=1.0000 val_loss=4.5067e-05
Epoch 67/100
150/150 4ms/step accuracy=0.9973 loss=0.0084 val_accuracy=1.0000 val_loss=2.9987e-05
Epoch 68/100
150/150 4ms/step accuracy=0.9975 loss=0.0087 val_accuracy=1.0000 val_loss=8.2267e-05
38/38 3ms/step accuracy=1.0000 loss=2.8786e-06
Screw Number Loss: 0.0000, Screw Number Accuracy: 1.0000
2026-08-05 17:15:21 | INFO  | Saved plot: /home/albert/Ancestor/output/Step6_Model_26_Retrain/2026-08-05-17-14-15/plot_000.png
2026-08-05 17:15:21 | INFO  | Saved plot: /home/albert/Ancestor/output/Step6_Model_26_Retrain/2026-08-05-17-14-15/plot_001.png
2026-08-05 17:15:23 | INFO  | Saved plot: /home/albert/Ancestor/output/Step6_Model_26_Retrain/2026-08-05-17-14-15/plot_002.png
重訓練模型已儲存：/home/albert/Ancestor/data/Step-3/model/ResNet_A11000_retrained.keras
