2026-08-05 16:26:13 | INFO  | Logger initialized
2026-08-05 16:26:13 | INFO  | log_file=/home/albert/Ancestor/logs/Step4_Model_22_Detecting/2026-08-05-16-26-13.log
2026-08-05 16:26:13 | INFO  | output_dir=/home/albert/Ancestor/output/Step4_Model_22_Detecting/2026-08-05-16-26-13
=== 1. Loading training data ===
✔️ Train : (1217, 105)  |  Test : (305, 105)
==============================
▶ mcs = 21 | conf = 0.9 | thr = 14.88
==============================
--- Test‑set validation
outliers: 8screws 4筆，3screws 21筆，2screws 6筆，1screws 1筆
C0      : 1screws 59筆
C1      : 8screws 59筆
C2      : 2screws 51筆
C3      : 3screws 45筆
C4      : 4screws 59筆
* C0  | size  59 | dist   2.81 | Known
* C1  | size  59 | dist   2.80 | Known
* C2  | size  51 | dist   3.14 | Known
* C3  | size  45 | dist   3.58 | Known
* C4  | size  59 | dist   2.41 | Known
--- Unknown ['5screws'] | mcs 21
C1      : 59 pts
C4      : 34 pts
C0      : 58 pts
C5      : 56 pts
C3      : 59 pts
outliers: 48 pts
C2      : 51 pts
C0  | size  58 | dist   2.83 | Known
C1  | size  59 | dist   2.80 | Known
C2  | size  51 | dist   3.14 | Known
C3  | size  59 | dist   2.41 | Known
C4  | size  34 | dist   3.81 | Known
C5  | size  56 | dist  20.86 | New Fault
--- Unknown ['5screws', '6screws'] | mcs 21
C4      : 58 pts
C0      : 58 pts
C1      : 59 pts
C5      : 56 pts
outliers: 76 pts
C3      : 59 pts
C6      : 34 pts
C2      : 25 pts
C0  | size  58 | dist   2.83 | Known
C1  | size  59 | dist   2.80 | Known
C2  | size  25 | dist   4.53 | Known
C3  | size  59 | dist   2.41 | Known
C4  | size  58 | dist  26.33 | New Fault
C5  | size  56 | dist  20.86 | New Fault
C6  | size  34 | dist   3.81 | Known
--- Unknown ['5screws', '6screws', '7screws'] | mcs 21
C5      : 55 pts
C0      : 55 pts
C4      : 55 pts
C7      : 32 pts
C6      : 50 pts
C2      : 55 pts
C1      : 55 pts
outliers: 68 pts
C3      : 25 pts
C0  | size  55 | dist 126.91 | New Fault
C1  | size  55 | dist   2.84 | Known
C2  | size  55 | dist   2.92 | Known
C3  | size  25 | dist   4.53 | Known
C4  | size  55 | dist   2.45 | Known
C5  | size  55 | dist  26.48 | New Fault
C6  | size  50 | dist  21.08 | New Fault
C7  | size  32 | dist   3.79 | Known
--- Unknown ['5screws', '6screws', '7screws', '3_14screws'] | mcs 21
C7      : 43 pts
C4      : 25 pts
outliers: 63 pts
C3      : 48 pts
C2      : 47 pts
C1      : 50 pts
C0      : 47 pts
C6      : 50 pts
C8      : 28 pts
C5      : 49 pts
C0  | size  47 | dist 126.51 | New Fault
C1  | size  50 | dist   2.96 | Known
C2  | size  47 | dist   3.09 | Known
C3  | size  48 | dist  33.07 | New Fault
C4  | size  25 | dist   4.51 | Known
C5  | size  49 | dist   2.53 | Known
C6  | size  50 | dist  26.52 | New Fault
C7  | size  43 | dist  21.19 | New Fault
C8  | size  28 | dist   3.80 | Known
--- Unknown ['5screws', '6screws', '7screws', '3_14screws', '4_146screws'] | mcs 21
C7      : 42 pts
outliers: 63 pts
C6      : 42 pts
C3      : 43 pts
C1      : 46 pts
C5      : 22 pts
C0      : 43 pts
C2      : 43 pts
C4      : 43 pts
C8      : 63 pts
C0  | size  43 | dist 126.22 | New Fault
C1  | size  46 | dist  48.72 | New Fault
C2  | size  43 | dist   3.01 | Known
C3  | size  43 | dist   3.16 | Known
C4  | size  43 | dist  33.67 | New Fault
C5  | size  22 | dist   4.48 | Known
C6  | size  42 | dist   2.49 | Known
C7  | size  42 | dist  26.58 | New Fault
C8  | size  63 | dist  14.76 | Known
==============================
▶ mcs = 21 | conf = 0.95 | thr = 15.45
==============================
--- Test‑set validation
outliers: 8screws 4筆，3screws 21筆，2screws 6筆，1screws 1筆
C0      : 1screws 59筆
C1      : 8screws 59筆
C2      : 2screws 51筆
C3      : 3screws 45筆
C4      : 4screws 59筆
* C0  | size  59 | dist   2.81 | Known
* C1  | size  59 | dist   2.80 | Known
* C2  | size  51 | dist   3.14 | Known
* C3  | size  45 | dist   3.58 | Known
* C4  | size  59 | dist   2.41 | Known
--- Unknown ['5screws'] | mcs 21
C1      : 59 pts
C4      : 34 pts
C0      : 58 pts
C5      : 56 pts
C3      : 59 pts
outliers: 48 pts
C2      : 51 pts
C0  | size  58 | dist   2.83 | Known
C1  | size  59 | dist   2.80 | Known
C2  | size  51 | dist   3.14 | Known
C3  | size  59 | dist   2.41 | Known
C4  | size  34 | dist   3.81 | Known
C5  | size  56 | dist  20.86 | New Fault
--- Unknown ['5screws', '6screws'] | mcs 21
C4      : 58 pts
C0      : 58 pts
C1      : 59 pts
C5      : 56 pts
outliers: 76 pts
C3      : 59 pts
C6      : 34 pts
C2      : 25 pts
C0  | size  58 | dist   2.83 | Known
C1  | size  59 | dist   2.80 | Known
C2  | size  25 | dist   4.53 | Known
C3  | size  59 | dist   2.41 | Known
C4  | size  58 | dist  26.33 | New Fault
C5  | size  56 | dist  20.86 | New Fault
C6  | size  34 | dist   3.81 | Known
--- Unknown ['5screws', '6screws', '7screws'] | mcs 21
C5      : 55 pts
C0      : 55 pts
C4      : 55 pts
C7      : 32 pts
C6      : 50 pts
C2      : 55 pts
C1      : 55 pts
outliers: 68 pts
C3      : 25 pts
C0  | size  55 | dist 126.91 | New Fault
C1  | size  55 | dist   2.84 | Known
C2  | size  55 | dist   2.92 | Known
C3  | size  25 | dist   4.53 | Known
C4  | size  55 | dist   2.45 | Known
C5  | size  55 | dist  26.48 | New Fault
C6  | size  50 | dist  21.08 | New Fault
C7  | size  32 | dist   3.79 | Known
--- Unknown ['5screws', '6screws', '7screws', '3_14screws'] | mcs 21
C7      : 43 pts
C4      : 25 pts
outliers: 63 pts
C3      : 48 pts
C2      : 47 pts
C1      : 50 pts
C0      : 47 pts
C6      : 50 pts
C8      : 28 pts
C5      : 49 pts
C0  | size  47 | dist 126.51 | New Fault
C1  | size  50 | dist   2.96 | Known
C2  | size  47 | dist   3.09 | Known
C3  | size  48 | dist  33.07 | New Fault
C4  | size  25 | dist   4.51 | Known
C5  | size  49 | dist   2.53 | Known
C6  | size  50 | dist  26.52 | New Fault
C7  | size  43 | dist  21.19 | New Fault
C8  | size  28 | dist   3.80 | Known
--- Unknown ['5screws', '6screws', '7screws', '3_14screws', '4_146screws'] | mcs 21
C7      : 42 pts
outliers: 63 pts
C6      : 42 pts
C3      : 43 pts
C1      : 46 pts
C5      : 22 pts
C0      : 43 pts
C2      : 43 pts
C4      : 43 pts
C8      : 63 pts
C0  | size  43 | dist 126.22 | New Fault
C1  | size  46 | dist  48.72 | New Fault
C2  | size  43 | dist   3.01 | Known
C3  | size  43 | dist   3.16 | Known
C4  | size  43 | dist  33.67 | New Fault
C5  | size  22 | dist   4.48 | Known
C6  | size  42 | dist   2.49 | Known
C7  | size  42 | dist  26.58 | New Fault
C8  | size  63 | dist  14.76 | Known
==============================
▶ mcs = 21 | conf = 0.99 | thr = 16.42
==============================
--- Test‑set validation
outliers: 8screws 4筆，3screws 21筆，2screws 6筆，1screws 1筆
C0      : 1screws 59筆
C1      : 8screws 59筆
C2      : 2screws 51筆
C3      : 3screws 45筆
C4      : 4screws 59筆
* C0  | size  59 | dist   2.81 | Known
* C1  | size  59 | dist   2.80 | Known
* C2  | size  51 | dist   3.14 | Known
* C3  | size  45 | dist   3.58 | Known
* C4  | size  59 | dist   2.41 | Known
--- Unknown ['5screws'] | mcs 21
C1      : 59 pts
C4      : 34 pts
C0      : 58 pts
C5      : 56 pts
C3      : 59 pts
outliers: 48 pts
C2      : 51 pts
C0  | size  58 | dist   2.83 | Known
C1  | size  59 | dist   2.80 | Known
C2  | size  51 | dist   3.14 | Known
C3  | size  59 | dist   2.41 | Known
C4  | size  34 | dist   3.81 | Known
C5  | size  56 | dist  20.86 | New Fault
--- Unknown ['5screws', '6screws'] | mcs 21
C4      : 58 pts
C0      : 58 pts
C1      : 59 pts
C5      : 56 pts
outliers: 76 pts
C3      : 59 pts
C6      : 34 pts
C2      : 25 pts
C0  | size  58 | dist   2.83 | Known
C1  | size  59 | dist   2.80 | Known
C2  | size  25 | dist   4.53 | Known
C3  | size  59 | dist   2.41 | Known
C4  | size  58 | dist  26.33 | New Fault
C5  | size  56 | dist  20.86 | New Fault
C6  | size  34 | dist   3.81 | Known
--- Unknown ['5screws', '6screws', '7screws'] | mcs 21
C5      : 55 pts
C0      : 55 pts
C4      : 55 pts
C7      : 32 pts
C6      : 50 pts
C2      : 55 pts
C1      : 55 pts
outliers: 68 pts
C3      : 25 pts
C0  | size  55 | dist 126.91 | New Fault
C1  | size  55 | dist   2.84 | Known
C2  | size  55 | dist   2.92 | Known
C3  | size  25 | dist   4.53 | Known
C4  | size  55 | dist   2.45 | Known
C5  | size  55 | dist  26.48 | New Fault
C6  | size  50 | dist  21.08 | New Fault
C7  | size  32 | dist   3.79 | Known
--- Unknown ['5screws', '6screws', '7screws', '3_14screws'] | mcs 21
C7      : 43 pts
C4      : 25 pts
outliers: 63 pts
C3      : 48 pts
C2      : 47 pts
C1      : 50 pts
C0      : 47 pts
C6      : 50 pts
C8      : 28 pts
C5      : 49 pts
C0  | size  47 | dist 126.51 | New Fault
C1  | size  50 | dist   2.96 | Known
C2  | size  47 | dist   3.09 | Known
C3  | size  48 | dist  33.07 | New Fault
C4  | size  25 | dist   4.51 | Known
C5  | size  49 | dist   2.53 | Known
C6  | size  50 | dist  26.52 | New Fault
C7  | size  43 | dist  21.19 | New Fault
C8  | size  28 | dist   3.80 | Known
--- Unknown ['5screws', '6screws', '7screws', '3_14screws', '4_146screws'] | mcs 21
C7      : 42 pts
outliers: 63 pts
C6      : 42 pts
C3      : 43 pts
C1      : 46 pts
C5      : 22 pts
C0      : 43 pts
C2      : 43 pts
C4      : 43 pts
C8      : 63 pts
C0  | size  43 | dist 126.22 | New Fault
C1  | size  46 | dist  48.72 | New Fault
C2  | size  43 | dist   3.01 | Known
C3  | size  43 | dist   3.16 | Known
C4  | size  43 | dist  33.67 | New Fault
C5  | size  22 | dist   4.48 | Known
C6  | size  42 | dist   2.49 | Known
C7  | size  42 | dist  26.58 | New Fault
C8  | size  63 | dist  14.76 | Known
==============================
▶ mcs = 22 | conf = 0.9 | thr = 14.88
==============================
--- Test‑set validation
outliers: 8screws 4筆，3screws 21筆，2screws 6筆，1screws 1筆
C0      : 1screws 59筆
C1      : 8screws 59筆
C2      : 2screws 51筆
C3      : 3screws 45筆
C4      : 4screws 59筆
* C0  | size  59 | dist   2.81 | Known
* C1  | size  59 | dist   2.80 | Known
* C2  | size  51 | dist   3.14 | Known
* C3  | size  45 | dist   3.58 | Known
* C4  | size  59 | dist   2.41 | Known
--- Unknown ['5screws'] | mcs 22
C1      : 59 pts
C4      : 34 pts
C0      : 58 pts
C5      : 56 pts
C3      : 59 pts
outliers: 48 pts
C2      : 51 pts
C0  | size  58 | dist   2.83 | Known
C1  | size  59 | dist   2.80 | Known
C2  | size  51 | dist   3.14 | Known
C3  | size  59 | dist   2.41 | Known
C4  | size  34 | dist   3.81 | Known
C5  | size  56 | dist  20.86 | New Fault
--- Unknown ['5screws', '6screws'] | mcs 22
C4      : 58 pts
C0      : 58 pts
C1      : 59 pts
C5      : 56 pts
outliers: 76 pts
C3      : 59 pts
C6      : 34 pts
C2      : 25 pts
C0  | size  58 | dist   2.83 | Known
C1  | size  59 | dist   2.80 | Known
C2  | size  25 | dist   4.53 | Known
C3  | size  59 | dist   2.41 | Known
C4  | size  58 | dist  26.33 | New Fault
C5  | size  56 | dist  20.86 | New Fault
C6  | size  34 | dist   3.81 | Known
--- Unknown ['5screws', '6screws', '7screws'] | mcs 22
C5      : 55 pts
C0      : 55 pts
C4      : 55 pts
C7      : 32 pts
C6      : 50 pts
C2      : 55 pts
C1      : 55 pts
outliers: 68 pts
C3      : 25 pts
C0  | size  55 | dist 126.91 | New Fault
C1  | size  55 | dist   2.84 | Known
C2  | size  55 | dist   2.92 | Known
C3  | size  25 | dist   4.53 | Known
C4  | size  55 | dist   2.45 | Known
C5  | size  55 | dist  26.48 | New Fault
C6  | size  50 | dist  21.08 | New Fault
C7  | size  32 | dist   3.79 | Known
--- Unknown ['5screws', '6screws', '7screws', '3_14screws'] | mcs 22
C7      : 43 pts
C4      : 25 pts
outliers: 63 pts
C3      : 48 pts
C2      : 47 pts
C1      : 50 pts
C0      : 47 pts
C6      : 50 pts
C8      : 28 pts
C5      : 49 pts
C0  | size  47 | dist 126.51 | New Fault
C1  | size  50 | dist   2.96 | Known
C2  | size  47 | dist   3.09 | Known
C3  | size  48 | dist  33.07 | New Fault
C4  | size  25 | dist   4.51 | Known
C5  | size  49 | dist   2.53 | Known
C6  | size  50 | dist  26.52 | New Fault
C7  | size  43 | dist  21.19 | New Fault
C8  | size  28 | dist   3.80 | Known
--- Unknown ['5screws', '6screws', '7screws', '3_14screws', '4_146screws'] | mcs 22
C7      : 42 pts
outliers: 63 pts
C6      : 42 pts
C3      : 43 pts
C1      : 46 pts
C5      : 22 pts
C0      : 43 pts
C2      : 43 pts
C4      : 43 pts
C8      : 63 pts
C0  | size  43 | dist 126.22 | New Fault
C1  | size  46 | dist  48.72 | New Fault
C2  | size  43 | dist   3.01 | Known
C3  | size  43 | dist   3.16 | Known
C4  | size  43 | dist  33.67 | New Fault
C5  | size  22 | dist   4.48 | Known
C6  | size  42 | dist   2.49 | Known
C7  | size  42 | dist  26.58 | New Fault
C8  | size  63 | dist  14.76 | Known
==============================
▶ mcs = 22 | conf = 0.95 | thr = 15.45
==============================
--- Test‑set validation
outliers: 8screws 4筆，3screws 21筆，2screws 6筆，1screws 1筆
C0      : 1screws 59筆
C1      : 8screws 59筆
C2      : 2screws 51筆
C3      : 3screws 45筆
C4      : 4screws 59筆
* C0  | size  59 | dist   2.81 | Known
* C1  | size  59 | dist   2.80 | Known
* C2  | size  51 | dist   3.14 | Known
* C3  | size  45 | dist   3.58 | Known
* C4  | size  59 | dist   2.41 | Known
--- Unknown ['5screws'] | mcs 22
C1      : 59 pts
C4      : 34 pts
C0      : 58 pts
C5      : 56 pts
C3      : 59 pts
outliers: 48 pts
C2      : 51 pts
C0  | size  58 | dist   2.83 | Known
C1  | size  59 | dist   2.80 | Known
C2  | size  51 | dist   3.14 | Known
C3  | size  59 | dist   2.41 | Known
C4  | size  34 | dist   3.81 | Known
C5  | size  56 | dist  20.86 | New Fault
--- Unknown ['5screws', '6screws'] | mcs 22
C4      : 58 pts
C0      : 58 pts
C1      : 59 pts
C5      : 56 pts
outliers: 76 pts
C3      : 59 pts
C6      : 34 pts
C2      : 25 pts
C0  | size  58 | dist   2.83 | Known
C1  | size  59 | dist   2.80 | Known
C2  | size  25 | dist   4.53 | Known
C3  | size  59 | dist   2.41 | Known
C4  | size  58 | dist  26.33 | New Fault
C5  | size  56 | dist  20.86 | New Fault
C6  | size  34 | dist   3.81 | Known
--- Unknown ['5screws', '6screws', '7screws'] | mcs 22
C5      : 55 pts
C0      : 55 pts
C4      : 55 pts
C7      : 32 pts
C6      : 50 pts
C2      : 55 pts
C1      : 55 pts
outliers: 68 pts
C3      : 25 pts
C0  | size  55 | dist 126.91 | New Fault
C1  | size  55 | dist   2.84 | Known
C2  | size  55 | dist   2.92 | Known
C3  | size  25 | dist   4.53 | Known
C4  | size  55 | dist   2.45 | Known
C5  | size  55 | dist  26.48 | New Fault
C6  | size  50 | dist  21.08 | New Fault
C7  | size  32 | dist   3.79 | Known
--- Unknown ['5screws', '6screws', '7screws', '3_14screws'] | mcs 22
C7      : 43 pts
C4      : 25 pts
outliers: 63 pts
C3      : 48 pts
C2      : 47 pts
C1      : 50 pts
C0      : 47 pts
C6      : 50 pts
C8      : 28 pts
C5      : 49 pts
C0  | size  47 | dist 126.51 | New Fault
C1  | size  50 | dist   2.96 | Known
C2  | size  47 | dist   3.09 | Known
C3  | size  48 | dist  33.07 | New Fault
C4  | size  25 | dist   4.51 | Known
C5  | size  49 | dist   2.53 | Known
C6  | size  50 | dist  26.52 | New Fault
C7  | size  43 | dist  21.19 | New Fault
C8  | size  28 | dist   3.80 | Known
--- Unknown ['5screws', '6screws', '7screws', '3_14screws', '4_146screws'] | mcs 22
C7      : 42 pts
outliers: 63 pts
C6      : 42 pts
C3      : 43 pts
C1      : 46 pts
C5      : 22 pts
C0      : 43 pts
C2      : 43 pts
C4      : 43 pts
C8      : 63 pts
C0  | size  43 | dist 126.22 | New Fault
C1  | size  46 | dist  48.72 | New Fault
C2  | size  43 | dist   3.01 | Known
C3  | size  43 | dist   3.16 | Known
C4  | size  43 | dist  33.67 | New Fault
C5  | size  22 | dist   4.48 | Known
C6  | size  42 | dist   2.49 | Known
C7  | size  42 | dist  26.58 | New Fault
C8  | size  63 | dist  14.76 | Known
==============================
▶ mcs = 22 | conf = 0.99 | thr = 16.42
==============================
--- Test‑set validation
outliers: 8screws 4筆，3screws 21筆，2screws 6筆，1screws 1筆
C0      : 1screws 59筆
C1      : 8screws 59筆
C2      : 2screws 51筆
C3      : 3screws 45筆
C4      : 4screws 59筆
* C0  | size  59 | dist   2.81 | Known
* C1  | size  59 | dist   2.80 | Known
* C2  | size  51 | dist   3.14 | Known
* C3  | size  45 | dist   3.58 | Known
* C4  | size  59 | dist   2.41 | Known
--- Unknown ['5screws'] | mcs 22
C1      : 59 pts
C4      : 34 pts
C0      : 58 pts
C5      : 56 pts
C3      : 59 pts
outliers: 48 pts
C2      : 51 pts
C0  | size  58 | dist   2.83 | Known
C1  | size  59 | dist   2.80 | Known
C2  | size  51 | dist   3.14 | Known
C3  | size  59 | dist   2.41 | Known
C4  | size  34 | dist   3.81 | Known
C5  | size  56 | dist  20.86 | New Fault
--- Unknown ['5screws', '6screws'] | mcs 22
C4      : 58 pts
C0      : 58 pts
C1      : 59 pts
C5      : 56 pts
outliers: 76 pts
C3      : 59 pts
C6      : 34 pts
C2      : 25 pts
C0  | size  58 | dist   2.83 | Known
C1  | size  59 | dist   2.80 | Known
C2  | size  25 | dist   4.53 | Known
C3  | size  59 | dist   2.41 | Known
C4  | size  58 | dist  26.33 | New Fault
C5  | size  56 | dist  20.86 | New Fault
C6  | size  34 | dist   3.81 | Known
--- Unknown ['5screws', '6screws', '7screws'] | mcs 22
C5      : 55 pts
C0      : 55 pts
C4      : 55 pts
C7      : 32 pts
C6      : 50 pts
C2      : 55 pts
C1      : 55 pts
outliers: 68 pts
C3      : 25 pts
C0  | size  55 | dist 126.91 | New Fault
C1  | size  55 | dist   2.84 | Known
C2  | size  55 | dist   2.92 | Known
C3  | size  25 | dist   4.53 | Known
C4  | size  55 | dist   2.45 | Known
C5  | size  55 | dist  26.48 | New Fault
C6  | size  50 | dist  21.08 | New Fault
C7  | size  32 | dist   3.79 | Known
--- Unknown ['5screws', '6screws', '7screws', '3_14screws'] | mcs 22
C7      : 43 pts
C4      : 25 pts
outliers: 63 pts
C3      : 48 pts
C2      : 47 pts
C1      : 50 pts
C0      : 47 pts
C6      : 50 pts
C8      : 28 pts
C5      : 49 pts
C0  | size  47 | dist 126.51 | New Fault
C1  | size  50 | dist   2.96 | Known
C2  | size  47 | dist   3.09 | Known
C3  | size  48 | dist  33.07 | New Fault
C4  | size  25 | dist   4.51 | Known
C5  | size  49 | dist   2.53 | Known
C6  | size  50 | dist  26.52 | New Fault
C7  | size  43 | dist  21.19 | New Fault
C8  | size  28 | dist   3.80 | Known
--- Unknown ['5screws', '6screws', '7screws', '3_14screws', '4_146screws'] | mcs 22
C7      : 42 pts
outliers: 63 pts
C6      : 42 pts
C3      : 43 pts
C1      : 46 pts
C5      : 22 pts
C0      : 43 pts
C2      : 43 pts
C4      : 43 pts
C8      : 63 pts
C0  | size  43 | dist 126.22 | New Fault
C1  | size  46 | dist  48.72 | New Fault
C2  | size  43 | dist   3.01 | Known
C3  | size  43 | dist   3.16 | Known
C4  | size  43 | dist  33.67 | New Fault
C5  | size  22 | dist   4.48 | Known
C6  | size  42 | dist   2.49 | Known
C7  | size  42 | dist  26.58 | New Fault
C8  | size  63 | dist  14.76 | Known
==============================
▶ mcs = 23 | conf = 0.9 | thr = 14.88
==============================
--- Test‑set validation
outliers: 8screws 4筆，3screws 21筆，2screws 6筆，1screws 1筆
C0      : 1screws 59筆
C1      : 8screws 59筆
C2      : 2screws 51筆
C3      : 3screws 45筆
C4      : 4screws 59筆
* C0  | size  59 | dist   2.81 | Known
* C1  | size  59 | dist   2.80 | Known
* C2  | size  51 | dist   3.14 | Known
* C3  | size  45 | dist   3.58 | Known
* C4  | size  59 | dist   2.41 | Known
--- Unknown ['5screws'] | mcs 23
C1      : 59 pts
C4      : 34 pts
C0      : 58 pts
C5      : 56 pts
C3      : 59 pts
outliers: 48 pts
C2      : 51 pts
C0  | size  58 | dist   2.83 | Known
C1  | size  59 | dist   2.80 | Known
C2  | size  51 | dist   3.14 | Known
C3  | size  59 | dist   2.41 | Known
C4  | size  34 | dist   3.81 | Known
C5  | size  56 | dist  20.86 | New Fault
--- Unknown ['5screws', '6screws'] | mcs 23
C4      : 58 pts
C0      : 58 pts
C1      : 59 pts
C5      : 56 pts
outliers: 76 pts
C3      : 59 pts
C6      : 34 pts
C2      : 25 pts
C0  | size  58 | dist   2.83 | Known
C1  | size  59 | dist   2.80 | Known
C2  | size  25 | dist   4.53 | Known
C3  | size  59 | dist   2.41 | Known
C4  | size  58 | dist  26.33 | New Fault
C5  | size  56 | dist  20.86 | New Fault
C6  | size  34 | dist   3.81 | Known
--- Unknown ['5screws', '6screws', '7screws'] | mcs 23
C5      : 55 pts
C0      : 55 pts
C4      : 55 pts
C7      : 32 pts
C6      : 50 pts
C2      : 55 pts
C1      : 55 pts
outliers: 68 pts
C3      : 25 pts
C0  | size  55 | dist 126.91 | New Fault
C1  | size  55 | dist   2.84 | Known
C2  | size  55 | dist   2.92 | Known
C3  | size  25 | dist   4.53 | Known
C4  | size  55 | dist   2.45 | Known
C5  | size  55 | dist  26.48 | New Fault
C6  | size  50 | dist  21.08 | New Fault
C7  | size  32 | dist   3.79 | Known
--- Unknown ['5screws', '6screws', '7screws', '3_14screws'] | mcs 23
C7      : 43 pts
C4      : 25 pts
outliers: 63 pts
C3      : 48 pts
C2      : 47 pts
C1      : 50 pts
C0      : 47 pts
C6      : 50 pts
C8      : 28 pts
C5      : 49 pts
C0  | size  47 | dist 126.51 | New Fault
C1  | size  50 | dist   2.96 | Known
C2  | size  47 | dist   3.09 | Known
C3  | size  48 | dist  33.07 | New Fault
C4  | size  25 | dist   4.51 | Known
C5  | size  49 | dist   2.53 | Known
C6  | size  50 | dist  26.52 | New Fault
C7  | size  43 | dist  21.19 | New Fault
C8  | size  28 | dist   3.80 | Known
--- Unknown ['5screws', '6screws', '7screws', '3_14screws', '4_146screws'] | mcs 23
C6      : 42 pts
outliers: 85 pts
C5      : 42 pts
C3      : 43 pts
C1      : 46 pts
C0      : 43 pts
C2      : 43 pts
C4      : 43 pts
C7      : 63 pts
C0  | size  43 | dist 126.22 | New Fault
C1  | size  46 | dist  48.72 | New Fault
C2  | size  43 | dist   3.01 | Known
C3  | size  43 | dist   3.16 | Known
C4  | size  43 | dist  33.67 | New Fault
C5  | size  42 | dist   2.49 | Known
C6  | size  42 | dist  26.58 | New Fault
C7  | size  63 | dist  14.76 | Known
==============================
▶ mcs = 23 | conf = 0.95 | thr = 15.45
==============================
--- Test‑set validation
outliers: 8screws 4筆，3screws 21筆，2screws 6筆，1screws 1筆
C0      : 1screws 59筆
C1      : 8screws 59筆
C2      : 2screws 51筆
C3      : 3screws 45筆
C4      : 4screws 59筆
* C0  | size  59 | dist   2.81 | Known
* C1  | size  59 | dist   2.80 | Known
* C2  | size  51 | dist   3.14 | Known
* C3  | size  45 | dist   3.58 | Known
* C4  | size  59 | dist   2.41 | Known
--- Unknown ['5screws'] | mcs 23
C1      : 59 pts
C4      : 34 pts
C0      : 58 pts
C5      : 56 pts
C3      : 59 pts
outliers: 48 pts
C2      : 51 pts
C0  | size  58 | dist   2.83 | Known
C1  | size  59 | dist   2.80 | Known
C2  | size  51 | dist   3.14 | Known
C3  | size  59 | dist   2.41 | Known
C4  | size  34 | dist   3.81 | Known
C5  | size  56 | dist  20.86 | New Fault
--- Unknown ['5screws', '6screws'] | mcs 23
C4      : 58 pts
C0      : 58 pts
C1      : 59 pts
C5      : 56 pts
outliers: 76 pts
C3      : 59 pts
C6      : 34 pts
C2      : 25 pts
C0  | size  58 | dist   2.83 | Known
C1  | size  59 | dist   2.80 | Known
C2  | size  25 | dist   4.53 | Known
C3  | size  59 | dist   2.41 | Known
C4  | size  58 | dist  26.33 | New Fault
C5  | size  56 | dist  20.86 | New Fault
C6  | size  34 | dist   3.81 | Known
--- Unknown ['5screws', '6screws', '7screws'] | mcs 23
C5      : 55 pts
C0      : 55 pts
C4      : 55 pts
C7      : 32 pts
C6      : 50 pts
C2      : 55 pts
C1      : 55 pts
outliers: 68 pts
C3      : 25 pts
C0  | size  55 | dist 126.91 | New Fault
C1  | size  55 | dist   2.84 | Known
C2  | size  55 | dist   2.92 | Known
C3  | size  25 | dist   4.53 | Known
C4  | size  55 | dist   2.45 | Known
C5  | size  55 | dist  26.48 | New Fault
C6  | size  50 | dist  21.08 | New Fault
C7  | size  32 | dist   3.79 | Known
--- Unknown ['5screws', '6screws', '7screws', '3_14screws'] | mcs 23
C7      : 43 pts
C4      : 25 pts
outliers: 63 pts
C3      : 48 pts
C2      : 47 pts
C1      : 50 pts
C0      : 47 pts
C6      : 50 pts
C8      : 28 pts
C5      : 49 pts
C0  | size  47 | dist 126.51 | New Fault
C1  | size  50 | dist   2.96 | Known
C2  | size  47 | dist   3.09 | Known
C3  | size  48 | dist  33.07 | New Fault
C4  | size  25 | dist   4.51 | Known
C5  | size  49 | dist   2.53 | Known
C6  | size  50 | dist  26.52 | New Fault
C7  | size  43 | dist  21.19 | New Fault
C8  | size  28 | dist   3.80 | Known
--- Unknown ['5screws', '6screws', '7screws', '3_14screws', '4_146screws'] | mcs 23
C6      : 42 pts
outliers: 85 pts
C5      : 42 pts
C3      : 43 pts
C1      : 46 pts
C0      : 43 pts
C2      : 43 pts
C4      : 43 pts
C7      : 63 pts
C0  | size  43 | dist 126.22 | New Fault
C1  | size  46 | dist  48.72 | New Fault
C2  | size  43 | dist   3.01 | Known
C3  | size  43 | dist   3.16 | Known
C4  | size  43 | dist  33.67 | New Fault
C5  | size  42 | dist   2.49 | Known
C6  | size  42 | dist  26.58 | New Fault
C7  | size  63 | dist  14.76 | Known
==============================
▶ mcs = 23 | conf = 0.99 | thr = 16.42
==============================
--- Test‑set validation
outliers: 8screws 4筆，3screws 21筆，2screws 6筆，1screws 1筆
C0      : 1screws 59筆
C1      : 8screws 59筆
C2      : 2screws 51筆
C3      : 3screws 45筆
C4      : 4screws 59筆
* C0  | size  59 | dist   2.81 | Known
* C1  | size  59 | dist   2.80 | Known
* C2  | size  51 | dist   3.14 | Known
* C3  | size  45 | dist   3.58 | Known
* C4  | size  59 | dist   2.41 | Known
--- Unknown ['5screws'] | mcs 23
C1      : 59 pts
C4      : 34 pts
C0      : 58 pts
C5      : 56 pts
C3      : 59 pts
outliers: 48 pts
C2      : 51 pts
C0  | size  58 | dist   2.83 | Known
C1  | size  59 | dist   2.80 | Known
C2  | size  51 | dist   3.14 | Known
C3  | size  59 | dist   2.41 | Known
C4  | size  34 | dist   3.81 | Known
C5  | size  56 | dist  20.86 | New Fault
--- Unknown ['5screws', '6screws'] | mcs 23
C4      : 58 pts
C0      : 58 pts
C1      : 59 pts
C5      : 56 pts
outliers: 76 pts
C3      : 59 pts
C6      : 34 pts
C2      : 25 pts
C0  | size  58 | dist   2.83 | Known
C1  | size  59 | dist   2.80 | Known
C2  | size  25 | dist   4.53 | Known
C3  | size  59 | dist   2.41 | Known
C4  | size  58 | dist  26.33 | New Fault
C5  | size  56 | dist  20.86 | New Fault
C6  | size  34 | dist   3.81 | Known
--- Unknown ['5screws', '6screws', '7screws'] | mcs 23
C5      : 55 pts
C0      : 55 pts
C4      : 55 pts
C7      : 32 pts
C6      : 50 pts
C2      : 55 pts
C1      : 55 pts
outliers: 68 pts
C3      : 25 pts
C0  | size  55 | dist 126.91 | New Fault
C1  | size  55 | dist   2.84 | Known
C2  | size  55 | dist   2.92 | Known
C3  | size  25 | dist   4.53 | Known
C4  | size  55 | dist   2.45 | Known
C5  | size  55 | dist  26.48 | New Fault
C6  | size  50 | dist  21.08 | New Fault
C7  | size  32 | dist   3.79 | Known
--- Unknown ['5screws', '6screws', '7screws', '3_14screws'] | mcs 23
C7      : 43 pts
C4      : 25 pts
outliers: 63 pts
C3      : 48 pts
C2      : 47 pts
C1      : 50 pts
C0      : 47 pts
C6      : 50 pts
C8      : 28 pts
C5      : 49 pts
C0  | size  47 | dist 126.51 | New Fault
C1  | size  50 | dist   2.96 | Known
C2  | size  47 | dist   3.09 | Known
C3  | size  48 | dist  33.07 | New Fault
C4  | size  25 | dist   4.51 | Known
C5  | size  49 | dist   2.53 | Known
C6  | size  50 | dist  26.52 | New Fault
C7  | size  43 | dist  21.19 | New Fault
C8  | size  28 | dist   3.80 | Known
--- Unknown ['5screws', '6screws', '7screws', '3_14screws', '4_146screws'] | mcs 23
C6      : 42 pts
outliers: 85 pts
C5      : 42 pts
C3      : 43 pts
C1      : 46 pts
C0      : 43 pts
C2      : 43 pts
C4      : 43 pts
C7      : 63 pts
C0  | size  43 | dist 126.22 | New Fault
C1  | size  46 | dist  48.72 | New Fault
C2  | size  43 | dist   3.01 | Known
C3  | size  43 | dist   3.16 | Known
C4  | size  43 | dist  33.67 | New Fault
C5  | size  42 | dist   2.49 | Known
C6  | size  42 | dist  26.58 | New Fault
C7  | size  63 | dist  14.76 | Known
==============================
▶ mcs = 24 | conf = 0.9 | thr = 14.88
==============================
--- Test‑set validation
outliers: 8screws 4筆，3screws 21筆，2screws 6筆，1screws 1筆
C0      : 1screws 59筆
C1      : 8screws 59筆
C2      : 2screws 51筆
C3      : 3screws 45筆
C4      : 4screws 59筆
* C0  | size  59 | dist   2.81 | Known
* C1  | size  59 | dist   2.80 | Known
* C2  | size  51 | dist   3.14 | Known
* C3  | size  45 | dist   3.58 | Known
* C4  | size  59 | dist   2.41 | Known
--- Unknown ['5screws'] | mcs 24
C1      : 59 pts
C4      : 34 pts
C0      : 58 pts
C5      : 56 pts
C3      : 59 pts
outliers: 48 pts
C2      : 51 pts
C0  | size  58 | dist   2.83 | Known
C1  | size  59 | dist   2.80 | Known
C2  | size  51 | dist   3.14 | Known
C3  | size  59 | dist   2.41 | Known
C4  | size  34 | dist   3.81 | Known
C5  | size  56 | dist  20.86 | New Fault
--- Unknown ['5screws', '6screws'] | mcs 24
C4      : 58 pts
C0      : 58 pts
C1      : 59 pts
C5      : 56 pts
outliers: 76 pts
C3      : 59 pts
C6      : 34 pts
C2      : 25 pts
C0  | size  58 | dist   2.83 | Known
C1  | size  59 | dist   2.80 | Known
C2  | size  25 | dist   4.53 | Known
C3  | size  59 | dist   2.41 | Known
C4  | size  58 | dist  26.33 | New Fault
C5  | size  56 | dist  20.86 | New Fault
C6  | size  34 | dist   3.81 | Known
--- Unknown ['5screws', '6screws', '7screws'] | mcs 24
C5      : 55 pts
C0      : 55 pts
C4      : 55 pts
C7      : 32 pts
C6      : 50 pts
C2      : 55 pts
C1      : 55 pts
outliers: 68 pts
C3      : 25 pts
C0  | size  55 | dist 126.91 | New Fault
C1  | size  55 | dist   2.84 | Known
C2  | size  55 | dist   2.92 | Known
C3  | size  25 | dist   4.53 | Known
C4  | size  55 | dist   2.45 | Known
C5  | size  55 | dist  26.48 | New Fault
C6  | size  50 | dist  21.08 | New Fault
C7  | size  32 | dist   3.79 | Known
--- Unknown ['5screws', '6screws', '7screws', '3_14screws'] | mcs 24
C7      : 43 pts
C4      : 25 pts
outliers: 63 pts
C3      : 48 pts
C2      : 47 pts
C1      : 50 pts
C0      : 47 pts
C6      : 50 pts
C8      : 28 pts
C5      : 49 pts
C0  | size  47 | dist 126.51 | New Fault
C1  | size  50 | dist   2.96 | Known
C2  | size  47 | dist   3.09 | Known
C3  | size  48 | dist  33.07 | New Fault
C4  | size  25 | dist   4.51 | Known
C5  | size  49 | dist   2.53 | Known
C6  | size  50 | dist  26.52 | New Fault
C7  | size  43 | dist  21.19 | New Fault
C8  | size  28 | dist   3.80 | Known
--- Unknown ['5screws', '6screws', '7screws', '3_14screws', '4_146screws'] | mcs 24
C6      : 42 pts
outliers: 85 pts
C5      : 42 pts
C3      : 43 pts
C1      : 46 pts
C0      : 43 pts
C2      : 43 pts
C4      : 43 pts
C7      : 63 pts
C0  | size  43 | dist 126.22 | New Fault
C1  | size  46 | dist  48.72 | New Fault
C2  | size  43 | dist   3.01 | Known
C3  | size  43 | dist   3.16 | Known
C4  | size  43 | dist  33.67 | New Fault
C5  | size  42 | dist   2.49 | Known
C6  | size  42 | dist  26.58 | New Fault
C7  | size  63 | dist  14.76 | Known
==============================
▶ mcs = 24 | conf = 0.95 | thr = 15.45
==============================
--- Test‑set validation
outliers: 8screws 4筆，3screws 21筆，2screws 6筆，1screws 1筆
C0      : 1screws 59筆
C1      : 8screws 59筆
C2      : 2screws 51筆
C3      : 3screws 45筆
C4      : 4screws 59筆
* C0  | size  59 | dist   2.81 | Known
* C1  | size  59 | dist   2.80 | Known
* C2  | size  51 | dist   3.14 | Known
* C3  | size  45 | dist   3.58 | Known
* C4  | size  59 | dist   2.41 | Known
--- Unknown ['5screws'] | mcs 24
C1      : 59 pts
C4      : 34 pts
C0      : 58 pts
C5      : 56 pts
C3      : 59 pts
outliers: 48 pts
C2      : 51 pts
C0  | size  58 | dist   2.83 | Known
C1  | size  59 | dist   2.80 | Known
C2  | size  51 | dist   3.14 | Known
C3  | size  59 | dist   2.41 | Known
C4  | size  34 | dist   3.81 | Known
C5  | size  56 | dist  20.86 | New Fault
--- Unknown ['5screws', '6screws'] | mcs 24
C4      : 58 pts
C0      : 58 pts
C1      : 59 pts
C5      : 56 pts
outliers: 76 pts
C3      : 59 pts
C6      : 34 pts
C2      : 25 pts
C0  | size  58 | dist   2.83 | Known
C1  | size  59 | dist   2.80 | Known
C2  | size  25 | dist   4.53 | Known
C3  | size  59 | dist   2.41 | Known
C4  | size  58 | dist  26.33 | New Fault
C5  | size  56 | dist  20.86 | New Fault
C6  | size  34 | dist   3.81 | Known
--- Unknown ['5screws', '6screws', '7screws'] | mcs 24
C5      : 55 pts
C0      : 55 pts
C4      : 55 pts
C7      : 32 pts
C6      : 50 pts
C2      : 55 pts
C1      : 55 pts
outliers: 68 pts
C3      : 25 pts
C0  | size  55 | dist 126.91 | New Fault
C1  | size  55 | dist   2.84 | Known
C2  | size  55 | dist   2.92 | Known
C3  | size  25 | dist   4.53 | Known
C4  | size  55 | dist   2.45 | Known
C5  | size  55 | dist  26.48 | New Fault
C6  | size  50 | dist  21.08 | New Fault
C7  | size  32 | dist   3.79 | Known
--- Unknown ['5screws', '6screws', '7screws', '3_14screws'] | mcs 24
C7      : 43 pts
C4      : 25 pts
outliers: 63 pts
C3      : 48 pts
C2      : 47 pts
C1      : 50 pts
C0      : 47 pts
C6      : 50 pts
C8      : 28 pts
C5      : 49 pts
C0  | size  47 | dist 126.51 | New Fault
C1  | size  50 | dist   2.96 | Known
C2  | size  47 | dist   3.09 | Known
C3  | size  48 | dist  33.07 | New Fault
C4  | size  25 | dist   4.51 | Known
C5  | size  49 | dist   2.53 | Known
C6  | size  50 | dist  26.52 | New Fault
C7  | size  43 | dist  21.19 | New Fault
C8  | size  28 | dist   3.80 | Known
--- Unknown ['5screws', '6screws', '7screws', '3_14screws', '4_146screws'] | mcs 24
C6      : 42 pts
outliers: 85 pts
C5      : 42 pts
C3      : 43 pts
C1      : 46 pts
C0      : 43 pts
C2      : 43 pts
C4      : 43 pts
C7      : 63 pts
C0  | size  43 | dist 126.22 | New Fault
C1  | size  46 | dist  48.72 | New Fault
C2  | size  43 | dist   3.01 | Known
C3  | size  43 | dist   3.16 | Known
C4  | size  43 | dist  33.67 | New Fault
C5  | size  42 | dist   2.49 | Known
C6  | size  42 | dist  26.58 | New Fault
C7  | size  63 | dist  14.76 | Known
==============================
▶ mcs = 24 | conf = 0.99 | thr = 16.42
==============================
--- Test‑set validation
outliers: 8screws 4筆，3screws 21筆，2screws 6筆，1screws 1筆
C0      : 1screws 59筆
C1      : 8screws 59筆
C2      : 2screws 51筆
C3      : 3screws 45筆
C4      : 4screws 59筆
* C0  | size  59 | dist   2.81 | Known
* C1  | size  59 | dist   2.80 | Known
* C2  | size  51 | dist   3.14 | Known
* C3  | size  45 | dist   3.58 | Known
* C4  | size  59 | dist   2.41 | Known
--- Unknown ['5screws'] | mcs 24
C1      : 59 pts
C4      : 34 pts
C0      : 58 pts
C5      : 56 pts
C3      : 59 pts
outliers: 48 pts
C2      : 51 pts
C0  | size  58 | dist   2.83 | Known
C1  | size  59 | dist   2.80 | Known
C2  | size  51 | dist   3.14 | Known
C3  | size  59 | dist   2.41 | Known
C4  | size  34 | dist   3.81 | Known
C5  | size  56 | dist  20.86 | New Fault
--- Unknown ['5screws', '6screws'] | mcs 24
C4      : 58 pts
C0      : 58 pts
C1      : 59 pts
C5      : 56 pts
outliers: 76 pts
C3      : 59 pts
C6      : 34 pts
C2      : 25 pts
C0  | size  58 | dist   2.83 | Known
C1  | size  59 | dist   2.80 | Known
C2  | size  25 | dist   4.53 | Known
C3  | size  59 | dist   2.41 | Known
C4  | size  58 | dist  26.33 | New Fault
C5  | size  56 | dist  20.86 | New Fault
C6  | size  34 | dist   3.81 | Known
--- Unknown ['5screws', '6screws', '7screws'] | mcs 24
C5      : 55 pts
C0      : 55 pts
C4      : 55 pts
C7      : 32 pts
C6      : 50 pts
C2      : 55 pts
C1      : 55 pts
outliers: 68 pts
C3      : 25 pts
C0  | size  55 | dist 126.91 | New Fault
C1  | size  55 | dist   2.84 | Known
C2  | size  55 | dist   2.92 | Known
C3  | size  25 | dist   4.53 | Known
C4  | size  55 | dist   2.45 | Known
C5  | size  55 | dist  26.48 | New Fault
C6  | size  50 | dist  21.08 | New Fault
C7  | size  32 | dist   3.79 | Known
--- Unknown ['5screws', '6screws', '7screws', '3_14screws'] | mcs 24
C7      : 43 pts
C4      : 25 pts
outliers: 63 pts
C3      : 48 pts
C2      : 47 pts
C1      : 50 pts
C0      : 47 pts
C6      : 50 pts
C8      : 28 pts
C5      : 49 pts
C0  | size  47 | dist 126.51 | New Fault
C1  | size  50 | dist   2.96 | Known
C2  | size  47 | dist   3.09 | Known
C3  | size  48 | dist  33.07 | New Fault
C4  | size  25 | dist   4.51 | Known
C5  | size  49 | dist   2.53 | Known
C6  | size  50 | dist  26.52 | New Fault
C7  | size  43 | dist  21.19 | New Fault
C8  | size  28 | dist   3.80 | Known
--- Unknown ['5screws', '6screws', '7screws', '3_14screws', '4_146screws'] | mcs 24
C6      : 42 pts
outliers: 85 pts
C5      : 42 pts
C3      : 43 pts
C1      : 46 pts
C0      : 43 pts
C2      : 43 pts
C4      : 43 pts
C7      : 63 pts
C0  | size  43 | dist 126.22 | New Fault
C1  | size  46 | dist  48.72 | New Fault
C2  | size  43 | dist   3.01 | Known
C3  | size  43 | dist   3.16 | Known
C4  | size  43 | dist  33.67 | New Fault
C5  | size  42 | dist   2.49 | Known
C6  | size  42 | dist  26.58 | New Fault
C7  | size  63 | dist  14.76 | Known
