2026-08-05 15:11:16 | INFO  | Logger initialized
2026-08-05 15:11:16 | INFO  | log_file=/home/albert/Ancestor/logs/Step2_Feature_Extraction_8000_2/2026-08-05-15-11-16.log
2026-08-05 15:11:16 | INFO  | output_dir=/home/albert/Ancestor/output/Step2_Feature_Extraction_8000_2/2026-08-05-15-11-16
開始處理群組 T2，螺絲數量: 8screws...
2026-08-05 15:11:20 | INFO  | Saved plot: /home/albert/Ancestor/output/Step2_Feature_Extraction_8000_2/2026-08-05-15-11-16/plot_000.png
2026-08-05 15:11:20 | INFO  | Saved plot: /home/albert/Ancestor/output/Step2_Feature_Extraction_8000_2/2026-08-05-15-11-16/plot_001.png
2026-08-05 15:11:21 | INFO  | Saved plot: /home/albert/Ancestor/output/Step2_Feature_Extraction_8000_2/2026-08-05-15-11-16/plot_002.png
特徵數據已保存為 CSV 文件: /home/albert/Ancestor/data/Step-2/myfeature/T2/8000rpm/8screws/T2_Group_feature_data.csv
乾淨特徵數據已保存為 CSV 文件: /home/albert/Ancestor/data/Step-2/myfeature/T2/8000rpm/8screws/T2_Group_feature_data_clean.csv (599 -> 368 列)
開始處理群組 T2，螺絲數量: 7screws...
2026-08-05 15:11:29 | INFO  | Saved plot: /home/albert/Ancestor/output/Step2_Feature_Extraction_8000_2/2026-08-05-15-11-16/plot_003.png
2026-08-05 15:11:29 | INFO  | Saved plot: /home/albert/Ancestor/output/Step2_Feature_Extraction_8000_2/2026-08-05-15-11-16/plot_004.png
2026-08-05 15:11:30 | INFO  | Saved plot: /home/albert/Ancestor/output/Step2_Feature_Extraction_8000_2/2026-08-05-15-11-16/plot_005.png
特徵數據已保存為 CSV 文件: /home/albert/Ancestor/data/Step-2/myfeature/T2/8000rpm/7screws/T2_Group_feature_data.csv
乾淨特徵數據已保存為 CSV 文件: /home/albert/Ancestor/data/Step-2/myfeature/T2/8000rpm/7screws/T2_Group_feature_data_clean.csv (599 -> 210 列)
開始處理群組 T2，螺絲數量: 6screws...
2026-08-05 15:11:38 | INFO  | Saved plot: /home/albert/Ancestor/output/Step2_Feature_Extraction_8000_2/2026-08-05-15-11-16/plot_006.png
2026-08-05 15:11:38 | INFO  | Saved plot: /home/albert/Ancestor/output/Step2_Feature_Extraction_8000_2/2026-08-05-15-11-16/plot_007.png
2026-08-05 15:11:39 | INFO  | Saved plot: /home/albert/Ancestor/output/Step2_Feature_Extraction_8000_2/2026-08-05-15-11-16/plot_008.png
特徵數據已保存為 CSV 文件: /home/albert/Ancestor/data/Step-2/myfeature/T2/8000rpm/6screws/T2_Group_feature_data.csv
乾淨特徵數據已保存為 CSV 文件: /home/albert/Ancestor/data/Step-2/myfeature/T2/8000rpm/6screws/T2_Group_feature_data_clean.csv (599 -> 272 列)
開始處理群組 T2，螺絲數量: 5screws...
2026-08-05 15:11:47 | INFO  | Saved plot: /home/albert/Ancestor/output/Step2_Feature_Extraction_8000_2/2026-08-05-15-11-16/plot_009.png
2026-08-05 15:11:47 | INFO  | Saved plot: /home/albert/Ancestor/output/Step2_Feature_Extraction_8000_2/2026-08-05-15-11-16/plot_010.png
2026-08-05 15:11:47 | INFO  | Saved plot: /home/albert/Ancestor/output/Step2_Feature_Extraction_8000_2/2026-08-05-15-11-16/plot_011.png
特徵數據已保存為 CSV 文件: /home/albert/Ancestor/data/Step-2/myfeature/T2/8000rpm/5screws/T2_Group_feature_data.csv
乾淨特徵數據已保存為 CSV 文件: /home/albert/Ancestor/data/Step-2/myfeature/T2/8000rpm/5screws/T2_Group_feature_data_clean.csv (599 -> 386 列)
開始處理群組 T2，螺絲數量: 4screws...
2026-08-05 15:11:56 | INFO  | Saved plot: /home/albert/Ancestor/output/Step2_Feature_Extraction_8000_2/2026-08-05-15-11-16/plot_012.png
2026-08-05 15:11:56 | INFO  | Saved plot: /home/albert/Ancestor/output/Step2_Feature_Extraction_8000_2/2026-08-05-15-11-16/plot_013.png
2026-08-05 15:11:57 | INFO  | Saved plot: /home/albert/Ancestor/output/Step2_Feature_Extraction_8000_2/2026-08-05-15-11-16/plot_014.png
特徵數據已保存為 CSV 文件: /home/albert/Ancestor/data/Step-2/myfeature/T2/8000rpm/4screws/T2_Group_feature_data.csv
乾淨特徵數據已保存為 CSV 文件: /home/albert/Ancestor/data/Step-2/myfeature/T2/8000rpm/4screws/T2_Group_feature_data_clean.csv (599 -> 350 列)
開始處理群組 T2，螺絲數量: 3screws...
2026-08-05 15:12:05 | INFO  | Saved plot: /home/albert/Ancestor/output/Step2_Feature_Extraction_8000_2/2026-08-05-15-11-16/plot_015.png
2026-08-05 15:12:05 | INFO  | Saved plot: /home/albert/Ancestor/output/Step2_Feature_Extraction_8000_2/2026-08-05-15-11-16/plot_016.png
2026-08-05 15:12:05 | INFO  | Saved plot: /home/albert/Ancestor/output/Step2_Feature_Extraction_8000_2/2026-08-05-15-11-16/plot_017.png
特徵數據已保存為 CSV 文件: /home/albert/Ancestor/data/Step-2/myfeature/T2/8000rpm/3screws/T2_Group_feature_data.csv
乾淨特徵數據已保存為 CSV 文件: /home/albert/Ancestor/data/Step-2/myfeature/T2/8000rpm/3screws/T2_Group_feature_data_clean.csv (599 -> 307 列)
開始處理群組 T2，螺絲數量: 2screws...
2026-08-05 15:12:14 | INFO  | Saved plot: /home/albert/Ancestor/output/Step2_Feature_Extraction_8000_2/2026-08-05-15-11-16/plot_018.png
2026-08-05 15:12:14 | INFO  | Saved plot: /home/albert/Ancestor/output/Step2_Feature_Extraction_8000_2/2026-08-05-15-11-16/plot_019.png
2026-08-05 15:12:14 | INFO  | Saved plot: /home/albert/Ancestor/output/Step2_Feature_Extraction_8000_2/2026-08-05-15-11-16/plot_020.png
特徵數據已保存為 CSV 文件: /home/albert/Ancestor/data/Step-2/myfeature/T2/8000rpm/2screws/T2_Group_feature_data.csv
乾淨特徵數據已保存為 CSV 文件: /home/albert/Ancestor/data/Step-2/myfeature/T2/8000rpm/2screws/T2_Group_feature_data_clean.csv (579 -> 368 列)
開始處理群組 T2，螺絲數量: 1screws...
2026-08-05 15:12:22 | INFO  | Saved plot: /home/albert/Ancestor/output/Step2_Feature_Extraction_8000_2/2026-08-05-15-11-16/plot_021.png
2026-08-05 15:12:23 | INFO  | Saved plot: /home/albert/Ancestor/output/Step2_Feature_Extraction_8000_2/2026-08-05-15-11-16/plot_022.png
2026-08-05 15:12:23 | INFO  | Saved plot: /home/albert/Ancestor/output/Step2_Feature_Extraction_8000_2/2026-08-05-15-11-16/plot_023.png
特徵數據已保存為 CSV 文件: /home/albert/Ancestor/data/Step-2/myfeature/T2/8000rpm/1screws/T2_Group_feature_data.csv
乾淨特徵數據已保存為 CSV 文件: /home/albert/Ancestor/data/Step-2/myfeature/T2/8000rpm/1screws/T2_Group_feature_data_clean.csv (599 -> 356 列)
開始處理群組 T2，螺絲數量: 3_14screws...
2026-08-05 15:12:31 | INFO  | Saved plot: /home/albert/Ancestor/output/Step2_Feature_Extraction_8000_2/2026-08-05-15-11-16/plot_024.png
2026-08-05 15:12:32 | INFO  | Saved plot: /home/albert/Ancestor/output/Step2_Feature_Extraction_8000_2/2026-08-05-15-11-16/plot_025.png
2026-08-05 15:12:32 | INFO  | Saved plot: /home/albert/Ancestor/output/Step2_Feature_Extraction_8000_2/2026-08-05-15-11-16/plot_026.png
特徵數據已保存為 CSV 文件: /home/albert/Ancestor/data/Step-2/myfeature/T2/8000rpm/3_14screws/T2_Group_feature_data.csv
乾淨特徵數據已保存為 CSV 文件: /home/albert/Ancestor/data/Step-2/myfeature/T2/8000rpm/3_14screws/T2_Group_feature_data_clean.csv (599 -> 332 列)
開始處理群組 T2，螺絲數量: 4_146screws...
2026-08-05 15:12:41 | INFO  | Saved plot: /home/albert/Ancestor/output/Step2_Feature_Extraction_8000_2/2026-08-05-15-11-16/plot_027.png
2026-08-05 15:12:41 | INFO  | Saved plot: /home/albert/Ancestor/output/Step2_Feature_Extraction_8000_2/2026-08-05-15-11-16/plot_028.png
2026-08-05 15:12:41 | INFO  | Saved plot: /home/albert/Ancestor/output/Step2_Feature_Extraction_8000_2/2026-08-05-15-11-16/plot_029.png
特徵數據已保存為 CSV 文件: /home/albert/Ancestor/data/Step-2/myfeature/T2/8000rpm/4_146screws/T2_Group_feature_data.csv
乾淨特徵數據已保存為 CSV 文件: /home/albert/Ancestor/data/Step-2/myfeature/T2/8000rpm/4_146screws/T2_Group_feature_data_clean.csv (599 -> 300 列)
