2026-08-05 16:19:14 | INFO  | Logger initialized
2026-08-05 16:19:14 | INFO  | log_file=/home/albert/Ancestor/logs/Step4_Model_05_Detecting/2026-08-05-16-19-14.log
2026-08-05 16:19:14 | INFO  | output_dir=/home/albert/Ancestor/output/Step4_Model_05_Detecting/2026-08-05-16-19-14
=== 1. Loading training data ===
✔️ Train : (1340, 105)  |  Test : (336, 105)
==============================
▶ mcs = 21 | conf = 0.9 | thr = 13.23
==============================
--- Test‑set validation
C0      : 3screws 70筆
C1      : 8screws 64筆
C2      : 1screws 63筆
C3      : 2screws 62筆
C4      : 4screws 77筆
* C0  | size  70 | dist   2.37 | Known
* C1  | size  64 | dist   2.68 | Known
* C2  | size  63 | dist   2.76 | Known
* C3  | size  62 | dist   2.73 | Known
* C4  | size  77 | dist   2.49 | Known
--- Unknown ['5screws'] | mcs 21
C4      : 75 pts
C3      : 61 pts
C2      : 70 pts
C1      : 63 pts
C5      : 57 pts
C0      : 64 pts
outliers: 6 pts
C0  | size  64 | dist   2.68 | Known
C1  | size  63 | dist   2.76 | Known
C2  | size  70 | dist   2.37 | Known
C3  | size  61 | dist   2.73 | Known
C4  | size  75 | dist   2.52 | Known
C5  | size  57 | dist  13.71 | New Fault
--- Unknown ['5screws', '6screws'] | mcs 21
C5      : 57 pts
outliers: 6 pts
C0      : 69 pts
C6      : 75 pts
C1      : 62 pts
C3      : 58 pts
C4      : 60 pts
C2      : 63 pts
C0  | size  69 | dist   2.37 | Known
C1  | size  62 | dist   2.78 | Known
C2  | size  63 | dist   2.73 | Known
C3  | size  58 | dist  17.56 | New Fault
C4  | size  60 | dist   2.76 | Known
C5  | size  57 | dist  13.71 | New Fault
C6  | size  75 | dist   2.52 | Known
--- Unknown ['5screws', '6screws', '7screws'] | mcs 21
C1      : 53 pts
C5      : 49 pts
C4      : 55 pts
C2      : 49 pts
C7      : 70 pts
C0      : 61 pts
C6      : 50 pts
C3      : 54 pts
outliers: 9 pts
C0  | size  61 | dist   2.40 | Known
C1  | size  53 | dist   2.98 | Known
C2  | size  49 | dist   2.90 | Known
C3  | size  54 | dist   2.81 | Known
C4  | size  55 | dist  17.53 | New Fault
C5  | size  49 | dist  15.45 | New Fault
C6  | size  50 | dist  13.81 | New Fault
C7  | size  70 | dist   2.58 | Known
--- Unknown ['5screws', '6screws', '7screws', '3_14screws'] | mcs 21
C3      : 46 pts
C5      : 44 pts
C7      : 42 pts
C4      : 47 pts
C0      : 56 pts
C6      : 58 pts
C2      : 51 pts
C8      : 45 pts
C1      : 45 pts
outliers: 16 pts
C0  | size  56 | dist   2.45 | Known
C1  | size  45 | dist   3.06 | Known
C2  | size  51 | dist   2.87 | Known
C3  | size  46 | dist   2.91 | Known
C4  | size  47 | dist  17.66 | New Fault
C5  | size  44 | dist  13.61 | New Fault
C6  | size  58 | dist   2.67 | Known
C7  | size  42 | dist  15.37 | New Fault
C8  | size  45 | dist  17.99 | New Fault
--- Unknown ['5screws', '6screws', '7screws', '3_14screws', '4_146screws'] | mcs 21
C0      : 49 pts
C9      : 46 pts
C6      : 54 pts
C5      : 37 pts
C2      : 47 pts
C3      : 42 pts
C4      : 45 pts
outliers: 19 pts
C7      : 46 pts
C1      : 39 pts
C8      : 26 pts
C0  | size  49 | dist   2.53 | Known
C1  | size  39 | dist   3.07 | Known
C2  | size  47 | dist   2.89 | Known
C3  | size  42 | dist  18.18 | New Fault
C4  | size  45 | dist   3.01 | Known
C5  | size  37 | dist  13.88 | New Fault
C6  | size  54 | dist   2.61 | Known
C7  | size  46 | dist  17.50 | New Fault
C8  | size  26 | dist  16.18 | New Fault
C9  | size  46 | dist  15.98 | New Fault
==============================
▶ mcs = 21 | conf = 0.95 | thr = 13.96
==============================
--- Test‑set validation
C0      : 3screws 70筆
C1      : 8screws 64筆
C2      : 1screws 63筆
C3      : 2screws 62筆
C4      : 4screws 77筆
* C0  | size  70 | dist   2.37 | Known
* C1  | size  64 | dist   2.68 | Known
* C2  | size  63 | dist   2.76 | Known
* C3  | size  62 | dist   2.73 | Known
* C4  | size  77 | dist   2.49 | Known
--- Unknown ['5screws'] | mcs 21
C4      : 75 pts
C3      : 61 pts
C2      : 70 pts
C1      : 63 pts
C5      : 57 pts
C0      : 64 pts
outliers: 6 pts
C0  | size  64 | dist   2.68 | Known
C1  | size  63 | dist   2.76 | Known
C2  | size  70 | dist   2.37 | Known
C3  | size  61 | dist   2.73 | Known
C4  | size  75 | dist   2.52 | Known
C5  | size  57 | dist  13.71 | Known
--- Unknown ['5screws', '6screws'] | mcs 21
C5      : 57 pts
outliers: 6 pts
C0      : 69 pts
C6      : 75 pts
C1      : 62 pts
C3      : 58 pts
C4      : 60 pts
C2      : 63 pts
C0  | size  69 | dist   2.37 | Known
C1  | size  62 | dist   2.78 | Known
C2  | size  63 | dist   2.73 | Known
C3  | size  58 | dist  17.56 | New Fault
C4  | size  60 | dist   2.76 | Known
C5  | size  57 | dist  13.71 | Known
C6  | size  75 | dist   2.52 | Known
--- Unknown ['5screws', '6screws', '7screws'] | mcs 21
C1      : 53 pts
C5      : 49 pts
C4      : 55 pts
C2      : 49 pts
C7      : 70 pts
C0      : 61 pts
C6      : 50 pts
C3      : 54 pts
outliers: 9 pts
C0  | size  61 | dist   2.40 | Known
C1  | size  53 | dist   2.98 | Known
C2  | size  49 | dist   2.90 | Known
C3  | size  54 | dist   2.81 | Known
C4  | size  55 | dist  17.53 | New Fault
C5  | size  49 | dist  15.45 | New Fault
C6  | size  50 | dist  13.81 | Known
C7  | size  70 | dist   2.58 | Known
--- Unknown ['5screws', '6screws', '7screws', '3_14screws'] | mcs 21
C3      : 46 pts
C5      : 44 pts
C7      : 42 pts
C4      : 47 pts
C0      : 56 pts
C6      : 58 pts
C2      : 51 pts
C8      : 45 pts
C1      : 45 pts
outliers: 16 pts
C0  | size  56 | dist   2.45 | Known
C1  | size  45 | dist   3.06 | Known
C2  | size  51 | dist   2.87 | Known
C3  | size  46 | dist   2.91 | Known
C4  | size  47 | dist  17.66 | New Fault
C5  | size  44 | dist  13.61 | Known
C6  | size  58 | dist   2.67 | Known
C7  | size  42 | dist  15.37 | New Fault
C8  | size  45 | dist  17.99 | New Fault
--- Unknown ['5screws', '6screws', '7screws', '3_14screws', '4_146screws'] | mcs 21
C0      : 49 pts
C9      : 46 pts
C6      : 54 pts
C5      : 37 pts
C2      : 47 pts
C3      : 42 pts
C4      : 45 pts
outliers: 19 pts
C7      : 46 pts
C1      : 39 pts
C8      : 26 pts
C0  | size  49 | dist   2.53 | Known
C1  | size  39 | dist   3.07 | Known
C2  | size  47 | dist   2.89 | Known
C3  | size  42 | dist  18.18 | New Fault
C4  | size  45 | dist   3.01 | Known
C5  | size  37 | dist  13.88 | Known
C6  | size  54 | dist   2.61 | Known
C7  | size  46 | dist  17.50 | New Fault
C8  | size  26 | dist  16.18 | New Fault
C9  | size  46 | dist  15.98 | New Fault
==============================
▶ mcs = 21 | conf = 0.99 | thr = 15.50
==============================
--- Test‑set validation
C0      : 3screws 70筆
C1      : 8screws 64筆
C2      : 1screws 63筆
C3      : 2screws 62筆
C4      : 4screws 77筆
* C0  | size  70 | dist   2.37 | Known
* C1  | size  64 | dist   2.68 | Known
* C2  | size  63 | dist   2.76 | Known
* C3  | size  62 | dist   2.73 | Known
* C4  | size  77 | dist   2.49 | Known
--- Unknown ['5screws'] | mcs 21
C4      : 75 pts
C3      : 61 pts
C2      : 70 pts
C1      : 63 pts
C5      : 57 pts
C0      : 64 pts
outliers: 6 pts
C0  | size  64 | dist   2.68 | Known
C1  | size  63 | dist   2.76 | Known
C2  | size  70 | dist   2.37 | Known
C3  | size  61 | dist   2.73 | Known
C4  | size  75 | dist   2.52 | Known
C5  | size  57 | dist  13.71 | Known
--- Unknown ['5screws', '6screws'] | mcs 21
C5      : 57 pts
outliers: 6 pts
C0      : 69 pts
C6      : 75 pts
C1      : 62 pts
C3      : 58 pts
C4      : 60 pts
C2      : 63 pts
C0  | size  69 | dist   2.37 | Known
C1  | size  62 | dist   2.78 | Known
C2  | size  63 | dist   2.73 | Known
C3  | size  58 | dist  17.56 | New Fault
C4  | size  60 | dist   2.76 | Known
C5  | size  57 | dist  13.71 | Known
C6  | size  75 | dist   2.52 | Known
--- Unknown ['5screws', '6screws', '7screws'] | mcs 21
C1      : 53 pts
C5      : 49 pts
C4      : 55 pts
C2      : 49 pts
C7      : 70 pts
C0      : 61 pts
C6      : 50 pts
C3      : 54 pts
outliers: 9 pts
C0  | size  61 | dist   2.40 | Known
C1  | size  53 | dist   2.98 | Known
C2  | size  49 | dist   2.90 | Known
C3  | size  54 | dist   2.81 | Known
C4  | size  55 | dist  17.53 | New Fault
C5  | size  49 | dist  15.45 | Known
C6  | size  50 | dist  13.81 | Known
C7  | size  70 | dist   2.58 | Known
--- Unknown ['5screws', '6screws', '7screws', '3_14screws'] | mcs 21
C3      : 46 pts
C5      : 44 pts
C7      : 42 pts
C4      : 47 pts
C0      : 56 pts
C6      : 58 pts
C2      : 51 pts
C8      : 45 pts
C1      : 45 pts
outliers: 16 pts
C0  | size  56 | dist   2.45 | Known
C1  | size  45 | dist   3.06 | Known
C2  | size  51 | dist   2.87 | Known
C3  | size  46 | dist   2.91 | Known
C4  | size  47 | dist  17.66 | New Fault
C5  | size  44 | dist  13.61 | Known
C6  | size  58 | dist   2.67 | Known
C7  | size  42 | dist  15.37 | Known
C8  | size  45 | dist  17.99 | New Fault
--- Unknown ['5screws', '6screws', '7screws', '3_14screws', '4_146screws'] | mcs 21
C0      : 49 pts
C9      : 46 pts
C6      : 54 pts
C5      : 37 pts
C2      : 47 pts
C3      : 42 pts
C4      : 45 pts
outliers: 19 pts
C7      : 46 pts
C1      : 39 pts
C8      : 26 pts
C0  | size  49 | dist   2.53 | Known
C1  | size  39 | dist   3.07 | Known
C2  | size  47 | dist   2.89 | Known
C3  | size  42 | dist  18.18 | New Fault
C4  | size  45 | dist   3.01 | Known
C5  | size  37 | dist  13.88 | Known
C6  | size  54 | dist   2.61 | Known
C7  | size  46 | dist  17.50 | New Fault
C8  | size  26 | dist  16.18 | New Fault
C9  | size  46 | dist  15.98 | New Fault
==============================
▶ mcs = 22 | conf = 0.9 | thr = 13.23
==============================
--- Test‑set validation
C0      : 3screws 70筆
C1      : 8screws 64筆
C2      : 1screws 63筆
C3      : 2screws 62筆
C4      : 4screws 77筆
* C0  | size  70 | dist   2.37 | Known
* C1  | size  64 | dist   2.68 | Known
* C2  | size  63 | dist   2.76 | Known
* C3  | size  62 | dist   2.73 | Known
* C4  | size  77 | dist   2.49 | Known
--- Unknown ['5screws'] | mcs 22
C4      : 75 pts
C3      : 61 pts
C2      : 70 pts
C1      : 63 pts
C5      : 57 pts
C0      : 64 pts
outliers: 6 pts
C0  | size  64 | dist   2.68 | Known
C1  | size  63 | dist   2.76 | Known
C2  | size  70 | dist   2.37 | Known
C3  | size  61 | dist   2.73 | Known
C4  | size  75 | dist   2.52 | Known
C5  | size  57 | dist  13.71 | New Fault
--- Unknown ['5screws', '6screws'] | mcs 22
C5      : 57 pts
outliers: 6 pts
C0      : 69 pts
C6      : 75 pts
C1      : 62 pts
C3      : 58 pts
C4      : 60 pts
C2      : 63 pts
C0  | size  69 | dist   2.37 | Known
C1  | size  62 | dist   2.78 | Known
C2  | size  63 | dist   2.73 | Known
C3  | size  58 | dist  17.56 | New Fault
C4  | size  60 | dist   2.76 | Known
C5  | size  57 | dist  13.71 | New Fault
C6  | size  75 | dist   2.52 | Known
--- Unknown ['5screws', '6screws', '7screws'] | mcs 22
C1      : 53 pts
C5      : 49 pts
C4      : 55 pts
C2      : 49 pts
C7      : 70 pts
C0      : 61 pts
C6      : 50 pts
C3      : 54 pts
outliers: 9 pts
C0  | size  61 | dist   2.40 | Known
C1  | size  53 | dist   2.98 | Known
C2  | size  49 | dist   2.90 | Known
C3  | size  54 | dist   2.81 | Known
C4  | size  55 | dist  17.53 | New Fault
C5  | size  49 | dist  15.45 | New Fault
C6  | size  50 | dist  13.81 | New Fault
C7  | size  70 | dist   2.58 | Known
--- Unknown ['5screws', '6screws', '7screws', '3_14screws'] | mcs 22
C3      : 46 pts
C5      : 44 pts
C7      : 42 pts
C4      : 47 pts
C0      : 56 pts
C6      : 58 pts
C2      : 51 pts
C8      : 45 pts
C1      : 45 pts
outliers: 16 pts
C0  | size  56 | dist   2.45 | Known
C1  | size  45 | dist   3.06 | Known
C2  | size  51 | dist   2.87 | Known
C3  | size  46 | dist   2.91 | Known
C4  | size  47 | dist  17.66 | New Fault
C5  | size  44 | dist  13.61 | New Fault
C6  | size  58 | dist   2.67 | Known
C7  | size  42 | dist  15.37 | New Fault
C8  | size  45 | dist  17.99 | New Fault
--- Unknown ['5screws', '6screws', '7screws', '3_14screws', '4_146screws'] | mcs 22
C0      : 49 pts
C9      : 46 pts
C6      : 54 pts
C5      : 37 pts
C2      : 47 pts
C3      : 42 pts
C4      : 45 pts
outliers: 19 pts
C7      : 46 pts
C1      : 39 pts
C8      : 26 pts
C0  | size  49 | dist   2.53 | Known
C1  | size  39 | dist   3.07 | Known
C2  | size  47 | dist   2.89 | Known
C3  | size  42 | dist  18.18 | New Fault
C4  | size  45 | dist   3.01 | Known
C5  | size  37 | dist  13.88 | New Fault
C6  | size  54 | dist   2.61 | Known
C7  | size  46 | dist  17.50 | New Fault
C8  | size  26 | dist  16.18 | New Fault
C9  | size  46 | dist  15.98 | New Fault
==============================
▶ mcs = 22 | conf = 0.95 | thr = 13.96
==============================
--- Test‑set validation
C0      : 3screws 70筆
C1      : 8screws 64筆
C2      : 1screws 63筆
C3      : 2screws 62筆
C4      : 4screws 77筆
* C0  | size  70 | dist   2.37 | Known
* C1  | size  64 | dist   2.68 | Known
* C2  | size  63 | dist   2.76 | Known
* C3  | size  62 | dist   2.73 | Known
* C4  | size  77 | dist   2.49 | Known
--- Unknown ['5screws'] | mcs 22
C4      : 75 pts
C3      : 61 pts
C2      : 70 pts
C1      : 63 pts
C5      : 57 pts
C0      : 64 pts
outliers: 6 pts
C0  | size  64 | dist   2.68 | Known
C1  | size  63 | dist   2.76 | Known
C2  | size  70 | dist   2.37 | Known
C3  | size  61 | dist   2.73 | Known
C4  | size  75 | dist   2.52 | Known
C5  | size  57 | dist  13.71 | Known
--- Unknown ['5screws', '6screws'] | mcs 22
C5      : 57 pts
outliers: 6 pts
C0      : 69 pts
C6      : 75 pts
C1      : 62 pts
C3      : 58 pts
C4      : 60 pts
C2      : 63 pts
C0  | size  69 | dist   2.37 | Known
C1  | size  62 | dist   2.78 | Known
C2  | size  63 | dist   2.73 | Known
C3  | size  58 | dist  17.56 | New Fault
C4  | size  60 | dist   2.76 | Known
C5  | size  57 | dist  13.71 | Known
C6  | size  75 | dist   2.52 | Known
--- Unknown ['5screws', '6screws', '7screws'] | mcs 22
C1      : 53 pts
C5      : 49 pts
C4      : 55 pts
C2      : 49 pts
C7      : 70 pts
C0      : 61 pts
C6      : 50 pts
C3      : 54 pts
outliers: 9 pts
C0  | size  61 | dist   2.40 | Known
C1  | size  53 | dist   2.98 | Known
C2  | size  49 | dist   2.90 | Known
C3  | size  54 | dist   2.81 | Known
C4  | size  55 | dist  17.53 | New Fault
C5  | size  49 | dist  15.45 | New Fault
C6  | size  50 | dist  13.81 | Known
C7  | size  70 | dist   2.58 | Known
--- Unknown ['5screws', '6screws', '7screws', '3_14screws'] | mcs 22
C3      : 46 pts
C5      : 44 pts
C7      : 42 pts
C4      : 47 pts
C0      : 56 pts
C6      : 58 pts
C2      : 51 pts
C8      : 45 pts
C1      : 45 pts
outliers: 16 pts
C0  | size  56 | dist   2.45 | Known
C1  | size  45 | dist   3.06 | Known
C2  | size  51 | dist   2.87 | Known
C3  | size  46 | dist   2.91 | Known
C4  | size  47 | dist  17.66 | New Fault
C5  | size  44 | dist  13.61 | Known
C6  | size  58 | dist   2.67 | Known
C7  | size  42 | dist  15.37 | New Fault
C8  | size  45 | dist  17.99 | New Fault
--- Unknown ['5screws', '6screws', '7screws', '3_14screws', '4_146screws'] | mcs 22
C0      : 49 pts
C9      : 46 pts
C6      : 54 pts
C5      : 37 pts
C2      : 47 pts
C3      : 42 pts
C4      : 45 pts
outliers: 19 pts
C7      : 46 pts
C1      : 39 pts
C8      : 26 pts
C0  | size  49 | dist   2.53 | Known
C1  | size  39 | dist   3.07 | Known
C2  | size  47 | dist   2.89 | Known
C3  | size  42 | dist  18.18 | New Fault
C4  | size  45 | dist   3.01 | Known
C5  | size  37 | dist  13.88 | Known
C6  | size  54 | dist   2.61 | Known
C7  | size  46 | dist  17.50 | New Fault
C8  | size  26 | dist  16.18 | New Fault
C9  | size  46 | dist  15.98 | New Fault
==============================
▶ mcs = 22 | conf = 0.99 | thr = 15.50
==============================
--- Test‑set validation
C0      : 3screws 70筆
C1      : 8screws 64筆
C2      : 1screws 63筆
C3      : 2screws 62筆
C4      : 4screws 77筆
* C0  | size  70 | dist   2.37 | Known
* C1  | size  64 | dist   2.68 | Known
* C2  | size  63 | dist   2.76 | Known
* C3  | size  62 | dist   2.73 | Known
* C4  | size  77 | dist   2.49 | Known
--- Unknown ['5screws'] | mcs 22
C4      : 75 pts
C3      : 61 pts
C2      : 70 pts
C1      : 63 pts
C5      : 57 pts
C0      : 64 pts
outliers: 6 pts
C0  | size  64 | dist   2.68 | Known
C1  | size  63 | dist   2.76 | Known
C2  | size  70 | dist   2.37 | Known
C3  | size  61 | dist   2.73 | Known
C4  | size  75 | dist   2.52 | Known
C5  | size  57 | dist  13.71 | Known
--- Unknown ['5screws', '6screws'] | mcs 22
C5      : 57 pts
outliers: 6 pts
C0      : 69 pts
C6      : 75 pts
C1      : 62 pts
C3      : 58 pts
C4      : 60 pts
C2      : 63 pts
C0  | size  69 | dist   2.37 | Known
C1  | size  62 | dist   2.78 | Known
C2  | size  63 | dist   2.73 | Known
C3  | size  58 | dist  17.56 | New Fault
C4  | size  60 | dist   2.76 | Known
C5  | size  57 | dist  13.71 | Known
C6  | size  75 | dist   2.52 | Known
--- Unknown ['5screws', '6screws', '7screws'] | mcs 22
C1      : 53 pts
C5      : 49 pts
C4      : 55 pts
C2      : 49 pts
C7      : 70 pts
C0      : 61 pts
C6      : 50 pts
C3      : 54 pts
outliers: 9 pts
C0  | size  61 | dist   2.40 | Known
C1  | size  53 | dist   2.98 | Known
C2  | size  49 | dist   2.90 | Known
C3  | size  54 | dist   2.81 | Known
C4  | size  55 | dist  17.53 | New Fault
C5  | size  49 | dist  15.45 | Known
C6  | size  50 | dist  13.81 | Known
C7  | size  70 | dist   2.58 | Known
--- Unknown ['5screws', '6screws', '7screws', '3_14screws'] | mcs 22
C3      : 46 pts
C5      : 44 pts
C7      : 42 pts
C4      : 47 pts
C0      : 56 pts
C6      : 58 pts
C2      : 51 pts
C8      : 45 pts
C1      : 45 pts
outliers: 16 pts
C0  | size  56 | dist   2.45 | Known
C1  | size  45 | dist   3.06 | Known
C2  | size  51 | dist   2.87 | Known
C3  | size  46 | dist   2.91 | Known
C4  | size  47 | dist  17.66 | New Fault
C5  | size  44 | dist  13.61 | Known
C6  | size  58 | dist   2.67 | Known
C7  | size  42 | dist  15.37 | Known
C8  | size  45 | dist  17.99 | New Fault
--- Unknown ['5screws', '6screws', '7screws', '3_14screws', '4_146screws'] | mcs 22
C0      : 49 pts
C9      : 46 pts
C6      : 54 pts
C5      : 37 pts
C2      : 47 pts
C3      : 42 pts
C4      : 45 pts
outliers: 19 pts
C7      : 46 pts
C1      : 39 pts
C8      : 26 pts
C0  | size  49 | dist   2.53 | Known
C1  | size  39 | dist   3.07 | Known
C2  | size  47 | dist   2.89 | Known
C3  | size  42 | dist  18.18 | New Fault
C4  | size  45 | dist   3.01 | Known
C5  | size  37 | dist  13.88 | Known
C6  | size  54 | dist   2.61 | Known
C7  | size  46 | dist  17.50 | New Fault
C8  | size  26 | dist  16.18 | New Fault
C9  | size  46 | dist  15.98 | New Fault
==============================
▶ mcs = 23 | conf = 0.9 | thr = 13.23
==============================
--- Test‑set validation
C0      : 3screws 70筆
C1      : 8screws 64筆
C2      : 1screws 63筆
C3      : 2screws 62筆
C4      : 4screws 77筆
* C0  | size  70 | dist   2.37 | Known
* C1  | size  64 | dist   2.68 | Known
* C2  | size  63 | dist   2.76 | Known
* C3  | size  62 | dist   2.73 | Known
* C4  | size  77 | dist   2.49 | Known
--- Unknown ['5screws'] | mcs 23
C4      : 75 pts
C3      : 61 pts
C2      : 70 pts
C1      : 63 pts
C5      : 57 pts
C0      : 64 pts
outliers: 6 pts
C0  | size  64 | dist   2.68 | Known
C1  | size  63 | dist   2.76 | Known
C2  | size  70 | dist   2.37 | Known
C3  | size  61 | dist   2.73 | Known
C4  | size  75 | dist   2.52 | Known
C5  | size  57 | dist  13.71 | New Fault
--- Unknown ['5screws', '6screws'] | mcs 23
C5      : 57 pts
outliers: 6 pts
C0      : 69 pts
C6      : 75 pts
C1      : 62 pts
C3      : 58 pts
C4      : 60 pts
C2      : 63 pts
C0  | size  69 | dist   2.37 | Known
C1  | size  62 | dist   2.78 | Known
C2  | size  63 | dist   2.73 | Known
C3  | size  58 | dist  17.56 | New Fault
C4  | size  60 | dist   2.76 | Known
C5  | size  57 | dist  13.71 | New Fault
C6  | size  75 | dist   2.52 | Known
--- Unknown ['5screws', '6screws', '7screws'] | mcs 23
C1      : 53 pts
C5      : 49 pts
C4      : 55 pts
C2      : 49 pts
C7      : 70 pts
C0      : 61 pts
C6      : 50 pts
C3      : 54 pts
outliers: 9 pts
C0  | size  61 | dist   2.40 | Known
C1  | size  53 | dist   2.98 | Known
C2  | size  49 | dist   2.90 | Known
C3  | size  54 | dist   2.81 | Known
C4  | size  55 | dist  17.53 | New Fault
C5  | size  49 | dist  15.45 | New Fault
C6  | size  50 | dist  13.81 | New Fault
C7  | size  70 | dist   2.58 | Known
--- Unknown ['5screws', '6screws', '7screws', '3_14screws'] | mcs 23
C3      : 46 pts
C5      : 44 pts
C7      : 42 pts
C4      : 47 pts
C0      : 56 pts
C6      : 58 pts
C2      : 51 pts
C8      : 45 pts
C1      : 45 pts
outliers: 16 pts
C0  | size  56 | dist   2.45 | Known
C1  | size  45 | dist   3.06 | Known
C2  | size  51 | dist   2.87 | Known
C3  | size  46 | dist   2.91 | Known
C4  | size  47 | dist  17.66 | New Fault
C5  | size  44 | dist  13.61 | New Fault
C6  | size  58 | dist   2.67 | Known
C7  | size  42 | dist  15.37 | New Fault
C8  | size  45 | dist  17.99 | New Fault
--- Unknown ['5screws', '6screws', '7screws', '3_14screws', '4_146screws'] | mcs 23
C0      : 49 pts
C9      : 46 pts
C6      : 54 pts
C5      : 37 pts
C2      : 47 pts
C3      : 42 pts
C4      : 45 pts
outliers: 19 pts
C7      : 46 pts
C1      : 39 pts
C8      : 26 pts
C0  | size  49 | dist   2.53 | Known
C1  | size  39 | dist   3.07 | Known
C2  | size  47 | dist   2.89 | Known
C3  | size  42 | dist  18.18 | New Fault
C4  | size  45 | dist   3.01 | Known
C5  | size  37 | dist  13.88 | New Fault
C6  | size  54 | dist   2.61 | Known
C7  | size  46 | dist  17.50 | New Fault
C8  | size  26 | dist  16.18 | New Fault
C9  | size  46 | dist  15.98 | New Fault
==============================
▶ mcs = 23 | conf = 0.95 | thr = 13.96
==============================
--- Test‑set validation
C0      : 3screws 70筆
C1      : 8screws 64筆
C2      : 1screws 63筆
C3      : 2screws 62筆
C4      : 4screws 77筆
* C0  | size  70 | dist   2.37 | Known
* C1  | size  64 | dist   2.68 | Known
* C2  | size  63 | dist   2.76 | Known
* C3  | size  62 | dist   2.73 | Known
* C4  | size  77 | dist   2.49 | Known
--- Unknown ['5screws'] | mcs 23
C4      : 75 pts
C3      : 61 pts
C2      : 70 pts
C1      : 63 pts
C5      : 57 pts
C0      : 64 pts
outliers: 6 pts
C0  | size  64 | dist   2.68 | Known
C1  | size  63 | dist   2.76 | Known
C2  | size  70 | dist   2.37 | Known
C3  | size  61 | dist   2.73 | Known
C4  | size  75 | dist   2.52 | Known
C5  | size  57 | dist  13.71 | Known
--- Unknown ['5screws', '6screws'] | mcs 23
C5      : 57 pts
outliers: 6 pts
C0      : 69 pts
C6      : 75 pts
C1      : 62 pts
C3      : 58 pts
C4      : 60 pts
C2      : 63 pts
C0  | size  69 | dist   2.37 | Known
C1  | size  62 | dist   2.78 | Known
C2  | size  63 | dist   2.73 | Known
C3  | size  58 | dist  17.56 | New Fault
C4  | size  60 | dist   2.76 | Known
C5  | size  57 | dist  13.71 | Known
C6  | size  75 | dist   2.52 | Known
--- Unknown ['5screws', '6screws', '7screws'] | mcs 23
C1      : 53 pts
C5      : 49 pts
C4      : 55 pts
C2      : 49 pts
C7      : 70 pts
C0      : 61 pts
C6      : 50 pts
C3      : 54 pts
outliers: 9 pts
C0  | size  61 | dist   2.40 | Known
C1  | size  53 | dist   2.98 | Known
C2  | size  49 | dist   2.90 | Known
C3  | size  54 | dist   2.81 | Known
C4  | size  55 | dist  17.53 | New Fault
C5  | size  49 | dist  15.45 | New Fault
C6  | size  50 | dist  13.81 | Known
C7  | size  70 | dist   2.58 | Known
--- Unknown ['5screws', '6screws', '7screws', '3_14screws'] | mcs 23
C3      : 46 pts
C5      : 44 pts
C7      : 42 pts
C4      : 47 pts
C0      : 56 pts
C6      : 58 pts
C2      : 51 pts
C8      : 45 pts
C1      : 45 pts
outliers: 16 pts
C0  | size  56 | dist   2.45 | Known
C1  | size  45 | dist   3.06 | Known
C2  | size  51 | dist   2.87 | Known
C3  | size  46 | dist   2.91 | Known
C4  | size  47 | dist  17.66 | New Fault
C5  | size  44 | dist  13.61 | Known
C6  | size  58 | dist   2.67 | Known
C7  | size  42 | dist  15.37 | New Fault
C8  | size  45 | dist  17.99 | New Fault
--- Unknown ['5screws', '6screws', '7screws', '3_14screws', '4_146screws'] | mcs 23
C0      : 49 pts
C9      : 46 pts
C6      : 54 pts
C5      : 37 pts
C2      : 47 pts
C3      : 42 pts
C4      : 45 pts
outliers: 19 pts
C7      : 46 pts
C1      : 39 pts
C8      : 26 pts
C0  | size  49 | dist   2.53 | Known
C1  | size  39 | dist   3.07 | Known
C2  | size  47 | dist   2.89 | Known
C3  | size  42 | dist  18.18 | New Fault
C4  | size  45 | dist   3.01 | Known
C5  | size  37 | dist  13.88 | Known
C6  | size  54 | dist   2.61 | Known
C7  | size  46 | dist  17.50 | New Fault
C8  | size  26 | dist  16.18 | New Fault
C9  | size  46 | dist  15.98 | New Fault
==============================
▶ mcs = 23 | conf = 0.99 | thr = 15.50
==============================
--- Test‑set validation
C0      : 3screws 70筆
C1      : 8screws 64筆
C2      : 1screws 63筆
C3      : 2screws 62筆
C4      : 4screws 77筆
* C0  | size  70 | dist   2.37 | Known
* C1  | size  64 | dist   2.68 | Known
* C2  | size  63 | dist   2.76 | Known
* C3  | size  62 | dist   2.73 | Known
* C4  | size  77 | dist   2.49 | Known
--- Unknown ['5screws'] | mcs 23
C4      : 75 pts
C3      : 61 pts
C2      : 70 pts
C1      : 63 pts
C5      : 57 pts
C0      : 64 pts
outliers: 6 pts
C0  | size  64 | dist   2.68 | Known
C1  | size  63 | dist   2.76 | Known
C2  | size  70 | dist   2.37 | Known
C3  | size  61 | dist   2.73 | Known
C4  | size  75 | dist   2.52 | Known
C5  | size  57 | dist  13.71 | Known
--- Unknown ['5screws', '6screws'] | mcs 23
C5      : 57 pts
outliers: 6 pts
C0      : 69 pts
C6      : 75 pts
C1      : 62 pts
C3      : 58 pts
C4      : 60 pts
C2      : 63 pts
C0  | size  69 | dist   2.37 | Known
C1  | size  62 | dist   2.78 | Known
C2  | size  63 | dist   2.73 | Known
C3  | size  58 | dist  17.56 | New Fault
C4  | size  60 | dist   2.76 | Known
C5  | size  57 | dist  13.71 | Known
C6  | size  75 | dist   2.52 | Known
--- Unknown ['5screws', '6screws', '7screws'] | mcs 23
C1      : 53 pts
C5      : 49 pts
C4      : 55 pts
C2      : 49 pts
C7      : 70 pts
C0      : 61 pts
C6      : 50 pts
C3      : 54 pts
outliers: 9 pts
C0  | size  61 | dist   2.40 | Known
C1  | size  53 | dist   2.98 | Known
C2  | size  49 | dist   2.90 | Known
C3  | size  54 | dist   2.81 | Known
C4  | size  55 | dist  17.53 | New Fault
C5  | size  49 | dist  15.45 | Known
C6  | size  50 | dist  13.81 | Known
C7  | size  70 | dist   2.58 | Known
--- Unknown ['5screws', '6screws', '7screws', '3_14screws'] | mcs 23
C3      : 46 pts
C5      : 44 pts
C7      : 42 pts
C4      : 47 pts
C0      : 56 pts
C6      : 58 pts
C2      : 51 pts
C8      : 45 pts
C1      : 45 pts
outliers: 16 pts
C0  | size  56 | dist   2.45 | Known
C1  | size  45 | dist   3.06 | Known
C2  | size  51 | dist   2.87 | Known
C3  | size  46 | dist   2.91 | Known
C4  | size  47 | dist  17.66 | New Fault
C5  | size  44 | dist  13.61 | Known
C6  | size  58 | dist   2.67 | Known
C7  | size  42 | dist  15.37 | Known
C8  | size  45 | dist  17.99 | New Fault
--- Unknown ['5screws', '6screws', '7screws', '3_14screws', '4_146screws'] | mcs 23
C0      : 49 pts
C9      : 46 pts
C6      : 54 pts
C5      : 37 pts
C2      : 47 pts
C3      : 42 pts
C4      : 45 pts
outliers: 19 pts
C7      : 46 pts
C1      : 39 pts
C8      : 26 pts
C0  | size  49 | dist   2.53 | Known
C1  | size  39 | dist   3.07 | Known
C2  | size  47 | dist   2.89 | Known
C3  | size  42 | dist  18.18 | New Fault
C4  | size  45 | dist   3.01 | Known
C5  | size  37 | dist  13.88 | Known
C6  | size  54 | dist   2.61 | Known
C7  | size  46 | dist  17.50 | New Fault
C8  | size  26 | dist  16.18 | New Fault
C9  | size  46 | dist  15.98 | New Fault
==============================
▶ mcs = 24 | conf = 0.9 | thr = 13.23
==============================
--- Test‑set validation
C0      : 3screws 70筆
C1      : 8screws 64筆
C2      : 1screws 63筆
C3      : 2screws 62筆
C4      : 4screws 77筆
* C0  | size  70 | dist   2.37 | Known
* C1  | size  64 | dist   2.68 | Known
* C2  | size  63 | dist   2.76 | Known
* C3  | size  62 | dist   2.73 | Known
* C4  | size  77 | dist   2.49 | Known
--- Unknown ['5screws'] | mcs 24
C4      : 75 pts
C3      : 61 pts
C2      : 70 pts
C1      : 63 pts
C5      : 57 pts
C0      : 64 pts
outliers: 6 pts
C0  | size  64 | dist   2.68 | Known
C1  | size  63 | dist   2.76 | Known
C2  | size  70 | dist   2.37 | Known
C3  | size  61 | dist   2.73 | Known
C4  | size  75 | dist   2.52 | Known
C5  | size  57 | dist  13.71 | New Fault
--- Unknown ['5screws', '6screws'] | mcs 24
C5      : 57 pts
outliers: 6 pts
C0      : 69 pts
C6      : 75 pts
C1      : 62 pts
C3      : 58 pts
C4      : 60 pts
C2      : 63 pts
C0  | size  69 | dist   2.37 | Known
C1  | size  62 | dist   2.78 | Known
C2  | size  63 | dist   2.73 | Known
C3  | size  58 | dist  17.56 | New Fault
C4  | size  60 | dist   2.76 | Known
C5  | size  57 | dist  13.71 | New Fault
C6  | size  75 | dist   2.52 | Known
--- Unknown ['5screws', '6screws', '7screws'] | mcs 24
C1      : 53 pts
C5      : 49 pts
C4      : 55 pts
C2      : 49 pts
C7      : 70 pts
C0      : 61 pts
C6      : 50 pts
C3      : 54 pts
outliers: 9 pts
C0  | size  61 | dist   2.40 | Known
C1  | size  53 | dist   2.98 | Known
C2  | size  49 | dist   2.90 | Known
C3  | size  54 | dist   2.81 | Known
C4  | size  55 | dist  17.53 | New Fault
C5  | size  49 | dist  15.45 | New Fault
C6  | size  50 | dist  13.81 | New Fault
C7  | size  70 | dist   2.58 | Known
--- Unknown ['5screws', '6screws', '7screws', '3_14screws'] | mcs 24
C3      : 46 pts
C5      : 44 pts
C7      : 42 pts
C4      : 47 pts
C0      : 56 pts
C6      : 58 pts
C2      : 51 pts
C8      : 45 pts
C1      : 45 pts
outliers: 16 pts
C0  | size  56 | dist   2.45 | Known
C1  | size  45 | dist   3.06 | Known
C2  | size  51 | dist   2.87 | Known
C3  | size  46 | dist   2.91 | Known
C4  | size  47 | dist  17.66 | New Fault
C5  | size  44 | dist  13.61 | New Fault
C6  | size  58 | dist   2.67 | Known
C7  | size  42 | dist  15.37 | New Fault
C8  | size  45 | dist  17.99 | New Fault
--- Unknown ['5screws', '6screws', '7screws', '3_14screws', '4_146screws'] | mcs 24
C0      : 49 pts
C9      : 46 pts
C6      : 54 pts
C5      : 37 pts
C2      : 47 pts
C3      : 42 pts
C4      : 45 pts
outliers: 19 pts
C7      : 46 pts
C1      : 39 pts
C8      : 26 pts
C0  | size  49 | dist   2.53 | Known
C1  | size  39 | dist   3.07 | Known
C2  | size  47 | dist   2.89 | Known
C3  | size  42 | dist  18.18 | New Fault
C4  | size  45 | dist   3.01 | Known
C5  | size  37 | dist  13.88 | New Fault
C6  | size  54 | dist   2.61 | Known
C7  | size  46 | dist  17.50 | New Fault
C8  | size  26 | dist  16.18 | New Fault
C9  | size  46 | dist  15.98 | New Fault
==============================
▶ mcs = 24 | conf = 0.95 | thr = 13.96
==============================
--- Test‑set validation
C0      : 3screws 70筆
C1      : 8screws 64筆
C2      : 1screws 63筆
C3      : 2screws 62筆
C4      : 4screws 77筆
* C0  | size  70 | dist   2.37 | Known
* C1  | size  64 | dist   2.68 | Known
* C2  | size  63 | dist   2.76 | Known
* C3  | size  62 | dist   2.73 | Known
* C4  | size  77 | dist   2.49 | Known
--- Unknown ['5screws'] | mcs 24
C4      : 75 pts
C3      : 61 pts
C2      : 70 pts
C1      : 63 pts
C5      : 57 pts
C0      : 64 pts
outliers: 6 pts
C0  | size  64 | dist   2.68 | Known
C1  | size  63 | dist   2.76 | Known
C2  | size  70 | dist   2.37 | Known
C3  | size  61 | dist   2.73 | Known
C4  | size  75 | dist   2.52 | Known
C5  | size  57 | dist  13.71 | Known
--- Unknown ['5screws', '6screws'] | mcs 24
C5      : 57 pts
outliers: 6 pts
C0      : 69 pts
C6      : 75 pts
C1      : 62 pts
C3      : 58 pts
C4      : 60 pts
C2      : 63 pts
C0  | size  69 | dist   2.37 | Known
C1  | size  62 | dist   2.78 | Known
C2  | size  63 | dist   2.73 | Known
C3  | size  58 | dist  17.56 | New Fault
C4  | size  60 | dist   2.76 | Known
C5  | size  57 | dist  13.71 | Known
C6  | size  75 | dist   2.52 | Known
--- Unknown ['5screws', '6screws', '7screws'] | mcs 24
C1      : 53 pts
C5      : 49 pts
C4      : 55 pts
C2      : 49 pts
C7      : 70 pts
C0      : 61 pts
C6      : 50 pts
C3      : 54 pts
outliers: 9 pts
C0  | size  61 | dist   2.40 | Known
C1  | size  53 | dist   2.98 | Known
C2  | size  49 | dist   2.90 | Known
C3  | size  54 | dist   2.81 | Known
C4  | size  55 | dist  17.53 | New Fault
C5  | size  49 | dist  15.45 | New Fault
C6  | size  50 | dist  13.81 | Known
C7  | size  70 | dist   2.58 | Known
--- Unknown ['5screws', '6screws', '7screws', '3_14screws'] | mcs 24
C3      : 46 pts
C5      : 44 pts
C7      : 42 pts
C4      : 47 pts
C0      : 56 pts
C6      : 58 pts
C2      : 51 pts
C8      : 45 pts
C1      : 45 pts
outliers: 16 pts
C0  | size  56 | dist   2.45 | Known
C1  | size  45 | dist   3.06 | Known
C2  | size  51 | dist   2.87 | Known
C3  | size  46 | dist   2.91 | Known
C4  | size  47 | dist  17.66 | New Fault
C5  | size  44 | dist  13.61 | Known
C6  | size  58 | dist   2.67 | Known
C7  | size  42 | dist  15.37 | New Fault
C8  | size  45 | dist  17.99 | New Fault
--- Unknown ['5screws', '6screws', '7screws', '3_14screws', '4_146screws'] | mcs 24
C0      : 49 pts
C9      : 46 pts
C6      : 54 pts
C5      : 37 pts
C2      : 47 pts
C3      : 42 pts
C4      : 45 pts
outliers: 19 pts
C7      : 46 pts
C1      : 39 pts
C8      : 26 pts
C0  | size  49 | dist   2.53 | Known
C1  | size  39 | dist   3.07 | Known
C2  | size  47 | dist   2.89 | Known
C3  | size  42 | dist  18.18 | New Fault
C4  | size  45 | dist   3.01 | Known
C5  | size  37 | dist  13.88 | Known
C6  | size  54 | dist   2.61 | Known
C7  | size  46 | dist  17.50 | New Fault
C8  | size  26 | dist  16.18 | New Fault
C9  | size  46 | dist  15.98 | New Fault
==============================
▶ mcs = 24 | conf = 0.99 | thr = 15.50
==============================
--- Test‑set validation
C0      : 3screws 70筆
C1      : 8screws 64筆
C2      : 1screws 63筆
C3      : 2screws 62筆
C4      : 4screws 77筆
* C0  | size  70 | dist   2.37 | Known
* C1  | size  64 | dist   2.68 | Known
* C2  | size  63 | dist   2.76 | Known
* C3  | size  62 | dist   2.73 | Known
* C4  | size  77 | dist   2.49 | Known
--- Unknown ['5screws'] | mcs 24
C4      : 75 pts
C3      : 61 pts
C2      : 70 pts
C1      : 63 pts
C5      : 57 pts
C0      : 64 pts
outliers: 6 pts
C0  | size  64 | dist   2.68 | Known
C1  | size  63 | dist   2.76 | Known
C2  | size  70 | dist   2.37 | Known
C3  | size  61 | dist   2.73 | Known
C4  | size  75 | dist   2.52 | Known
C5  | size  57 | dist  13.71 | Known
--- Unknown ['5screws', '6screws'] | mcs 24
C5      : 57 pts
outliers: 6 pts
C0      : 69 pts
C6      : 75 pts
C1      : 62 pts
C3      : 58 pts
C4      : 60 pts
C2      : 63 pts
C0  | size  69 | dist   2.37 | Known
C1  | size  62 | dist   2.78 | Known
C2  | size  63 | dist   2.73 | Known
C3  | size  58 | dist  17.56 | New Fault
C4  | size  60 | dist   2.76 | Known
C5  | size  57 | dist  13.71 | Known
C6  | size  75 | dist   2.52 | Known
--- Unknown ['5screws', '6screws', '7screws'] | mcs 24
C1      : 53 pts
C5      : 49 pts
C4      : 55 pts
C2      : 49 pts
C7      : 70 pts
C0      : 61 pts
C6      : 50 pts
C3      : 54 pts
outliers: 9 pts
C0  | size  61 | dist   2.40 | Known
C1  | size  53 | dist   2.98 | Known
C2  | size  49 | dist   2.90 | Known
C3  | size  54 | dist   2.81 | Known
C4  | size  55 | dist  17.53 | New Fault
C5  | size  49 | dist  15.45 | Known
C6  | size  50 | dist  13.81 | Known
C7  | size  70 | dist   2.58 | Known
--- Unknown ['5screws', '6screws', '7screws', '3_14screws'] | mcs 24
C3      : 46 pts
C5      : 44 pts
C7      : 42 pts
C4      : 47 pts
C0      : 56 pts
C6      : 58 pts
C2      : 51 pts
C8      : 45 pts
C1      : 45 pts
outliers: 16 pts
C0  | size  56 | dist   2.45 | Known
C1  | size  45 | dist   3.06 | Known
C2  | size  51 | dist   2.87 | Known
C3  | size  46 | dist   2.91 | Known
C4  | size  47 | dist  17.66 | New Fault
C5  | size  44 | dist  13.61 | Known
C6  | size  58 | dist   2.67 | Known
C7  | size  42 | dist  15.37 | Known
C8  | size  45 | dist  17.99 | New Fault
--- Unknown ['5screws', '6screws', '7screws', '3_14screws', '4_146screws'] | mcs 24
C0      : 49 pts
C9      : 46 pts
C6      : 54 pts
C5      : 37 pts
C2      : 47 pts
C3      : 42 pts
C4      : 45 pts
outliers: 19 pts
C7      : 46 pts
C1      : 39 pts
C8      : 26 pts
C0  | size  49 | dist   2.53 | Known
C1  | size  39 | dist   3.07 | Known
C2  | size  47 | dist   2.89 | Known
C3  | size  42 | dist  18.18 | New Fault
C4  | size  45 | dist   3.01 | Known
C5  | size  37 | dist  13.88 | Known
C6  | size  54 | dist   2.61 | Known
C7  | size  46 | dist  17.50 | New Fault
C8  | size  26 | dist  16.18 | New Fault
C9  | size  46 | dist  15.98 | New Fault
