2026-08-05 17:12:49 | INFO  | Logger initialized
2026-08-05 17:12:49 | INFO  | log_file=/home/albert/Ancestor/logs/Step6_Model_25_Retrain/2026-08-05-17-12-49.log
2026-08-05 17:12:49 | INFO  | output_dir=/home/albert/Ancestor/output/Step6_Model_25_Retrain/2026-08-05-17-12-49
[gpu_utils] GPU x1 已啟用：['/physical_device:GPU:0']
自訂 Label Mapping:
8screws: 0
1screws: 1
2screws: 2
3screws: 3
4screws: 4
5screws: 5
6screws: 6
7screws: 7
3_14screws: 8
4_146screws: 9
[Training] Device: /GPU:0
Epoch 1/100
150/150 26ms/step accuracy=0.1551 loss=2.2853
150/150 36ms/step accuracy=0.2041 loss=2.2540 val_accuracy=0.3706 val_loss=2.1778
Epoch 2/100
150/150 4ms/step accuracy=0.4025 loss=2.0574 val_accuracy=0.6235 val_loss=1.8603
Epoch 3/100
150/150 4ms/step accuracy=0.5240 loss=1.7138 val_accuracy=0.7471 val_loss=1.3978
Epoch 4/100
150/150 4ms/step accuracy=0.6123 loss=1.3256 val_accuracy=0.8539 val_loss=0.9601
Epoch 5/100
150/150 4ms/step accuracy=0.6768 loss=1.0365 val_accuracy=0.8957 val_loss=0.6493
Epoch 6/100
150/150 4ms/step accuracy=0.7300 loss=0.8113 val_accuracy=0.9048 val_loss=0.4371
Epoch 7/100
150/150 4ms/step accuracy=0.7669 loss=0.6622 val_accuracy=0.9441 val_loss=0.3035
Epoch 8/100
150/150 4ms/step accuracy=0.8191 loss=0.5249 val_accuracy=0.9891 val_loss=0.2043
Epoch 9/100
150/150 4ms/step accuracy=0.8535 loss=0.4328 val_accuracy=0.9950 val_loss=0.1403
Epoch 10/100
150/150 4ms/step accuracy=0.8735 loss=0.3781 val_accuracy=0.9983 val_loss=0.0933
Epoch 11/100
150/150 4ms/step accuracy=0.8971 loss=0.3157 val_accuracy=0.9992 val_loss=0.0608
Epoch 12/100
150/150 4ms/step accuracy=0.9126 loss=0.2723 val_accuracy=0.9992 val_loss=0.0407
Epoch 13/100
150/150 4ms/step accuracy=0.9132 loss=0.2575 val_accuracy=0.9992 val_loss=0.0286
Epoch 14/100
150/150 4ms/step accuracy=0.9274 loss=0.2247 val_accuracy=1.0000 val_loss=0.0189
Epoch 15/100
150/150 4ms/step accuracy=0.9238 loss=0.2179 val_accuracy=1.0000 val_loss=0.0160
Epoch 16/100
150/150 4ms/step accuracy=0.9328 loss=0.1947 val_accuracy=1.0000 val_loss=0.0121
Epoch 17/100
150/150 4ms/step accuracy=0.9403 loss=0.1758 val_accuracy=1.0000 val_loss=0.0088
Epoch 18/100
150/150 4ms/step accuracy=0.9462 loss=0.1696 val_accuracy=1.0000 val_loss=0.0064
Epoch 19/100
150/150 4ms/step accuracy=0.9443 loss=0.1602 val_accuracy=1.0000 val_loss=0.0055
Epoch 20/100
150/150 4ms/step accuracy=0.9439 loss=0.1491 val_accuracy=1.0000 val_loss=0.0047
Epoch 21/100
150/150 4ms/step accuracy=0.9497 loss=0.1402 val_accuracy=1.0000 val_loss=0.0035
Epoch 22/100
150/150 4ms/step accuracy=0.9541 loss=0.1328 val_accuracy=1.0000 val_loss=0.0027
Epoch 23/100
150/150 4ms/step accuracy=0.9533 loss=0.1315 val_accuracy=1.0000 val_loss=0.0024
Epoch 24/100
150/150 4ms/step accuracy=0.9505 loss=0.1310 val_accuracy=1.0000 val_loss=0.0025
Epoch 25/100
150/150 4ms/step accuracy=0.9595 loss=0.1155 val_accuracy=1.0000 val_loss=0.0018
Epoch 26/100
150/150 4ms/step accuracy=0.9587 loss=0.1138 val_accuracy=1.0000 val_loss=0.0015
Epoch 27/100
150/150 4ms/step accuracy=0.9564 loss=0.1118 val_accuracy=1.0000 val_loss=0.0014
Epoch 28/100
150/150 4ms/step accuracy=0.9624 loss=0.0997 val_accuracy=1.0000 val_loss=0.0011
Epoch 29/100
150/150 4ms/step accuracy=0.9622 loss=0.1078 val_accuracy=1.0000 val_loss=8.1699e-04
Epoch 30/100
150/150 4ms/step accuracy=0.9570 loss=0.1078 val_accuracy=1.0000 val_loss=9.7746e-04
Epoch 31/100
150/150 4ms/step accuracy=0.9635 loss=0.0956 val_accuracy=1.0000 val_loss=8.1334e-04
Epoch 32/100
150/150 4ms/step accuracy=0.9702 loss=0.0825 val_accuracy=1.0000 val_loss=6.4742e-04
Epoch 33/100
150/150 4ms/step accuracy=0.9670 loss=0.0880 val_accuracy=1.0000 val_loss=5.1520e-04
Epoch 34/100
150/150 4ms/step accuracy=0.9662 loss=0.0951 val_accuracy=1.0000 val_loss=8.0742e-04
Epoch 35/100
150/150 4ms/step accuracy=0.9649 loss=0.0952 val_accuracy=1.0000 val_loss=4.8000e-04
Epoch 36/100
150/150 4ms/step accuracy=0.9664 loss=0.0885 val_accuracy=1.0000 val_loss=7.4229e-04
Epoch 37/100
150/150 4ms/step accuracy=0.9635 loss=0.0994 val_accuracy=1.0000 val_loss=5.5663e-04
Epoch 38/100
150/150 4ms/step accuracy=0.9689 loss=0.0876 val_accuracy=1.0000 val_loss=6.3511e-04
Epoch 39/100
150/150 4ms/step accuracy=0.9670 loss=0.0864 val_accuracy=1.0000 val_loss=3.9435e-04
Epoch 40/100
150/150 4ms/step accuracy=0.9706 loss=0.0748 val_accuracy=1.0000 val_loss=2.7193e-04
Epoch 41/100
150/150 4ms/step accuracy=0.9668 loss=0.0847 val_accuracy=1.0000 val_loss=3.1310e-04
Epoch 42/100
150/150 4ms/step accuracy=0.9674 loss=0.0887 val_accuracy=1.0000 val_loss=3.3238e-04
Epoch 43/100
150/150 4ms/step accuracy=0.9704 loss=0.0787 val_accuracy=1.0000 val_loss=2.7516e-04
Epoch 44/100
150/150 4ms/step accuracy=0.9739 loss=0.0736 val_accuracy=1.0000 val_loss=2.2166e-04
Epoch 45/100
150/150 4ms/step accuracy=0.9733 loss=0.0713 val_accuracy=1.0000 val_loss=2.2076e-04
Epoch 46/100
150/150 4ms/step accuracy=0.9677 loss=0.0789 val_accuracy=1.0000 val_loss=2.4223e-04
Epoch 47/100
150/150 4ms/step accuracy=0.9706 loss=0.0748 val_accuracy=1.0000 val_loss=2.0776e-04
Epoch 48/100
150/150 4ms/step accuracy=0.9697 loss=0.0822 val_accuracy=1.0000 val_loss=2.1204e-04
Epoch 49/100
150/150 4ms/step accuracy=0.9699 loss=0.0748 val_accuracy=1.0000 val_loss=1.9164e-04
Epoch 50/100
150/150 4ms/step accuracy=0.9712 loss=0.0745 val_accuracy=1.0000 val_loss=2.0287e-04
Epoch 51/100
150/150 4ms/step accuracy=0.9706 loss=0.0748 val_accuracy=1.0000 val_loss=1.2467e-04
Epoch 52/100
150/150 4ms/step accuracy=0.9714 loss=0.0717 val_accuracy=1.0000 val_loss=1.3508e-04
Epoch 53/100
150/150 4ms/step accuracy=0.9722 loss=0.0674 val_accuracy=1.0000 val_loss=1.3688e-04
Epoch 54/100
150/150 4ms/step accuracy=0.9687 loss=0.0783 val_accuracy=1.0000 val_loss=9.2514e-05
Epoch 55/100
150/150 4ms/step accuracy=0.9729 loss=0.0670 val_accuracy=1.0000 val_loss=1.4624e-04
Epoch 56/100
150/150 4ms/step accuracy=0.9727 loss=0.0679 val_accuracy=1.0000 val_loss=1.0927e-04
Epoch 57/100
150/150 4ms/step accuracy=0.9681 loss=0.0776 val_accuracy=1.0000 val_loss=1.2764e-04
Epoch 58/100
150/150 4ms/step accuracy=0.9729 loss=0.0724 val_accuracy=1.0000 val_loss=1.2247e-04
Epoch 59/100
150/150 4ms/step accuracy=0.9750 loss=0.0650 val_accuracy=1.0000 val_loss=8.9815e-05
Epoch 60/100
150/150 4ms/step accuracy=0.9706 loss=0.0678 val_accuracy=1.0000 val_loss=6.6243e-05
Epoch 61/100
150/150 4ms/step accuracy=0.9729 loss=0.0720 val_accuracy=1.0000 val_loss=8.1232e-05
Epoch 62/100
150/150 4ms/step accuracy=0.9706 loss=0.0718 val_accuracy=1.0000 val_loss=9.5009e-05
Epoch 63/100
150/150 4ms/step accuracy=0.9737 loss=0.0713 val_accuracy=1.0000 val_loss=6.0885e-05
Epoch 64/100
150/150 4ms/step accuracy=0.9781 loss=0.0614 val_accuracy=1.0000 val_loss=7.5100e-05
Epoch 65/100
150/150 4ms/step accuracy=0.9729 loss=0.0686 val_accuracy=1.0000 val_loss=5.8210e-05
Epoch 66/100
150/150 4ms/step accuracy=0.9766 loss=0.0627 val_accuracy=1.0000 val_loss=8.6430e-05
Epoch 67/100
150/150 4ms/step accuracy=0.9729 loss=0.0654 val_accuracy=1.0000 val_loss=6.6778e-05
Epoch 68/100
150/150 4ms/step accuracy=0.9697 loss=0.0713 val_accuracy=1.0000 val_loss=1.1698e-04
Epoch 69/100
150/150 4ms/step accuracy=0.9737 loss=0.0629 val_accuracy=1.0000 val_loss=8.5108e-05
Epoch 70/100
150/150 4ms/step accuracy=0.9760 loss=0.0622 val_accuracy=1.0000 val_loss=3.5720e-05
Epoch 71/100
150/150 4ms/step accuracy=0.9766 loss=0.0597 val_accuracy=1.0000 val_loss=4.4006e-05
Epoch 72/100
150/150 4ms/step accuracy=0.9739 loss=0.0633 val_accuracy=1.0000 val_loss=8.7857e-05
Epoch 73/100
150/150 4ms/step accuracy=0.9787 loss=0.0577 val_accuracy=1.0000 val_loss=3.6292e-05
Epoch 74/100
150/150 4ms/step accuracy=0.9689 loss=0.0723 val_accuracy=1.0000 val_loss=7.5752e-05
Epoch 75/100
150/150 4ms/step accuracy=0.9758 loss=0.0568 val_accuracy=1.0000 val_loss=4.1903e-05
Epoch 76/100
150/150 4ms/step accuracy=0.9779 loss=0.0606 val_accuracy=1.0000 val_loss=8.4752e-05
Epoch 77/100
150/150 4ms/step accuracy=0.9756 loss=0.0592 val_accuracy=1.0000 val_loss=4.4901e-05
Epoch 78/100
150/150 4ms/step accuracy=0.9779 loss=0.0543 val_accuracy=1.0000 val_loss=3.9751e-05
Epoch 79/100
150/150 4ms/step accuracy=0.9768 loss=0.0557 val_accuracy=1.0000 val_loss=3.9617e-05
Epoch 80/100
150/150 4ms/step accuracy=0.9785 loss=0.0527 val_accuracy=1.0000 val_loss=1.5975e-05
Epoch 81/100
150/150 4ms/step accuracy=0.9768 loss=0.0559 val_accuracy=1.0000 val_loss=7.3280e-05
Epoch 82/100
150/150 4ms/step accuracy=0.9779 loss=0.0563 val_accuracy=1.0000 val_loss=7.3266e-05
Epoch 83/100
150/150 4ms/step accuracy=0.9795 loss=0.0531 val_accuracy=1.0000 val_loss=4.8769e-05
Epoch 84/100
150/150 4ms/step accuracy=0.9752 loss=0.0600 val_accuracy=1.0000 val_loss=5.0866e-05
Epoch 85/100
150/150 4ms/step accuracy=0.9787 loss=0.0529 val_accuracy=1.0000 val_loss=8.8078e-05
Epoch 86/100
150/150 4ms/step accuracy=0.9791 loss=0.0545 val_accuracy=1.0000 val_loss=8.6649e-05
Epoch 87/100
150/150 4ms/step accuracy=0.9791 loss=0.0548 val_accuracy=1.0000 val_loss=6.5842e-05
Epoch 88/100
150/150 4ms/step accuracy=0.9781 loss=0.0540 val_accuracy=1.0000 val_loss=3.6745e-05
Epoch 89/100
150/150 4ms/step accuracy=0.9783 loss=0.0510 val_accuracy=1.0000 val_loss=2.3911e-05
Epoch 90/100
150/150 4ms/step accuracy=0.9821 loss=0.0485 val_accuracy=1.0000 val_loss=1.5440e-05
Epoch 91/100
150/150 4ms/step accuracy=0.9823 loss=0.0514 val_accuracy=1.0000 val_loss=2.9018e-05
Epoch 92/100
150/150 4ms/step accuracy=0.9775 loss=0.0529 val_accuracy=1.0000 val_loss=2.0322e-05
Epoch 93/100
150/150 4ms/step accuracy=0.9789 loss=0.0530 val_accuracy=1.0000 val_loss=4.0141e-05
Epoch 94/100
150/150 4ms/step accuracy=0.9798 loss=0.0504 val_accuracy=1.0000 val_loss=3.6637e-05
Epoch 95/100
150/150 4ms/step accuracy=0.9791 loss=0.0488 val_accuracy=1.0000 val_loss=3.1253e-05
Epoch 96/100
150/150 4ms/step accuracy=0.9789 loss=0.0513 val_accuracy=1.0000 val_loss=3.0420e-05
Epoch 97/100
150/150 4ms/step accuracy=0.9791 loss=0.0532 val_accuracy=1.0000 val_loss=3.0210e-05
Epoch 98/100
150/150 4ms/step accuracy=0.9806 loss=0.0525 val_accuracy=1.0000 val_loss=4.3315e-05
Epoch 99/100
150/150 4ms/step accuracy=0.9814 loss=0.0464 val_accuracy=1.0000 val_loss=6.2081e-05
Epoch 100/100
150/150 4ms/step accuracy=0.9814 loss=0.0502 val_accuracy=1.0000 val_loss=2.7644e-05
38/38 3ms/step accuracy=1.0000 loss=1.5440e-05
Screw Number Loss: 0.0000, Screw Number Accuracy: 1.0000
2026-08-05 17:14:11 | INFO  | Saved plot: /home/albert/Ancestor/output/Step6_Model_25_Retrain/2026-08-05-17-12-49/plot_000.png
2026-08-05 17:14:11 | INFO  | Saved plot: /home/albert/Ancestor/output/Step6_Model_25_Retrain/2026-08-05-17-12-49/plot_001.png
2026-08-05 17:14:12 | INFO  | Saved plot: /home/albert/Ancestor/output/Step6_Model_25_Retrain/2026-08-05-17-12-49/plot_002.png
重訓練模型已儲存：/home/albert/Ancestor/data/Step-3/model/CNN_A11000_retrained.keras
