2026-08-05 16:20:56 | INFO  | Logger initialized
2026-08-05 16:20:56 | INFO  | log_file=/home/albert/Ancestor/logs/Step4_Model_09_Detecting/2026-08-05-16-20-56.log
2026-08-05 16:20:56 | INFO  | output_dir=/home/albert/Ancestor/output/Step4_Model_09_Detecting/2026-08-05-16-20-56
=== 1. Loading training data ===
✔️ Train : (1397, 105)  |  Test : (350, 105)
==============================
▶ mcs = 21 | conf = 0.9 | thr = 8.05
==============================
--- Test‑set validation
C0      : 8screws 71筆
C1      : 4screws 66筆
C2      : 1screws 75筆
C3      : 3screws 62筆
C4      : 2screws 76筆
* C0  | size  71 | dist   2.15 | Known
* C1  | size  66 | dist   2.18 | Known
* C2  | size  75 | dist   2.04 | Known
* C3  | size  62 | dist   2.35 | Known
* C4  | size  76 | dist   1.98 | Known
--- Unknown ['5screws'] | mcs 21
C1      : 75 pts
C3      : 76 pts
C2      : 66 pts
C5      : 60 pts
C4      : 62 pts
C0      : 71 pts
C0  | size  71 | dist   2.15 | Known
C1  | size  75 | dist   2.04 | Known
C2  | size  66 | dist   2.18 | Known
C3  | size  76 | dist   1.98 | Known
C4  | size  62 | dist   2.35 | Known
C5  | size  60 | dist  16.75 | New Fault
--- Unknown ['5screws', '6screws'] | mcs 21
C6      : 70 pts
C5      : 61 pts
C4      : 58 pts
C2      : 62 pts
C1      : 73 pts
C0      : 68 pts
C3      : 58 pts
C0  | size  68 | dist   2.16 | Known
C1  | size  73 | dist   2.03 | Known
C2  | size  62 | dist   2.19 | Known
C3  | size  58 | dist  16.68 | New Fault
C4  | size  58 | dist  13.58 | New Fault
C5  | size  61 | dist   2.34 | Known
C6  | size  70 | dist   1.98 | Known
--- Unknown ['5screws', '6screws', '7screws'] | mcs 21
C1      : 66 pts
C7      : 54 pts
C3      : 55 pts
C0      : 60 pts
C5      : 64 pts
C2      : 50 pts
C6      : 53 pts
C4      : 48 pts
C0  | size  60 | dist   2.19 | Known
C1  | size  66 | dist   2.11 | Known
C2  | size  50 | dist  18.41 | New Fault
C3  | size  55 | dist   2.21 | Known
C4  | size  48 | dist  13.90 | New Fault
C5  | size  64 | dist   2.00 | Known
C6  | size  53 | dist   2.37 | Known
C7  | size  54 | dist  16.68 | New Fault
--- Unknown ['5screws', '6screws', '7screws', '3_14screws'] | mcs 21
C3      : 42 pts
C4      : 47 pts
C2      : 49 pts
C1      : 62 pts
C7      : 50 pts
C5      : 60 pts
C0      : 48 pts
C8      : 45 pts
C6      : 47 pts
C0  | size  48 | dist  45.02 | New Fault
C1  | size  62 | dist   2.11 | Known
C2  | size  49 | dist   2.31 | Known
C3  | size  42 | dist  18.50 | New Fault
C4  | size  47 | dist   2.23 | Known
C5  | size  60 | dist   1.96 | Known
C6  | size  47 | dist  13.66 | New Fault
C7  | size  50 | dist   2.28 | Known
C8  | size  45 | dist  16.58 | New Fault
--- Unknown ['5screws', '6screws', '7screws', '3_14screws', '4_146screws'] | mcs 21
C4      : 45 pts
C1      : 57 pts
C6      : 42 pts
C3      : 49 pts
C5      : 49 pts
C2      : 33 pts
C7      : 50 pts
C8      : 45 pts
C9      : 42 pts
C0      : 38 pts
C0  | size  38 | dist  45.36 | New Fault
C1  | size  57 | dist   2.03 | Known
C2  | size  33 | dist  18.50 | New Fault
C3  | size  49 | dist   2.28 | Known
C4  | size  45 | dist  29.96 | New Fault
C5  | size  49 | dist   2.19 | Known
C6  | size  42 | dist  13.71 | New Fault
C7  | size  50 | dist   1.94 | Known
C8  | size  45 | dist   2.33 | Known
C9  | size  42 | dist  16.62 | New Fault
==============================
▶ mcs = 21 | conf = 0.95 | thr = 8.72
==============================
--- Test‑set validation
C0      : 8screws 71筆
C1      : 4screws 66筆
C2      : 1screws 75筆
C3      : 3screws 62筆
C4      : 2screws 76筆
* C0  | size  71 | dist   2.15 | Known
* C1  | size  66 | dist   2.18 | Known
* C2  | size  75 | dist   2.04 | Known
* C3  | size  62 | dist   2.35 | Known
* C4  | size  76 | dist   1.98 | Known
--- Unknown ['5screws'] | mcs 21
C1      : 75 pts
C3      : 76 pts
C2      : 66 pts
C5      : 60 pts
C4      : 62 pts
C0      : 71 pts
C0  | size  71 | dist   2.15 | Known
C1  | size  75 | dist   2.04 | Known
C2  | size  66 | dist   2.18 | Known
C3  | size  76 | dist   1.98 | Known
C4  | size  62 | dist   2.35 | Known
C5  | size  60 | dist  16.75 | New Fault
--- Unknown ['5screws', '6screws'] | mcs 21
C6      : 70 pts
C5      : 61 pts
C4      : 58 pts
C2      : 62 pts
C1      : 73 pts
C0      : 68 pts
C3      : 58 pts
C0  | size  68 | dist   2.16 | Known
C1  | size  73 | dist   2.03 | Known
C2  | size  62 | dist   2.19 | Known
C3  | size  58 | dist  16.68 | New Fault
C4  | size  58 | dist  13.58 | New Fault
C5  | size  61 | dist   2.34 | Known
C6  | size  70 | dist   1.98 | Known
--- Unknown ['5screws', '6screws', '7screws'] | mcs 21
C1      : 66 pts
C7      : 54 pts
C3      : 55 pts
C0      : 60 pts
C5      : 64 pts
C2      : 50 pts
C6      : 53 pts
C4      : 48 pts
C0  | size  60 | dist   2.19 | Known
C1  | size  66 | dist   2.11 | Known
C2  | size  50 | dist  18.41 | New Fault
C3  | size  55 | dist   2.21 | Known
C4  | size  48 | dist  13.90 | New Fault
C5  | size  64 | dist   2.00 | Known
C6  | size  53 | dist   2.37 | Known
C7  | size  54 | dist  16.68 | New Fault
--- Unknown ['5screws', '6screws', '7screws', '3_14screws'] | mcs 21
C3      : 42 pts
C4      : 47 pts
C2      : 49 pts
C1      : 62 pts
C7      : 50 pts
C5      : 60 pts
C0      : 48 pts
C8      : 45 pts
C6      : 47 pts
C0  | size  48 | dist  45.02 | New Fault
C1  | size  62 | dist   2.11 | Known
C2  | size  49 | dist   2.31 | Known
C3  | size  42 | dist  18.50 | New Fault
C4  | size  47 | dist   2.23 | Known
C5  | size  60 | dist   1.96 | Known
C6  | size  47 | dist  13.66 | New Fault
C7  | size  50 | dist   2.28 | Known
C8  | size  45 | dist  16.58 | New Fault
--- Unknown ['5screws', '6screws', '7screws', '3_14screws', '4_146screws'] | mcs 21
C4      : 45 pts
C1      : 57 pts
C6      : 42 pts
C3      : 49 pts
C5      : 49 pts
C2      : 33 pts
C7      : 50 pts
C8      : 45 pts
C9      : 42 pts
C0      : 38 pts
C0  | size  38 | dist  45.36 | New Fault
C1  | size  57 | dist   2.03 | Known
C2  | size  33 | dist  18.50 | New Fault
C3  | size  49 | dist   2.28 | Known
C4  | size  45 | dist  29.96 | New Fault
C5  | size  49 | dist   2.19 | Known
C6  | size  42 | dist  13.71 | New Fault
C7  | size  50 | dist   1.94 | Known
C8  | size  45 | dist   2.33 | Known
C9  | size  42 | dist  16.62 | New Fault
==============================
▶ mcs = 21 | conf = 0.99 | thr = 10.54
==============================
--- Test‑set validation
C0      : 8screws 71筆
C1      : 4screws 66筆
C2      : 1screws 75筆
C3      : 3screws 62筆
C4      : 2screws 76筆
* C0  | size  71 | dist   2.15 | Known
* C1  | size  66 | dist   2.18 | Known
* C2  | size  75 | dist   2.04 | Known
* C3  | size  62 | dist   2.35 | Known
* C4  | size  76 | dist   1.98 | Known
--- Unknown ['5screws'] | mcs 21
C1      : 75 pts
C3      : 76 pts
C2      : 66 pts
C5      : 60 pts
C4      : 62 pts
C0      : 71 pts
C0  | size  71 | dist   2.15 | Known
C1  | size  75 | dist   2.04 | Known
C2  | size  66 | dist   2.18 | Known
C3  | size  76 | dist   1.98 | Known
C4  | size  62 | dist   2.35 | Known
C5  | size  60 | dist  16.75 | New Fault
--- Unknown ['5screws', '6screws'] | mcs 21
C6      : 70 pts
C5      : 61 pts
C4      : 58 pts
C2      : 62 pts
C1      : 73 pts
C0      : 68 pts
C3      : 58 pts
C0  | size  68 | dist   2.16 | Known
C1  | size  73 | dist   2.03 | Known
C2  | size  62 | dist   2.19 | Known
C3  | size  58 | dist  16.68 | New Fault
C4  | size  58 | dist  13.58 | New Fault
C5  | size  61 | dist   2.34 | Known
C6  | size  70 | dist   1.98 | Known
--- Unknown ['5screws', '6screws', '7screws'] | mcs 21
C1      : 66 pts
C7      : 54 pts
C3      : 55 pts
C0      : 60 pts
C5      : 64 pts
C2      : 50 pts
C6      : 53 pts
C4      : 48 pts
C0  | size  60 | dist   2.19 | Known
C1  | size  66 | dist   2.11 | Known
C2  | size  50 | dist  18.41 | New Fault
C3  | size  55 | dist   2.21 | Known
C4  | size  48 | dist  13.90 | New Fault
C5  | size  64 | dist   2.00 | Known
C6  | size  53 | dist   2.37 | Known
C7  | size  54 | dist  16.68 | New Fault
--- Unknown ['5screws', '6screws', '7screws', '3_14screws'] | mcs 21
C3      : 42 pts
C4      : 47 pts
C2      : 49 pts
C1      : 62 pts
C7      : 50 pts
C5      : 60 pts
C0      : 48 pts
C8      : 45 pts
C6      : 47 pts
C0  | size  48 | dist  45.02 | New Fault
C1  | size  62 | dist   2.11 | Known
C2  | size  49 | dist   2.31 | Known
C3  | size  42 | dist  18.50 | New Fault
C4  | size  47 | dist   2.23 | Known
C5  | size  60 | dist   1.96 | Known
C6  | size  47 | dist  13.66 | New Fault
C7  | size  50 | dist   2.28 | Known
C8  | size  45 | dist  16.58 | New Fault
--- Unknown ['5screws', '6screws', '7screws', '3_14screws', '4_146screws'] | mcs 21
C4      : 45 pts
C1      : 57 pts
C6      : 42 pts
C3      : 49 pts
C5      : 49 pts
C2      : 33 pts
C7      : 50 pts
C8      : 45 pts
C9      : 42 pts
C0      : 38 pts
C0  | size  38 | dist  45.36 | New Fault
C1  | size  57 | dist   2.03 | Known
C2  | size  33 | dist  18.50 | New Fault
C3  | size  49 | dist   2.28 | Known
C4  | size  45 | dist  29.96 | New Fault
C5  | size  49 | dist   2.19 | Known
C6  | size  42 | dist  13.71 | New Fault
C7  | size  50 | dist   1.94 | Known
C8  | size  45 | dist   2.33 | Known
C9  | size  42 | dist  16.62 | New Fault
==============================
▶ mcs = 22 | conf = 0.9 | thr = 8.05
==============================
--- Test‑set validation
C0      : 8screws 71筆
C1      : 4screws 66筆
C2      : 1screws 75筆
C3      : 3screws 62筆
C4      : 2screws 76筆
* C0  | size  71 | dist   2.15 | Known
* C1  | size  66 | dist   2.18 | Known
* C2  | size  75 | dist   2.04 | Known
* C3  | size  62 | dist   2.35 | Known
* C4  | size  76 | dist   1.98 | Known
--- Unknown ['5screws'] | mcs 22
C1      : 75 pts
C3      : 76 pts
C2      : 66 pts
C5      : 60 pts
C4      : 62 pts
C0      : 71 pts
C0  | size  71 | dist   2.15 | Known
C1  | size  75 | dist   2.04 | Known
C2  | size  66 | dist   2.18 | Known
C3  | size  76 | dist   1.98 | Known
C4  | size  62 | dist   2.35 | Known
C5  | size  60 | dist  16.75 | New Fault
--- Unknown ['5screws', '6screws'] | mcs 22
C6      : 70 pts
C5      : 61 pts
C4      : 58 pts
C2      : 62 pts
C1      : 73 pts
C0      : 68 pts
C3      : 58 pts
C0  | size  68 | dist   2.16 | Known
C1  | size  73 | dist   2.03 | Known
C2  | size  62 | dist   2.19 | Known
C3  | size  58 | dist  16.68 | New Fault
C4  | size  58 | dist  13.58 | New Fault
C5  | size  61 | dist   2.34 | Known
C6  | size  70 | dist   1.98 | Known
--- Unknown ['5screws', '6screws', '7screws'] | mcs 22
C1      : 66 pts
C7      : 54 pts
C3      : 55 pts
C0      : 60 pts
C5      : 64 pts
C2      : 50 pts
C6      : 53 pts
C4      : 48 pts
C0  | size  60 | dist   2.19 | Known
C1  | size  66 | dist   2.11 | Known
C2  | size  50 | dist  18.41 | New Fault
C3  | size  55 | dist   2.21 | Known
C4  | size  48 | dist  13.90 | New Fault
C5  | size  64 | dist   2.00 | Known
C6  | size  53 | dist   2.37 | Known
C7  | size  54 | dist  16.68 | New Fault
--- Unknown ['5screws', '6screws', '7screws', '3_14screws'] | mcs 22
C3      : 42 pts
C4      : 47 pts
C2      : 49 pts
C1      : 62 pts
C7      : 50 pts
C5      : 60 pts
C0      : 48 pts
C8      : 45 pts
C6      : 47 pts
C0  | size  48 | dist  45.02 | New Fault
C1  | size  62 | dist   2.11 | Known
C2  | size  49 | dist   2.31 | Known
C3  | size  42 | dist  18.50 | New Fault
C4  | size  47 | dist   2.23 | Known
C5  | size  60 | dist   1.96 | Known
C6  | size  47 | dist  13.66 | New Fault
C7  | size  50 | dist   2.28 | Known
C8  | size  45 | dist  16.58 | New Fault
--- Unknown ['5screws', '6screws', '7screws', '3_14screws', '4_146screws'] | mcs 22
C4      : 45 pts
C1      : 57 pts
C6      : 42 pts
C3      : 49 pts
C5      : 49 pts
C2      : 33 pts
C7      : 50 pts
C8      : 45 pts
C9      : 42 pts
C0      : 38 pts
C0  | size  38 | dist  45.36 | New Fault
C1  | size  57 | dist   2.03 | Known
C2  | size  33 | dist  18.50 | New Fault
C3  | size  49 | dist   2.28 | Known
C4  | size  45 | dist  29.96 | New Fault
C5  | size  49 | dist   2.19 | Known
C6  | size  42 | dist  13.71 | New Fault
C7  | size  50 | dist   1.94 | Known
C8  | size  45 | dist   2.33 | Known
C9  | size  42 | dist  16.62 | New Fault
==============================
▶ mcs = 22 | conf = 0.95 | thr = 8.72
==============================
--- Test‑set validation
C0      : 8screws 71筆
C1      : 4screws 66筆
C2      : 1screws 75筆
C3      : 3screws 62筆
C4      : 2screws 76筆
* C0  | size  71 | dist   2.15 | Known
* C1  | size  66 | dist   2.18 | Known
* C2  | size  75 | dist   2.04 | Known
* C3  | size  62 | dist   2.35 | Known
* C4  | size  76 | dist   1.98 | Known
--- Unknown ['5screws'] | mcs 22
C1      : 75 pts
C3      : 76 pts
C2      : 66 pts
C5      : 60 pts
C4      : 62 pts
C0      : 71 pts
C0  | size  71 | dist   2.15 | Known
C1  | size  75 | dist   2.04 | Known
C2  | size  66 | dist   2.18 | Known
C3  | size  76 | dist   1.98 | Known
C4  | size  62 | dist   2.35 | Known
C5  | size  60 | dist  16.75 | New Fault
--- Unknown ['5screws', '6screws'] | mcs 22
C6      : 70 pts
C5      : 61 pts
C4      : 58 pts
C2      : 62 pts
C1      : 73 pts
C0      : 68 pts
C3      : 58 pts
C0  | size  68 | dist   2.16 | Known
C1  | size  73 | dist   2.03 | Known
C2  | size  62 | dist   2.19 | Known
C3  | size  58 | dist  16.68 | New Fault
C4  | size  58 | dist  13.58 | New Fault
C5  | size  61 | dist   2.34 | Known
C6  | size  70 | dist   1.98 | Known
--- Unknown ['5screws', '6screws', '7screws'] | mcs 22
C1      : 66 pts
C7      : 54 pts
C3      : 55 pts
C0      : 60 pts
C5      : 64 pts
C2      : 50 pts
C6      : 53 pts
C4      : 48 pts
C0  | size  60 | dist   2.19 | Known
C1  | size  66 | dist   2.11 | Known
C2  | size  50 | dist  18.41 | New Fault
C3  | size  55 | dist   2.21 | Known
C4  | size  48 | dist  13.90 | New Fault
C5  | size  64 | dist   2.00 | Known
C6  | size  53 | dist   2.37 | Known
C7  | size  54 | dist  16.68 | New Fault
--- Unknown ['5screws', '6screws', '7screws', '3_14screws'] | mcs 22
C3      : 42 pts
C4      : 47 pts
C2      : 49 pts
C1      : 62 pts
C7      : 50 pts
C5      : 60 pts
C0      : 48 pts
C8      : 45 pts
C6      : 47 pts
C0  | size  48 | dist  45.02 | New Fault
C1  | size  62 | dist   2.11 | Known
C2  | size  49 | dist   2.31 | Known
C3  | size  42 | dist  18.50 | New Fault
C4  | size  47 | dist   2.23 | Known
C5  | size  60 | dist   1.96 | Known
C6  | size  47 | dist  13.66 | New Fault
C7  | size  50 | dist   2.28 | Known
C8  | size  45 | dist  16.58 | New Fault
--- Unknown ['5screws', '6screws', '7screws', '3_14screws', '4_146screws'] | mcs 22
C4      : 45 pts
C1      : 57 pts
C6      : 42 pts
C3      : 49 pts
C5      : 49 pts
C2      : 33 pts
C7      : 50 pts
C8      : 45 pts
C9      : 42 pts
C0      : 38 pts
C0  | size  38 | dist  45.36 | New Fault
C1  | size  57 | dist   2.03 | Known
C2  | size  33 | dist  18.50 | New Fault
C3  | size  49 | dist   2.28 | Known
C4  | size  45 | dist  29.96 | New Fault
C5  | size  49 | dist   2.19 | Known
C6  | size  42 | dist  13.71 | New Fault
C7  | size  50 | dist   1.94 | Known
C8  | size  45 | dist   2.33 | Known
C9  | size  42 | dist  16.62 | New Fault
==============================
▶ mcs = 22 | conf = 0.99 | thr = 10.54
==============================
--- Test‑set validation
C0      : 8screws 71筆
C1      : 4screws 66筆
C2      : 1screws 75筆
C3      : 3screws 62筆
C4      : 2screws 76筆
* C0  | size  71 | dist   2.15 | Known
* C1  | size  66 | dist   2.18 | Known
* C2  | size  75 | dist   2.04 | Known
* C3  | size  62 | dist   2.35 | Known
* C4  | size  76 | dist   1.98 | Known
--- Unknown ['5screws'] | mcs 22
C1      : 75 pts
C3      : 76 pts
C2      : 66 pts
C5      : 60 pts
C4      : 62 pts
C0      : 71 pts
C0  | size  71 | dist   2.15 | Known
C1  | size  75 | dist   2.04 | Known
C2  | size  66 | dist   2.18 | Known
C3  | size  76 | dist   1.98 | Known
C4  | size  62 | dist   2.35 | Known
C5  | size  60 | dist  16.75 | New Fault
--- Unknown ['5screws', '6screws'] | mcs 22
C6      : 70 pts
C5      : 61 pts
C4      : 58 pts
C2      : 62 pts
C1      : 73 pts
C0      : 68 pts
C3      : 58 pts
C0  | size  68 | dist   2.16 | Known
C1  | size  73 | dist   2.03 | Known
C2  | size  62 | dist   2.19 | Known
C3  | size  58 | dist  16.68 | New Fault
C4  | size  58 | dist  13.58 | New Fault
C5  | size  61 | dist   2.34 | Known
C6  | size  70 | dist   1.98 | Known
--- Unknown ['5screws', '6screws', '7screws'] | mcs 22
C1      : 66 pts
C7      : 54 pts
C3      : 55 pts
C0      : 60 pts
C5      : 64 pts
C2      : 50 pts
C6      : 53 pts
C4      : 48 pts
C0  | size  60 | dist   2.19 | Known
C1  | size  66 | dist   2.11 | Known
C2  | size  50 | dist  18.41 | New Fault
C3  | size  55 | dist   2.21 | Known
C4  | size  48 | dist  13.90 | New Fault
C5  | size  64 | dist   2.00 | Known
C6  | size  53 | dist   2.37 | Known
C7  | size  54 | dist  16.68 | New Fault
--- Unknown ['5screws', '6screws', '7screws', '3_14screws'] | mcs 22
C3      : 42 pts
C4      : 47 pts
C2      : 49 pts
C1      : 62 pts
C7      : 50 pts
C5      : 60 pts
C0      : 48 pts
C8      : 45 pts
C6      : 47 pts
C0  | size  48 | dist  45.02 | New Fault
C1  | size  62 | dist   2.11 | Known
C2  | size  49 | dist   2.31 | Known
C3  | size  42 | dist  18.50 | New Fault
C4  | size  47 | dist   2.23 | Known
C5  | size  60 | dist   1.96 | Known
C6  | size  47 | dist  13.66 | New Fault
C7  | size  50 | dist   2.28 | Known
C8  | size  45 | dist  16.58 | New Fault
--- Unknown ['5screws', '6screws', '7screws', '3_14screws', '4_146screws'] | mcs 22
C4      : 45 pts
C1      : 57 pts
C6      : 42 pts
C3      : 49 pts
C5      : 49 pts
C2      : 33 pts
C7      : 50 pts
C8      : 45 pts
C9      : 42 pts
C0      : 38 pts
C0  | size  38 | dist  45.36 | New Fault
C1  | size  57 | dist   2.03 | Known
C2  | size  33 | dist  18.50 | New Fault
C3  | size  49 | dist   2.28 | Known
C4  | size  45 | dist  29.96 | New Fault
C5  | size  49 | dist   2.19 | Known
C6  | size  42 | dist  13.71 | New Fault
C7  | size  50 | dist   1.94 | Known
C8  | size  45 | dist   2.33 | Known
C9  | size  42 | dist  16.62 | New Fault
==============================
▶ mcs = 23 | conf = 0.9 | thr = 8.05
==============================
--- Test‑set validation
C0      : 8screws 71筆
C1      : 4screws 66筆
C2      : 1screws 75筆
C3      : 3screws 62筆
C4      : 2screws 76筆
* C0  | size  71 | dist   2.15 | Known
* C1  | size  66 | dist   2.18 | Known
* C2  | size  75 | dist   2.04 | Known
* C3  | size  62 | dist   2.35 | Known
* C4  | size  76 | dist   1.98 | Known
--- Unknown ['5screws'] | mcs 23
C1      : 75 pts
C3      : 76 pts
C2      : 66 pts
C5      : 60 pts
C4      : 62 pts
C0      : 71 pts
C0  | size  71 | dist   2.15 | Known
C1  | size  75 | dist   2.04 | Known
C2  | size  66 | dist   2.18 | Known
C3  | size  76 | dist   1.98 | Known
C4  | size  62 | dist   2.35 | Known
C5  | size  60 | dist  16.75 | New Fault
--- Unknown ['5screws', '6screws'] | mcs 23
C6      : 70 pts
C5      : 61 pts
C4      : 58 pts
C2      : 62 pts
C1      : 73 pts
C0      : 68 pts
C3      : 58 pts
C0  | size  68 | dist   2.16 | Known
C1  | size  73 | dist   2.03 | Known
C2  | size  62 | dist   2.19 | Known
C3  | size  58 | dist  16.68 | New Fault
C4  | size  58 | dist  13.58 | New Fault
C5  | size  61 | dist   2.34 | Known
C6  | size  70 | dist   1.98 | Known
--- Unknown ['5screws', '6screws', '7screws'] | mcs 23
C1      : 66 pts
C7      : 54 pts
C3      : 55 pts
C0      : 60 pts
C5      : 64 pts
C2      : 50 pts
C6      : 53 pts
C4      : 48 pts
C0  | size  60 | dist   2.19 | Known
C1  | size  66 | dist   2.11 | Known
C2  | size  50 | dist  18.41 | New Fault
C3  | size  55 | dist   2.21 | Known
C4  | size  48 | dist  13.90 | New Fault
C5  | size  64 | dist   2.00 | Known
C6  | size  53 | dist   2.37 | Known
C7  | size  54 | dist  16.68 | New Fault
--- Unknown ['5screws', '6screws', '7screws', '3_14screws'] | mcs 23
C3      : 42 pts
C4      : 47 pts
C2      : 49 pts
C1      : 62 pts
C7      : 50 pts
C5      : 60 pts
C0      : 48 pts
C8      : 45 pts
C6      : 47 pts
C0  | size  48 | dist  45.02 | New Fault
C1  | size  62 | dist   2.11 | Known
C2  | size  49 | dist   2.31 | Known
C3  | size  42 | dist  18.50 | New Fault
C4  | size  47 | dist   2.23 | Known
C5  | size  60 | dist   1.96 | Known
C6  | size  47 | dist  13.66 | New Fault
C7  | size  50 | dist   2.28 | Known
C8  | size  45 | dist  16.58 | New Fault
--- Unknown ['5screws', '6screws', '7screws', '3_14screws', '4_146screws'] | mcs 23
C4      : 45 pts
C1      : 57 pts
C6      : 42 pts
C3      : 49 pts
C5      : 49 pts
C2      : 33 pts
C7      : 50 pts
C8      : 45 pts
C9      : 42 pts
C0      : 38 pts
C0  | size  38 | dist  45.36 | New Fault
C1  | size  57 | dist   2.03 | Known
C2  | size  33 | dist  18.50 | New Fault
C3  | size  49 | dist   2.28 | Known
C4  | size  45 | dist  29.96 | New Fault
C5  | size  49 | dist   2.19 | Known
C6  | size  42 | dist  13.71 | New Fault
C7  | size  50 | dist   1.94 | Known
C8  | size  45 | dist   2.33 | Known
C9  | size  42 | dist  16.62 | New Fault
==============================
▶ mcs = 23 | conf = 0.95 | thr = 8.72
==============================
--- Test‑set validation
C0      : 8screws 71筆
C1      : 4screws 66筆
C2      : 1screws 75筆
C3      : 3screws 62筆
C4      : 2screws 76筆
* C0  | size  71 | dist   2.15 | Known
* C1  | size  66 | dist   2.18 | Known
* C2  | size  75 | dist   2.04 | Known
* C3  | size  62 | dist   2.35 | Known
* C4  | size  76 | dist   1.98 | Known
--- Unknown ['5screws'] | mcs 23
C1      : 75 pts
C3      : 76 pts
C2      : 66 pts
C5      : 60 pts
C4      : 62 pts
C0      : 71 pts
C0  | size  71 | dist   2.15 | Known
C1  | size  75 | dist   2.04 | Known
C2  | size  66 | dist   2.18 | Known
C3  | size  76 | dist   1.98 | Known
C4  | size  62 | dist   2.35 | Known
C5  | size  60 | dist  16.75 | New Fault
--- Unknown ['5screws', '6screws'] | mcs 23
C6      : 70 pts
C5      : 61 pts
C4      : 58 pts
C2      : 62 pts
C1      : 73 pts
C0      : 68 pts
C3      : 58 pts
C0  | size  68 | dist   2.16 | Known
C1  | size  73 | dist   2.03 | Known
C2  | size  62 | dist   2.19 | Known
C3  | size  58 | dist  16.68 | New Fault
C4  | size  58 | dist  13.58 | New Fault
C5  | size  61 | dist   2.34 | Known
C6  | size  70 | dist   1.98 | Known
--- Unknown ['5screws', '6screws', '7screws'] | mcs 23
C1      : 66 pts
C7      : 54 pts
C3      : 55 pts
C0      : 60 pts
C5      : 64 pts
C2      : 50 pts
C6      : 53 pts
C4      : 48 pts
C0  | size  60 | dist   2.19 | Known
C1  | size  66 | dist   2.11 | Known
C2  | size  50 | dist  18.41 | New Fault
C3  | size  55 | dist   2.21 | Known
C4  | size  48 | dist  13.90 | New Fault
C5  | size  64 | dist   2.00 | Known
C6  | size  53 | dist   2.37 | Known
C7  | size  54 | dist  16.68 | New Fault
--- Unknown ['5screws', '6screws', '7screws', '3_14screws'] | mcs 23
C3      : 42 pts
C4      : 47 pts
C2      : 49 pts
C1      : 62 pts
C7      : 50 pts
C5      : 60 pts
C0      : 48 pts
C8      : 45 pts
C6      : 47 pts
C0  | size  48 | dist  45.02 | New Fault
C1  | size  62 | dist   2.11 | Known
C2  | size  49 | dist   2.31 | Known
C3  | size  42 | dist  18.50 | New Fault
C4  | size  47 | dist   2.23 | Known
C5  | size  60 | dist   1.96 | Known
C6  | size  47 | dist  13.66 | New Fault
C7  | size  50 | dist   2.28 | Known
C8  | size  45 | dist  16.58 | New Fault
--- Unknown ['5screws', '6screws', '7screws', '3_14screws', '4_146screws'] | mcs 23
C4      : 45 pts
C1      : 57 pts
C6      : 42 pts
C3      : 49 pts
C5      : 49 pts
C2      : 33 pts
C7      : 50 pts
C8      : 45 pts
C9      : 42 pts
C0      : 38 pts
C0  | size  38 | dist  45.36 | New Fault
C1  | size  57 | dist   2.03 | Known
C2  | size  33 | dist  18.50 | New Fault
C3  | size  49 | dist   2.28 | Known
C4  | size  45 | dist  29.96 | New Fault
C5  | size  49 | dist   2.19 | Known
C6  | size  42 | dist  13.71 | New Fault
C7  | size  50 | dist   1.94 | Known
C8  | size  45 | dist   2.33 | Known
C9  | size  42 | dist  16.62 | New Fault
==============================
▶ mcs = 23 | conf = 0.99 | thr = 10.54
==============================
--- Test‑set validation
C0      : 8screws 71筆
C1      : 4screws 66筆
C2      : 1screws 75筆
C3      : 3screws 62筆
C4      : 2screws 76筆
* C0  | size  71 | dist   2.15 | Known
* C1  | size  66 | dist   2.18 | Known
* C2  | size  75 | dist   2.04 | Known
* C3  | size  62 | dist   2.35 | Known
* C4  | size  76 | dist   1.98 | Known
--- Unknown ['5screws'] | mcs 23
C1      : 75 pts
C3      : 76 pts
C2      : 66 pts
C5      : 60 pts
C4      : 62 pts
C0      : 71 pts
C0  | size  71 | dist   2.15 | Known
C1  | size  75 | dist   2.04 | Known
C2  | size  66 | dist   2.18 | Known
C3  | size  76 | dist   1.98 | Known
C4  | size  62 | dist   2.35 | Known
C5  | size  60 | dist  16.75 | New Fault
--- Unknown ['5screws', '6screws'] | mcs 23
C6      : 70 pts
C5      : 61 pts
C4      : 58 pts
C2      : 62 pts
C1      : 73 pts
C0      : 68 pts
C3      : 58 pts
C0  | size  68 | dist   2.16 | Known
C1  | size  73 | dist   2.03 | Known
C2  | size  62 | dist   2.19 | Known
C3  | size  58 | dist  16.68 | New Fault
C4  | size  58 | dist  13.58 | New Fault
C5  | size  61 | dist   2.34 | Known
C6  | size  70 | dist   1.98 | Known
--- Unknown ['5screws', '6screws', '7screws'] | mcs 23
C1      : 66 pts
C7      : 54 pts
C3      : 55 pts
C0      : 60 pts
C5      : 64 pts
C2      : 50 pts
C6      : 53 pts
C4      : 48 pts
C0  | size  60 | dist   2.19 | Known
C1  | size  66 | dist   2.11 | Known
C2  | size  50 | dist  18.41 | New Fault
C3  | size  55 | dist   2.21 | Known
C4  | size  48 | dist  13.90 | New Fault
C5  | size  64 | dist   2.00 | Known
C6  | size  53 | dist   2.37 | Known
C7  | size  54 | dist  16.68 | New Fault
--- Unknown ['5screws', '6screws', '7screws', '3_14screws'] | mcs 23
C3      : 42 pts
C4      : 47 pts
C2      : 49 pts
C1      : 62 pts
C7      : 50 pts
C5      : 60 pts
C0      : 48 pts
C8      : 45 pts
C6      : 47 pts
C0  | size  48 | dist  45.02 | New Fault
C1  | size  62 | dist   2.11 | Known
C2  | size  49 | dist   2.31 | Known
C3  | size  42 | dist  18.50 | New Fault
C4  | size  47 | dist   2.23 | Known
C5  | size  60 | dist   1.96 | Known
C6  | size  47 | dist  13.66 | New Fault
C7  | size  50 | dist   2.28 | Known
C8  | size  45 | dist  16.58 | New Fault
--- Unknown ['5screws', '6screws', '7screws', '3_14screws', '4_146screws'] | mcs 23
C4      : 45 pts
C1      : 57 pts
C6      : 42 pts
C3      : 49 pts
C5      : 49 pts
C2      : 33 pts
C7      : 50 pts
C8      : 45 pts
C9      : 42 pts
C0      : 38 pts
C0  | size  38 | dist  45.36 | New Fault
C1  | size  57 | dist   2.03 | Known
C2  | size  33 | dist  18.50 | New Fault
C3  | size  49 | dist   2.28 | Known
C4  | size  45 | dist  29.96 | New Fault
C5  | size  49 | dist   2.19 | Known
C6  | size  42 | dist  13.71 | New Fault
C7  | size  50 | dist   1.94 | Known
C8  | size  45 | dist   2.33 | Known
C9  | size  42 | dist  16.62 | New Fault
==============================
▶ mcs = 24 | conf = 0.9 | thr = 8.05
==============================
--- Test‑set validation
C0      : 8screws 71筆
C1      : 4screws 66筆
C2      : 1screws 75筆
C3      : 3screws 62筆
C4      : 2screws 76筆
* C0  | size  71 | dist   2.15 | Known
* C1  | size  66 | dist   2.18 | Known
* C2  | size  75 | dist   2.04 | Known
* C3  | size  62 | dist   2.35 | Known
* C4  | size  76 | dist   1.98 | Known
--- Unknown ['5screws'] | mcs 24
C1      : 75 pts
C3      : 76 pts
C2      : 66 pts
C5      : 60 pts
C4      : 62 pts
C0      : 71 pts
C0  | size  71 | dist   2.15 | Known
C1  | size  75 | dist   2.04 | Known
C2  | size  66 | dist   2.18 | Known
C3  | size  76 | dist   1.98 | Known
C4  | size  62 | dist   2.35 | Known
C5  | size  60 | dist  16.75 | New Fault
--- Unknown ['5screws', '6screws'] | mcs 24
C6      : 70 pts
C5      : 61 pts
C4      : 58 pts
C2      : 62 pts
C1      : 73 pts
C0      : 68 pts
C3      : 58 pts
C0  | size  68 | dist   2.16 | Known
C1  | size  73 | dist   2.03 | Known
C2  | size  62 | dist   2.19 | Known
C3  | size  58 | dist  16.68 | New Fault
C4  | size  58 | dist  13.58 | New Fault
C5  | size  61 | dist   2.34 | Known
C6  | size  70 | dist   1.98 | Known
--- Unknown ['5screws', '6screws', '7screws'] | mcs 24
C1      : 66 pts
C7      : 54 pts
C3      : 55 pts
C0      : 60 pts
C5      : 64 pts
C2      : 50 pts
C6      : 53 pts
C4      : 48 pts
C0  | size  60 | dist   2.19 | Known
C1  | size  66 | dist   2.11 | Known
C2  | size  50 | dist  18.41 | New Fault
C3  | size  55 | dist   2.21 | Known
C4  | size  48 | dist  13.90 | New Fault
C5  | size  64 | dist   2.00 | Known
C6  | size  53 | dist   2.37 | Known
C7  | size  54 | dist  16.68 | New Fault
--- Unknown ['5screws', '6screws', '7screws', '3_14screws'] | mcs 24
C3      : 42 pts
C4      : 47 pts
C2      : 49 pts
C1      : 62 pts
C7      : 50 pts
C5      : 60 pts
C0      : 48 pts
C8      : 45 pts
C6      : 47 pts
C0  | size  48 | dist  45.02 | New Fault
C1  | size  62 | dist   2.11 | Known
C2  | size  49 | dist   2.31 | Known
C3  | size  42 | dist  18.50 | New Fault
C4  | size  47 | dist   2.23 | Known
C5  | size  60 | dist   1.96 | Known
C6  | size  47 | dist  13.66 | New Fault
C7  | size  50 | dist   2.28 | Known
C8  | size  45 | dist  16.58 | New Fault
--- Unknown ['5screws', '6screws', '7screws', '3_14screws', '4_146screws'] | mcs 24
C4      : 45 pts
C1      : 57 pts
C6      : 42 pts
C3      : 49 pts
C5      : 49 pts
C2      : 33 pts
C7      : 50 pts
C8      : 45 pts
C9      : 42 pts
C0      : 38 pts
C0  | size  38 | dist  45.36 | New Fault
C1  | size  57 | dist   2.03 | Known
C2  | size  33 | dist  18.50 | New Fault
C3  | size  49 | dist   2.28 | Known
C4  | size  45 | dist  29.96 | New Fault
C5  | size  49 | dist   2.19 | Known
C6  | size  42 | dist  13.71 | New Fault
C7  | size  50 | dist   1.94 | Known
C8  | size  45 | dist   2.33 | Known
C9  | size  42 | dist  16.62 | New Fault
==============================
▶ mcs = 24 | conf = 0.95 | thr = 8.72
==============================
--- Test‑set validation
C0      : 8screws 71筆
C1      : 4screws 66筆
C2      : 1screws 75筆
C3      : 3screws 62筆
C4      : 2screws 76筆
* C0  | size  71 | dist   2.15 | Known
* C1  | size  66 | dist   2.18 | Known
* C2  | size  75 | dist   2.04 | Known
* C3  | size  62 | dist   2.35 | Known
* C4  | size  76 | dist   1.98 | Known
--- Unknown ['5screws'] | mcs 24
C1      : 75 pts
C3      : 76 pts
C2      : 66 pts
C5      : 60 pts
C4      : 62 pts
C0      : 71 pts
C0  | size  71 | dist   2.15 | Known
C1  | size  75 | dist   2.04 | Known
C2  | size  66 | dist   2.18 | Known
C3  | size  76 | dist   1.98 | Known
C4  | size  62 | dist   2.35 | Known
C5  | size  60 | dist  16.75 | New Fault
--- Unknown ['5screws', '6screws'] | mcs 24
C6      : 70 pts
C5      : 61 pts
C4      : 58 pts
C2      : 62 pts
C1      : 73 pts
C0      : 68 pts
C3      : 58 pts
C0  | size  68 | dist   2.16 | Known
C1  | size  73 | dist   2.03 | Known
C2  | size  62 | dist   2.19 | Known
C3  | size  58 | dist  16.68 | New Fault
C4  | size  58 | dist  13.58 | New Fault
C5  | size  61 | dist   2.34 | Known
C6  | size  70 | dist   1.98 | Known
--- Unknown ['5screws', '6screws', '7screws'] | mcs 24
C1      : 66 pts
C7      : 54 pts
C3      : 55 pts
C0      : 60 pts
C5      : 64 pts
C2      : 50 pts
C6      : 53 pts
C4      : 48 pts
C0  | size  60 | dist   2.19 | Known
C1  | size  66 | dist   2.11 | Known
C2  | size  50 | dist  18.41 | New Fault
C3  | size  55 | dist   2.21 | Known
C4  | size  48 | dist  13.90 | New Fault
C5  | size  64 | dist   2.00 | Known
C6  | size  53 | dist   2.37 | Known
C7  | size  54 | dist  16.68 | New Fault
--- Unknown ['5screws', '6screws', '7screws', '3_14screws'] | mcs 24
C3      : 42 pts
C4      : 47 pts
C2      : 49 pts
C1      : 62 pts
C7      : 50 pts
C5      : 60 pts
C0      : 48 pts
C8      : 45 pts
C6      : 47 pts
C0  | size  48 | dist  45.02 | New Fault
C1  | size  62 | dist   2.11 | Known
C2  | size  49 | dist   2.31 | Known
C3  | size  42 | dist  18.50 | New Fault
C4  | size  47 | dist   2.23 | Known
C5  | size  60 | dist   1.96 | Known
C6  | size  47 | dist  13.66 | New Fault
C7  | size  50 | dist   2.28 | Known
C8  | size  45 | dist  16.58 | New Fault
--- Unknown ['5screws', '6screws', '7screws', '3_14screws', '4_146screws'] | mcs 24
C4      : 45 pts
C1      : 57 pts
C6      : 42 pts
C3      : 49 pts
C5      : 49 pts
C2      : 33 pts
C7      : 50 pts
C8      : 45 pts
C9      : 42 pts
C0      : 38 pts
C0  | size  38 | dist  45.36 | New Fault
C1  | size  57 | dist   2.03 | Known
C2  | size  33 | dist  18.50 | New Fault
C3  | size  49 | dist   2.28 | Known
C4  | size  45 | dist  29.96 | New Fault
C5  | size  49 | dist   2.19 | Known
C6  | size  42 | dist  13.71 | New Fault
C7  | size  50 | dist   1.94 | Known
C8  | size  45 | dist   2.33 | Known
C9  | size  42 | dist  16.62 | New Fault
==============================
▶ mcs = 24 | conf = 0.99 | thr = 10.54
==============================
--- Test‑set validation
C0      : 8screws 71筆
C1      : 4screws 66筆
C2      : 1screws 75筆
C3      : 3screws 62筆
C4      : 2screws 76筆
* C0  | size  71 | dist   2.15 | Known
* C1  | size  66 | dist   2.18 | Known
* C2  | size  75 | dist   2.04 | Known
* C3  | size  62 | dist   2.35 | Known
* C4  | size  76 | dist   1.98 | Known
--- Unknown ['5screws'] | mcs 24
C1      : 75 pts
C3      : 76 pts
C2      : 66 pts
C5      : 60 pts
C4      : 62 pts
C0      : 71 pts
C0  | size  71 | dist   2.15 | Known
C1  | size  75 | dist   2.04 | Known
C2  | size  66 | dist   2.18 | Known
C3  | size  76 | dist   1.98 | Known
C4  | size  62 | dist   2.35 | Known
C5  | size  60 | dist  16.75 | New Fault
--- Unknown ['5screws', '6screws'] | mcs 24
C6      : 70 pts
C5      : 61 pts
C4      : 58 pts
C2      : 62 pts
C1      : 73 pts
C0      : 68 pts
C3      : 58 pts
C0  | size  68 | dist   2.16 | Known
C1  | size  73 | dist   2.03 | Known
C2  | size  62 | dist   2.19 | Known
C3  | size  58 | dist  16.68 | New Fault
C4  | size  58 | dist  13.58 | New Fault
C5  | size  61 | dist   2.34 | Known
C6  | size  70 | dist   1.98 | Known
--- Unknown ['5screws', '6screws', '7screws'] | mcs 24
C1      : 66 pts
C7      : 54 pts
C3      : 55 pts
C0      : 60 pts
C5      : 64 pts
C2      : 50 pts
C6      : 53 pts
C4      : 48 pts
C0  | size  60 | dist   2.19 | Known
C1  | size  66 | dist   2.11 | Known
C2  | size  50 | dist  18.41 | New Fault
C3  | size  55 | dist   2.21 | Known
C4  | size  48 | dist  13.90 | New Fault
C5  | size  64 | dist   2.00 | Known
C6  | size  53 | dist   2.37 | Known
C7  | size  54 | dist  16.68 | New Fault
--- Unknown ['5screws', '6screws', '7screws', '3_14screws'] | mcs 24
C3      : 42 pts
C4      : 47 pts
C2      : 49 pts
C1      : 62 pts
C7      : 50 pts
C5      : 60 pts
C0      : 48 pts
C8      : 45 pts
C6      : 47 pts
C0  | size  48 | dist  45.02 | New Fault
C1  | size  62 | dist   2.11 | Known
C2  | size  49 | dist   2.31 | Known
C3  | size  42 | dist  18.50 | New Fault
C4  | size  47 | dist   2.23 | Known
C5  | size  60 | dist   1.96 | Known
C6  | size  47 | dist  13.66 | New Fault
C7  | size  50 | dist   2.28 | Known
C8  | size  45 | dist  16.58 | New Fault
--- Unknown ['5screws', '6screws', '7screws', '3_14screws', '4_146screws'] | mcs 24
C4      : 45 pts
C1      : 57 pts
C6      : 42 pts
C3      : 49 pts
C5      : 49 pts
C2      : 33 pts
C7      : 50 pts
C8      : 45 pts
C9      : 42 pts
C0      : 38 pts
C0  | size  38 | dist  45.36 | New Fault
C1  | size  57 | dist   2.03 | Known
C2  | size  33 | dist  18.50 | New Fault
C3  | size  49 | dist   2.28 | Known
C4  | size  45 | dist  29.96 | New Fault
C5  | size  49 | dist   2.19 | Known
C6  | size  42 | dist  13.71 | New Fault
C7  | size  50 | dist   1.94 | Known
C8  | size  45 | dist   2.33 | Known
C9  | size  42 | dist  16.62 | New Fault
