2026-08-05 15:50:56 | INFO  | Logger initialized
2026-08-05 15:50:56 | INFO  | log_file=/home/albert/Ancestor/logs/Step3_Model_22_OneStage/2026-08-05-15-50-56.log
2026-08-05 15:50:56 | INFO  | output_dir=/home/albert/Ancestor/output/Step3_Model_22_OneStage/2026-08-05-15-50-56
[gpu_utils] GPU x1 已啟用：['/physical_device:GPU:0']
自訂 Label Mapping:
8screws: 0
1screws: 1
2screws: 2
3screws: 3
4screws: 4
模型已成功載入。
Model 2 - Layer 0: input_layer | Trainable: False
Model 2 - Layer 1: conv1d | Trainable: False
Model 2 - Layer 2: conv1d_1 | Trainable: False
Model 2 - Layer 3: max_pooling1d | Trainable: False
Model 2 - Layer 4: conv1d_2 | Trainable: False
Model 2 - Layer 5: max_pooling1d_1 | Trainable: False
Model 2 - Layer 6: conv1d_3 | Trainable: True
Model 2 - Layer 7: max_pooling1d_2 | Trainable: True
Model 2 - Layer 8: flatten | Trainable: True
Model 2 - Layer 9: dense | Trainable: True
Model 2 - Layer 10: dropout | Trainable: True
Model 2 - Layer 11: Screw_Number_Output | Trainable: True
[Training] Device: /GPU:0
Epoch 1/100
75/75 32ms/step accuracy=0.3635 loss=5.1475
75/75 54ms/step accuracy=0.3915 loss=4.2166 val_accuracy=0.4317 val_loss=2.5264
Epoch 2/100
75/75 4ms/step accuracy=0.4520 loss=2.4917 val_accuracy=0.5683 val_loss=1.5335
Epoch 3/100
75/75 5ms/step accuracy=0.5413 loss=1.6766 val_accuracy=0.6483 val_loss=1.0849
Epoch 4/100
75/75 4ms/step accuracy=0.5977 loss=1.1917 val_accuracy=0.7067 val_loss=0.8642
Epoch 5/100
75/75 5ms/step accuracy=0.6198 loss=1.0184 val_accuracy=0.7317 val_loss=0.7328
Epoch 6/100
75/75 4ms/step accuracy=0.6569 loss=0.8889 val_accuracy=0.7650 val_loss=0.6434
Epoch 7/100
75/75 5ms/step accuracy=0.6824 loss=0.7971 val_accuracy=0.7850 val_loss=0.5762
Epoch 8/100
75/75 4ms/step accuracy=0.6966 loss=0.7416 val_accuracy=0.8133 val_loss=0.5215
Epoch 9/100
75/75 5ms/step accuracy=0.7237 loss=0.6960 val_accuracy=0.8400 val_loss=0.4716
Epoch 10/100
75/75 4ms/step accuracy=0.7304 loss=0.6477 val_accuracy=0.8467 val_loss=0.4288
Epoch 11/100
75/75 5ms/step accuracy=0.7433 loss=0.6018 val_accuracy=0.8617 val_loss=0.3893
Epoch 12/100
75/75 4ms/step accuracy=0.7625 loss=0.5818 val_accuracy=0.8733 val_loss=0.3562
Epoch 13/100
75/75 5ms/step accuracy=0.7884 loss=0.5465 val_accuracy=0.8917 val_loss=0.3254
Epoch 14/100
75/75 4ms/step accuracy=0.8155 loss=0.5136 val_accuracy=0.9050 val_loss=0.3003
Epoch 15/100
75/75 5ms/step accuracy=0.8205 loss=0.4693 val_accuracy=0.9167 val_loss=0.2729
Epoch 16/100
75/75 4ms/step accuracy=0.8172 loss=0.4563 val_accuracy=0.9333 val_loss=0.2534
Epoch 17/100
75/75 5ms/step accuracy=0.8335 loss=0.4252 val_accuracy=0.9383 val_loss=0.2359
Epoch 18/100
75/75 4ms/step accuracy=0.8435 loss=0.4112 val_accuracy=0.9450 val_loss=0.2154
Epoch 19/100
75/75 4ms/step accuracy=0.8531 loss=0.3845 val_accuracy=0.9483 val_loss=0.1986
Epoch 20/100
75/75 4ms/step accuracy=0.8631 loss=0.3690 val_accuracy=0.9533 val_loss=0.1836
Epoch 21/100
75/75 5ms/step accuracy=0.8660 loss=0.3559 val_accuracy=0.9617 val_loss=0.1680
Epoch 22/100
75/75 4ms/step accuracy=0.8731 loss=0.3509 val_accuracy=0.9633 val_loss=0.1625
Epoch 23/100
75/75 5ms/step accuracy=0.8702 loss=0.3325 val_accuracy=0.9683 val_loss=0.1496
Epoch 24/100
75/75 4ms/step accuracy=0.8844 loss=0.3080 val_accuracy=0.9700 val_loss=0.1410
Epoch 25/100
75/75 5ms/step accuracy=0.8819 loss=0.3182 val_accuracy=0.9733 val_loss=0.1313
Epoch 26/100
75/75 4ms/step accuracy=0.8811 loss=0.2999 val_accuracy=0.9717 val_loss=0.1234
Epoch 27/100
75/75 2ms/step accuracy=0.9024 loss=0.2757
75/75 5ms/step accuracy=0.9019 loss=0.2760 val_accuracy=0.9767 val_loss=0.1152
Epoch 28/100
75/75 4ms/step accuracy=0.9028 loss=0.2580 val_accuracy=0.9750 val_loss=0.1059
Epoch 29/100
75/75 5ms/step accuracy=0.9115 loss=0.2556 val_accuracy=0.9767 val_loss=0.1032
Epoch 30/100
75/75 4ms/step accuracy=0.9103 loss=0.2441 val_accuracy=0.9833 val_loss=0.0900
Epoch 31/100
75/75 5ms/step accuracy=0.9028 loss=0.2508 val_accuracy=0.9867 val_loss=0.0886
Epoch 32/100
75/75 4ms/step accuracy=0.9161 loss=0.2309 val_accuracy=0.9867 val_loss=0.0822
Epoch 33/100
75/75 5ms/step accuracy=0.9249 loss=0.2173 val_accuracy=0.9883 val_loss=0.0773
Epoch 34/100
75/75 4ms/step accuracy=0.9124 loss=0.2291 val_accuracy=0.9917 val_loss=0.0703
Epoch 35/100
75/75 5ms/step accuracy=0.9370 loss=0.1893 val_accuracy=0.9917 val_loss=0.0662
Epoch 36/100
75/75 4ms/step accuracy=0.9240 loss=0.2048 val_accuracy=0.9917 val_loss=0.0623
Epoch 37/100
75/75 2ms/step accuracy=0.9314 loss=0.1922
75/75 5ms/step accuracy=0.9316 loss=0.1928 val_accuracy=0.9900 val_loss=0.0604
Epoch 38/100
75/75 4ms/step accuracy=0.9345 loss=0.1842 val_accuracy=0.9933 val_loss=0.0507
Epoch 39/100
75/75 2ms/step accuracy=0.9372 loss=0.1689
75/75 5ms/step accuracy=0.9395 loss=0.1683 val_accuracy=0.9950 val_loss=0.0467
Epoch 40/100
75/75 4ms/step accuracy=0.9378 loss=0.1725 val_accuracy=0.9950 val_loss=0.0448
Epoch 41/100
75/75 5ms/step accuracy=0.9386 loss=0.1659 val_accuracy=0.9950 val_loss=0.0428
Epoch 42/100
75/75 4ms/step accuracy=0.9395 loss=0.1641 val_accuracy=0.9967 val_loss=0.0388
Epoch 43/100
75/75 5ms/step accuracy=0.9495 loss=0.1450 val_accuracy=0.9967 val_loss=0.0367
Epoch 44/100
75/75 4ms/step accuracy=0.9453 loss=0.1490 val_accuracy=0.9983 val_loss=0.0327
Epoch 45/100
75/75 5ms/step accuracy=0.9524 loss=0.1398 val_accuracy=0.9967 val_loss=0.0307
Epoch 46/100
75/75 4ms/step accuracy=0.9503 loss=0.1332 val_accuracy=0.9967 val_loss=0.0288
Epoch 47/100
75/75 5ms/step accuracy=0.9474 loss=0.1368 val_accuracy=0.9983 val_loss=0.0255
Epoch 48/100
75/75 4ms/step accuracy=0.9537 loss=0.1273 val_accuracy=0.9983 val_loss=0.0247
Epoch 49/100
75/75 5ms/step accuracy=0.9474 loss=0.1414 val_accuracy=0.9983 val_loss=0.0228
Epoch 50/100
75/75 4ms/step accuracy=0.9541 loss=0.1283 val_accuracy=0.9983 val_loss=0.0217
Epoch 51/100
75/75 5ms/step accuracy=0.9570 loss=0.1133 val_accuracy=0.9983 val_loss=0.0186
Epoch 52/100
75/75 4ms/step accuracy=0.9570 loss=0.1211 val_accuracy=0.9983 val_loss=0.0184
Epoch 53/100
75/75 5ms/step accuracy=0.9566 loss=0.1175 val_accuracy=0.9983 val_loss=0.0171
Epoch 54/100
75/75 4ms/step accuracy=0.9591 loss=0.1223 val_accuracy=0.9983 val_loss=0.0186
Epoch 55/100
75/75 5ms/step accuracy=0.9604 loss=0.1165 val_accuracy=1.0000 val_loss=0.0157
Epoch 56/100
75/75 4ms/step accuracy=0.9591 loss=0.1139 val_accuracy=0.9983 val_loss=0.0149
Epoch 57/100
75/75 5ms/step accuracy=0.9587 loss=0.1138 val_accuracy=1.0000 val_loss=0.0142
Epoch 58/100
75/75 4ms/step accuracy=0.9654 loss=0.1082 val_accuracy=1.0000 val_loss=0.0132
Epoch 59/100
75/75 5ms/step accuracy=0.9649 loss=0.0976 val_accuracy=1.0000 val_loss=0.0119
Epoch 60/100
75/75 4ms/step accuracy=0.9649 loss=0.0983 val_accuracy=1.0000 val_loss=0.0113
Epoch 61/100
75/75 5ms/step accuracy=0.9708 loss=0.0891 val_accuracy=1.0000 val_loss=0.0104
Epoch 62/100
75/75 4ms/step accuracy=0.9629 loss=0.0976 val_accuracy=1.0000 val_loss=0.0099
Epoch 63/100
75/75 5ms/step accuracy=0.9616 loss=0.0949 val_accuracy=1.0000 val_loss=0.0087
Epoch 64/100
75/75 4ms/step accuracy=0.9629 loss=0.0981 val_accuracy=1.0000 val_loss=0.0082
Epoch 65/100
75/75 5ms/step accuracy=0.9637 loss=0.0894 val_accuracy=1.0000 val_loss=0.0079
Epoch 66/100
75/75 4ms/step accuracy=0.9662 loss=0.0884 val_accuracy=1.0000 val_loss=0.0085
Epoch 67/100
75/75 5ms/step accuracy=0.9691 loss=0.0857 val_accuracy=1.0000 val_loss=0.0077
Epoch 68/100
75/75 4ms/step accuracy=0.9699 loss=0.0818 val_accuracy=1.0000 val_loss=0.0079
Epoch 69/100
75/75 5ms/step accuracy=0.9666 loss=0.0852 val_accuracy=1.0000 val_loss=0.0070
Epoch 70/100
75/75 4ms/step accuracy=0.9737 loss=0.0736 val_accuracy=1.0000 val_loss=0.0062
Epoch 71/100
75/75 5ms/step accuracy=0.9708 loss=0.0796 val_accuracy=1.0000 val_loss=0.0066
Epoch 72/100
75/75 4ms/step accuracy=0.9654 loss=0.0861 val_accuracy=1.0000 val_loss=0.0061
Epoch 73/100
75/75 5ms/step accuracy=0.9699 loss=0.0787 val_accuracy=1.0000 val_loss=0.0056
Epoch 74/100
75/75 4ms/step accuracy=0.9725 loss=0.0697 val_accuracy=1.0000 val_loss=0.0055
Epoch 75/100
75/75 5ms/step accuracy=0.9666 loss=0.0805 val_accuracy=1.0000 val_loss=0.0055
Epoch 76/100
75/75 4ms/step accuracy=0.9779 loss=0.0672 val_accuracy=1.0000 val_loss=0.0049
Epoch 77/100
75/75 5ms/step accuracy=0.9687 loss=0.0705 val_accuracy=0.9983 val_loss=0.0047
Epoch 78/100
75/75 4ms/step accuracy=0.9791 loss=0.0629 val_accuracy=0.9983 val_loss=0.0049
Epoch 79/100
75/75 5ms/step accuracy=0.9750 loss=0.0690 val_accuracy=1.0000 val_loss=0.0047
Epoch 80/100
75/75 4ms/step accuracy=0.9733 loss=0.0756 val_accuracy=1.0000 val_loss=0.0041
Epoch 81/100
75/75 5ms/step accuracy=0.9745 loss=0.0636 val_accuracy=1.0000 val_loss=0.0038
Epoch 82/100
75/75 4ms/step accuracy=0.9687 loss=0.0736 val_accuracy=1.0000 val_loss=0.0037
Epoch 83/100
75/75 5ms/step accuracy=0.9745 loss=0.0683 val_accuracy=1.0000 val_loss=0.0039
Epoch 84/100
75/75 4ms/step accuracy=0.9750 loss=0.0626 val_accuracy=1.0000 val_loss=0.0037
Epoch 85/100
75/75 5ms/step accuracy=0.9716 loss=0.0714 val_accuracy=1.0000 val_loss=0.0037
Epoch 86/100
75/75 4ms/step accuracy=0.9750 loss=0.0702 val_accuracy=1.0000 val_loss=0.0035
Epoch 87/100
75/75 5ms/step accuracy=0.9708 loss=0.0702 val_accuracy=1.0000 val_loss=0.0033
Epoch 88/100
75/75 4ms/step accuracy=0.9804 loss=0.0569 val_accuracy=1.0000 val_loss=0.0031
Epoch 89/100
75/75 5ms/step accuracy=0.9733 loss=0.0689 val_accuracy=1.0000 val_loss=0.0032
Epoch 90/100
75/75 4ms/step accuracy=0.9741 loss=0.0618 val_accuracy=1.0000 val_loss=0.0032
Epoch 91/100
75/75 5ms/step accuracy=0.9791 loss=0.0561 val_accuracy=1.0000 val_loss=0.0029
Epoch 92/100
75/75 4ms/step accuracy=0.9783 loss=0.0566 val_accuracy=1.0000 val_loss=0.0029
Epoch 93/100
75/75 5ms/step accuracy=0.9766 loss=0.0628 val_accuracy=1.0000 val_loss=0.0028
Epoch 94/100
75/75 4ms/step accuracy=0.9754 loss=0.0589 val_accuracy=1.0000 val_loss=0.0027
Epoch 95/100
75/75 5ms/step accuracy=0.9754 loss=0.0640 val_accuracy=1.0000 val_loss=0.0025
Epoch 96/100
75/75 4ms/step accuracy=0.9716 loss=0.0633 val_accuracy=1.0000 val_loss=0.0025
Epoch 97/100
75/75 5ms/step accuracy=0.9775 loss=0.0584 val_accuracy=1.0000 val_loss=0.0025
Epoch 98/100
75/75 4ms/step accuracy=0.9750 loss=0.0584 val_accuracy=1.0000 val_loss=0.0025
Epoch 99/100
75/75 5ms/step accuracy=0.9779 loss=0.0564 val_accuracy=1.0000 val_loss=0.0024
Epoch 100/100
75/75 4ms/step accuracy=0.9783 loss=0.0557 val_accuracy=1.0000 val_loss=0.0023
19/19 11ms/step accuracy=1.0000 loss=0.0023
Loss: 0.0023, Accuracy: 1.0000
2026-08-05 15:51:41 | INFO  | Saved plot: /home/albert/Ancestor/output/Step3_Model_22_OneStage/2026-08-05-15-50-56/plot_000.png
2026-08-05 15:51:41 | INFO  | Saved plot: /home/albert/Ancestor/output/Step3_Model_22_OneStage/2026-08-05-15-50-56/plot_001.png
2026-08-05 15:51:42 | INFO  | Saved plot: /home/albert/Ancestor/output/Step3_Model_22_OneStage/2026-08-05-15-50-56/plot_002.png
