2026-08-05 15:50:03 | INFO  | Logger initialized
2026-08-05 15:50:03 | INFO  | log_file=/home/albert/Ancestor/logs/Step3_Model_21_OneStage/2026-08-05-15-50-03.log
2026-08-05 15:50:03 | INFO  | output_dir=/home/albert/Ancestor/output/Step3_Model_21_OneStage/2026-08-05-15-50-03
[gpu_utils] GPU x1 已啟用：['/physical_device:GPU:0']
自訂 Label Mapping:
8screws: 0
1screws: 1
2screws: 2
3screws: 3
4screws: 4
模型已成功載入。
Model 2 - Layer 0: input_layer | Trainable: False
Model 2 - Layer 1: conv1d | Trainable: False
Model 2 - Layer 2: conv1d_1 | Trainable: False
Model 2 - Layer 3: max_pooling1d | Trainable: False
Model 2 - Layer 4: conv1d_2 | Trainable: False
Model 2 - Layer 5: conv1d_3 | Trainable: False
Model 2 - Layer 6: max_pooling1d_1 | Trainable: False
Model 2 - Layer 7: conv1d_4 | Trainable: False
Model 2 - Layer 8: conv1d_5 | Trainable: False
Model 2 - Layer 9: conv1d_6 | Trainable: False
Model 2 - Layer 10: max_pooling1d_2 | Trainable: False
Model 2 - Layer 11: conv1d_7 | Trainable: False
Model 2 - Layer 12: conv1d_8 | Trainable: False
Model 2 - Layer 13: conv1d_9 | Trainable: True
Model 2 - Layer 14: max_pooling1d_3 | Trainable: True
Model 2 - Layer 15: conv1d_10 | Trainable: True
Model 2 - Layer 16: conv1d_11 | Trainable: True
Model 2 - Layer 17: conv1d_12 | Trainable: True
Model 2 - Layer 18: max_pooling1d_4 | Trainable: True
Model 2 - Layer 19: flatten | Trainable: True
Model 2 - Layer 20: dense | Trainable: True
Model 2 - Layer 21: dropout | Trainable: True
Model 2 - Layer 22: dense_1 | Trainable: True
Model 2 - Layer 23: dropout_1 | Trainable: True
Model 2 - Layer 24: Screw_Number_Output | Trainable: True
[Training] Device: /GPU:0
Epoch 1/100
75/75 48ms/step accuracy=0.5258 loss=2.4868
75/75 75ms/step accuracy=0.5217 loss=1.9774 val_accuracy=0.5810 val_loss=1.1279
Epoch 2/100
75/75 4ms/step accuracy=0.5301 loss=1.2012 val_accuracy=0.5843 val_loss=0.8981
Epoch 3/100
75/75 4ms/step accuracy=0.5417 loss=1.0168 val_accuracy=0.6277 val_loss=0.7994
Epoch 4/100
75/75 4ms/step accuracy=0.5935 loss=0.9111 val_accuracy=0.7012 val_loss=0.7381
Epoch 5/100
75/75 4ms/step accuracy=0.6260 loss=0.8583 val_accuracy=0.7529 val_loss=0.6842
Epoch 6/100
75/75 4ms/step accuracy=0.6845 loss=0.7853 val_accuracy=0.8147 val_loss=0.6296
Epoch 7/100
75/75 4ms/step accuracy=0.7028 loss=0.7420 val_accuracy=0.8314 val_loss=0.5791
Epoch 8/100
75/75 4ms/step accuracy=0.7425 loss=0.6862 val_accuracy=0.8648 val_loss=0.5200
Epoch 9/100
75/75 4ms/step accuracy=0.7446 loss=0.6683 val_accuracy=0.8781 val_loss=0.4672
Epoch 10/100
75/75 4ms/step accuracy=0.7750 loss=0.6119 val_accuracy=0.8798 val_loss=0.3977
Epoch 11/100
75/75 4ms/step accuracy=0.7959 loss=0.5556 val_accuracy=0.8965 val_loss=0.3151
Epoch 12/100
75/75 4ms/step accuracy=0.8155 loss=0.5033 val_accuracy=0.9299 val_loss=0.2835
Epoch 13/100
75/75 4ms/step accuracy=0.8293 loss=0.4667 val_accuracy=0.9349 val_loss=0.2502
Epoch 14/100
75/75 4ms/step accuracy=0.8439 loss=0.4351 val_accuracy=0.9399 val_loss=0.2357
Epoch 15/100
75/75 4ms/step accuracy=0.8535 loss=0.4269 val_accuracy=0.9499 val_loss=0.2274
Epoch 16/100
75/75 4ms/step accuracy=0.8689 loss=0.3872 val_accuracy=0.9549 val_loss=0.1957
Epoch 17/100
75/75 4ms/step accuracy=0.8627 loss=0.3987 val_accuracy=0.9549 val_loss=0.1845
Epoch 18/100
75/75 4ms/step accuracy=0.8723 loss=0.3753 val_accuracy=0.9566 val_loss=0.1748
Epoch 19/100
75/75 4ms/step accuracy=0.8773 loss=0.3569 val_accuracy=0.9666 val_loss=0.1581
Epoch 20/100
75/75 4ms/step accuracy=0.8848 loss=0.3604 val_accuracy=0.9750 val_loss=0.1415
Epoch 21/100
75/75 4ms/step accuracy=0.8965 loss=0.3294 val_accuracy=0.9766 val_loss=0.1355
Epoch 22/100
75/75 4ms/step accuracy=0.9061 loss=0.3207 val_accuracy=0.9783 val_loss=0.1266
Epoch 23/100
75/75 4ms/step accuracy=0.8998 loss=0.3149 val_accuracy=0.9816 val_loss=0.1207
Epoch 24/100
75/75 4ms/step accuracy=0.8982 loss=0.3025 val_accuracy=0.9816 val_loss=0.1094
Epoch 25/100
75/75 4ms/step accuracy=0.9061 loss=0.2865 val_accuracy=0.9866 val_loss=0.0998
Epoch 26/100
75/75 4ms/step accuracy=0.9007 loss=0.3072 val_accuracy=0.9900 val_loss=0.0821
Epoch 27/100
75/75 4ms/step accuracy=0.9149 loss=0.2678 val_accuracy=0.9900 val_loss=0.0757
Epoch 28/100
75/75 4ms/step accuracy=0.9136 loss=0.2661 val_accuracy=0.9917 val_loss=0.0664
Epoch 29/100
75/75 4ms/step accuracy=0.9311 loss=0.2281 val_accuracy=0.9933 val_loss=0.0628
Epoch 30/100
75/75 4ms/step accuracy=0.9303 loss=0.2240 val_accuracy=0.9917 val_loss=0.0552
Epoch 31/100
75/75 4ms/step accuracy=0.9303 loss=0.2121 val_accuracy=0.9917 val_loss=0.0523
Epoch 32/100
75/75 4ms/step accuracy=0.9403 loss=0.1958 val_accuracy=0.9950 val_loss=0.0545
Epoch 33/100
75/75 4ms/step accuracy=0.9370 loss=0.1962 val_accuracy=0.9950 val_loss=0.0481
Epoch 34/100
75/75 4ms/step accuracy=0.9416 loss=0.1980 val_accuracy=0.9950 val_loss=0.0493
Epoch 35/100
75/75 4ms/step accuracy=0.9432 loss=0.1940 val_accuracy=0.9950 val_loss=0.0459
Epoch 36/100
75/75 4ms/step accuracy=0.9457 loss=0.1773 val_accuracy=0.9950 val_loss=0.0467
Epoch 37/100
75/75 4ms/step accuracy=0.9457 loss=0.1882 val_accuracy=0.9950 val_loss=0.0394
Epoch 38/100
75/75 4ms/step accuracy=0.9495 loss=0.1822 val_accuracy=0.9950 val_loss=0.0333
Epoch 39/100
75/75 4ms/step accuracy=0.9520 loss=0.1591 val_accuracy=0.9950 val_loss=0.0390
Epoch 40/100
75/75 4ms/step accuracy=0.9512 loss=0.1634 val_accuracy=0.9967 val_loss=0.0285
Epoch 41/100
75/75 3ms/step accuracy=0.9398 loss=0.1795
75/75 4ms/step accuracy=0.9420 loss=0.1767 val_accuracy=0.9967 val_loss=0.0276
Epoch 42/100
75/75 4ms/step accuracy=0.9533 loss=0.1635 val_accuracy=0.9967 val_loss=0.0284
Epoch 43/100
75/75 3ms/step accuracy=0.9513 loss=0.1648
75/75 4ms/step accuracy=0.9499 loss=0.1656 val_accuracy=0.9950 val_loss=0.0269
Epoch 44/100
75/75 4ms/step accuracy=0.9512 loss=0.1636 val_accuracy=0.9950 val_loss=0.0280
Epoch 45/100
75/75 6ms/step accuracy=0.9445 loss=0.1738 val_accuracy=0.9950 val_loss=0.0275
Epoch 46/100
75/75 4ms/step accuracy=0.9612 loss=0.1445 val_accuracy=0.9950 val_loss=0.0267
Epoch 47/100
75/75 4ms/step accuracy=0.9578 loss=0.1476 val_accuracy=0.9950 val_loss=0.0262
Epoch 48/100
75/75 4ms/step accuracy=0.9578 loss=0.1363 val_accuracy=0.9950 val_loss=0.0257
Epoch 49/100
75/75 4ms/step accuracy=0.9553 loss=0.1501 val_accuracy=0.9950 val_loss=0.0236
Epoch 50/100
75/75 4ms/step accuracy=0.9591 loss=0.1347 val_accuracy=0.9950 val_loss=0.0183
Epoch 51/100
75/75 4ms/step accuracy=0.9566 loss=0.1347 val_accuracy=0.9950 val_loss=0.0191
Epoch 52/100
75/75 4ms/step accuracy=0.9549 loss=0.1475 val_accuracy=0.9933 val_loss=0.0247
Epoch 53/100
75/75 4ms/step accuracy=0.9578 loss=0.1336 val_accuracy=0.9950 val_loss=0.0206
Epoch 54/100
75/75 5ms/step accuracy=0.9629 loss=0.1357 val_accuracy=0.9967 val_loss=0.0151
Epoch 55/100
75/75 4ms/step accuracy=0.9587 loss=0.1348 val_accuracy=0.9950 val_loss=0.0193
Epoch 56/100
75/75 3ms/step accuracy=0.9553 loss=0.1403
75/75 4ms/step accuracy=0.9570 loss=0.1394 val_accuracy=0.9950 val_loss=0.0200
Epoch 57/100
75/75 4ms/step accuracy=0.9662 loss=0.1284 val_accuracy=0.9967 val_loss=0.0154
Epoch 58/100
75/75 6ms/step accuracy=0.9604 loss=0.1338 val_accuracy=0.9950 val_loss=0.0173
Epoch 59/100
75/75 4ms/step accuracy=0.9624 loss=0.1353 val_accuracy=0.9950 val_loss=0.0145
Epoch 60/100
75/75 4ms/step accuracy=0.9629 loss=0.1187 val_accuracy=0.9967 val_loss=0.0130
Epoch 61/100
75/75 4ms/step accuracy=0.9687 loss=0.1082 val_accuracy=0.9950 val_loss=0.0163
Epoch 62/100
75/75 4ms/step accuracy=0.9654 loss=0.1145 val_accuracy=0.9967 val_loss=0.0127
Epoch 63/100
75/75 3ms/step accuracy=0.9653 loss=0.1288
75/75 4ms/step accuracy=0.9654 loss=0.1194 val_accuracy=0.9950 val_loss=0.0155
Epoch 64/100
75/75 4ms/step accuracy=0.9699 loss=0.1082 val_accuracy=0.9950 val_loss=0.0133
Epoch 65/100
75/75 4ms/step accuracy=0.9649 loss=0.1213 val_accuracy=0.9950 val_loss=0.0136
Epoch 66/100
75/75 4ms/step accuracy=0.9629 loss=0.1201 val_accuracy=0.9967 val_loss=0.0109
Epoch 67/100
75/75 4ms/step accuracy=0.9620 loss=0.1235 val_accuracy=0.9950 val_loss=0.0128
Epoch 68/100
75/75 4ms/step accuracy=0.9641 loss=0.1129 val_accuracy=0.9967 val_loss=0.0109
Epoch 69/100
75/75 4ms/step accuracy=0.9633 loss=0.1228 val_accuracy=0.9950 val_loss=0.0182
Epoch 70/100
75/75 4ms/step accuracy=0.9641 loss=0.1089 val_accuracy=0.9967 val_loss=0.0120
Epoch 71/100
75/75 4ms/step accuracy=0.9658 loss=0.1105 val_accuracy=0.9950 val_loss=0.0116
Epoch 72/100
75/75 4ms/step accuracy=0.9699 loss=0.1142 val_accuracy=0.9950 val_loss=0.0105
Epoch 73/100
75/75 4ms/step accuracy=0.9637 loss=0.1210 val_accuracy=0.9950 val_loss=0.0119
Epoch 74/100
75/75 4ms/step accuracy=0.9687 loss=0.1144 val_accuracy=0.9950 val_loss=0.0145
Epoch 75/100
75/75 4ms/step accuracy=0.9729 loss=0.1076 val_accuracy=0.9950 val_loss=0.0108
Epoch 76/100
75/75 4ms/step accuracy=0.9695 loss=0.1064 val_accuracy=0.9967 val_loss=0.0110
Epoch 77/100
75/75 4ms/step accuracy=0.9679 loss=0.1087 val_accuracy=0.9967 val_loss=0.0107
Epoch 78/100
75/75 4ms/step accuracy=0.9679 loss=0.1136 val_accuracy=0.9967 val_loss=0.0103
Epoch 79/100
75/75 4ms/step accuracy=0.9716 loss=0.0992 val_accuracy=0.9950 val_loss=0.0087
Epoch 80/100
75/75 4ms/step accuracy=0.9712 loss=0.1052 val_accuracy=0.9967 val_loss=0.0100
Epoch 81/100
75/75 4ms/step accuracy=0.9733 loss=0.0970 val_accuracy=0.9967 val_loss=0.0086
Epoch 82/100
75/75 4ms/step accuracy=0.9708 loss=0.0948 val_accuracy=0.9967 val_loss=0.0067
Epoch 83/100
75/75 4ms/step accuracy=0.9762 loss=0.0907 val_accuracy=0.9967 val_loss=0.0086
Epoch 84/100
75/75 4ms/step accuracy=0.9683 loss=0.0964 val_accuracy=0.9950 val_loss=0.0122
Epoch 85/100
75/75 4ms/step accuracy=0.9729 loss=0.0977 val_accuracy=0.9967 val_loss=0.0071
Epoch 86/100
75/75 3ms/step accuracy=0.9758 loss=0.0882
75/75 4ms/step accuracy=0.9733 loss=0.0936 val_accuracy=0.9967 val_loss=0.0077
Epoch 87/100
75/75 4ms/step accuracy=0.9775 loss=0.0879 val_accuracy=0.9967 val_loss=0.0089
Epoch 88/100
75/75 4ms/step accuracy=0.9662 loss=0.1018 val_accuracy=0.9950 val_loss=0.0107
Epoch 89/100
75/75 4ms/step accuracy=0.9679 loss=0.1078 val_accuracy=0.9967 val_loss=0.0069
Epoch 90/100
75/75 4ms/step accuracy=0.9687 loss=0.1040 val_accuracy=0.9967 val_loss=0.0067
Epoch 91/100
75/75 4ms/step accuracy=0.9679 loss=0.0989 val_accuracy=0.9967 val_loss=0.0071
Epoch 92/100
75/75 4ms/step accuracy=0.9737 loss=0.0900 val_accuracy=0.9967 val_loss=0.0070
Epoch 93/100
75/75 4ms/step accuracy=0.9687 loss=0.0996 val_accuracy=0.9933 val_loss=0.0145
Epoch 94/100
75/75 4ms/step accuracy=0.9766 loss=0.0875 val_accuracy=0.9967 val_loss=0.0074
Epoch 95/100
75/75 4ms/step accuracy=0.9766 loss=0.0758 val_accuracy=0.9950 val_loss=0.0058
Epoch 96/100
75/75 4ms/step accuracy=0.9733 loss=0.0930 val_accuracy=0.9967 val_loss=0.0074
Epoch 97/100
75/75 3ms/step accuracy=0.9792 loss=0.0733
75/75 4ms/step accuracy=0.9741 loss=0.0846 val_accuracy=0.9967 val_loss=0.0081
Epoch 98/100
75/75 4ms/step accuracy=0.9699 loss=0.0968 val_accuracy=0.9967 val_loss=0.0060
Epoch 99/100
75/75 4ms/step accuracy=0.9741 loss=0.0823 val_accuracy=0.9967 val_loss=0.0089
Epoch 100/100
75/75 4ms/step accuracy=0.9762 loss=0.0830 val_accuracy=0.9967 val_loss=0.0069
19/19 4ms/step accuracy=0.9950 loss=0.0058
Loss: 0.0058, Accuracy: 0.9950
2026-08-05 15:50:52 | INFO  | Saved plot: /home/albert/Ancestor/output/Step3_Model_21_OneStage/2026-08-05-15-50-03/plot_000.png
2026-08-05 15:50:52 | INFO  | Saved plot: /home/albert/Ancestor/output/Step3_Model_21_OneStage/2026-08-05-15-50-03/plot_001.png
2026-08-05 15:50:53 | INFO  | Saved plot: /home/albert/Ancestor/output/Step3_Model_21_OneStage/2026-08-05-15-50-03/plot_002.png
