2026-08-05 16:21:18 | INFO  | Logger initialized
2026-08-05 16:21:18 | INFO  | log_file=/home/albert/Ancestor/logs/Step4_Model_10_Detecting/2026-08-05-16-21-18.log
2026-08-05 16:21:18 | INFO  | output_dir=/home/albert/Ancestor/output/Step4_Model_10_Detecting/2026-08-05-16-21-18
=== 1. Loading training data ===
✔️ Train : (1399, 105)  |  Test : (350, 105)
==============================
▶ mcs = 21 | conf = 0.9 | thr = 15.22
==============================
--- Test‑set validation
C0      : 2screws 74筆
C1      : 3screws 61筆
C2      : 1screws 71筆
C3      : 4screws 70筆
C4      : 8screws 74筆
* C0  | size  74 | dist   2.49 | Known
* C1  | size  61 | dist   3.00 | Known
* C2  | size  71 | dist   2.68 | Known
* C3  | size  70 | dist   2.41 | Known
* C4  | size  74 | dist   2.48 | Known
--- Unknown ['5screws'] | mcs 21
C3      : 71 pts
C1      : 74 pts
C4      : 70 pts
C0      : 60 pts
C2      : 61 pts
C5      : 74 pts
C0  | size  60 | dist 148.29 | New Fault
C1  | size  74 | dist   2.49 | Known
C2  | size  61 | dist   3.00 | Known
C3  | size  71 | dist   2.68 | Known
C4  | size  70 | dist   2.41 | Known
C5  | size  74 | dist   2.48 | Known
--- Unknown ['5screws', '6screws'] | mcs 21
C0      : 68 pts
C3      : 60 pts
C1      : 58 pts
C5      : 66 pts
C4      : 69 pts
C6      : 71 pts
C2      : 58 pts
C0  | size  68 | dist   2.47 | Known
C1  | size  58 | dist 166.01 | New Fault
C2  | size  58 | dist 148.13 | New Fault
C3  | size  60 | dist   3.02 | Known
C4  | size  69 | dist   2.75 | Known
C5  | size  66 | dist   2.42 | Known
C6  | size  71 | dist   2.50 | Known
--- Unknown ['5screws', '6screws', '7screws'] | mcs 21
C5      : 63 pts
C1      : 54 pts
C6      : 58 pts
C7      : 62 pts
C0      : 64 pts
C3      : 50 pts
C2      : 51 pts
C4      : 48 pts
C0  | size  64 | dist   2.55 | Known
C1  | size  54 | dist 148.29 | New Fault
C2  | size  51 | dist   3.11 | Known
C3  | size  50 | dist 170.36 | New Fault
C4  | size  48 | dist 166.23 | New Fault
C5  | size  63 | dist   2.76 | Known
C6  | size  58 | dist   2.51 | Known
C7  | size  62 | dist   2.64 | Known
--- Unknown ['5screws', '6screws', '7screws', '3_14screws'] | mcs 21
C2      : 42 pts
C6      : 49 pts
C5      : 52 pts
C7      : 55 pts
C4      : 49 pts
C1      : 60 pts
C8      : 44 pts
C0      : 45 pts
C3      : 47 pts
outliers: 7 pts
C0  | size  45 | dist 148.89 | New Fault
C1  | size  60 | dist   2.58 | Known
C2  | size  42 | dist 175.75 | New Fault
C3  | size  47 | dist 165.43 | New Fault
C4  | size  49 | dist   3.09 | Known
C5  | size  52 | dist   2.56 | Known
C6  | size  49 | dist   2.57 | Known
C7  | size  55 | dist   2.92 | Known
C8  | size  44 | dist  29.61 | New Fault
--- Unknown ['5screws', '6screws', '7screws', '3_14screws', '4_146screws'] | mcs 21
C2      : 45 pts
C8      : 50 pts
C5      : 42 pts
C7      : 52 pts
C6      : 51 pts
C4      : 33 pts
C3      : 51 pts
C1      : 43 pts
C0      : 42 pts
C9      : 36 pts
outliers: 5 pts
C0  | size  42 | dist 150.60 | New Fault
C1  | size  43 | dist   3.18 | Known
C2  | size  45 | dist 152.57 | New Fault
C3  | size  51 | dist   2.59 | Known
C4  | size  33 | dist 172.53 | New Fault
C5  | size  42 | dist 166.90 | New Fault
C6  | size  51 | dist   2.54 | Known
C7  | size  52 | dist   2.61 | Known
C8  | size  50 | dist   3.01 | Known
C9  | size  36 | dist  29.50 | New Fault
==============================
▶ mcs = 21 | conf = 0.95 | thr = 16.14
==============================
--- Test‑set validation
C0      : 2screws 74筆
C1      : 3screws 61筆
C2      : 1screws 71筆
C3      : 4screws 70筆
C4      : 8screws 74筆
* C0  | size  74 | dist   2.49 | Known
* C1  | size  61 | dist   3.00 | Known
* C2  | size  71 | dist   2.68 | Known
* C3  | size  70 | dist   2.41 | Known
* C4  | size  74 | dist   2.48 | Known
--- Unknown ['5screws'] | mcs 21
C3      : 71 pts
C1      : 74 pts
C4      : 70 pts
C0      : 60 pts
C2      : 61 pts
C5      : 74 pts
C0  | size  60 | dist 148.29 | New Fault
C1  | size  74 | dist   2.49 | Known
C2  | size  61 | dist   3.00 | Known
C3  | size  71 | dist   2.68 | Known
C4  | size  70 | dist   2.41 | Known
C5  | size  74 | dist   2.48 | Known
--- Unknown ['5screws', '6screws'] | mcs 21
C0      : 68 pts
C3      : 60 pts
C1      : 58 pts
C5      : 66 pts
C4      : 69 pts
C6      : 71 pts
C2      : 58 pts
C0  | size  68 | dist   2.47 | Known
C1  | size  58 | dist 166.01 | New Fault
C2  | size  58 | dist 148.13 | New Fault
C3  | size  60 | dist   3.02 | Known
C4  | size  69 | dist   2.75 | Known
C5  | size  66 | dist   2.42 | Known
C6  | size  71 | dist   2.50 | Known
--- Unknown ['5screws', '6screws', '7screws'] | mcs 21
C5      : 63 pts
C1      : 54 pts
C6      : 58 pts
C7      : 62 pts
C0      : 64 pts
C3      : 50 pts
C2      : 51 pts
C4      : 48 pts
C0  | size  64 | dist   2.55 | Known
C1  | size  54 | dist 148.29 | New Fault
C2  | size  51 | dist   3.11 | Known
C3  | size  50 | dist 170.36 | New Fault
C4  | size  48 | dist 166.23 | New Fault
C5  | size  63 | dist   2.76 | Known
C6  | size  58 | dist   2.51 | Known
C7  | size  62 | dist   2.64 | Known
--- Unknown ['5screws', '6screws', '7screws', '3_14screws'] | mcs 21
C2      : 42 pts
C6      : 49 pts
C5      : 52 pts
C7      : 55 pts
C4      : 49 pts
C1      : 60 pts
C8      : 44 pts
C0      : 45 pts
C3      : 47 pts
outliers: 7 pts
C0  | size  45 | dist 148.89 | New Fault
C1  | size  60 | dist   2.58 | Known
C2  | size  42 | dist 175.75 | New Fault
C3  | size  47 | dist 165.43 | New Fault
C4  | size  49 | dist   3.09 | Known
C5  | size  52 | dist   2.56 | Known
C6  | size  49 | dist   2.57 | Known
C7  | size  55 | dist   2.92 | Known
C8  | size  44 | dist  29.61 | New Fault
--- Unknown ['5screws', '6screws', '7screws', '3_14screws', '4_146screws'] | mcs 21
C2      : 45 pts
C8      : 50 pts
C5      : 42 pts
C7      : 52 pts
C6      : 51 pts
C4      : 33 pts
C3      : 51 pts
C1      : 43 pts
C0      : 42 pts
C9      : 36 pts
outliers: 5 pts
C0  | size  42 | dist 150.60 | New Fault
C1  | size  43 | dist   3.18 | Known
C2  | size  45 | dist 152.57 | New Fault
C3  | size  51 | dist   2.59 | Known
C4  | size  33 | dist 172.53 | New Fault
C5  | size  42 | dist 166.90 | New Fault
C6  | size  51 | dist   2.54 | Known
C7  | size  52 | dist   2.61 | Known
C8  | size  50 | dist   3.01 | Known
C9  | size  36 | dist  29.50 | New Fault
==============================
▶ mcs = 21 | conf = 0.99 | thr = 17.79
==============================
--- Test‑set validation
C0      : 2screws 74筆
C1      : 3screws 61筆
C2      : 1screws 71筆
C3      : 4screws 70筆
C4      : 8screws 74筆
* C0  | size  74 | dist   2.49 | Known
* C1  | size  61 | dist   3.00 | Known
* C2  | size  71 | dist   2.68 | Known
* C3  | size  70 | dist   2.41 | Known
* C4  | size  74 | dist   2.48 | Known
--- Unknown ['5screws'] | mcs 21
C3      : 71 pts
C1      : 74 pts
C4      : 70 pts
C0      : 60 pts
C2      : 61 pts
C5      : 74 pts
C0  | size  60 | dist 148.29 | New Fault
C1  | size  74 | dist   2.49 | Known
C2  | size  61 | dist   3.00 | Known
C3  | size  71 | dist   2.68 | Known
C4  | size  70 | dist   2.41 | Known
C5  | size  74 | dist   2.48 | Known
--- Unknown ['5screws', '6screws'] | mcs 21
C0      : 68 pts
C3      : 60 pts
C1      : 58 pts
C5      : 66 pts
C4      : 69 pts
C6      : 71 pts
C2      : 58 pts
C0  | size  68 | dist   2.47 | Known
C1  | size  58 | dist 166.01 | New Fault
C2  | size  58 | dist 148.13 | New Fault
C3  | size  60 | dist   3.02 | Known
C4  | size  69 | dist   2.75 | Known
C5  | size  66 | dist   2.42 | Known
C6  | size  71 | dist   2.50 | Known
--- Unknown ['5screws', '6screws', '7screws'] | mcs 21
C5      : 63 pts
C1      : 54 pts
C6      : 58 pts
C7      : 62 pts
C0      : 64 pts
C3      : 50 pts
C2      : 51 pts
C4      : 48 pts
C0  | size  64 | dist   2.55 | Known
C1  | size  54 | dist 148.29 | New Fault
C2  | size  51 | dist   3.11 | Known
C3  | size  50 | dist 170.36 | New Fault
C4  | size  48 | dist 166.23 | New Fault
C5  | size  63 | dist   2.76 | Known
C6  | size  58 | dist   2.51 | Known
C7  | size  62 | dist   2.64 | Known
--- Unknown ['5screws', '6screws', '7screws', '3_14screws'] | mcs 21
C2      : 42 pts
C6      : 49 pts
C5      : 52 pts
C7      : 55 pts
C4      : 49 pts
C1      : 60 pts
C8      : 44 pts
C0      : 45 pts
C3      : 47 pts
outliers: 7 pts
C0  | size  45 | dist 148.89 | New Fault
C1  | size  60 | dist   2.58 | Known
C2  | size  42 | dist 175.75 | New Fault
C3  | size  47 | dist 165.43 | New Fault
C4  | size  49 | dist   3.09 | Known
C5  | size  52 | dist   2.56 | Known
C6  | size  49 | dist   2.57 | Known
C7  | size  55 | dist   2.92 | Known
C8  | size  44 | dist  29.61 | New Fault
--- Unknown ['5screws', '6screws', '7screws', '3_14screws', '4_146screws'] | mcs 21
C2      : 45 pts
C8      : 50 pts
C5      : 42 pts
C7      : 52 pts
C6      : 51 pts
C4      : 33 pts
C3      : 51 pts
C1      : 43 pts
C0      : 42 pts
C9      : 36 pts
outliers: 5 pts
C0  | size  42 | dist 150.60 | New Fault
C1  | size  43 | dist   3.18 | Known
C2  | size  45 | dist 152.57 | New Fault
C3  | size  51 | dist   2.59 | Known
C4  | size  33 | dist 172.53 | New Fault
C5  | size  42 | dist 166.90 | New Fault
C6  | size  51 | dist   2.54 | Known
C7  | size  52 | dist   2.61 | Known
C8  | size  50 | dist   3.01 | Known
C9  | size  36 | dist  29.50 | New Fault
==============================
▶ mcs = 22 | conf = 0.9 | thr = 15.22
==============================
--- Test‑set validation
C0      : 2screws 74筆
C1      : 3screws 61筆
C2      : 1screws 71筆
C3      : 4screws 70筆
C4      : 8screws 74筆
* C0  | size  74 | dist   2.49 | Known
* C1  | size  61 | dist   3.00 | Known
* C2  | size  71 | dist   2.68 | Known
* C3  | size  70 | dist   2.41 | Known
* C4  | size  74 | dist   2.48 | Known
--- Unknown ['5screws'] | mcs 22
C3      : 71 pts
C1      : 74 pts
C4      : 70 pts
C0      : 60 pts
C2      : 61 pts
C5      : 74 pts
C0  | size  60 | dist 148.29 | New Fault
C1  | size  74 | dist   2.49 | Known
C2  | size  61 | dist   3.00 | Known
C3  | size  71 | dist   2.68 | Known
C4  | size  70 | dist   2.41 | Known
C5  | size  74 | dist   2.48 | Known
--- Unknown ['5screws', '6screws'] | mcs 22
C0      : 68 pts
C3      : 60 pts
C1      : 58 pts
C5      : 66 pts
C4      : 69 pts
C6      : 71 pts
C2      : 58 pts
C0  | size  68 | dist   2.47 | Known
C1  | size  58 | dist 166.01 | New Fault
C2  | size  58 | dist 148.13 | New Fault
C3  | size  60 | dist   3.02 | Known
C4  | size  69 | dist   2.75 | Known
C5  | size  66 | dist   2.42 | Known
C6  | size  71 | dist   2.50 | Known
--- Unknown ['5screws', '6screws', '7screws'] | mcs 22
C5      : 63 pts
C1      : 54 pts
C6      : 58 pts
C7      : 62 pts
C0      : 64 pts
C3      : 50 pts
C2      : 51 pts
C4      : 48 pts
C0  | size  64 | dist   2.55 | Known
C1  | size  54 | dist 148.29 | New Fault
C2  | size  51 | dist   3.11 | Known
C3  | size  50 | dist 170.36 | New Fault
C4  | size  48 | dist 166.23 | New Fault
C5  | size  63 | dist   2.76 | Known
C6  | size  58 | dist   2.51 | Known
C7  | size  62 | dist   2.64 | Known
--- Unknown ['5screws', '6screws', '7screws', '3_14screws'] | mcs 22
C2      : 42 pts
C6      : 49 pts
C5      : 52 pts
C7      : 55 pts
C4      : 49 pts
C1      : 60 pts
C8      : 44 pts
C0      : 45 pts
C3      : 47 pts
outliers: 7 pts
C0  | size  45 | dist 148.89 | New Fault
C1  | size  60 | dist   2.58 | Known
C2  | size  42 | dist 175.75 | New Fault
C3  | size  47 | dist 165.43 | New Fault
C4  | size  49 | dist   3.09 | Known
C5  | size  52 | dist   2.56 | Known
C6  | size  49 | dist   2.57 | Known
C7  | size  55 | dist   2.92 | Known
C8  | size  44 | dist  29.61 | New Fault
--- Unknown ['5screws', '6screws', '7screws', '3_14screws', '4_146screws'] | mcs 22
C2      : 45 pts
C8      : 50 pts
C5      : 42 pts
C7      : 52 pts
C6      : 51 pts
C4      : 33 pts
C3      : 51 pts
C1      : 43 pts
C0      : 42 pts
C9      : 36 pts
outliers: 5 pts
C0  | size  42 | dist 150.60 | New Fault
C1  | size  43 | dist   3.18 | Known
C2  | size  45 | dist 152.57 | New Fault
C3  | size  51 | dist   2.59 | Known
C4  | size  33 | dist 172.53 | New Fault
C5  | size  42 | dist 166.90 | New Fault
C6  | size  51 | dist   2.54 | Known
C7  | size  52 | dist   2.61 | Known
C8  | size  50 | dist   3.01 | Known
C9  | size  36 | dist  29.50 | New Fault
==============================
▶ mcs = 22 | conf = 0.95 | thr = 16.14
==============================
--- Test‑set validation
C0      : 2screws 74筆
C1      : 3screws 61筆
C2      : 1screws 71筆
C3      : 4screws 70筆
C4      : 8screws 74筆
* C0  | size  74 | dist   2.49 | Known
* C1  | size  61 | dist   3.00 | Known
* C2  | size  71 | dist   2.68 | Known
* C3  | size  70 | dist   2.41 | Known
* C4  | size  74 | dist   2.48 | Known
--- Unknown ['5screws'] | mcs 22
C3      : 71 pts
C1      : 74 pts
C4      : 70 pts
C0      : 60 pts
C2      : 61 pts
C5      : 74 pts
C0  | size  60 | dist 148.29 | New Fault
C1  | size  74 | dist   2.49 | Known
C2  | size  61 | dist   3.00 | Known
C3  | size  71 | dist   2.68 | Known
C4  | size  70 | dist   2.41 | Known
C5  | size  74 | dist   2.48 | Known
--- Unknown ['5screws', '6screws'] | mcs 22
C0      : 68 pts
C3      : 60 pts
C1      : 58 pts
C5      : 66 pts
C4      : 69 pts
C6      : 71 pts
C2      : 58 pts
C0  | size  68 | dist   2.47 | Known
C1  | size  58 | dist 166.01 | New Fault
C2  | size  58 | dist 148.13 | New Fault
C3  | size  60 | dist   3.02 | Known
C4  | size  69 | dist   2.75 | Known
C5  | size  66 | dist   2.42 | Known
C6  | size  71 | dist   2.50 | Known
--- Unknown ['5screws', '6screws', '7screws'] | mcs 22
C5      : 63 pts
C1      : 54 pts
C6      : 58 pts
C7      : 62 pts
C0      : 64 pts
C3      : 50 pts
C2      : 51 pts
C4      : 48 pts
C0  | size  64 | dist   2.55 | Known
C1  | size  54 | dist 148.29 | New Fault
C2  | size  51 | dist   3.11 | Known
C3  | size  50 | dist 170.36 | New Fault
C4  | size  48 | dist 166.23 | New Fault
C5  | size  63 | dist   2.76 | Known
C6  | size  58 | dist   2.51 | Known
C7  | size  62 | dist   2.64 | Known
--- Unknown ['5screws', '6screws', '7screws', '3_14screws'] | mcs 22
C2      : 42 pts
C6      : 49 pts
C5      : 52 pts
C7      : 55 pts
C4      : 49 pts
C1      : 60 pts
C8      : 44 pts
C0      : 45 pts
C3      : 47 pts
outliers: 7 pts
C0  | size  45 | dist 148.89 | New Fault
C1  | size  60 | dist   2.58 | Known
C2  | size  42 | dist 175.75 | New Fault
C3  | size  47 | dist 165.43 | New Fault
C4  | size  49 | dist   3.09 | Known
C5  | size  52 | dist   2.56 | Known
C6  | size  49 | dist   2.57 | Known
C7  | size  55 | dist   2.92 | Known
C8  | size  44 | dist  29.61 | New Fault
--- Unknown ['5screws', '6screws', '7screws', '3_14screws', '4_146screws'] | mcs 22
C2      : 45 pts
C8      : 50 pts
C5      : 42 pts
C7      : 52 pts
C6      : 51 pts
C4      : 33 pts
C3      : 51 pts
C1      : 43 pts
C0      : 42 pts
C9      : 36 pts
outliers: 5 pts
C0  | size  42 | dist 150.60 | New Fault
C1  | size  43 | dist   3.18 | Known
C2  | size  45 | dist 152.57 | New Fault
C3  | size  51 | dist   2.59 | Known
C4  | size  33 | dist 172.53 | New Fault
C5  | size  42 | dist 166.90 | New Fault
C6  | size  51 | dist   2.54 | Known
C7  | size  52 | dist   2.61 | Known
C8  | size  50 | dist   3.01 | Known
C9  | size  36 | dist  29.50 | New Fault
==============================
▶ mcs = 22 | conf = 0.99 | thr = 17.79
==============================
--- Test‑set validation
C0      : 2screws 74筆
C1      : 3screws 61筆
C2      : 1screws 71筆
C3      : 4screws 70筆
C4      : 8screws 74筆
* C0  | size  74 | dist   2.49 | Known
* C1  | size  61 | dist   3.00 | Known
* C2  | size  71 | dist   2.68 | Known
* C3  | size  70 | dist   2.41 | Known
* C4  | size  74 | dist   2.48 | Known
--- Unknown ['5screws'] | mcs 22
C3      : 71 pts
C1      : 74 pts
C4      : 70 pts
C0      : 60 pts
C2      : 61 pts
C5      : 74 pts
C0  | size  60 | dist 148.29 | New Fault
C1  | size  74 | dist   2.49 | Known
C2  | size  61 | dist   3.00 | Known
C3  | size  71 | dist   2.68 | Known
C4  | size  70 | dist   2.41 | Known
C5  | size  74 | dist   2.48 | Known
--- Unknown ['5screws', '6screws'] | mcs 22
C0      : 68 pts
C3      : 60 pts
C1      : 58 pts
C5      : 66 pts
C4      : 69 pts
C6      : 71 pts
C2      : 58 pts
C0  | size  68 | dist   2.47 | Known
C1  | size  58 | dist 166.01 | New Fault
C2  | size  58 | dist 148.13 | New Fault
C3  | size  60 | dist   3.02 | Known
C4  | size  69 | dist   2.75 | Known
C5  | size  66 | dist   2.42 | Known
C6  | size  71 | dist   2.50 | Known
--- Unknown ['5screws', '6screws', '7screws'] | mcs 22
C5      : 63 pts
C1      : 54 pts
C6      : 58 pts
C7      : 62 pts
C0      : 64 pts
C3      : 50 pts
C2      : 51 pts
C4      : 48 pts
C0  | size  64 | dist   2.55 | Known
C1  | size  54 | dist 148.29 | New Fault
C2  | size  51 | dist   3.11 | Known
C3  | size  50 | dist 170.36 | New Fault
C4  | size  48 | dist 166.23 | New Fault
C5  | size  63 | dist   2.76 | Known
C6  | size  58 | dist   2.51 | Known
C7  | size  62 | dist   2.64 | Known
--- Unknown ['5screws', '6screws', '7screws', '3_14screws'] | mcs 22
C2      : 42 pts
C6      : 49 pts
C5      : 52 pts
C7      : 55 pts
C4      : 49 pts
C1      : 60 pts
C8      : 44 pts
C0      : 45 pts
C3      : 47 pts
outliers: 7 pts
C0  | size  45 | dist 148.89 | New Fault
C1  | size  60 | dist   2.58 | Known
C2  | size  42 | dist 175.75 | New Fault
C3  | size  47 | dist 165.43 | New Fault
C4  | size  49 | dist   3.09 | Known
C5  | size  52 | dist   2.56 | Known
C6  | size  49 | dist   2.57 | Known
C7  | size  55 | dist   2.92 | Known
C8  | size  44 | dist  29.61 | New Fault
--- Unknown ['5screws', '6screws', '7screws', '3_14screws', '4_146screws'] | mcs 22
C2      : 45 pts
C8      : 50 pts
C5      : 42 pts
C7      : 52 pts
C6      : 51 pts
C4      : 33 pts
C3      : 51 pts
C1      : 43 pts
C0      : 42 pts
C9      : 36 pts
outliers: 5 pts
C0  | size  42 | dist 150.60 | New Fault
C1  | size  43 | dist   3.18 | Known
C2  | size  45 | dist 152.57 | New Fault
C3  | size  51 | dist   2.59 | Known
C4  | size  33 | dist 172.53 | New Fault
C5  | size  42 | dist 166.90 | New Fault
C6  | size  51 | dist   2.54 | Known
C7  | size  52 | dist   2.61 | Known
C8  | size  50 | dist   3.01 | Known
C9  | size  36 | dist  29.50 | New Fault
==============================
▶ mcs = 23 | conf = 0.9 | thr = 15.22
==============================
--- Test‑set validation
C0      : 2screws 74筆
C1      : 3screws 61筆
C2      : 1screws 71筆
C3      : 4screws 70筆
C4      : 8screws 74筆
* C0  | size  74 | dist   2.49 | Known
* C1  | size  61 | dist   3.00 | Known
* C2  | size  71 | dist   2.68 | Known
* C3  | size  70 | dist   2.41 | Known
* C4  | size  74 | dist   2.48 | Known
--- Unknown ['5screws'] | mcs 23
C3      : 71 pts
C1      : 74 pts
C4      : 70 pts
C0      : 60 pts
C2      : 61 pts
C5      : 74 pts
C0  | size  60 | dist 148.29 | New Fault
C1  | size  74 | dist   2.49 | Known
C2  | size  61 | dist   3.00 | Known
C3  | size  71 | dist   2.68 | Known
C4  | size  70 | dist   2.41 | Known
C5  | size  74 | dist   2.48 | Known
--- Unknown ['5screws', '6screws'] | mcs 23
C0      : 68 pts
C3      : 60 pts
C1      : 58 pts
C5      : 66 pts
C4      : 69 pts
C6      : 71 pts
C2      : 58 pts
C0  | size  68 | dist   2.47 | Known
C1  | size  58 | dist 166.01 | New Fault
C2  | size  58 | dist 148.13 | New Fault
C3  | size  60 | dist   3.02 | Known
C4  | size  69 | dist   2.75 | Known
C5  | size  66 | dist   2.42 | Known
C6  | size  71 | dist   2.50 | Known
--- Unknown ['5screws', '6screws', '7screws'] | mcs 23
C5      : 63 pts
C1      : 54 pts
C6      : 58 pts
C7      : 62 pts
C0      : 64 pts
C3      : 50 pts
C2      : 51 pts
C4      : 48 pts
C0  | size  64 | dist   2.55 | Known
C1  | size  54 | dist 148.29 | New Fault
C2  | size  51 | dist   3.11 | Known
C3  | size  50 | dist 170.36 | New Fault
C4  | size  48 | dist 166.23 | New Fault
C5  | size  63 | dist   2.76 | Known
C6  | size  58 | dist   2.51 | Known
C7  | size  62 | dist   2.64 | Known
--- Unknown ['5screws', '6screws', '7screws', '3_14screws'] | mcs 23
C2      : 42 pts
C6      : 49 pts
C5      : 52 pts
C7      : 55 pts
C4      : 49 pts
C1      : 60 pts
C8      : 44 pts
C0      : 45 pts
C3      : 47 pts
outliers: 7 pts
C0  | size  45 | dist 148.89 | New Fault
C1  | size  60 | dist   2.58 | Known
C2  | size  42 | dist 175.75 | New Fault
C3  | size  47 | dist 165.43 | New Fault
C4  | size  49 | dist   3.09 | Known
C5  | size  52 | dist   2.56 | Known
C6  | size  49 | dist   2.57 | Known
C7  | size  55 | dist   2.92 | Known
C8  | size  44 | dist  29.61 | New Fault
--- Unknown ['5screws', '6screws', '7screws', '3_14screws', '4_146screws'] | mcs 23
C2      : 45 pts
C8      : 50 pts
C5      : 42 pts
C7      : 52 pts
C6      : 51 pts
C4      : 33 pts
C3      : 51 pts
C1      : 43 pts
C0      : 42 pts
C9      : 36 pts
outliers: 5 pts
C0  | size  42 | dist 150.60 | New Fault
C1  | size  43 | dist   3.18 | Known
C2  | size  45 | dist 152.57 | New Fault
C3  | size  51 | dist   2.59 | Known
C4  | size  33 | dist 172.53 | New Fault
C5  | size  42 | dist 166.90 | New Fault
C6  | size  51 | dist   2.54 | Known
C7  | size  52 | dist   2.61 | Known
C8  | size  50 | dist   3.01 | Known
C9  | size  36 | dist  29.50 | New Fault
==============================
▶ mcs = 23 | conf = 0.95 | thr = 16.14
==============================
--- Test‑set validation
C0      : 2screws 74筆
C1      : 3screws 61筆
C2      : 1screws 71筆
C3      : 4screws 70筆
C4      : 8screws 74筆
* C0  | size  74 | dist   2.49 | Known
* C1  | size  61 | dist   3.00 | Known
* C2  | size  71 | dist   2.68 | Known
* C3  | size  70 | dist   2.41 | Known
* C4  | size  74 | dist   2.48 | Known
--- Unknown ['5screws'] | mcs 23
C3      : 71 pts
C1      : 74 pts
C4      : 70 pts
C0      : 60 pts
C2      : 61 pts
C5      : 74 pts
C0  | size  60 | dist 148.29 | New Fault
C1  | size  74 | dist   2.49 | Known
C2  | size  61 | dist   3.00 | Known
C3  | size  71 | dist   2.68 | Known
C4  | size  70 | dist   2.41 | Known
C5  | size  74 | dist   2.48 | Known
--- Unknown ['5screws', '6screws'] | mcs 23
C0      : 68 pts
C3      : 60 pts
C1      : 58 pts
C5      : 66 pts
C4      : 69 pts
C6      : 71 pts
C2      : 58 pts
C0  | size  68 | dist   2.47 | Known
C1  | size  58 | dist 166.01 | New Fault
C2  | size  58 | dist 148.13 | New Fault
C3  | size  60 | dist   3.02 | Known
C4  | size  69 | dist   2.75 | Known
C5  | size  66 | dist   2.42 | Known
C6  | size  71 | dist   2.50 | Known
--- Unknown ['5screws', '6screws', '7screws'] | mcs 23
C5      : 63 pts
C1      : 54 pts
C6      : 58 pts
C7      : 62 pts
C0      : 64 pts
C3      : 50 pts
C2      : 51 pts
C4      : 48 pts
C0  | size  64 | dist   2.55 | Known
C1  | size  54 | dist 148.29 | New Fault
C2  | size  51 | dist   3.11 | Known
C3  | size  50 | dist 170.36 | New Fault
C4  | size  48 | dist 166.23 | New Fault
C5  | size  63 | dist   2.76 | Known
C6  | size  58 | dist   2.51 | Known
C7  | size  62 | dist   2.64 | Known
--- Unknown ['5screws', '6screws', '7screws', '3_14screws'] | mcs 23
C2      : 42 pts
C6      : 49 pts
C5      : 52 pts
C7      : 55 pts
C4      : 49 pts
C1      : 60 pts
C8      : 44 pts
C0      : 45 pts
C3      : 47 pts
outliers: 7 pts
C0  | size  45 | dist 148.89 | New Fault
C1  | size  60 | dist   2.58 | Known
C2  | size  42 | dist 175.75 | New Fault
C3  | size  47 | dist 165.43 | New Fault
C4  | size  49 | dist   3.09 | Known
C5  | size  52 | dist   2.56 | Known
C6  | size  49 | dist   2.57 | Known
C7  | size  55 | dist   2.92 | Known
C8  | size  44 | dist  29.61 | New Fault
--- Unknown ['5screws', '6screws', '7screws', '3_14screws', '4_146screws'] | mcs 23
C2      : 45 pts
C8      : 50 pts
C5      : 42 pts
C7      : 52 pts
C6      : 51 pts
C4      : 33 pts
C3      : 51 pts
C1      : 43 pts
C0      : 42 pts
C9      : 36 pts
outliers: 5 pts
C0  | size  42 | dist 150.60 | New Fault
C1  | size  43 | dist   3.18 | Known
C2  | size  45 | dist 152.57 | New Fault
C3  | size  51 | dist   2.59 | Known
C4  | size  33 | dist 172.53 | New Fault
C5  | size  42 | dist 166.90 | New Fault
C6  | size  51 | dist   2.54 | Known
C7  | size  52 | dist   2.61 | Known
C8  | size  50 | dist   3.01 | Known
C9  | size  36 | dist  29.50 | New Fault
==============================
▶ mcs = 23 | conf = 0.99 | thr = 17.79
==============================
--- Test‑set validation
C0      : 2screws 74筆
C1      : 3screws 61筆
C2      : 1screws 71筆
C3      : 4screws 70筆
C4      : 8screws 74筆
* C0  | size  74 | dist   2.49 | Known
* C1  | size  61 | dist   3.00 | Known
* C2  | size  71 | dist   2.68 | Known
* C3  | size  70 | dist   2.41 | Known
* C4  | size  74 | dist   2.48 | Known
--- Unknown ['5screws'] | mcs 23
C3      : 71 pts
C1      : 74 pts
C4      : 70 pts
C0      : 60 pts
C2      : 61 pts
C5      : 74 pts
C0  | size  60 | dist 148.29 | New Fault
C1  | size  74 | dist   2.49 | Known
C2  | size  61 | dist   3.00 | Known
C3  | size  71 | dist   2.68 | Known
C4  | size  70 | dist   2.41 | Known
C5  | size  74 | dist   2.48 | Known
--- Unknown ['5screws', '6screws'] | mcs 23
C0      : 68 pts
C3      : 60 pts
C1      : 58 pts
C5      : 66 pts
C4      : 69 pts
C6      : 71 pts
C2      : 58 pts
C0  | size  68 | dist   2.47 | Known
C1  | size  58 | dist 166.01 | New Fault
C2  | size  58 | dist 148.13 | New Fault
C3  | size  60 | dist   3.02 | Known
C4  | size  69 | dist   2.75 | Known
C5  | size  66 | dist   2.42 | Known
C6  | size  71 | dist   2.50 | Known
--- Unknown ['5screws', '6screws', '7screws'] | mcs 23
C5      : 63 pts
C1      : 54 pts
C6      : 58 pts
C7      : 62 pts
C0      : 64 pts
C3      : 50 pts
C2      : 51 pts
C4      : 48 pts
C0  | size  64 | dist   2.55 | Known
C1  | size  54 | dist 148.29 | New Fault
C2  | size  51 | dist   3.11 | Known
C3  | size  50 | dist 170.36 | New Fault
C4  | size  48 | dist 166.23 | New Fault
C5  | size  63 | dist   2.76 | Known
C6  | size  58 | dist   2.51 | Known
C7  | size  62 | dist   2.64 | Known
--- Unknown ['5screws', '6screws', '7screws', '3_14screws'] | mcs 23
C2      : 42 pts
C6      : 49 pts
C5      : 52 pts
C7      : 55 pts
C4      : 49 pts
C1      : 60 pts
C8      : 44 pts
C0      : 45 pts
C3      : 47 pts
outliers: 7 pts
C0  | size  45 | dist 148.89 | New Fault
C1  | size  60 | dist   2.58 | Known
C2  | size  42 | dist 175.75 | New Fault
C3  | size  47 | dist 165.43 | New Fault
C4  | size  49 | dist   3.09 | Known
C5  | size  52 | dist   2.56 | Known
C6  | size  49 | dist   2.57 | Known
C7  | size  55 | dist   2.92 | Known
C8  | size  44 | dist  29.61 | New Fault
--- Unknown ['5screws', '6screws', '7screws', '3_14screws', '4_146screws'] | mcs 23
C2      : 45 pts
C8      : 50 pts
C5      : 42 pts
C7      : 52 pts
C6      : 51 pts
C4      : 33 pts
C3      : 51 pts
C1      : 43 pts
C0      : 42 pts
C9      : 36 pts
outliers: 5 pts
C0  | size  42 | dist 150.60 | New Fault
C1  | size  43 | dist   3.18 | Known
C2  | size  45 | dist 152.57 | New Fault
C3  | size  51 | dist   2.59 | Known
C4  | size  33 | dist 172.53 | New Fault
C5  | size  42 | dist 166.90 | New Fault
C6  | size  51 | dist   2.54 | Known
C7  | size  52 | dist   2.61 | Known
C8  | size  50 | dist   3.01 | Known
C9  | size  36 | dist  29.50 | New Fault
==============================
▶ mcs = 24 | conf = 0.9 | thr = 15.22
==============================
--- Test‑set validation
C0      : 2screws 74筆
C1      : 3screws 61筆
C2      : 1screws 71筆
C3      : 4screws 70筆
C4      : 8screws 74筆
* C0  | size  74 | dist   2.49 | Known
* C1  | size  61 | dist   3.00 | Known
* C2  | size  71 | dist   2.68 | Known
* C3  | size  70 | dist   2.41 | Known
* C4  | size  74 | dist   2.48 | Known
--- Unknown ['5screws'] | mcs 24
C3      : 71 pts
C1      : 74 pts
C4      : 70 pts
C0      : 60 pts
C2      : 61 pts
C5      : 74 pts
C0  | size  60 | dist 148.29 | New Fault
C1  | size  74 | dist   2.49 | Known
C2  | size  61 | dist   3.00 | Known
C3  | size  71 | dist   2.68 | Known
C4  | size  70 | dist   2.41 | Known
C5  | size  74 | dist   2.48 | Known
--- Unknown ['5screws', '6screws'] | mcs 24
C0      : 68 pts
C3      : 60 pts
C1      : 58 pts
C5      : 66 pts
C4      : 69 pts
C6      : 71 pts
C2      : 58 pts
C0  | size  68 | dist   2.47 | Known
C1  | size  58 | dist 166.01 | New Fault
C2  | size  58 | dist 148.13 | New Fault
C3  | size  60 | dist   3.02 | Known
C4  | size  69 | dist   2.75 | Known
C5  | size  66 | dist   2.42 | Known
C6  | size  71 | dist   2.50 | Known
--- Unknown ['5screws', '6screws', '7screws'] | mcs 24
C5      : 63 pts
C1      : 54 pts
C6      : 58 pts
C7      : 62 pts
C0      : 64 pts
C3      : 50 pts
C2      : 51 pts
C4      : 48 pts
C0  | size  64 | dist   2.55 | Known
C1  | size  54 | dist 148.29 | New Fault
C2  | size  51 | dist   3.11 | Known
C3  | size  50 | dist 170.36 | New Fault
C4  | size  48 | dist 166.23 | New Fault
C5  | size  63 | dist   2.76 | Known
C6  | size  58 | dist   2.51 | Known
C7  | size  62 | dist   2.64 | Known
--- Unknown ['5screws', '6screws', '7screws', '3_14screws'] | mcs 24
C2      : 42 pts
C6      : 49 pts
C5      : 52 pts
C7      : 55 pts
C4      : 49 pts
C1      : 60 pts
C8      : 44 pts
C0      : 45 pts
C3      : 47 pts
outliers: 7 pts
C0  | size  45 | dist 148.89 | New Fault
C1  | size  60 | dist   2.58 | Known
C2  | size  42 | dist 175.75 | New Fault
C3  | size  47 | dist 165.43 | New Fault
C4  | size  49 | dist   3.09 | Known
C5  | size  52 | dist   2.56 | Known
C6  | size  49 | dist   2.57 | Known
C7  | size  55 | dist   2.92 | Known
C8  | size  44 | dist  29.61 | New Fault
--- Unknown ['5screws', '6screws', '7screws', '3_14screws', '4_146screws'] | mcs 24
C2      : 45 pts
C8      : 50 pts
C5      : 42 pts
C7      : 52 pts
C6      : 51 pts
C4      : 33 pts
C3      : 51 pts
C1      : 43 pts
C0      : 42 pts
C9      : 36 pts
outliers: 5 pts
C0  | size  42 | dist 150.60 | New Fault
C1  | size  43 | dist   3.18 | Known
C2  | size  45 | dist 152.57 | New Fault
C3  | size  51 | dist   2.59 | Known
C4  | size  33 | dist 172.53 | New Fault
C5  | size  42 | dist 166.90 | New Fault
C6  | size  51 | dist   2.54 | Known
C7  | size  52 | dist   2.61 | Known
C8  | size  50 | dist   3.01 | Known
C9  | size  36 | dist  29.50 | New Fault
==============================
▶ mcs = 24 | conf = 0.95 | thr = 16.14
==============================
--- Test‑set validation
C0      : 2screws 74筆
C1      : 3screws 61筆
C2      : 1screws 71筆
C3      : 4screws 70筆
C4      : 8screws 74筆
* C0  | size  74 | dist   2.49 | Known
* C1  | size  61 | dist   3.00 | Known
* C2  | size  71 | dist   2.68 | Known
* C3  | size  70 | dist   2.41 | Known
* C4  | size  74 | dist   2.48 | Known
--- Unknown ['5screws'] | mcs 24
C3      : 71 pts
C1      : 74 pts
C4      : 70 pts
C0      : 60 pts
C2      : 61 pts
C5      : 74 pts
C0  | size  60 | dist 148.29 | New Fault
C1  | size  74 | dist   2.49 | Known
C2  | size  61 | dist   3.00 | Known
C3  | size  71 | dist   2.68 | Known
C4  | size  70 | dist   2.41 | Known
C5  | size  74 | dist   2.48 | Known
--- Unknown ['5screws', '6screws'] | mcs 24
C0      : 68 pts
C3      : 60 pts
C1      : 58 pts
C5      : 66 pts
C4      : 69 pts
C6      : 71 pts
C2      : 58 pts
C0  | size  68 | dist   2.47 | Known
C1  | size  58 | dist 166.01 | New Fault
C2  | size  58 | dist 148.13 | New Fault
C3  | size  60 | dist   3.02 | Known
C4  | size  69 | dist   2.75 | Known
C5  | size  66 | dist   2.42 | Known
C6  | size  71 | dist   2.50 | Known
--- Unknown ['5screws', '6screws', '7screws'] | mcs 24
C5      : 63 pts
C1      : 54 pts
C6      : 58 pts
C7      : 62 pts
C0      : 64 pts
C3      : 50 pts
C2      : 51 pts
C4      : 48 pts
C0  | size  64 | dist   2.55 | Known
C1  | size  54 | dist 148.29 | New Fault
C2  | size  51 | dist   3.11 | Known
C3  | size  50 | dist 170.36 | New Fault
C4  | size  48 | dist 166.23 | New Fault
C5  | size  63 | dist   2.76 | Known
C6  | size  58 | dist   2.51 | Known
C7  | size  62 | dist   2.64 | Known
--- Unknown ['5screws', '6screws', '7screws', '3_14screws'] | mcs 24
C2      : 42 pts
C6      : 49 pts
C5      : 52 pts
C7      : 55 pts
C4      : 49 pts
C1      : 60 pts
C8      : 44 pts
C0      : 45 pts
C3      : 47 pts
outliers: 7 pts
C0  | size  45 | dist 148.89 | New Fault
C1  | size  60 | dist   2.58 | Known
C2  | size  42 | dist 175.75 | New Fault
C3  | size  47 | dist 165.43 | New Fault
C4  | size  49 | dist   3.09 | Known
C5  | size  52 | dist   2.56 | Known
C6  | size  49 | dist   2.57 | Known
C7  | size  55 | dist   2.92 | Known
C8  | size  44 | dist  29.61 | New Fault
--- Unknown ['5screws', '6screws', '7screws', '3_14screws', '4_146screws'] | mcs 24
C2      : 45 pts
C8      : 50 pts
C5      : 42 pts
C7      : 52 pts
C6      : 51 pts
C4      : 33 pts
C3      : 51 pts
C1      : 43 pts
C0      : 42 pts
C9      : 36 pts
outliers: 5 pts
C0  | size  42 | dist 150.60 | New Fault
C1  | size  43 | dist   3.18 | Known
C2  | size  45 | dist 152.57 | New Fault
C3  | size  51 | dist   2.59 | Known
C4  | size  33 | dist 172.53 | New Fault
C5  | size  42 | dist 166.90 | New Fault
C6  | size  51 | dist   2.54 | Known
C7  | size  52 | dist   2.61 | Known
C8  | size  50 | dist   3.01 | Known
C9  | size  36 | dist  29.50 | New Fault
==============================
▶ mcs = 24 | conf = 0.99 | thr = 17.79
==============================
--- Test‑set validation
C0      : 2screws 74筆
C1      : 3screws 61筆
C2      : 1screws 71筆
C3      : 4screws 70筆
C4      : 8screws 74筆
* C0  | size  74 | dist   2.49 | Known
* C1  | size  61 | dist   3.00 | Known
* C2  | size  71 | dist   2.68 | Known
* C3  | size  70 | dist   2.41 | Known
* C4  | size  74 | dist   2.48 | Known
--- Unknown ['5screws'] | mcs 24
C3      : 71 pts
C1      : 74 pts
C4      : 70 pts
C0      : 60 pts
C2      : 61 pts
C5      : 74 pts
C0  | size  60 | dist 148.29 | New Fault
C1  | size  74 | dist   2.49 | Known
C2  | size  61 | dist   3.00 | Known
C3  | size  71 | dist   2.68 | Known
C4  | size  70 | dist   2.41 | Known
C5  | size  74 | dist   2.48 | Known
--- Unknown ['5screws', '6screws'] | mcs 24
C0      : 68 pts
C3      : 60 pts
C1      : 58 pts
C5      : 66 pts
C4      : 69 pts
C6      : 71 pts
C2      : 58 pts
C0  | size  68 | dist   2.47 | Known
C1  | size  58 | dist 166.01 | New Fault
C2  | size  58 | dist 148.13 | New Fault
C3  | size  60 | dist   3.02 | Known
C4  | size  69 | dist   2.75 | Known
C5  | size  66 | dist   2.42 | Known
C6  | size  71 | dist   2.50 | Known
--- Unknown ['5screws', '6screws', '7screws'] | mcs 24
C5      : 63 pts
C1      : 54 pts
C6      : 58 pts
C7      : 62 pts
C0      : 64 pts
C3      : 50 pts
C2      : 51 pts
C4      : 48 pts
C0  | size  64 | dist   2.55 | Known
C1  | size  54 | dist 148.29 | New Fault
C2  | size  51 | dist   3.11 | Known
C3  | size  50 | dist 170.36 | New Fault
C4  | size  48 | dist 166.23 | New Fault
C5  | size  63 | dist   2.76 | Known
C6  | size  58 | dist   2.51 | Known
C7  | size  62 | dist   2.64 | Known
--- Unknown ['5screws', '6screws', '7screws', '3_14screws'] | mcs 24
C2      : 42 pts
C6      : 49 pts
C5      : 52 pts
C7      : 55 pts
C4      : 49 pts
C1      : 60 pts
C8      : 44 pts
C0      : 45 pts
C3      : 47 pts
outliers: 7 pts
C0  | size  45 | dist 148.89 | New Fault
C1  | size  60 | dist   2.58 | Known
C2  | size  42 | dist 175.75 | New Fault
C3  | size  47 | dist 165.43 | New Fault
C4  | size  49 | dist   3.09 | Known
C5  | size  52 | dist   2.56 | Known
C6  | size  49 | dist   2.57 | Known
C7  | size  55 | dist   2.92 | Known
C8  | size  44 | dist  29.61 | New Fault
--- Unknown ['5screws', '6screws', '7screws', '3_14screws', '4_146screws'] | mcs 24
C2      : 45 pts
C8      : 50 pts
C5      : 42 pts
C7      : 52 pts
C6      : 51 pts
C4      : 33 pts
C3      : 51 pts
C1      : 43 pts
C0      : 42 pts
C9      : 36 pts
outliers: 5 pts
C0  | size  42 | dist 150.60 | New Fault
C1  | size  43 | dist   3.18 | Known
C2  | size  45 | dist 152.57 | New Fault
C3  | size  51 | dist   2.59 | Known
C4  | size  33 | dist 172.53 | New Fault
C5  | size  42 | dist 166.90 | New Fault
C6  | size  51 | dist   2.54 | Known
C7  | size  52 | dist   2.61 | Known
C8  | size  50 | dist   3.01 | Known
C9  | size  36 | dist  29.50 | New Fault
