2026-08-05 15:37:50 | INFO  | Logger initialized
2026-08-05 15:37:50 | INFO  | log_file=/home/albert/Ancestor/logs/Step3_Model_08/2026-08-05-15-37-50.log
2026-08-05 15:37:50 | INFO  | output_dir=/home/albert/Ancestor/output/Step3_Model_08/2026-08-05-15-37-50
[gpu_utils] GPU x1 已啟用：['/physical_device:GPU:0']
自訂 Label Mapping:
8screws: 0
1screws: 1
2screws: 2
3screws: 3
4screws: 4
模型已成功載入。
Model 2 - Layer 0: input_layer | Trainable: False
Model 2 - Layer 1: conv1d | Trainable: False
Model 2 - Layer 2: batch_normalization | Trainable: False
Model 2 - Layer 3: activation | Trainable: False
Model 2 - Layer 4: max_pooling1d | Trainable: False
Model 2 - Layer 5: conv1d_1 | Trainable: False
Model 2 - Layer 6: batch_normalization_1 | Trainable: False
Model 2 - Layer 7: activation_1 | Trainable: False
Model 2 - Layer 8: conv1d_2 | Trainable: False
Model 2 - Layer 9: batch_normalization_2 | Trainable: False
Model 2 - Layer 10: add | Trainable: False
Model 2 - Layer 11: activation_2 | Trainable: False
Model 2 - Layer 12: conv1d_3 | Trainable: False
Model 2 - Layer 13: batch_normalization_3 | Trainable: False
Model 2 - Layer 14: activation_3 | Trainable: False
Model 2 - Layer 15: conv1d_4 | Trainable: False
Model 2 - Layer 16: batch_normalization_4 | Trainable: False
Model 2 - Layer 17: add_1 | Trainable: False
Model 2 - Layer 18: activation_4 | Trainable: False
Model 2 - Layer 19: conv1d_5 | Trainable: False
Model 2 - Layer 20: batch_normalization_5 | Trainable: False
Model 2 - Layer 21: activation_5 | Trainable: False
Model 2 - Layer 22: conv1d_6 | Trainable: False
Model 2 - Layer 23: conv1d_7 | Trainable: False
Model 2 - Layer 24: batch_normalization_6 | Trainable: False
Model 2 - Layer 25: batch_normalization_7 | Trainable: False
Model 2 - Layer 26: add_2 | Trainable: False
Model 2 - Layer 27: activation_6 | Trainable: False
Model 2 - Layer 28: conv1d_8 | Trainable: False
Model 2 - Layer 29: batch_normalization_8 | Trainable: False
Model 2 - Layer 30: activation_7 | Trainable: False
Model 2 - Layer 31: conv1d_9 | Trainable: False
Model 2 - Layer 32: batch_normalization_9 | Trainable: False
Model 2 - Layer 33: add_3 | Trainable: False
Model 2 - Layer 34: activation_8 | Trainable: False
Model 2 - Layer 35: conv1d_10 | Trainable: True
Model 2 - Layer 36: batch_normalization_10 | Trainable: False
Model 2 - Layer 37: activation_9 | Trainable: True
Model 2 - Layer 38: conv1d_11 | Trainable: True
Model 2 - Layer 39: conv1d_12 | Trainable: True
Model 2 - Layer 40: batch_normalization_11 | Trainable: False
Model 2 - Layer 41: batch_normalization_12 | Trainable: False
Model 2 - Layer 42: add_4 | Trainable: True
Model 2 - Layer 43: activation_10 | Trainable: True
Model 2 - Layer 44: conv1d_13 | Trainable: True
Model 2 - Layer 45: batch_normalization_13 | Trainable: False
Model 2 - Layer 46: activation_11 | Trainable: True
Model 2 - Layer 47: conv1d_14 | Trainable: True
Model 2 - Layer 48: batch_normalization_14 | Trainable: False
Model 2 - Layer 49: add_5 | Trainable: True
Model 2 - Layer 50: activation_12 | Trainable: True
Model 2 - Layer 51: conv1d_15 | Trainable: True
Model 2 - Layer 52: batch_normalization_15 | Trainable: False
Model 2 - Layer 53: activation_13 | Trainable: True
Model 2 - Layer 54: conv1d_16 | Trainable: True
Model 2 - Layer 55: conv1d_17 | Trainable: True
Model 2 - Layer 56: batch_normalization_16 | Trainable: False
Model 2 - Layer 57: batch_normalization_17 | Trainable: False
Model 2 - Layer 58: add_6 | Trainable: True
Model 2 - Layer 59: activation_14 | Trainable: True
Model 2 - Layer 60: conv1d_18 | Trainable: True
Model 2 - Layer 61: batch_normalization_18 | Trainable: False
Model 2 - Layer 62: activation_15 | Trainable: True
Model 2 - Layer 63: conv1d_19 | Trainable: True
Model 2 - Layer 64: batch_normalization_19 | Trainable: False
Model 2 - Layer 65: add_7 | Trainable: True
Model 2 - Layer 66: activation_16 | Trainable: True
Model 2 - Layer 67: global_average_pooling1d | Trainable: True
Model 2 - Layer 68: Screw_Number_Output | Trainable: True
[Training] Device: /GPU:0
Epoch 1/100
73/73 53ms/step accuracy=0.7199 loss=0.9914
73/73 90ms/step accuracy=0.8892 loss=0.3857 val_accuracy=0.9948 val_loss=0.0315
Epoch 2/100
73/73 5ms/step accuracy=0.9978 loss=0.0145 val_accuracy=0.9983 val_loss=0.0134
Epoch 3/100
73/73 5ms/step accuracy=0.9996 loss=0.0056 val_accuracy=0.9983 val_loss=0.0104
Epoch 4/100
73/73 5ms/step accuracy=1.0000 loss=0.0028 val_accuracy=0.9983 val_loss=0.0058
Epoch 5/100
73/73 5ms/step accuracy=1.0000 loss=0.0017 val_accuracy=0.9983 val_loss=0.0064
Epoch 6/100
73/73 6ms/step accuracy=1.0000 loss=0.0011 val_accuracy=0.9983 val_loss=0.0052
Epoch 7/100
73/73 5ms/step accuracy=1.0000 loss=8.2523e-04 val_accuracy=0.9983 val_loss=0.0046
Epoch 8/100
73/73 5ms/step accuracy=1.0000 loss=6.2206e-04 val_accuracy=0.9983 val_loss=0.0046
Epoch 9/100
73/73 5ms/step accuracy=1.0000 loss=4.9082e-04 val_accuracy=0.9983 val_loss=0.0045
Epoch 10/100
73/73 5ms/step accuracy=1.0000 loss=3.9218e-04 val_accuracy=0.9983 val_loss=0.0040
Epoch 11/100
73/73 5ms/step accuracy=1.0000 loss=3.2707e-04 val_accuracy=0.9983 val_loss=0.0037
Epoch 12/100
73/73 5ms/step accuracy=1.0000 loss=2.7213e-04 val_accuracy=0.9983 val_loss=0.0038
Epoch 13/100
73/73 5ms/step accuracy=1.0000 loss=2.3088e-04 val_accuracy=0.9983 val_loss=0.0037
Epoch 14/100
73/73 5ms/step accuracy=1.0000 loss=1.9782e-04 val_accuracy=0.9983 val_loss=0.0035
Epoch 15/100
73/73 5ms/step accuracy=1.0000 loss=1.7208e-04 val_accuracy=0.9983 val_loss=0.0035
Epoch 16/100
73/73 5ms/step accuracy=1.0000 loss=1.5010e-04 val_accuracy=0.9983 val_loss=0.0034
Epoch 17/100
73/73 5ms/step accuracy=1.0000 loss=1.3223e-04 val_accuracy=0.9983 val_loss=0.0031
Epoch 18/100
73/73 5ms/step accuracy=1.0000 loss=1.1728e-04 val_accuracy=0.9983 val_loss=0.0032
Epoch 19/100
73/73 5ms/step accuracy=1.0000 loss=1.0445e-04 val_accuracy=0.9983 val_loss=0.0030
Epoch 20/100
73/73 5ms/step accuracy=1.0000 loss=9.4275e-05 val_accuracy=0.9983 val_loss=0.0030
Epoch 21/100
73/73 6ms/step accuracy=1.0000 loss=8.4537e-05 val_accuracy=0.9983 val_loss=0.0029
Epoch 22/100
73/73 5ms/step accuracy=1.0000 loss=7.6554e-05 val_accuracy=0.9983 val_loss=0.0028
Epoch 23/100
73/73 5ms/step accuracy=1.0000 loss=6.9643e-05 val_accuracy=0.9983 val_loss=0.0027
Epoch 24/100
73/73 5ms/step accuracy=1.0000 loss=6.3458e-05 val_accuracy=0.9983 val_loss=0.0027
Epoch 25/100
73/73 5ms/step accuracy=1.0000 loss=5.8224e-05 val_accuracy=0.9983 val_loss=0.0026
Epoch 26/100
73/73 5ms/step accuracy=1.0000 loss=5.3155e-05 val_accuracy=0.9983 val_loss=0.0026
Epoch 27/100
73/73 5ms/step accuracy=1.0000 loss=4.8907e-05 val_accuracy=0.9983 val_loss=0.0025
Epoch 28/100
73/73 5ms/step accuracy=1.0000 loss=4.5257e-05 val_accuracy=0.9983 val_loss=0.0024
Epoch 29/100
73/73 5ms/step accuracy=1.0000 loss=4.1609e-05 val_accuracy=0.9983 val_loss=0.0023
Epoch 30/100
73/73 5ms/step accuracy=1.0000 loss=3.8643e-05 val_accuracy=0.9983 val_loss=0.0023
Epoch 31/100
73/73 5ms/step accuracy=1.0000 loss=3.5758e-05 val_accuracy=0.9983 val_loss=0.0023
Epoch 32/100
73/73 5ms/step accuracy=1.0000 loss=3.3265e-05 val_accuracy=0.9983 val_loss=0.0022
Epoch 33/100
73/73 5ms/step accuracy=1.0000 loss=3.0882e-05 val_accuracy=0.9983 val_loss=0.0021
Epoch 34/100
73/73 5ms/step accuracy=1.0000 loss=2.8849e-05 val_accuracy=0.9983 val_loss=0.0021
Epoch 35/100
73/73 5ms/step accuracy=1.0000 loss=2.6900e-05 val_accuracy=0.9983 val_loss=0.0021
Epoch 36/100
73/73 6ms/step accuracy=1.0000 loss=2.5190e-05 val_accuracy=0.9983 val_loss=0.0020
Epoch 37/100
73/73 5ms/step accuracy=1.0000 loss=2.3495e-05 val_accuracy=0.9983 val_loss=0.0020
Epoch 38/100
73/73 5ms/step accuracy=1.0000 loss=2.2052e-05 val_accuracy=0.9983 val_loss=0.0020
Epoch 39/100
73/73 5ms/step accuracy=1.0000 loss=2.0701e-05 val_accuracy=0.9983 val_loss=0.0019
Epoch 40/100
73/73 5ms/step accuracy=1.0000 loss=1.9434e-05 val_accuracy=0.9983 val_loss=0.0019
Epoch 41/100
73/73 5ms/step accuracy=1.0000 loss=1.8182e-05 val_accuracy=0.9983 val_loss=0.0019
Epoch 42/100
73/73 5ms/step accuracy=1.0000 loss=1.7126e-05 val_accuracy=0.9983 val_loss=0.0018
Epoch 43/100
73/73 7ms/step accuracy=1.0000 loss=1.6092e-05 val_accuracy=0.9983 val_loss=0.0018
Epoch 44/100
73/73 5ms/step accuracy=1.0000 loss=1.5190e-05 val_accuracy=0.9983 val_loss=0.0017
Epoch 45/100
73/73 5ms/step accuracy=1.0000 loss=1.4313e-05 val_accuracy=0.9983 val_loss=0.0017
Epoch 46/100
73/73 7ms/step accuracy=1.0000 loss=1.3534e-05 val_accuracy=0.9983 val_loss=0.0017
Epoch 47/100
73/73 5ms/step accuracy=1.0000 loss=1.2750e-05 val_accuracy=0.9983 val_loss=0.0017
Epoch 48/100
73/73 5ms/step accuracy=1.0000 loss=1.2095e-05 val_accuracy=0.9983 val_loss=0.0017
Epoch 49/100
73/73 7ms/step accuracy=1.0000 loss=1.1436e-05 val_accuracy=0.9983 val_loss=0.0016
Epoch 50/100
73/73 5ms/step accuracy=1.0000 loss=1.0785e-05 val_accuracy=0.9983 val_loss=0.0016
Epoch 51/100
73/73 5ms/step accuracy=1.0000 loss=1.0234e-05 val_accuracy=0.9983 val_loss=0.0016
Epoch 52/100
73/73 7ms/step accuracy=1.0000 loss=9.7042e-06 val_accuracy=0.9983 val_loss=0.0015
Epoch 53/100
73/73 5ms/step accuracy=1.0000 loss=9.1830e-06 val_accuracy=0.9983 val_loss=0.0015
Epoch 54/100
73/73 5ms/step accuracy=1.0000 loss=8.6897e-06 val_accuracy=0.9983 val_loss=0.0015
Epoch 55/100
73/73 7ms/step accuracy=1.0000 loss=8.2517e-06 val_accuracy=0.9983 val_loss=0.0014
Epoch 56/100
73/73 5ms/step accuracy=1.0000 loss=7.8299e-06 val_accuracy=0.9983 val_loss=0.0014
Epoch 57/100
73/73 5ms/step accuracy=1.0000 loss=7.4278e-06 val_accuracy=0.9983 val_loss=0.0014
Epoch 58/100
73/73 7ms/step accuracy=1.0000 loss=7.0624e-06 val_accuracy=0.9983 val_loss=0.0013
Epoch 59/100
73/73 5ms/step accuracy=1.0000 loss=6.7150e-06 val_accuracy=0.9983 val_loss=0.0013
Epoch 60/100
73/73 5ms/step accuracy=1.0000 loss=6.3796e-06 val_accuracy=0.9983 val_loss=0.0013
Epoch 61/100
73/73 7ms/step accuracy=1.0000 loss=6.0598e-06 val_accuracy=0.9983 val_loss=0.0013
Epoch 62/100
73/73 5ms/step accuracy=1.0000 loss=5.7581e-06 val_accuracy=0.9983 val_loss=0.0012
Epoch 63/100
73/73 5ms/step accuracy=1.0000 loss=5.4885e-06 val_accuracy=1.0000 val_loss=0.0012
Epoch 64/100
73/73 7ms/step accuracy=1.0000 loss=5.2403e-06 val_accuracy=1.0000 val_loss=0.0012
Epoch 65/100
73/73 5ms/step accuracy=1.0000 loss=4.9714e-06 val_accuracy=1.0000 val_loss=0.0012
Epoch 66/100
73/73 5ms/step accuracy=1.0000 loss=4.7477e-06 val_accuracy=1.0000 val_loss=0.0012
Epoch 67/100
73/73 7ms/step accuracy=1.0000 loss=4.5063e-06 val_accuracy=1.0000 val_loss=0.0011
Epoch 68/100
73/73 5ms/step accuracy=1.0000 loss=4.2857e-06 val_accuracy=1.0000 val_loss=0.0011
Epoch 69/100
73/73 5ms/step accuracy=1.0000 loss=4.0934e-06 val_accuracy=1.0000 val_loss=0.0011
Epoch 70/100
73/73 7ms/step accuracy=1.0000 loss=3.8948e-06 val_accuracy=1.0000 val_loss=0.0011
Epoch 71/100
73/73 5ms/step accuracy=1.0000 loss=3.7119e-06 val_accuracy=1.0000 val_loss=0.0010
Epoch 72/100
73/73 5ms/step accuracy=1.0000 loss=3.5340e-06 val_accuracy=1.0000 val_loss=0.0010
Epoch 73/100
73/73 7ms/step accuracy=1.0000 loss=3.3749e-06 val_accuracy=1.0000 val_loss=0.0010
Epoch 74/100
73/73 5ms/step accuracy=1.0000 loss=3.2182e-06 val_accuracy=1.0000 val_loss=9.7800e-04
Epoch 75/100
73/73 5ms/step accuracy=1.0000 loss=3.0757e-06 val_accuracy=1.0000 val_loss=9.8875e-04
Epoch 76/100
73/73 7ms/step accuracy=1.0000 loss=2.9354e-06 val_accuracy=1.0000 val_loss=9.4406e-04
Epoch 77/100
73/73 5ms/step accuracy=1.0000 loss=2.8080e-06 val_accuracy=1.0000 val_loss=9.5101e-04
Epoch 78/100
73/73 5ms/step accuracy=1.0000 loss=2.6740e-06 val_accuracy=1.0000 val_loss=9.1894e-04
Epoch 79/100
73/73 7ms/step accuracy=1.0000 loss=2.5597e-06 val_accuracy=1.0000 val_loss=9.0471e-04
Epoch 80/100
73/73 5ms/step accuracy=1.0000 loss=2.4494e-06 val_accuracy=1.0000 val_loss=8.7901e-04
Epoch 81/100
73/73 5ms/step accuracy=1.0000 loss=2.3368e-06 val_accuracy=1.0000 val_loss=8.6434e-04
Epoch 82/100
73/73 7ms/step accuracy=1.0000 loss=2.2329e-06 val_accuracy=1.0000 val_loss=8.4811e-04
Epoch 83/100
73/73 5ms/step accuracy=1.0000 loss=2.1345e-06 val_accuracy=1.0000 val_loss=8.3835e-04
Epoch 84/100
73/73 5ms/step accuracy=1.0000 loss=2.0378e-06 val_accuracy=1.0000 val_loss=8.2515e-04
Epoch 85/100
73/73 7ms/step accuracy=1.0000 loss=1.9535e-06 val_accuracy=1.0000 val_loss=7.9921e-04
Epoch 86/100
73/73 5ms/step accuracy=1.0000 loss=1.8648e-06 val_accuracy=1.0000 val_loss=7.9975e-04
Epoch 87/100
73/73 5ms/step accuracy=1.0000 loss=1.7868e-06 val_accuracy=1.0000 val_loss=7.5548e-04
Epoch 88/100
73/73 7ms/step accuracy=1.0000 loss=1.7057e-06 val_accuracy=1.0000 val_loss=7.3694e-04
Epoch 89/100
73/73 5ms/step accuracy=1.0000 loss=1.6284e-06 val_accuracy=1.0000 val_loss=7.4144e-04
Epoch 90/100
73/73 5ms/step accuracy=1.0000 loss=1.5583e-06 val_accuracy=1.0000 val_loss=7.5139e-04
Epoch 91/100
73/73 5ms/step accuracy=1.0000 loss=1.4936e-06 val_accuracy=1.0000 val_loss=7.1199e-04
Epoch 92/100
73/73 5ms/step accuracy=1.0000 loss=1.4265e-06 val_accuracy=1.0000 val_loss=7.0225e-04
Epoch 93/100
73/73 5ms/step accuracy=1.0000 loss=1.3667e-06 val_accuracy=1.0000 val_loss=6.9521e-04
Epoch 94/100
73/73 5ms/step accuracy=1.0000 loss=1.3037e-06 val_accuracy=1.0000 val_loss=6.6080e-04
Epoch 95/100
73/73 5ms/step accuracy=1.0000 loss=1.2490e-06 val_accuracy=1.0000 val_loss=6.3317e-04
Epoch 96/100
73/73 5ms/step accuracy=1.0000 loss=1.1964e-06 val_accuracy=1.0000 val_loss=6.4848e-04
Epoch 97/100
73/73 5ms/step accuracy=1.0000 loss=1.1467e-06 val_accuracy=1.0000 val_loss=6.3441e-04
Epoch 98/100
73/73 5ms/step accuracy=1.0000 loss=1.0951e-06 val_accuracy=1.0000 val_loss=6.1685e-04
Epoch 99/100
73/73 7ms/step accuracy=1.0000 loss=1.0472e-06 val_accuracy=1.0000 val_loss=5.9654e-04
Epoch 100/100
73/73 5ms/step accuracy=1.0000 loss=1.0024e-06 val_accuracy=1.0000 val_loss=5.8758e-04
19/19 3ms/step accuracy=1.0000 loss=8.2113e-04
19/19 4ms/step accuracy=1.0000 loss=5.8758e-04
Loss: 0.0006, Accuracy: 1.0000
2026-08-05 15:38:53 | INFO  | Saved plot: /home/albert/Ancestor/output/Step3_Model_08/2026-08-05-15-37-50/plot_000.png
2026-08-05 15:38:53 | INFO  | Saved plot: /home/albert/Ancestor/output/Step3_Model_08/2026-08-05-15-37-50/plot_001.png
2026-08-05 15:38:55 | INFO  | Saved plot: /home/albert/Ancestor/output/Step3_Model_08/2026-08-05-15-37-50/plot_002.png
