2026-10-02 11:57:36 | INFO    | Logger initialized: fault_type_literature_smoke_py3_14_6
2026-10-02 11:57:36 | INFO    | log_file=logs\fault_type_literature_smoke_py3_14_6\2026-10-02-11-57-36.log
2026-10-02 11:57:36 | INFO    | output_dir=output\fault_type_literature_smoke_py3_14_6\2026-10-02-11-57-36
2026-10-02 11:57:38 | INFO    | fit fold=fixed-fold0 seed=0 C01 nodes=1
2026-10-02 11:57:38 | INFO    | fit fold=fixed-fold0 seed=0 C02 nodes=1
2026-10-02 11:57:38 | INFO    | fit fold=fixed-fold0 seed=0 C03 nodes=1
2026-10-02 11:57:38 | INFO    | fit fold=fixed-fold0 seed=0 C04 nodes=1
2026-10-02 11:57:39 | INFO    | fit fold=fixed-fold0 seed=0 C05 nodes=1
2026-10-02 11:57:39 | INFO    | fit fold=fixed-fold0 seed=0 C06 nodes=1
2026-10-02 11:57:39 | INFO    | fit fold=fixed-fold0 seed=0 C07 nodes=1
2026-10-02 11:57:39 | INFO    | fit fold=fixed-fold0 seed=0 C08 nodes=1
2026-10-02 11:57:39 | INFO    | fit fold=fixed-fold0 seed=0 C09 nodes=1
2026-10-02 11:57:39 | INFO    | fit fold=fixed-fold0 seed=0 C10 nodes=1
2026-10-02 11:57:39 | INFO    | fit fold=fixed-fold0 seed=0 C11 nodes=1
2026-10-02 11:57:39 | INFO    | fit fold=fixed-fold0 seed=0 C12 nodes=1
2026-10-02 11:57:39 | INFO    | fit fold=fixed-fold0 seed=0 C13 nodes=1
2026-10-02 11:57:39 | INFO    | fit fold=fixed-fold0 seed=0 C14 nodes=1
2026-10-02 11:57:39 | INFO    | fit fold=fixed-fold0 seed=0 C15 nodes=1
2026-10-02 11:57:39 | INFO    | fit fold=fixed-fold0 seed=0 C16 nodes=1
2026-10-02 11:57:39 | INFO    | fit fold=fixed-fold0 seed=0 C17 nodes=1
2026-10-02 11:57:39 | INFO    | fit fold=fixed-fold0 seed=0 C18 nodes=1
2026-10-02 11:57:39 | INFO    | fit fold=fixed-fold0 seed=0 C19 nodes=1
2026-10-02 11:57:39 | INFO    | fit fold=fixed-fold0 seed=0 C20 nodes=1
2026-10-02 11:57:40 | INFO    | fit fold=fixed-fold0 seed=0 C21 nodes=1
2026-10-02 11:57:40 | INFO    | fit fold=fixed-fold0 seed=0 C22 nodes=1
2026-10-02 11:57:40 | INFO    | fit fold=fixed-fold0 seed=0 C23 nodes=1
2026-10-02 11:57:40 | INFO    | fit fold=fixed-fold0 seed=0 C24 nodes=3
2026-10-02 11:57:40 | INFO    | fit fold=fixed-fold0 seed=1 C01 nodes=1
2026-10-02 11:57:40 | INFO    | fit fold=fixed-fold0 seed=1 C02 nodes=1
2026-10-02 11:57:41 | INFO    | fit fold=fixed-fold0 seed=1 C03 nodes=1
2026-10-02 11:57:41 | INFO    | fit fold=fixed-fold0 seed=1 C04 nodes=1
2026-10-02 11:57:42 | INFO    | fit fold=fixed-fold0 seed=1 C05 nodes=1
2026-10-02 11:57:42 | INFO    | fit fold=fixed-fold0 seed=1 C06 nodes=1
2026-10-02 11:57:42 | INFO    | fit fold=fixed-fold0 seed=1 C07 nodes=1
2026-10-02 11:57:42 | INFO    | fit fold=fixed-fold0 seed=1 C08 nodes=1
2026-10-02 11:57:42 | INFO    | fit fold=fixed-fold0 seed=1 C09 nodes=1
2026-10-02 11:57:42 | INFO    | fit fold=fixed-fold0 seed=1 C10 nodes=1
2026-10-02 11:57:42 | INFO    | fit fold=fixed-fold0 seed=1 C11 nodes=1
2026-10-02 11:57:42 | INFO    | fit fold=fixed-fold0 seed=1 C12 nodes=1
2026-10-02 11:57:42 | INFO    | fit fold=fixed-fold0 seed=1 C13 nodes=1
2026-10-02 11:57:42 | INFO    | fit fold=fixed-fold0 seed=1 C14 nodes=1
2026-10-02 11:57:42 | INFO    | fit fold=fixed-fold0 seed=1 C15 nodes=1
2026-10-02 11:57:42 | INFO    | fit fold=fixed-fold0 seed=1 C16 nodes=1
2026-10-02 11:57:42 | INFO    | fit fold=fixed-fold0 seed=1 C17 nodes=1
2026-10-02 11:57:42 | INFO    | fit fold=fixed-fold0 seed=1 C18 nodes=1
2026-10-02 11:57:42 | INFO    | fit fold=fixed-fold0 seed=1 C19 nodes=1
2026-10-02 11:57:42 | INFO    | fit fold=fixed-fold0 seed=1 C20 nodes=1
2026-10-02 11:57:42 | INFO    | fit fold=fixed-fold0 seed=1 C21 nodes=1
2026-10-02 11:57:42 | INFO    | fit fold=fixed-fold0 seed=1 C22 nodes=1
2026-10-02 11:57:42 | INFO    | fit fold=fixed-fold0 seed=1 C23 nodes=1
2026-10-02 11:57:42 | INFO    | fit fold=fixed-fold0 seed=1 C24 nodes=3
2026-10-02 11:57:43 | INFO    | fit fold=fixed-fold0 seed=2 C01 nodes=1
2026-10-02 11:57:43 | INFO    | fit fold=fixed-fold0 seed=2 C02 nodes=1
2026-10-02 11:57:43 | INFO    | fit fold=fixed-fold0 seed=2 C03 nodes=1
2026-10-02 11:57:43 | INFO    | fit fold=fixed-fold0 seed=2 C04 nodes=1
2026-10-02 11:57:44 | INFO    | fit fold=fixed-fold0 seed=2 C05 nodes=1
2026-10-02 11:57:44 | INFO    | fit fold=fixed-fold0 seed=2 C06 nodes=1
2026-10-02 11:57:44 | INFO    | fit fold=fixed-fold0 seed=2 C07 nodes=1
2026-10-02 11:57:44 | INFO    | fit fold=fixed-fold0 seed=2 C08 nodes=1
2026-10-02 11:57:44 | INFO    | fit fold=fixed-fold0 seed=2 C09 nodes=1
2026-10-02 11:57:44 | INFO    | fit fold=fixed-fold0 seed=2 C10 nodes=1
2026-10-02 11:57:44 | INFO    | fit fold=fixed-fold0 seed=2 C11 nodes=1
2026-10-02 11:57:44 | INFO    | fit fold=fixed-fold0 seed=2 C12 nodes=1
2026-10-02 11:57:44 | INFO    | fit fold=fixed-fold0 seed=2 C13 nodes=1
2026-10-02 11:57:44 | INFO    | fit fold=fixed-fold0 seed=2 C14 nodes=1
2026-10-02 11:57:44 | INFO    | fit fold=fixed-fold0 seed=2 C15 nodes=1
2026-10-02 11:57:44 | INFO    | fit fold=fixed-fold0 seed=2 C16 nodes=1
2026-10-02 11:57:44 | INFO    | fit fold=fixed-fold0 seed=2 C17 nodes=1
2026-10-02 11:57:44 | INFO    | fit fold=fixed-fold0 seed=2 C18 nodes=1
2026-10-02 11:57:44 | INFO    | fit fold=fixed-fold0 seed=2 C19 nodes=1
2026-10-02 11:57:44 | INFO    | fit fold=fixed-fold0 seed=2 C20 nodes=1
2026-10-02 11:57:44 | INFO    | fit fold=fixed-fold0 seed=2 C21 nodes=1
2026-10-02 11:57:44 | INFO    | fit fold=fixed-fold0 seed=2 C22 nodes=1
2026-10-02 11:57:44 | INFO    | fit fold=fixed-fold0 seed=2 C23 nodes=1
2026-10-02 11:57:44 | INFO    | fit fold=fixed-fold0 seed=2 C24 nodes=3
2026-10-02 11:57:45 | INFO    | fit fold=fixed-fold1 seed=0 C01 nodes=1
2026-10-02 11:57:45 | INFO    | fit fold=fixed-fold1 seed=0 C02 nodes=1
2026-10-02 11:57:45 | INFO    | fit fold=fixed-fold1 seed=0 C03 nodes=1
2026-10-02 11:57:46 | INFO    | fit fold=fixed-fold1 seed=0 C04 nodes=1
2026-10-02 11:57:47 | INFO    | fit fold=fixed-fold1 seed=0 C05 nodes=1
2026-10-02 11:57:47 | INFO    | fit fold=fixed-fold1 seed=0 C06 nodes=1
2026-10-02 11:57:47 | INFO    | fit fold=fixed-fold1 seed=0 C07 nodes=1
2026-10-02 11:57:47 | INFO    | fit fold=fixed-fold1 seed=0 C08 nodes=1
2026-10-02 11:57:47 | INFO    | fit fold=fixed-fold1 seed=0 C09 nodes=1
2026-10-02 11:57:47 | INFO    | fit fold=fixed-fold1 seed=0 C10 nodes=1
2026-10-02 11:57:47 | INFO    | fit fold=fixed-fold1 seed=0 C11 nodes=1
2026-10-02 11:57:47 | INFO    | fit fold=fixed-fold1 seed=0 C12 nodes=1
2026-10-02 11:57:47 | INFO    | fit fold=fixed-fold1 seed=0 C13 nodes=1
2026-10-02 11:57:47 | INFO    | fit fold=fixed-fold1 seed=0 C14 nodes=1
2026-10-02 11:57:47 | INFO    | fit fold=fixed-fold1 seed=0 C15 nodes=1
2026-10-02 11:57:47 | INFO    | fit fold=fixed-fold1 seed=0 C16 nodes=1
2026-10-02 11:57:47 | INFO    | fit fold=fixed-fold1 seed=0 C17 nodes=1
2026-10-02 11:57:47 | INFO    | fit fold=fixed-fold1 seed=0 C18 nodes=1
2026-10-02 11:57:47 | INFO    | fit fold=fixed-fold1 seed=0 C19 nodes=1
2026-10-02 11:57:47 | INFO    | fit fold=fixed-fold1 seed=0 C20 nodes=1
2026-10-02 11:57:47 | INFO    | fit fold=fixed-fold1 seed=0 C21 nodes=1
2026-10-02 11:57:47 | INFO    | fit fold=fixed-fold1 seed=0 C22 nodes=1
2026-10-02 11:57:47 | INFO    | fit fold=fixed-fold1 seed=0 C23 nodes=1
2026-10-02 11:57:47 | INFO    | fit fold=fixed-fold1 seed=0 C24 nodes=3
2026-10-02 11:57:48 | INFO    | fit fold=fixed-fold1 seed=1 C01 nodes=1
2026-10-02 11:57:48 | INFO    | fit fold=fixed-fold1 seed=1 C02 nodes=1
2026-10-02 11:57:48 | INFO    | fit fold=fixed-fold1 seed=1 C03 nodes=1
2026-10-02 11:57:48 | INFO    | fit fold=fixed-fold1 seed=1 C04 nodes=1
2026-10-02 11:57:49 | INFO    | fit fold=fixed-fold1 seed=1 C05 nodes=1
2026-10-02 11:57:49 | INFO    | fit fold=fixed-fold1 seed=1 C06 nodes=1
2026-10-02 11:57:49 | INFO    | fit fold=fixed-fold1 seed=1 C07 nodes=1
2026-10-02 11:57:49 | INFO    | fit fold=fixed-fold1 seed=1 C08 nodes=1
2026-10-02 11:57:49 | INFO    | fit fold=fixed-fold1 seed=1 C09 nodes=1
2026-10-02 11:57:49 | INFO    | fit fold=fixed-fold1 seed=1 C10 nodes=1
2026-10-02 11:57:49 | INFO    | fit fold=fixed-fold1 seed=1 C11 nodes=1
2026-10-02 11:57:49 | INFO    | fit fold=fixed-fold1 seed=1 C12 nodes=1
2026-10-02 11:57:49 | INFO    | fit fold=fixed-fold1 seed=1 C13 nodes=1
2026-10-02 11:57:49 | INFO    | fit fold=fixed-fold1 seed=1 C14 nodes=1
2026-10-02 11:57:49 | INFO    | fit fold=fixed-fold1 seed=1 C15 nodes=1
2026-10-02 11:57:49 | INFO    | fit fold=fixed-fold1 seed=1 C16 nodes=1
2026-10-02 11:57:49 | INFO    | fit fold=fixed-fold1 seed=1 C17 nodes=1
2026-10-02 11:57:49 | INFO    | fit fold=fixed-fold1 seed=1 C18 nodes=1
2026-10-02 11:57:49 | INFO    | fit fold=fixed-fold1 seed=1 C19 nodes=1
2026-10-02 11:57:49 | INFO    | fit fold=fixed-fold1 seed=1 C20 nodes=1
2026-10-02 11:57:49 | INFO    | fit fold=fixed-fold1 seed=1 C21 nodes=1
2026-10-02 11:57:49 | INFO    | fit fold=fixed-fold1 seed=1 C22 nodes=1
2026-10-02 11:57:49 | INFO    | fit fold=fixed-fold1 seed=1 C23 nodes=1
2026-10-02 11:57:49 | INFO    | fit fold=fixed-fold1 seed=1 C24 nodes=3
2026-10-02 11:57:50 | INFO    | fit fold=fixed-fold1 seed=2 C01 nodes=1
2026-10-02 11:57:50 | INFO    | fit fold=fixed-fold1 seed=2 C02 nodes=1
2026-10-02 11:57:50 | INFO    | fit fold=fixed-fold1 seed=2 C03 nodes=1
2026-10-02 11:57:51 | INFO    | fit fold=fixed-fold1 seed=2 C04 nodes=1
2026-10-02 11:57:51 | INFO    | fit fold=fixed-fold1 seed=2 C05 nodes=1
2026-10-02 11:57:51 | INFO    | fit fold=fixed-fold1 seed=2 C06 nodes=1
2026-10-02 11:57:51 | INFO    | fit fold=fixed-fold1 seed=2 C07 nodes=1
2026-10-02 11:57:51 | INFO    | fit fold=fixed-fold1 seed=2 C08 nodes=1
2026-10-02 11:57:51 | INFO    | fit fold=fixed-fold1 seed=2 C09 nodes=1
2026-10-02 11:57:51 | INFO    | fit fold=fixed-fold1 seed=2 C10 nodes=1
2026-10-02 11:57:51 | INFO    | fit fold=fixed-fold1 seed=2 C11 nodes=1
2026-10-02 11:57:51 | INFO    | fit fold=fixed-fold1 seed=2 C12 nodes=1
2026-10-02 11:57:51 | INFO    | fit fold=fixed-fold1 seed=2 C13 nodes=1
2026-10-02 11:57:51 | INFO    | fit fold=fixed-fold1 seed=2 C14 nodes=1
2026-10-02 11:57:51 | INFO    | fit fold=fixed-fold1 seed=2 C15 nodes=1
2026-10-02 11:57:52 | INFO    | fit fold=fixed-fold1 seed=2 C16 nodes=1
2026-10-02 11:57:52 | INFO    | fit fold=fixed-fold1 seed=2 C17 nodes=1
2026-10-02 11:57:52 | INFO    | fit fold=fixed-fold1 seed=2 C18 nodes=1
2026-10-02 11:57:52 | INFO    | fit fold=fixed-fold1 seed=2 C19 nodes=1
2026-10-02 11:57:52 | INFO    | fit fold=fixed-fold1 seed=2 C20 nodes=1
2026-10-02 11:57:52 | INFO    | fit fold=fixed-fold1 seed=2 C21 nodes=1
2026-10-02 11:57:52 | INFO    | fit fold=fixed-fold1 seed=2 C22 nodes=1
2026-10-02 11:57:52 | INFO    | fit fold=fixed-fold1 seed=2 C23 nodes=1
2026-10-02 11:57:52 | INFO    | fit fold=fixed-fold1 seed=2 C24 nodes=3
2026-10-02 11:57:53 | INFO    | fit fold=fixed-fold2 seed=0 C01 nodes=1
2026-10-02 11:57:53 | INFO    | fit fold=fixed-fold2 seed=0 C02 nodes=1
2026-10-02 11:57:53 | INFO    | fit fold=fixed-fold2 seed=0 C03 nodes=1
2026-10-02 11:57:53 | INFO    | fit fold=fixed-fold2 seed=0 C04 nodes=1
2026-10-02 11:57:54 | INFO    | fit fold=fixed-fold2 seed=0 C05 nodes=1
2026-10-02 11:57:54 | INFO    | fit fold=fixed-fold2 seed=0 C06 nodes=1
2026-10-02 11:57:54 | INFO    | fit fold=fixed-fold2 seed=0 C07 nodes=1
2026-10-02 11:57:54 | INFO    | fit fold=fixed-fold2 seed=0 C08 nodes=1
2026-10-02 11:57:54 | INFO    | fit fold=fixed-fold2 seed=0 C09 nodes=1
2026-10-02 11:57:54 | INFO    | fit fold=fixed-fold2 seed=0 C10 nodes=1
2026-10-02 11:57:54 | INFO    | fit fold=fixed-fold2 seed=0 C11 nodes=1
2026-10-02 11:57:54 | INFO    | fit fold=fixed-fold2 seed=0 C12 nodes=1
2026-10-02 11:57:54 | INFO    | fit fold=fixed-fold2 seed=0 C13 nodes=1
2026-10-02 11:57:54 | INFO    | fit fold=fixed-fold2 seed=0 C14 nodes=1
2026-10-02 11:57:54 | INFO    | fit fold=fixed-fold2 seed=0 C15 nodes=1
2026-10-02 11:57:54 | INFO    | fit fold=fixed-fold2 seed=0 C16 nodes=1
2026-10-02 11:57:54 | INFO    | fit fold=fixed-fold2 seed=0 C17 nodes=1
2026-10-02 11:57:54 | INFO    | fit fold=fixed-fold2 seed=0 C18 nodes=1
2026-10-02 11:57:54 | INFO    | fit fold=fixed-fold2 seed=0 C19 nodes=1
2026-10-02 11:57:54 | INFO    | fit fold=fixed-fold2 seed=0 C20 nodes=1
2026-10-02 11:57:54 | INFO    | fit fold=fixed-fold2 seed=0 C21 nodes=1
2026-10-02 11:57:54 | INFO    | fit fold=fixed-fold2 seed=0 C22 nodes=1
2026-10-02 11:57:54 | INFO    | fit fold=fixed-fold2 seed=0 C23 nodes=1
2026-10-02 11:57:54 | INFO    | fit fold=fixed-fold2 seed=0 C24 nodes=3
2026-10-02 11:57:55 | INFO    | fit fold=fixed-fold2 seed=1 C01 nodes=1
2026-10-02 11:57:55 | INFO    | fit fold=fixed-fold2 seed=1 C02 nodes=1
2026-10-02 11:57:55 | INFO    | fit fold=fixed-fold2 seed=1 C03 nodes=1
2026-10-02 11:57:56 | INFO    | fit fold=fixed-fold2 seed=1 C04 nodes=1
2026-10-02 11:57:57 | INFO    | fit fold=fixed-fold2 seed=1 C05 nodes=1
2026-10-02 11:57:57 | INFO    | fit fold=fixed-fold2 seed=1 C06 nodes=1
2026-10-02 11:57:57 | INFO    | fit fold=fixed-fold2 seed=1 C07 nodes=1
2026-10-02 11:57:57 | INFO    | fit fold=fixed-fold2 seed=1 C08 nodes=1
2026-10-02 11:57:57 | INFO    | fit fold=fixed-fold2 seed=1 C09 nodes=1
2026-10-02 11:57:57 | INFO    | fit fold=fixed-fold2 seed=1 C10 nodes=1
2026-10-02 11:57:57 | INFO    | fit fold=fixed-fold2 seed=1 C11 nodes=1
2026-10-02 11:57:57 | INFO    | fit fold=fixed-fold2 seed=1 C12 nodes=1
2026-10-02 11:57:57 | INFO    | fit fold=fixed-fold2 seed=1 C13 nodes=1
2026-10-02 11:57:57 | INFO    | fit fold=fixed-fold2 seed=1 C14 nodes=1
2026-10-02 11:57:57 | INFO    | fit fold=fixed-fold2 seed=1 C15 nodes=1
2026-10-02 11:57:57 | INFO    | fit fold=fixed-fold2 seed=1 C16 nodes=1
2026-10-02 11:57:57 | INFO    | fit fold=fixed-fold2 seed=1 C17 nodes=1
2026-10-02 11:57:57 | INFO    | fit fold=fixed-fold2 seed=1 C18 nodes=1
2026-10-02 11:57:57 | INFO    | fit fold=fixed-fold2 seed=1 C19 nodes=1
2026-10-02 11:57:57 | INFO    | fit fold=fixed-fold2 seed=1 C20 nodes=1
2026-10-02 11:57:57 | INFO    | fit fold=fixed-fold2 seed=1 C21 nodes=1
2026-10-02 11:57:57 | INFO    | fit fold=fixed-fold2 seed=1 C22 nodes=1
2026-10-02 11:57:57 | INFO    | fit fold=fixed-fold2 seed=1 C23 nodes=1
2026-10-02 11:57:57 | INFO    | fit fold=fixed-fold2 seed=1 C24 nodes=3
2026-10-02 11:57:58 | INFO    | fit fold=fixed-fold2 seed=2 C01 nodes=1
2026-10-02 11:57:58 | INFO    | fit fold=fixed-fold2 seed=2 C02 nodes=1
2026-10-02 11:57:58 | INFO    | fit fold=fixed-fold2 seed=2 C03 nodes=1
2026-10-02 11:57:58 | INFO    | fit fold=fixed-fold2 seed=2 C04 nodes=1
2026-10-02 11:57:59 | INFO    | fit fold=fixed-fold2 seed=2 C05 nodes=1
2026-10-02 11:57:59 | INFO    | fit fold=fixed-fold2 seed=2 C06 nodes=1
2026-10-02 11:57:59 | INFO    | fit fold=fixed-fold2 seed=2 C07 nodes=1
2026-10-02 11:57:59 | INFO    | fit fold=fixed-fold2 seed=2 C08 nodes=1
2026-10-02 11:57:59 | INFO    | fit fold=fixed-fold2 seed=2 C09 nodes=1
2026-10-02 11:57:59 | INFO    | fit fold=fixed-fold2 seed=2 C10 nodes=1
2026-10-02 11:57:59 | INFO    | fit fold=fixed-fold2 seed=2 C11 nodes=1
2026-10-02 11:57:59 | INFO    | fit fold=fixed-fold2 seed=2 C12 nodes=1
2026-10-02 11:57:59 | INFO    | fit fold=fixed-fold2 seed=2 C13 nodes=1
2026-10-02 11:57:59 | INFO    | fit fold=fixed-fold2 seed=2 C14 nodes=1
2026-10-02 11:57:59 | INFO    | fit fold=fixed-fold2 seed=2 C15 nodes=1
2026-10-02 11:57:59 | INFO    | fit fold=fixed-fold2 seed=2 C16 nodes=1
2026-10-02 11:57:59 | INFO    | fit fold=fixed-fold2 seed=2 C17 nodes=1
2026-10-02 11:57:59 | INFO    | fit fold=fixed-fold2 seed=2 C18 nodes=1
2026-10-02 11:57:59 | INFO    | fit fold=fixed-fold2 seed=2 C19 nodes=1
2026-10-02 11:57:59 | INFO    | fit fold=fixed-fold2 seed=2 C20 nodes=1
2026-10-02 11:58:00 | INFO    | fit fold=fixed-fold2 seed=2 C21 nodes=1
2026-10-02 11:58:00 | INFO    | fit fold=fixed-fold2 seed=2 C22 nodes=1
2026-10-02 11:58:00 | INFO    | fit fold=fixed-fold2 seed=2 C23 nodes=1
2026-10-02 11:58:00 | INFO    | fit fold=fixed-fold2 seed=2 C24 nodes=3
2026-10-02 11:58:07 | INFO    | evaluated fold=fixed-fold0 seed=0 methods=70 elapsed=5.7s
2026-10-02 11:58:14 | INFO    | evaluated fold=fixed-fold0 seed=1 methods=70 elapsed=6.7s
2026-10-02 11:58:21 | INFO    | evaluated fold=fixed-fold0 seed=2 methods=70 elapsed=7.5s
2026-10-02 11:58:29 | INFO    | evaluated fold=fixed-fold1 seed=0 methods=70 elapsed=7.8s
2026-10-02 11:58:36 | INFO    | evaluated fold=fixed-fold1 seed=1 methods=70 elapsed=6.7s
2026-10-02 11:58:41 | INFO    | evaluated fold=fixed-fold1 seed=2 methods=70 elapsed=5.8s
2026-10-02 11:58:48 | INFO    | evaluated fold=fixed-fold2 seed=0 methods=70 elapsed=6.3s
2026-10-02 11:58:54 | INFO    | evaluated fold=fixed-fold2 seed=1 methods=70 elapsed=6.0s
2026-10-02 11:59:00 | INFO    | evaluated fold=fixed-fold2 seed=2 methods=70 elapsed=6.0s
2026-10-02 11:59:07 | INFO    | verified fresh sealed inference fold=fixed-fold0 seed=0 methods=70 5.5s
2026-10-02 11:59:12 | INFO    | verified fresh sealed inference fold=fixed-fold0 seed=1 methods=70 5.4s
2026-10-02 11:59:17 | INFO    | verified fresh sealed inference fold=fixed-fold0 seed=2 methods=70 5.2s
2026-10-02 11:59:22 | INFO    | verified fresh sealed inference fold=fixed-fold1 seed=0 methods=70 5.2s
2026-10-02 11:59:28 | INFO    | verified fresh sealed inference fold=fixed-fold1 seed=1 methods=70 5.2s
2026-10-02 11:59:33 | INFO    | verified fresh sealed inference fold=fixed-fold1 seed=2 methods=70 5.2s
2026-10-02 11:59:38 | INFO    | verified fresh sealed inference fold=fixed-fold2 seed=0 methods=70 5.6s
2026-10-02 11:59:44 | INFO    | verified fresh sealed inference fold=fixed-fold2 seed=1 methods=70 5.2s
2026-10-02 11:59:49 | INFO    | verified fresh sealed inference fold=fixed-fold2 seed=2 methods=70 5.3s
2026-10-02 11:59:51 | INFO    | PASS synthetic completed630 failed0
