2026-10-03 20:44:37 | INFO    | Logger initialized: fault_type_context_prototypes_report
2026-10-03 20:44:37 | INFO    | log_file=logs\fault_type_context_prototypes_report\2026-10-03-20-44-37.log
2026-10-03 20:44:37 | INFO    | output_dir=output\fault_type_context_prototypes_report\2026-10-03-20-44-37
2026-10-03 20:44:50 | INFO    | 重算 C02 共9格
2026-10-03 20:44:53 | INFO    | 重算 C17 共9格
2026-10-03 20:44:55 | INFO    | 重算 C24 共9格
2026-10-03 20:44:57 | INFO    | 重算 D01 共9格
2026-10-03 20:45:00 | INFO    | 重算 G03 共9格
2026-10-03 20:45:02 | INFO    | 重算 G13 共9格
2026-10-03 20:45:05 | INFO    | 重算 G01 共9格
2026-10-03 20:45:07 | INFO    | 重算 G15 共9格
2026-10-03 20:45:09 | INFO    | 重算 I01 共9格
2026-10-03 20:45:12 | INFO    | 重算 I02 共9格
2026-10-03 20:45:14 | INFO    | 重算 I03 共9格
2026-10-03 20:45:16 | INFO    | 重算 I04 共9格
2026-10-03 20:45:19 | INFO    | 重算 I05 共9格
2026-10-03 20:45:21 | INFO    | 重算 I06 共9格
2026-10-03 20:45:23 | INFO    | 重算 I07 共9格
2026-10-03 20:45:25 | INFO    | 重算 I08 共9格
2026-10-03 20:45:28 | INFO    | 重算 I09 共9格
2026-10-03 20:45:30 | INFO    | 重算 I10 共9格
2026-10-03 20:45:32 | INFO    | 重算 I11 共9格
2026-10-03 20:45:35 | INFO    | 重算 I12 共9格
2026-10-03 20:45:35 | INFO    | report 完成，輸出 output\fault_type_context_prototypes_report\2026-10-03-20-44-37
