2026-08-05 16:42:40 | INFO  | Logger initialized
2026-08-05 16:42:40 | INFO  | log_file=/home/albert/Ancestor/logs/Step6_Model_03_Retrain/2026-08-05-16-42-40.log
2026-08-05 16:42:40 | INFO  | output_dir=/home/albert/Ancestor/output/Step6_Model_03_Retrain/2026-08-05-16-42-40
[gpu_utils] GPU x1 已啟用：['/physical_device:GPU:0']
自訂 Label Mapping:
8screws: 0
1screws: 1
2screws: 2
3screws: 3
4screws: 4
5screws: 5
6screws: 6
7screws: 7
3_14screws: 8
4_146screws: 9
[Training] Device: /GPU:0
Epoch 1/100
148/148 54ms/step accuracy=0.1278 loss=2.2542
148/148 65ms/step accuracy=0.1380 loss=2.1687 val_accuracy=0.2120 val_loss=1.8637
Epoch 2/100
148/148 6ms/step accuracy=0.3640 loss=1.6644 val_accuracy=0.7264 val_loss=1.1977
Epoch 3/100
148/148 5ms/step accuracy=0.6900 loss=0.9698 val_accuracy=0.8961 val_loss=0.4309
Epoch 4/100
148/148 5ms/step accuracy=0.8314 loss=0.5401 val_accuracy=0.9595 val_loss=0.1971
Epoch 5/100
148/148 5ms/step accuracy=0.8872 loss=0.3575 val_accuracy=0.9764 val_loss=0.1198
Epoch 6/100
148/148 5ms/step accuracy=0.9250 loss=0.2515 val_accuracy=0.9823 val_loss=0.0816
Epoch 7/100
148/148 4ms/step accuracy=0.9384 loss=0.2013
148/148 6ms/step accuracy=0.9446 loss=0.1891 val_accuracy=0.9873 val_loss=0.0539
Epoch 8/100
148/148 5ms/step accuracy=0.9512 loss=0.1625 val_accuracy=0.9882 val_loss=0.0416
Epoch 9/100
148/148 5ms/step accuracy=0.9607 loss=0.1283 val_accuracy=0.9890 val_loss=0.0336
Epoch 10/100
148/148 5ms/step accuracy=0.9730 loss=0.0991 val_accuracy=0.9941 val_loss=0.0273
Epoch 11/100
148/148 5ms/step accuracy=0.9734 loss=0.0915 val_accuracy=0.9932 val_loss=0.0301
Epoch 12/100
148/148 5ms/step accuracy=0.9772 loss=0.0815 val_accuracy=0.9975 val_loss=0.0224
Epoch 13/100
148/148 6ms/step accuracy=0.9791 loss=0.0692 val_accuracy=0.9949 val_loss=0.0307
Epoch 14/100
148/148 5ms/step accuracy=0.9806 loss=0.0669 val_accuracy=0.9975 val_loss=0.0241
Epoch 15/100
148/148 5ms/step accuracy=0.9825 loss=0.0581 val_accuracy=0.9983 val_loss=0.0226
Epoch 16/100
148/148 5ms/step accuracy=0.9869 loss=0.0441 val_accuracy=0.9983 val_loss=0.0187
Epoch 17/100
148/148 5ms/step accuracy=0.9892 loss=0.0377 val_accuracy=0.9983 val_loss=0.0209
Epoch 18/100
148/148 5ms/step accuracy=0.9854 loss=0.0489 val_accuracy=0.9958 val_loss=0.0266
Epoch 19/100
148/148 4ms/step accuracy=0.9918 loss=0.0280
148/148 5ms/step accuracy=0.9899 loss=0.0309 val_accuracy=0.9975 val_loss=0.0250
Epoch 20/100
148/148 6ms/step accuracy=0.9875 loss=0.0392 val_accuracy=0.9975 val_loss=0.0220
Epoch 21/100
148/148 5ms/step accuracy=0.9909 loss=0.0309 val_accuracy=0.9983 val_loss=0.0209
Epoch 22/100
148/148 5ms/step accuracy=0.9922 loss=0.0280 val_accuracy=0.9958 val_loss=0.0288
Epoch 23/100
148/148 5ms/step accuracy=0.9894 loss=0.0368 val_accuracy=0.9975 val_loss=0.0219
Epoch 24/100
148/148 5ms/step accuracy=0.9943 loss=0.0211 val_accuracy=0.9983 val_loss=0.0196
Epoch 25/100
148/148 5ms/step accuracy=0.9937 loss=0.0236 val_accuracy=0.9983 val_loss=0.0227
Epoch 26/100
148/148 5ms/step accuracy=0.9932 loss=0.0265 val_accuracy=0.9983 val_loss=0.0197
37/37 3ms/step accuracy=0.9983 loss=0.0187
Screw Number Loss: 0.0187, Screw Number Accuracy: 0.9983
2026-08-05 16:43:23 | INFO  | Saved plot: /home/albert/Ancestor/output/Step6_Model_03_Retrain/2026-08-05-16-42-40/plot_000.png
2026-08-05 16:43:23 | INFO  | Saved plot: /home/albert/Ancestor/output/Step6_Model_03_Retrain/2026-08-05-16-42-40/plot_001.png
2026-08-05 16:43:24 | INFO  | Saved plot: /home/albert/Ancestor/output/Step6_Model_03_Retrain/2026-08-05-16-42-40/plot_002.png
重訓練模型已儲存：/home/albert/Ancestor/data/Step-1/model/VGG16_C8000_retrained.keras
