2026-08-05 16:27:02 | INFO  | Logger initialized
2026-08-05 16:27:02 | INFO  | log_file=/home/albert/Ancestor/logs/Step4_Model_24_Detecting/2026-08-05-16-27-02.log
2026-08-05 16:27:02 | INFO  | output_dir=/home/albert/Ancestor/output/Step4_Model_24_Detecting/2026-08-05-16-27-02
=== 1. Loading training data ===
✔️ Train : (1217, 105)  |  Test : (305, 105)
==============================
▶ mcs = 21 | conf = 0.9 | thr = 7.73
==============================
--- Test‑set validation
outliers: 3screws 2筆，1screws 1筆，2screws 2筆
C0      : 8screws 63筆
C1      : 1screws 59筆
C2      : 3screws 64筆
C3      : 4screws 59筆，2screws 1筆
C4      : 2screws 54筆
* C0  | size  63 | dist   2.01 | Known
* C1  | size  59 | dist   2.06 | Known
* C2  | size  64 | dist   2.02 | Known
* C3  | size  60 | dist   2.07 | Known
* C4  | size  54 | dist   2.28 | Known
--- Unknown ['5screws'] | mcs 21
C0      : 63 pts
C4      : 58 pts
C1      : 59 pts
C5      : 59 pts
C3      : 58 pts
outliers: 14 pts
C2      : 54 pts
C0  | size  63 | dist   2.01 | Known
C1  | size  59 | dist   2.06 | Known
C2  | size  54 | dist   2.28 | Known
C3  | size  58 | dist   2.09 | Known
C4  | size  58 | dist   2.08 | Known
C5  | size  59 | dist   8.59 | New Fault
--- Unknown ['5screws', '6screws'] | mcs 21
outliers: 74 pts
C1      : 59 pts
C0      : 63 pts
C6      : 48 pts
C3      : 58 pts
C2      : 58 pts
C5      : 36 pts
C4      : 29 pts
C0  | size  63 | dist   2.01 | Known
C1  | size  59 | dist   2.06 | Known
C2  | size  58 | dist   2.09 | Known
C3  | size  58 | dist   2.08 | Known
C4  | size  29 | dist   2.89 | Known
C5  | size  36 | dist   8.03 | New Fault
C6  | size  48 | dist   9.10 | New Fault
--- Unknown ['5screws', '6screws', '7screws'] | mcs 21
outliers: 61 pts
C0      : 55 pts
C3      : 54 pts
C6      : 42 pts
C4      : 52 pts
C7      : 45 pts
C1      : 58 pts
C2      : 55 pts
C5      : 28 pts
C0  | size  55 | dist  52.06 | New Fault
C1  | size  58 | dist   2.07 | Known
C2  | size  55 | dist   2.05 | Known
C3  | size  54 | dist   2.11 | Known
C4  | size  52 | dist   2.09 | Known
C5  | size  28 | dist   2.86 | Known
C6  | size  42 | dist   7.85 | New Fault
C7  | size  45 | dist   9.11 | New Fault
--- Unknown ['5screws', '6screws', '7screws', '3_14screws'] | mcs 21
C8      : 37 pts
C6      : 23 pts
outliers: 60 pts
C2      : 49 pts
C1      : 51 pts
C3      : 47 pts
C0      : 47 pts
C7      : 39 pts
C5      : 48 pts
C4      : 49 pts
C0  | size  47 | dist  51.92 | New Fault
C1  | size  51 | dist   2.10 | Known
C2  | size  49 | dist  12.14 | New Fault
C3  | size  47 | dist   2.15 | Known
C4  | size  49 | dist   2.12 | Known
C5  | size  48 | dist   2.09 | Known
C6  | size  23 | dist   3.11 | Known
C7  | size  39 | dist   7.73 | New Fault
C8  | size  37 | dist   9.30 | New Fault
--- Unknown ['5screws', '6screws', '7screws', '3_14screws', '4_146screws'] | mcs 21
C7      : 31 pts
outliers: 86 pts
C5      : 41 pts
C2      : 45 pts
C1      : 47 pts
C3      : 44 pts
C0      : 43 pts
C4      : 40 pts
C6      : 35 pts
C8      : 38 pts
C0  | size  43 | dist  51.98 | New Fault
C1  | size  47 | dist  22.83 | New Fault
C2  | size  45 | dist   2.16 | Known
C3  | size  44 | dist  12.64 | New Fault
C4  | size  40 | dist   2.20 | Known
C5  | size  41 | dist   2.06 | Known
C6  | size  35 | dist   2.18 | Known
C7  | size  31 | dist   7.91 | New Fault
C8  | size  38 | dist   9.10 | New Fault
==============================
▶ mcs = 21 | conf = 0.95 | thr = 8.41
==============================
--- Test‑set validation
outliers: 3screws 2筆，1screws 1筆，2screws 2筆
C0      : 8screws 63筆
C1      : 1screws 59筆
C2      : 3screws 64筆
C3      : 4screws 59筆，2screws 1筆
C4      : 2screws 54筆
* C0  | size  63 | dist   2.01 | Known
* C1  | size  59 | dist   2.06 | Known
* C2  | size  64 | dist   2.02 | Known
* C3  | size  60 | dist   2.07 | Known
* C4  | size  54 | dist   2.28 | Known
--- Unknown ['5screws'] | mcs 21
C0      : 63 pts
C4      : 58 pts
C1      : 59 pts
C5      : 59 pts
C3      : 58 pts
outliers: 14 pts
C2      : 54 pts
C0  | size  63 | dist   2.01 | Known
C1  | size  59 | dist   2.06 | Known
C2  | size  54 | dist   2.28 | Known
C3  | size  58 | dist   2.09 | Known
C4  | size  58 | dist   2.08 | Known
C5  | size  59 | dist   8.59 | New Fault
--- Unknown ['5screws', '6screws'] | mcs 21
outliers: 74 pts
C1      : 59 pts
C0      : 63 pts
C6      : 48 pts
C3      : 58 pts
C2      : 58 pts
C5      : 36 pts
C4      : 29 pts
C0  | size  63 | dist   2.01 | Known
C1  | size  59 | dist   2.06 | Known
C2  | size  58 | dist   2.09 | Known
C3  | size  58 | dist   2.08 | Known
C4  | size  29 | dist   2.89 | Known
C5  | size  36 | dist   8.03 | Known
C6  | size  48 | dist   9.10 | New Fault
--- Unknown ['5screws', '6screws', '7screws'] | mcs 21
outliers: 61 pts
C0      : 55 pts
C3      : 54 pts
C6      : 42 pts
C4      : 52 pts
C7      : 45 pts
C1      : 58 pts
C2      : 55 pts
C5      : 28 pts
C0  | size  55 | dist  52.06 | New Fault
C1  | size  58 | dist   2.07 | Known
C2  | size  55 | dist   2.05 | Known
C3  | size  54 | dist   2.11 | Known
C4  | size  52 | dist   2.09 | Known
C5  | size  28 | dist   2.86 | Known
C6  | size  42 | dist   7.85 | Known
C7  | size  45 | dist   9.11 | New Fault
--- Unknown ['5screws', '6screws', '7screws', '3_14screws'] | mcs 21
C8      : 37 pts
C6      : 23 pts
outliers: 60 pts
C2      : 49 pts
C1      : 51 pts
C3      : 47 pts
C0      : 47 pts
C7      : 39 pts
C5      : 48 pts
C4      : 49 pts
C0  | size  47 | dist  51.92 | New Fault
C1  | size  51 | dist   2.10 | Known
C2  | size  49 | dist  12.14 | New Fault
C3  | size  47 | dist   2.15 | Known
C4  | size  49 | dist   2.12 | Known
C5  | size  48 | dist   2.09 | Known
C6  | size  23 | dist   3.11 | Known
C7  | size  39 | dist   7.73 | Known
C8  | size  37 | dist   9.30 | New Fault
--- Unknown ['5screws', '6screws', '7screws', '3_14screws', '4_146screws'] | mcs 21
C7      : 31 pts
outliers: 86 pts
C5      : 41 pts
C2      : 45 pts
C1      : 47 pts
C3      : 44 pts
C0      : 43 pts
C4      : 40 pts
C6      : 35 pts
C8      : 38 pts
C0  | size  43 | dist  51.98 | New Fault
C1  | size  47 | dist  22.83 | New Fault
C2  | size  45 | dist   2.16 | Known
C3  | size  44 | dist  12.64 | New Fault
C4  | size  40 | dist   2.20 | Known
C5  | size  41 | dist   2.06 | Known
C6  | size  35 | dist   2.18 | Known
C7  | size  31 | dist   7.91 | Known
C8  | size  38 | dist   9.10 | New Fault
==============================
▶ mcs = 21 | conf = 0.99 | thr = 12.40
==============================
--- Test‑set validation
outliers: 3screws 2筆，1screws 1筆，2screws 2筆
C0      : 8screws 63筆
C1      : 1screws 59筆
C2      : 3screws 64筆
C3      : 4screws 59筆，2screws 1筆
C4      : 2screws 54筆
* C0  | size  63 | dist   2.01 | Known
* C1  | size  59 | dist   2.06 | Known
* C2  | size  64 | dist   2.02 | Known
* C3  | size  60 | dist   2.07 | Known
* C4  | size  54 | dist   2.28 | Known
--- Unknown ['5screws'] | mcs 21
C0      : 63 pts
C4      : 58 pts
C1      : 59 pts
C5      : 59 pts
C3      : 58 pts
outliers: 14 pts
C2      : 54 pts
C0  | size  63 | dist   2.01 | Known
C1  | size  59 | dist   2.06 | Known
C2  | size  54 | dist   2.28 | Known
C3  | size  58 | dist   2.09 | Known
C4  | size  58 | dist   2.08 | Known
C5  | size  59 | dist   8.59 | Known
--- Unknown ['5screws', '6screws'] | mcs 21
outliers: 74 pts
C1      : 59 pts
C0      : 63 pts
C6      : 48 pts
C3      : 58 pts
C2      : 58 pts
C5      : 36 pts
C4      : 29 pts
C0  | size  63 | dist   2.01 | Known
C1  | size  59 | dist   2.06 | Known
C2  | size  58 | dist   2.09 | Known
C3  | size  58 | dist   2.08 | Known
C4  | size  29 | dist   2.89 | Known
C5  | size  36 | dist   8.03 | Known
C6  | size  48 | dist   9.10 | Known
--- Unknown ['5screws', '6screws', '7screws'] | mcs 21
outliers: 61 pts
C0      : 55 pts
C3      : 54 pts
C6      : 42 pts
C4      : 52 pts
C7      : 45 pts
C1      : 58 pts
C2      : 55 pts
C5      : 28 pts
C0  | size  55 | dist  52.06 | New Fault
C1  | size  58 | dist   2.07 | Known
C2  | size  55 | dist   2.05 | Known
C3  | size  54 | dist   2.11 | Known
C4  | size  52 | dist   2.09 | Known
C5  | size  28 | dist   2.86 | Known
C6  | size  42 | dist   7.85 | Known
C7  | size  45 | dist   9.11 | Known
--- Unknown ['5screws', '6screws', '7screws', '3_14screws'] | mcs 21
C8      : 37 pts
C6      : 23 pts
outliers: 60 pts
C2      : 49 pts
C1      : 51 pts
C3      : 47 pts
C0      : 47 pts
C7      : 39 pts
C5      : 48 pts
C4      : 49 pts
C0  | size  47 | dist  51.92 | New Fault
C1  | size  51 | dist   2.10 | Known
C2  | size  49 | dist  12.14 | Known
C3  | size  47 | dist   2.15 | Known
C4  | size  49 | dist   2.12 | Known
C5  | size  48 | dist   2.09 | Known
C6  | size  23 | dist   3.11 | Known
C7  | size  39 | dist   7.73 | Known
C8  | size  37 | dist   9.30 | Known
--- Unknown ['5screws', '6screws', '7screws', '3_14screws', '4_146screws'] | mcs 21
C7      : 31 pts
outliers: 86 pts
C5      : 41 pts
C2      : 45 pts
C1      : 47 pts
C3      : 44 pts
C0      : 43 pts
C4      : 40 pts
C6      : 35 pts
C8      : 38 pts
C0  | size  43 | dist  51.98 | New Fault
C1  | size  47 | dist  22.83 | New Fault
C2  | size  45 | dist   2.16 | Known
C3  | size  44 | dist  12.64 | New Fault
C4  | size  40 | dist   2.20 | Known
C5  | size  41 | dist   2.06 | Known
C6  | size  35 | dist   2.18 | Known
C7  | size  31 | dist   7.91 | Known
C8  | size  38 | dist   9.10 | Known
==============================
▶ mcs = 22 | conf = 0.9 | thr = 7.73
==============================
--- Test‑set validation
outliers: 3screws 2筆，1screws 1筆，2screws 2筆
C0      : 8screws 63筆
C1      : 1screws 59筆
C2      : 3screws 64筆
C3      : 4screws 59筆，2screws 1筆
C4      : 2screws 54筆
* C0  | size  63 | dist   2.01 | Known
* C1  | size  59 | dist   2.06 | Known
* C2  | size  64 | dist   2.02 | Known
* C3  | size  60 | dist   2.07 | Known
* C4  | size  54 | dist   2.28 | Known
--- Unknown ['5screws'] | mcs 22
C0      : 63 pts
C4      : 58 pts
C1      : 59 pts
C5      : 59 pts
C3      : 58 pts
outliers: 14 pts
C2      : 54 pts
C0  | size  63 | dist   2.01 | Known
C1  | size  59 | dist   2.06 | Known
C2  | size  54 | dist   2.28 | Known
C3  | size  58 | dist   2.09 | Known
C4  | size  58 | dist   2.08 | Known
C5  | size  59 | dist   8.59 | New Fault
--- Unknown ['5screws', '6screws'] | mcs 22
outliers: 74 pts
C1      : 59 pts
C0      : 63 pts
C6      : 48 pts
C3      : 58 pts
C2      : 58 pts
C5      : 36 pts
C4      : 29 pts
C0  | size  63 | dist   2.01 | Known
C1  | size  59 | dist   2.06 | Known
C2  | size  58 | dist   2.09 | Known
C3  | size  58 | dist   2.08 | Known
C4  | size  29 | dist   2.89 | Known
C5  | size  36 | dist   8.03 | New Fault
C6  | size  48 | dist   9.10 | New Fault
--- Unknown ['5screws', '6screws', '7screws'] | mcs 22
outliers: 61 pts
C0      : 55 pts
C3      : 54 pts
C6      : 42 pts
C4      : 52 pts
C7      : 45 pts
C1      : 58 pts
C2      : 55 pts
C5      : 28 pts
C0  | size  55 | dist  52.06 | New Fault
C1  | size  58 | dist   2.07 | Known
C2  | size  55 | dist   2.05 | Known
C3  | size  54 | dist   2.11 | Known
C4  | size  52 | dist   2.09 | Known
C5  | size  28 | dist   2.86 | Known
C6  | size  42 | dist   7.85 | New Fault
C7  | size  45 | dist   9.11 | New Fault
--- Unknown ['5screws', '6screws', '7screws', '3_14screws'] | mcs 22
C8      : 37 pts
C6      : 23 pts
outliers: 60 pts
C2      : 49 pts
C1      : 51 pts
C3      : 47 pts
C0      : 47 pts
C7      : 39 pts
C5      : 48 pts
C4      : 49 pts
C0  | size  47 | dist  51.92 | New Fault
C1  | size  51 | dist   2.10 | Known
C2  | size  49 | dist  12.14 | New Fault
C3  | size  47 | dist   2.15 | Known
C4  | size  49 | dist   2.12 | Known
C5  | size  48 | dist   2.09 | Known
C6  | size  23 | dist   3.11 | Known
C7  | size  39 | dist   7.73 | New Fault
C8  | size  37 | dist   9.30 | New Fault
--- Unknown ['5screws', '6screws', '7screws', '3_14screws', '4_146screws'] | mcs 22
C7      : 31 pts
outliers: 86 pts
C5      : 41 pts
C2      : 45 pts
C1      : 47 pts
C3      : 44 pts
C0      : 43 pts
C4      : 40 pts
C6      : 35 pts
C8      : 38 pts
C0  | size  43 | dist  51.98 | New Fault
C1  | size  47 | dist  22.83 | New Fault
C2  | size  45 | dist   2.16 | Known
C3  | size  44 | dist  12.64 | New Fault
C4  | size  40 | dist   2.20 | Known
C5  | size  41 | dist   2.06 | Known
C6  | size  35 | dist   2.18 | Known
C7  | size  31 | dist   7.91 | New Fault
C8  | size  38 | dist   9.10 | New Fault
==============================
▶ mcs = 22 | conf = 0.95 | thr = 8.41
==============================
--- Test‑set validation
outliers: 3screws 2筆，1screws 1筆，2screws 2筆
C0      : 8screws 63筆
C1      : 1screws 59筆
C2      : 3screws 64筆
C3      : 4screws 59筆，2screws 1筆
C4      : 2screws 54筆
* C0  | size  63 | dist   2.01 | Known
* C1  | size  59 | dist   2.06 | Known
* C2  | size  64 | dist   2.02 | Known
* C3  | size  60 | dist   2.07 | Known
* C4  | size  54 | dist   2.28 | Known
--- Unknown ['5screws'] | mcs 22
C0      : 63 pts
C4      : 58 pts
C1      : 59 pts
C5      : 59 pts
C3      : 58 pts
outliers: 14 pts
C2      : 54 pts
C0  | size  63 | dist   2.01 | Known
C1  | size  59 | dist   2.06 | Known
C2  | size  54 | dist   2.28 | Known
C3  | size  58 | dist   2.09 | Known
C4  | size  58 | dist   2.08 | Known
C5  | size  59 | dist   8.59 | New Fault
--- Unknown ['5screws', '6screws'] | mcs 22
outliers: 74 pts
C1      : 59 pts
C0      : 63 pts
C6      : 48 pts
C3      : 58 pts
C2      : 58 pts
C5      : 36 pts
C4      : 29 pts
C0  | size  63 | dist   2.01 | Known
C1  | size  59 | dist   2.06 | Known
C2  | size  58 | dist   2.09 | Known
C3  | size  58 | dist   2.08 | Known
C4  | size  29 | dist   2.89 | Known
C5  | size  36 | dist   8.03 | Known
C6  | size  48 | dist   9.10 | New Fault
--- Unknown ['5screws', '6screws', '7screws'] | mcs 22
outliers: 61 pts
C0      : 55 pts
C3      : 54 pts
C6      : 42 pts
C4      : 52 pts
C7      : 45 pts
C1      : 58 pts
C2      : 55 pts
C5      : 28 pts
C0  | size  55 | dist  52.06 | New Fault
C1  | size  58 | dist   2.07 | Known
C2  | size  55 | dist   2.05 | Known
C3  | size  54 | dist   2.11 | Known
C4  | size  52 | dist   2.09 | Known
C5  | size  28 | dist   2.86 | Known
C6  | size  42 | dist   7.85 | Known
C7  | size  45 | dist   9.11 | New Fault
--- Unknown ['5screws', '6screws', '7screws', '3_14screws'] | mcs 22
C8      : 37 pts
C6      : 23 pts
outliers: 60 pts
C2      : 49 pts
C1      : 51 pts
C3      : 47 pts
C0      : 47 pts
C7      : 39 pts
C5      : 48 pts
C4      : 49 pts
C0  | size  47 | dist  51.92 | New Fault
C1  | size  51 | dist   2.10 | Known
C2  | size  49 | dist  12.14 | New Fault
C3  | size  47 | dist   2.15 | Known
C4  | size  49 | dist   2.12 | Known
C5  | size  48 | dist   2.09 | Known
C6  | size  23 | dist   3.11 | Known
C7  | size  39 | dist   7.73 | Known
C8  | size  37 | dist   9.30 | New Fault
--- Unknown ['5screws', '6screws', '7screws', '3_14screws', '4_146screws'] | mcs 22
C7      : 31 pts
outliers: 86 pts
C5      : 41 pts
C2      : 45 pts
C1      : 47 pts
C3      : 44 pts
C0      : 43 pts
C4      : 40 pts
C6      : 35 pts
C8      : 38 pts
C0  | size  43 | dist  51.98 | New Fault
C1  | size  47 | dist  22.83 | New Fault
C2  | size  45 | dist   2.16 | Known
C3  | size  44 | dist  12.64 | New Fault
C4  | size  40 | dist   2.20 | Known
C5  | size  41 | dist   2.06 | Known
C6  | size  35 | dist   2.18 | Known
C7  | size  31 | dist   7.91 | Known
C8  | size  38 | dist   9.10 | New Fault
==============================
▶ mcs = 22 | conf = 0.99 | thr = 12.40
==============================
--- Test‑set validation
outliers: 3screws 2筆，1screws 1筆，2screws 2筆
C0      : 8screws 63筆
C1      : 1screws 59筆
C2      : 3screws 64筆
C3      : 4screws 59筆，2screws 1筆
C4      : 2screws 54筆
* C0  | size  63 | dist   2.01 | Known
* C1  | size  59 | dist   2.06 | Known
* C2  | size  64 | dist   2.02 | Known
* C3  | size  60 | dist   2.07 | Known
* C4  | size  54 | dist   2.28 | Known
--- Unknown ['5screws'] | mcs 22
C0      : 63 pts
C4      : 58 pts
C1      : 59 pts
C5      : 59 pts
C3      : 58 pts
outliers: 14 pts
C2      : 54 pts
C0  | size  63 | dist   2.01 | Known
C1  | size  59 | dist   2.06 | Known
C2  | size  54 | dist   2.28 | Known
C3  | size  58 | dist   2.09 | Known
C4  | size  58 | dist   2.08 | Known
C5  | size  59 | dist   8.59 | Known
--- Unknown ['5screws', '6screws'] | mcs 22
outliers: 74 pts
C1      : 59 pts
C0      : 63 pts
C6      : 48 pts
C3      : 58 pts
C2      : 58 pts
C5      : 36 pts
C4      : 29 pts
C0  | size  63 | dist   2.01 | Known
C1  | size  59 | dist   2.06 | Known
C2  | size  58 | dist   2.09 | Known
C3  | size  58 | dist   2.08 | Known
C4  | size  29 | dist   2.89 | Known
C5  | size  36 | dist   8.03 | Known
C6  | size  48 | dist   9.10 | Known
--- Unknown ['5screws', '6screws', '7screws'] | mcs 22
outliers: 61 pts
C0      : 55 pts
C3      : 54 pts
C6      : 42 pts
C4      : 52 pts
C7      : 45 pts
C1      : 58 pts
C2      : 55 pts
C5      : 28 pts
C0  | size  55 | dist  52.06 | New Fault
C1  | size  58 | dist   2.07 | Known
C2  | size  55 | dist   2.05 | Known
C3  | size  54 | dist   2.11 | Known
C4  | size  52 | dist   2.09 | Known
C5  | size  28 | dist   2.86 | Known
C6  | size  42 | dist   7.85 | Known
C7  | size  45 | dist   9.11 | Known
--- Unknown ['5screws', '6screws', '7screws', '3_14screws'] | mcs 22
C8      : 37 pts
C6      : 23 pts
outliers: 60 pts
C2      : 49 pts
C1      : 51 pts
C3      : 47 pts
C0      : 47 pts
C7      : 39 pts
C5      : 48 pts
C4      : 49 pts
C0  | size  47 | dist  51.92 | New Fault
C1  | size  51 | dist   2.10 | Known
C2  | size  49 | dist  12.14 | Known
C3  | size  47 | dist   2.15 | Known
C4  | size  49 | dist   2.12 | Known
C5  | size  48 | dist   2.09 | Known
C6  | size  23 | dist   3.11 | Known
C7  | size  39 | dist   7.73 | Known
C8  | size  37 | dist   9.30 | Known
--- Unknown ['5screws', '6screws', '7screws', '3_14screws', '4_146screws'] | mcs 22
C7      : 31 pts
outliers: 86 pts
C5      : 41 pts
C2      : 45 pts
C1      : 47 pts
C3      : 44 pts
C0      : 43 pts
C4      : 40 pts
C6      : 35 pts
C8      : 38 pts
C0  | size  43 | dist  51.98 | New Fault
C1  | size  47 | dist  22.83 | New Fault
C2  | size  45 | dist   2.16 | Known
C3  | size  44 | dist  12.64 | New Fault
C4  | size  40 | dist   2.20 | Known
C5  | size  41 | dist   2.06 | Known
C6  | size  35 | dist   2.18 | Known
C7  | size  31 | dist   7.91 | Known
C8  | size  38 | dist   9.10 | Known
==============================
▶ mcs = 23 | conf = 0.9 | thr = 7.73
==============================
--- Test‑set validation
outliers: 3screws 2筆，1screws 1筆，2screws 2筆
C0      : 8screws 63筆
C1      : 1screws 59筆
C2      : 3screws 64筆
C3      : 4screws 59筆，2screws 1筆
C4      : 2screws 54筆
* C0  | size  63 | dist   2.01 | Known
* C1  | size  59 | dist   2.06 | Known
* C2  | size  64 | dist   2.02 | Known
* C3  | size  60 | dist   2.07 | Known
* C4  | size  54 | dist   2.28 | Known
--- Unknown ['5screws'] | mcs 23
C0      : 63 pts
C4      : 58 pts
C1      : 59 pts
C5      : 59 pts
C3      : 58 pts
outliers: 14 pts
C2      : 54 pts
C0  | size  63 | dist   2.01 | Known
C1  | size  59 | dist   2.06 | Known
C2  | size  54 | dist   2.28 | Known
C3  | size  58 | dist   2.09 | Known
C4  | size  58 | dist   2.08 | Known
C5  | size  59 | dist   8.59 | New Fault
--- Unknown ['5screws', '6screws'] | mcs 23
outliers: 74 pts
C1      : 59 pts
C0      : 63 pts
C6      : 48 pts
C3      : 58 pts
C2      : 58 pts
C5      : 36 pts
C4      : 29 pts
C0  | size  63 | dist   2.01 | Known
C1  | size  59 | dist   2.06 | Known
C2  | size  58 | dist   2.09 | Known
C3  | size  58 | dist   2.08 | Known
C4  | size  29 | dist   2.89 | Known
C5  | size  36 | dist   8.03 | New Fault
C6  | size  48 | dist   9.10 | New Fault
--- Unknown ['5screws', '6screws', '7screws'] | mcs 23
outliers: 61 pts
C0      : 55 pts
C3      : 54 pts
C6      : 42 pts
C4      : 52 pts
C7      : 45 pts
C1      : 58 pts
C2      : 55 pts
C5      : 28 pts
C0  | size  55 | dist  52.06 | New Fault
C1  | size  58 | dist   2.07 | Known
C2  | size  55 | dist   2.05 | Known
C3  | size  54 | dist   2.11 | Known
C4  | size  52 | dist   2.09 | Known
C5  | size  28 | dist   2.86 | Known
C6  | size  42 | dist   7.85 | New Fault
C7  | size  45 | dist   9.11 | New Fault
--- Unknown ['5screws', '6screws', '7screws', '3_14screws'] | mcs 23
C8      : 37 pts
C6      : 23 pts
outliers: 60 pts
C2      : 49 pts
C1      : 51 pts
C3      : 47 pts
C0      : 47 pts
C7      : 39 pts
C5      : 48 pts
C4      : 49 pts
C0  | size  47 | dist  51.92 | New Fault
C1  | size  51 | dist   2.10 | Known
C2  | size  49 | dist  12.14 | New Fault
C3  | size  47 | dist   2.15 | Known
C4  | size  49 | dist   2.12 | Known
C5  | size  48 | dist   2.09 | Known
C6  | size  23 | dist   3.11 | Known
C7  | size  39 | dist   7.73 | New Fault
C8  | size  37 | dist   9.30 | New Fault
--- Unknown ['5screws', '6screws', '7screws', '3_14screws', '4_146screws'] | mcs 23
C7      : 31 pts
outliers: 86 pts
C5      : 41 pts
C2      : 45 pts
C1      : 47 pts
C3      : 44 pts
C0      : 43 pts
C4      : 40 pts
C6      : 35 pts
C8      : 38 pts
C0  | size  43 | dist  51.98 | New Fault
C1  | size  47 | dist  22.83 | New Fault
C2  | size  45 | dist   2.16 | Known
C3  | size  44 | dist  12.64 | New Fault
C4  | size  40 | dist   2.20 | Known
C5  | size  41 | dist   2.06 | Known
C6  | size  35 | dist   2.18 | Known
C7  | size  31 | dist   7.91 | New Fault
C8  | size  38 | dist   9.10 | New Fault
==============================
▶ mcs = 23 | conf = 0.95 | thr = 8.41
==============================
--- Test‑set validation
outliers: 3screws 2筆，1screws 1筆，2screws 2筆
C0      : 8screws 63筆
C1      : 1screws 59筆
C2      : 3screws 64筆
C3      : 4screws 59筆，2screws 1筆
C4      : 2screws 54筆
* C0  | size  63 | dist   2.01 | Known
* C1  | size  59 | dist   2.06 | Known
* C2  | size  64 | dist   2.02 | Known
* C3  | size  60 | dist   2.07 | Known
* C4  | size  54 | dist   2.28 | Known
--- Unknown ['5screws'] | mcs 23
C0      : 63 pts
C4      : 58 pts
C1      : 59 pts
C5      : 59 pts
C3      : 58 pts
outliers: 14 pts
C2      : 54 pts
C0  | size  63 | dist   2.01 | Known
C1  | size  59 | dist   2.06 | Known
C2  | size  54 | dist   2.28 | Known
C3  | size  58 | dist   2.09 | Known
C4  | size  58 | dist   2.08 | Known
C5  | size  59 | dist   8.59 | New Fault
--- Unknown ['5screws', '6screws'] | mcs 23
outliers: 74 pts
C1      : 59 pts
C0      : 63 pts
C6      : 48 pts
C3      : 58 pts
C2      : 58 pts
C5      : 36 pts
C4      : 29 pts
C0  | size  63 | dist   2.01 | Known
C1  | size  59 | dist   2.06 | Known
C2  | size  58 | dist   2.09 | Known
C3  | size  58 | dist   2.08 | Known
C4  | size  29 | dist   2.89 | Known
C5  | size  36 | dist   8.03 | Known
C6  | size  48 | dist   9.10 | New Fault
--- Unknown ['5screws', '6screws', '7screws'] | mcs 23
outliers: 61 pts
C0      : 55 pts
C3      : 54 pts
C6      : 42 pts
C4      : 52 pts
C7      : 45 pts
C1      : 58 pts
C2      : 55 pts
C5      : 28 pts
C0  | size  55 | dist  52.06 | New Fault
C1  | size  58 | dist   2.07 | Known
C2  | size  55 | dist   2.05 | Known
C3  | size  54 | dist   2.11 | Known
C4  | size  52 | dist   2.09 | Known
C5  | size  28 | dist   2.86 | Known
C6  | size  42 | dist   7.85 | Known
C7  | size  45 | dist   9.11 | New Fault
--- Unknown ['5screws', '6screws', '7screws', '3_14screws'] | mcs 23
C8      : 37 pts
C6      : 23 pts
outliers: 60 pts
C2      : 49 pts
C1      : 51 pts
C3      : 47 pts
C0      : 47 pts
C7      : 39 pts
C5      : 48 pts
C4      : 49 pts
C0  | size  47 | dist  51.92 | New Fault
C1  | size  51 | dist   2.10 | Known
C2  | size  49 | dist  12.14 | New Fault
C3  | size  47 | dist   2.15 | Known
C4  | size  49 | dist   2.12 | Known
C5  | size  48 | dist   2.09 | Known
C6  | size  23 | dist   3.11 | Known
C7  | size  39 | dist   7.73 | Known
C8  | size  37 | dist   9.30 | New Fault
--- Unknown ['5screws', '6screws', '7screws', '3_14screws', '4_146screws'] | mcs 23
C7      : 31 pts
outliers: 86 pts
C5      : 41 pts
C2      : 45 pts
C1      : 47 pts
C3      : 44 pts
C0      : 43 pts
C4      : 40 pts
C6      : 35 pts
C8      : 38 pts
C0  | size  43 | dist  51.98 | New Fault
C1  | size  47 | dist  22.83 | New Fault
C2  | size  45 | dist   2.16 | Known
C3  | size  44 | dist  12.64 | New Fault
C4  | size  40 | dist   2.20 | Known
C5  | size  41 | dist   2.06 | Known
C6  | size  35 | dist   2.18 | Known
C7  | size  31 | dist   7.91 | Known
C8  | size  38 | dist   9.10 | New Fault
==============================
▶ mcs = 23 | conf = 0.99 | thr = 12.40
==============================
--- Test‑set validation
outliers: 3screws 2筆，1screws 1筆，2screws 2筆
C0      : 8screws 63筆
C1      : 1screws 59筆
C2      : 3screws 64筆
C3      : 4screws 59筆，2screws 1筆
C4      : 2screws 54筆
* C0  | size  63 | dist   2.01 | Known
* C1  | size  59 | dist   2.06 | Known
* C2  | size  64 | dist   2.02 | Known
* C3  | size  60 | dist   2.07 | Known
* C4  | size  54 | dist   2.28 | Known
--- Unknown ['5screws'] | mcs 23
C0      : 63 pts
C4      : 58 pts
C1      : 59 pts
C5      : 59 pts
C3      : 58 pts
outliers: 14 pts
C2      : 54 pts
C0  | size  63 | dist   2.01 | Known
C1  | size  59 | dist   2.06 | Known
C2  | size  54 | dist   2.28 | Known
C3  | size  58 | dist   2.09 | Known
C4  | size  58 | dist   2.08 | Known
C5  | size  59 | dist   8.59 | Known
--- Unknown ['5screws', '6screws'] | mcs 23
outliers: 74 pts
C1      : 59 pts
C0      : 63 pts
C6      : 48 pts
C3      : 58 pts
C2      : 58 pts
C5      : 36 pts
C4      : 29 pts
C0  | size  63 | dist   2.01 | Known
C1  | size  59 | dist   2.06 | Known
C2  | size  58 | dist   2.09 | Known
C3  | size  58 | dist   2.08 | Known
C4  | size  29 | dist   2.89 | Known
C5  | size  36 | dist   8.03 | Known
C6  | size  48 | dist   9.10 | Known
--- Unknown ['5screws', '6screws', '7screws'] | mcs 23
outliers: 61 pts
C0      : 55 pts
C3      : 54 pts
C6      : 42 pts
C4      : 52 pts
C7      : 45 pts
C1      : 58 pts
C2      : 55 pts
C5      : 28 pts
C0  | size  55 | dist  52.06 | New Fault
C1  | size  58 | dist   2.07 | Known
C2  | size  55 | dist   2.05 | Known
C3  | size  54 | dist   2.11 | Known
C4  | size  52 | dist   2.09 | Known
C5  | size  28 | dist   2.86 | Known
C6  | size  42 | dist   7.85 | Known
C7  | size  45 | dist   9.11 | Known
--- Unknown ['5screws', '6screws', '7screws', '3_14screws'] | mcs 23
C8      : 37 pts
C6      : 23 pts
outliers: 60 pts
C2      : 49 pts
C1      : 51 pts
C3      : 47 pts
C0      : 47 pts
C7      : 39 pts
C5      : 48 pts
C4      : 49 pts
C0  | size  47 | dist  51.92 | New Fault
C1  | size  51 | dist   2.10 | Known
C2  | size  49 | dist  12.14 | Known
C3  | size  47 | dist   2.15 | Known
C4  | size  49 | dist   2.12 | Known
C5  | size  48 | dist   2.09 | Known
C6  | size  23 | dist   3.11 | Known
C7  | size  39 | dist   7.73 | Known
C8  | size  37 | dist   9.30 | Known
--- Unknown ['5screws', '6screws', '7screws', '3_14screws', '4_146screws'] | mcs 23
C7      : 31 pts
outliers: 86 pts
C5      : 41 pts
C2      : 45 pts
C1      : 47 pts
C3      : 44 pts
C0      : 43 pts
C4      : 40 pts
C6      : 35 pts
C8      : 38 pts
C0  | size  43 | dist  51.98 | New Fault
C1  | size  47 | dist  22.83 | New Fault
C2  | size  45 | dist   2.16 | Known
C3  | size  44 | dist  12.64 | New Fault
C4  | size  40 | dist   2.20 | Known
C5  | size  41 | dist   2.06 | Known
C6  | size  35 | dist   2.18 | Known
C7  | size  31 | dist   7.91 | Known
C8  | size  38 | dist   9.10 | Known
==============================
▶ mcs = 24 | conf = 0.9 | thr = 7.73
==============================
--- Test‑set validation
outliers: 3screws 2筆，1screws 1筆，2screws 2筆
C0      : 8screws 63筆
C1      : 1screws 59筆
C2      : 3screws 64筆
C3      : 4screws 59筆，2screws 1筆
C4      : 2screws 54筆
* C0  | size  63 | dist   2.01 | Known
* C1  | size  59 | dist   2.06 | Known
* C2  | size  64 | dist   2.02 | Known
* C3  | size  60 | dist   2.07 | Known
* C4  | size  54 | dist   2.28 | Known
--- Unknown ['5screws'] | mcs 24
C0      : 63 pts
C4      : 58 pts
C1      : 59 pts
C5      : 59 pts
C3      : 58 pts
outliers: 14 pts
C2      : 54 pts
C0  | size  63 | dist   2.01 | Known
C1  | size  59 | dist   2.06 | Known
C2  | size  54 | dist   2.28 | Known
C3  | size  58 | dist   2.09 | Known
C4  | size  58 | dist   2.08 | Known
C5  | size  59 | dist   8.59 | New Fault
--- Unknown ['5screws', '6screws'] | mcs 24
outliers: 74 pts
C1      : 59 pts
C0      : 63 pts
C6      : 48 pts
C3      : 58 pts
C2      : 58 pts
C5      : 36 pts
C4      : 29 pts
C0  | size  63 | dist   2.01 | Known
C1  | size  59 | dist   2.06 | Known
C2  | size  58 | dist   2.09 | Known
C3  | size  58 | dist   2.08 | Known
C4  | size  29 | dist   2.89 | Known
C5  | size  36 | dist   8.03 | New Fault
C6  | size  48 | dist   9.10 | New Fault
--- Unknown ['5screws', '6screws', '7screws'] | mcs 24
outliers: 61 pts
C0      : 55 pts
C3      : 54 pts
C6      : 42 pts
C4      : 52 pts
C7      : 45 pts
C1      : 58 pts
C2      : 55 pts
C5      : 28 pts
C0  | size  55 | dist  52.06 | New Fault
C1  | size  58 | dist   2.07 | Known
C2  | size  55 | dist   2.05 | Known
C3  | size  54 | dist   2.11 | Known
C4  | size  52 | dist   2.09 | Known
C5  | size  28 | dist   2.86 | Known
C6  | size  42 | dist   7.85 | New Fault
C7  | size  45 | dist   9.11 | New Fault
--- Unknown ['5screws', '6screws', '7screws', '3_14screws'] | mcs 24
C7      : 37 pts
outliers: 83 pts
C2      : 49 pts
C1      : 51 pts
C3      : 47 pts
C0      : 47 pts
C6      : 39 pts
C5      : 48 pts
C4      : 49 pts
C0  | size  47 | dist  51.92 | New Fault
C1  | size  51 | dist   2.10 | Known
C2  | size  49 | dist  12.14 | New Fault
C3  | size  47 | dist   2.15 | Known
C4  | size  49 | dist   2.12 | Known
C5  | size  48 | dist   2.09 | Known
C6  | size  39 | dist   7.73 | New Fault
C7  | size  37 | dist   9.30 | New Fault
--- Unknown ['5screws', '6screws', '7screws', '3_14screws', '4_146screws'] | mcs 24
C7      : 31 pts
outliers: 86 pts
C5      : 41 pts
C2      : 45 pts
C1      : 47 pts
C3      : 44 pts
C0      : 43 pts
C4      : 40 pts
C6      : 35 pts
C8      : 38 pts
C0  | size  43 | dist  51.98 | New Fault
C1  | size  47 | dist  22.83 | New Fault
C2  | size  45 | dist   2.16 | Known
C3  | size  44 | dist  12.64 | New Fault
C4  | size  40 | dist   2.20 | Known
C5  | size  41 | dist   2.06 | Known
C6  | size  35 | dist   2.18 | Known
C7  | size  31 | dist   7.91 | New Fault
C8  | size  38 | dist   9.10 | New Fault
==============================
▶ mcs = 24 | conf = 0.95 | thr = 8.41
==============================
--- Test‑set validation
outliers: 3screws 2筆，1screws 1筆，2screws 2筆
C0      : 8screws 63筆
C1      : 1screws 59筆
C2      : 3screws 64筆
C3      : 4screws 59筆，2screws 1筆
C4      : 2screws 54筆
* C0  | size  63 | dist   2.01 | Known
* C1  | size  59 | dist   2.06 | Known
* C2  | size  64 | dist   2.02 | Known
* C3  | size  60 | dist   2.07 | Known
* C4  | size  54 | dist   2.28 | Known
--- Unknown ['5screws'] | mcs 24
C0      : 63 pts
C4      : 58 pts
C1      : 59 pts
C5      : 59 pts
C3      : 58 pts
outliers: 14 pts
C2      : 54 pts
C0  | size  63 | dist   2.01 | Known
C1  | size  59 | dist   2.06 | Known
C2  | size  54 | dist   2.28 | Known
C3  | size  58 | dist   2.09 | Known
C4  | size  58 | dist   2.08 | Known
C5  | size  59 | dist   8.59 | New Fault
--- Unknown ['5screws', '6screws'] | mcs 24
outliers: 74 pts
C1      : 59 pts
C0      : 63 pts
C6      : 48 pts
C3      : 58 pts
C2      : 58 pts
C5      : 36 pts
C4      : 29 pts
C0  | size  63 | dist   2.01 | Known
C1  | size  59 | dist   2.06 | Known
C2  | size  58 | dist   2.09 | Known
C3  | size  58 | dist   2.08 | Known
C4  | size  29 | dist   2.89 | Known
C5  | size  36 | dist   8.03 | Known
C6  | size  48 | dist   9.10 | New Fault
--- Unknown ['5screws', '6screws', '7screws'] | mcs 24
outliers: 61 pts
C0      : 55 pts
C3      : 54 pts
C6      : 42 pts
C4      : 52 pts
C7      : 45 pts
C1      : 58 pts
C2      : 55 pts
C5      : 28 pts
C0  | size  55 | dist  52.06 | New Fault
C1  | size  58 | dist   2.07 | Known
C2  | size  55 | dist   2.05 | Known
C3  | size  54 | dist   2.11 | Known
C4  | size  52 | dist   2.09 | Known
C5  | size  28 | dist   2.86 | Known
C6  | size  42 | dist   7.85 | Known
C7  | size  45 | dist   9.11 | New Fault
--- Unknown ['5screws', '6screws', '7screws', '3_14screws'] | mcs 24
C7      : 37 pts
outliers: 83 pts
C2      : 49 pts
C1      : 51 pts
C3      : 47 pts
C0      : 47 pts
C6      : 39 pts
C5      : 48 pts
C4      : 49 pts
C0  | size  47 | dist  51.92 | New Fault
C1  | size  51 | dist   2.10 | Known
C2  | size  49 | dist  12.14 | New Fault
C3  | size  47 | dist   2.15 | Known
C4  | size  49 | dist   2.12 | Known
C5  | size  48 | dist   2.09 | Known
C6  | size  39 | dist   7.73 | Known
C7  | size  37 | dist   9.30 | New Fault
--- Unknown ['5screws', '6screws', '7screws', '3_14screws', '4_146screws'] | mcs 24
C7      : 31 pts
outliers: 86 pts
C5      : 41 pts
C2      : 45 pts
C1      : 47 pts
C3      : 44 pts
C0      : 43 pts
C4      : 40 pts
C6      : 35 pts
C8      : 38 pts
C0  | size  43 | dist  51.98 | New Fault
C1  | size  47 | dist  22.83 | New Fault
C2  | size  45 | dist   2.16 | Known
C3  | size  44 | dist  12.64 | New Fault
C4  | size  40 | dist   2.20 | Known
C5  | size  41 | dist   2.06 | Known
C6  | size  35 | dist   2.18 | Known
C7  | size  31 | dist   7.91 | Known
C8  | size  38 | dist   9.10 | New Fault
==============================
▶ mcs = 24 | conf = 0.99 | thr = 12.40
==============================
--- Test‑set validation
outliers: 3screws 2筆，1screws 1筆，2screws 2筆
C0      : 8screws 63筆
C1      : 1screws 59筆
C2      : 3screws 64筆
C3      : 4screws 59筆，2screws 1筆
C4      : 2screws 54筆
* C0  | size  63 | dist   2.01 | Known
* C1  | size  59 | dist   2.06 | Known
* C2  | size  64 | dist   2.02 | Known
* C3  | size  60 | dist   2.07 | Known
* C4  | size  54 | dist   2.28 | Known
--- Unknown ['5screws'] | mcs 24
C0      : 63 pts
C4      : 58 pts
C1      : 59 pts
C5      : 59 pts
C3      : 58 pts
outliers: 14 pts
C2      : 54 pts
C0  | size  63 | dist   2.01 | Known
C1  | size  59 | dist   2.06 | Known
C2  | size  54 | dist   2.28 | Known
C3  | size  58 | dist   2.09 | Known
C4  | size  58 | dist   2.08 | Known
C5  | size  59 | dist   8.59 | Known
--- Unknown ['5screws', '6screws'] | mcs 24
outliers: 74 pts
C1      : 59 pts
C0      : 63 pts
C6      : 48 pts
C3      : 58 pts
C2      : 58 pts
C5      : 36 pts
C4      : 29 pts
C0  | size  63 | dist   2.01 | Known
C1  | size  59 | dist   2.06 | Known
C2  | size  58 | dist   2.09 | Known
C3  | size  58 | dist   2.08 | Known
C4  | size  29 | dist   2.89 | Known
C5  | size  36 | dist   8.03 | Known
C6  | size  48 | dist   9.10 | Known
--- Unknown ['5screws', '6screws', '7screws'] | mcs 24
outliers: 61 pts
C0      : 55 pts
C3      : 54 pts
C6      : 42 pts
C4      : 52 pts
C7      : 45 pts
C1      : 58 pts
C2      : 55 pts
C5      : 28 pts
C0  | size  55 | dist  52.06 | New Fault
C1  | size  58 | dist   2.07 | Known
C2  | size  55 | dist   2.05 | Known
C3  | size  54 | dist   2.11 | Known
C4  | size  52 | dist   2.09 | Known
C5  | size  28 | dist   2.86 | Known
C6  | size  42 | dist   7.85 | Known
C7  | size  45 | dist   9.11 | Known
--- Unknown ['5screws', '6screws', '7screws', '3_14screws'] | mcs 24
C7      : 37 pts
outliers: 83 pts
C2      : 49 pts
C1      : 51 pts
C3      : 47 pts
C0      : 47 pts
C6      : 39 pts
C5      : 48 pts
C4      : 49 pts
C0  | size  47 | dist  51.92 | New Fault
C1  | size  51 | dist   2.10 | Known
C2  | size  49 | dist  12.14 | Known
C3  | size  47 | dist   2.15 | Known
C4  | size  49 | dist   2.12 | Known
C5  | size  48 | dist   2.09 | Known
C6  | size  39 | dist   7.73 | Known
C7  | size  37 | dist   9.30 | Known
--- Unknown ['5screws', '6screws', '7screws', '3_14screws', '4_146screws'] | mcs 24
C7      : 31 pts
outliers: 86 pts
C5      : 41 pts
C2      : 45 pts
C1      : 47 pts
C3      : 44 pts
C0      : 43 pts
C4      : 40 pts
C6      : 35 pts
C8      : 38 pts
C0  | size  43 | dist  51.98 | New Fault
C1  | size  47 | dist  22.83 | New Fault
C2  | size  45 | dist   2.16 | Known
C3  | size  44 | dist  12.64 | New Fault
C4  | size  40 | dist   2.20 | Known
C5  | size  41 | dist   2.06 | Known
C6  | size  35 | dist   2.18 | Known
C7  | size  31 | dist   7.91 | Known
C8  | size  38 | dist   9.10 | Known
