2026-08-05 15:54:10 | INFO  | Logger initialized
2026-08-05 15:54:10 | INFO  | log_file=/home/albert/Ancestor/logs/Step3_Model_26_OneStage/2026-08-05-15-54-10.log
2026-08-05 15:54:10 | INFO  | output_dir=/home/albert/Ancestor/output/Step3_Model_26_OneStage/2026-08-05-15-54-10
[gpu_utils] GPU x1 已啟用：['/physical_device:GPU:0']
自訂 Label Mapping:
8screws: 0
1screws: 1
2screws: 2
3screws: 3
4screws: 4
模型已成功載入。
Model 2 - Layer 0: input_layer | Trainable: False
Model 2 - Layer 1: conv1d | Trainable: False
Model 2 - Layer 2: batch_normalization | Trainable: False
Model 2 - Layer 3: activation | Trainable: False
Model 2 - Layer 4: max_pooling1d | Trainable: False
Model 2 - Layer 5: conv1d_1 | Trainable: False
Model 2 - Layer 6: batch_normalization_1 | Trainable: False
Model 2 - Layer 7: activation_1 | Trainable: False
Model 2 - Layer 8: conv1d_2 | Trainable: False
Model 2 - Layer 9: batch_normalization_2 | Trainable: False
Model 2 - Layer 10: add | Trainable: False
Model 2 - Layer 11: activation_2 | Trainable: False
Model 2 - Layer 12: conv1d_3 | Trainable: False
Model 2 - Layer 13: batch_normalization_3 | Trainable: False
Model 2 - Layer 14: activation_3 | Trainable: False
Model 2 - Layer 15: conv1d_4 | Trainable: False
Model 2 - Layer 16: batch_normalization_4 | Trainable: False
Model 2 - Layer 17: add_1 | Trainable: False
Model 2 - Layer 18: activation_4 | Trainable: False
Model 2 - Layer 19: conv1d_5 | Trainable: False
Model 2 - Layer 20: batch_normalization_5 | Trainable: False
Model 2 - Layer 21: activation_5 | Trainable: False
Model 2 - Layer 22: conv1d_6 | Trainable: False
Model 2 - Layer 23: conv1d_7 | Trainable: False
Model 2 - Layer 24: batch_normalization_6 | Trainable: False
Model 2 - Layer 25: batch_normalization_7 | Trainable: False
Model 2 - Layer 26: add_2 | Trainable: False
Model 2 - Layer 27: activation_6 | Trainable: False
Model 2 - Layer 28: conv1d_8 | Trainable: False
Model 2 - Layer 29: batch_normalization_8 | Trainable: False
Model 2 - Layer 30: activation_7 | Trainable: False
Model 2 - Layer 31: conv1d_9 | Trainable: False
Model 2 - Layer 32: batch_normalization_9 | Trainable: False
Model 2 - Layer 33: add_3 | Trainable: False
Model 2 - Layer 34: activation_8 | Trainable: False
Model 2 - Layer 35: conv1d_10 | Trainable: True
Model 2 - Layer 36: batch_normalization_10 | Trainable: False
Model 2 - Layer 37: activation_9 | Trainable: True
Model 2 - Layer 38: conv1d_11 | Trainable: True
Model 2 - Layer 39: conv1d_12 | Trainable: True
Model 2 - Layer 40: batch_normalization_11 | Trainable: False
Model 2 - Layer 41: batch_normalization_12 | Trainable: False
Model 2 - Layer 42: add_4 | Trainable: True
Model 2 - Layer 43: activation_10 | Trainable: True
Model 2 - Layer 44: conv1d_13 | Trainable: True
Model 2 - Layer 45: batch_normalization_13 | Trainable: False
Model 2 - Layer 46: activation_11 | Trainable: True
Model 2 - Layer 47: conv1d_14 | Trainable: True
Model 2 - Layer 48: batch_normalization_14 | Trainable: False
Model 2 - Layer 49: add_5 | Trainable: True
Model 2 - Layer 50: activation_12 | Trainable: True
Model 2 - Layer 51: conv1d_15 | Trainable: True
Model 2 - Layer 52: batch_normalization_15 | Trainable: False
Model 2 - Layer 53: activation_13 | Trainable: True
Model 2 - Layer 54: conv1d_16 | Trainable: True
Model 2 - Layer 55: conv1d_17 | Trainable: True
Model 2 - Layer 56: batch_normalization_16 | Trainable: False
Model 2 - Layer 57: batch_normalization_17 | Trainable: False
Model 2 - Layer 58: add_6 | Trainable: True
Model 2 - Layer 59: activation_14 | Trainable: True
Model 2 - Layer 60: conv1d_18 | Trainable: True
Model 2 - Layer 61: batch_normalization_18 | Trainable: False
Model 2 - Layer 62: activation_15 | Trainable: True
Model 2 - Layer 63: conv1d_19 | Trainable: True
Model 2 - Layer 64: batch_normalization_19 | Trainable: False
Model 2 - Layer 65: add_7 | Trainable: True
Model 2 - Layer 66: activation_16 | Trainable: True
Model 2 - Layer 67: global_average_pooling1d | Trainable: True
Model 2 - Layer 68: Screw_Number_Output | Trainable: True
[Training] Device: /GPU:0
Epoch 1/100
75/75 53ms/step accuracy=0.6299 loss=1.5493
75/75 92ms/step accuracy=0.8255 loss=0.6910 val_accuracy=0.9800 val_loss=0.0840
Epoch 2/100
75/75 5ms/step accuracy=0.9887 loss=0.0492 val_accuracy=0.9933 val_loss=0.0306
Epoch 3/100
75/75 5ms/step accuracy=0.9954 loss=0.0174 val_accuracy=0.9950 val_loss=0.0212
Epoch 4/100
75/75 7ms/step accuracy=0.9992 loss=0.0070 val_accuracy=0.9950 val_loss=0.0151
Epoch 5/100
75/75 5ms/step accuracy=1.0000 loss=0.0039 val_accuracy=0.9950 val_loss=0.0154
Epoch 6/100
75/75 5ms/step accuracy=1.0000 loss=0.0024 val_accuracy=0.9950 val_loss=0.0117
Epoch 7/100
75/75 7ms/step accuracy=1.0000 loss=0.0017 val_accuracy=0.9950 val_loss=0.0108
Epoch 8/100
75/75 5ms/step accuracy=1.0000 loss=0.0012 val_accuracy=0.9950 val_loss=0.0105
Epoch 9/100
75/75 5ms/step accuracy=1.0000 loss=8.9724e-04 val_accuracy=0.9950 val_loss=0.0107
Epoch 10/100
75/75 7ms/step accuracy=1.0000 loss=7.2348e-04 val_accuracy=0.9950 val_loss=0.0109
Epoch 11/100
75/75 5ms/step accuracy=1.0000 loss=5.6539e-04 val_accuracy=0.9950 val_loss=0.0104
Epoch 12/100
75/75 5ms/step accuracy=1.0000 loss=4.6899e-04 val_accuracy=0.9950 val_loss=0.0091
Epoch 13/100
75/75 6ms/step accuracy=1.0000 loss=3.9796e-04 val_accuracy=0.9950 val_loss=0.0092
Epoch 14/100
75/75 5ms/step accuracy=1.0000 loss=3.3573e-04 val_accuracy=0.9950 val_loss=0.0098
Epoch 15/100
75/75 5ms/step accuracy=1.0000 loss=2.9128e-04 val_accuracy=0.9967 val_loss=0.0091
Epoch 16/100
75/75 7ms/step accuracy=1.0000 loss=2.5018e-04 val_accuracy=0.9950 val_loss=0.0085
Epoch 17/100
75/75 5ms/step accuracy=1.0000 loss=2.1775e-04 val_accuracy=0.9950 val_loss=0.0089
Epoch 18/100
75/75 5ms/step accuracy=1.0000 loss=1.9238e-04 val_accuracy=0.9950 val_loss=0.0087
Epoch 19/100
75/75 5ms/step accuracy=1.0000 loss=1.7174e-04 val_accuracy=0.9950 val_loss=0.0091
Epoch 20/100
75/75 5ms/step accuracy=1.0000 loss=1.5126e-04 val_accuracy=0.9967 val_loss=0.0082
Epoch 21/100
75/75 5ms/step accuracy=1.0000 loss=1.3570e-04 val_accuracy=0.9967 val_loss=0.0083
Epoch 22/100
75/75 5ms/step accuracy=1.0000 loss=1.2231e-04 val_accuracy=0.9967 val_loss=0.0082
Epoch 23/100
75/75 5ms/step accuracy=1.0000 loss=1.1019e-04 val_accuracy=0.9967 val_loss=0.0085
Epoch 24/100
75/75 7ms/step accuracy=1.0000 loss=1.0015e-04 val_accuracy=0.9967 val_loss=0.0082
Epoch 25/100
75/75 5ms/step accuracy=1.0000 loss=9.0540e-05 val_accuracy=0.9967 val_loss=0.0080
Epoch 26/100
75/75 5ms/step accuracy=1.0000 loss=8.3210e-05 val_accuracy=0.9967 val_loss=0.0081
Epoch 27/100
75/75 5ms/step accuracy=1.0000 loss=7.6628e-05 val_accuracy=0.9967 val_loss=0.0079
Epoch 28/100
75/75 5ms/step accuracy=1.0000 loss=7.0777e-05 val_accuracy=0.9967 val_loss=0.0077
Epoch 29/100
75/75 5ms/step accuracy=1.0000 loss=6.4379e-05 val_accuracy=0.9967 val_loss=0.0079
Epoch 30/100
75/75 5ms/step accuracy=1.0000 loss=5.9784e-05 val_accuracy=0.9967 val_loss=0.0076
Epoch 31/100
75/75 7ms/step accuracy=1.0000 loss=5.4569e-05 val_accuracy=0.9967 val_loss=0.0076
Epoch 32/100
75/75 5ms/step accuracy=1.0000 loss=5.0491e-05 val_accuracy=0.9967 val_loss=0.0077
Epoch 33/100
75/75 5ms/step accuracy=1.0000 loss=4.7064e-05 val_accuracy=0.9967 val_loss=0.0077
Epoch 34/100
75/75 5ms/step accuracy=1.0000 loss=4.3658e-05 val_accuracy=0.9967 val_loss=0.0077
Epoch 35/100
75/75 5ms/step accuracy=1.0000 loss=4.0454e-05 val_accuracy=0.9983 val_loss=0.0073
Epoch 36/100
75/75 5ms/step accuracy=1.0000 loss=3.7888e-05 val_accuracy=0.9967 val_loss=0.0076
Epoch 37/100
75/75 5ms/step accuracy=1.0000 loss=3.5234e-05 val_accuracy=0.9967 val_loss=0.0075
Epoch 38/100
75/75 5ms/step accuracy=1.0000 loss=3.2908e-05 val_accuracy=0.9983 val_loss=0.0074
Epoch 39/100
75/75 7ms/step accuracy=1.0000 loss=3.0743e-05 val_accuracy=0.9983 val_loss=0.0073
Epoch 40/100
75/75 5ms/step accuracy=1.0000 loss=2.8937e-05 val_accuracy=0.9983 val_loss=0.0072
Epoch 41/100
75/75 5ms/step accuracy=1.0000 loss=2.7006e-05 val_accuracy=0.9983 val_loss=0.0075
Epoch 42/100
75/75 5ms/step accuracy=1.0000 loss=2.5278e-05 val_accuracy=0.9983 val_loss=0.0075
Epoch 43/100
75/75 5ms/step accuracy=1.0000 loss=2.3932e-05 val_accuracy=0.9983 val_loss=0.0076
Epoch 44/100
75/75 5ms/step accuracy=1.0000 loss=2.2328e-05 val_accuracy=0.9983 val_loss=0.0074
Epoch 45/100
75/75 5ms/step accuracy=1.0000 loss=2.1098e-05 val_accuracy=0.9983 val_loss=0.0072
Epoch 46/100
75/75 5ms/step accuracy=1.0000 loss=1.9799e-05 val_accuracy=0.9983 val_loss=0.0073
Epoch 47/100
75/75 5ms/step accuracy=1.0000 loss=1.8672e-05 val_accuracy=0.9983 val_loss=0.0071
Epoch 48/100
75/75 5ms/step accuracy=1.0000 loss=1.7541e-05 val_accuracy=0.9983 val_loss=0.0072
Epoch 49/100
75/75 5ms/step accuracy=1.0000 loss=1.6511e-05 val_accuracy=0.9983 val_loss=0.0073
Epoch 50/100
75/75 5ms/step accuracy=1.0000 loss=1.5769e-05 val_accuracy=0.9983 val_loss=0.0073
Epoch 51/100
75/75 5ms/step accuracy=1.0000 loss=1.4757e-05 val_accuracy=0.9983 val_loss=0.0071
Epoch 52/100
75/75 5ms/step accuracy=1.0000 loss=1.3905e-05 val_accuracy=0.9983 val_loss=0.0072
Epoch 53/100
75/75 5ms/step accuracy=1.0000 loss=1.3276e-05 val_accuracy=0.9983 val_loss=0.0073
Epoch 54/100
75/75 6ms/step accuracy=1.0000 loss=1.2443e-05 val_accuracy=0.9983 val_loss=0.0073
Epoch 55/100
75/75 5ms/step accuracy=1.0000 loss=1.1878e-05 val_accuracy=0.9983 val_loss=0.0074
Epoch 56/100
75/75 5ms/step accuracy=1.0000 loss=1.1198e-05 val_accuracy=0.9983 val_loss=0.0071
Epoch 57/100
75/75 7ms/step accuracy=1.0000 loss=1.0553e-05 val_accuracy=0.9983 val_loss=0.0071
Epoch 58/100
75/75 5ms/step accuracy=1.0000 loss=1.0026e-05 val_accuracy=0.9983 val_loss=0.0070
Epoch 59/100
75/75 5ms/step accuracy=1.0000 loss=9.5078e-06 val_accuracy=0.9983 val_loss=0.0071
Epoch 60/100
75/75 7ms/step accuracy=1.0000 loss=9.0062e-06 val_accuracy=0.9983 val_loss=0.0070
Epoch 61/100
75/75 5ms/step accuracy=1.0000 loss=8.5315e-06 val_accuracy=0.9983 val_loss=0.0070
Epoch 62/100
75/75 5ms/step accuracy=1.0000 loss=8.1202e-06 val_accuracy=0.9983 val_loss=0.0071
Epoch 63/100
75/75 7ms/step accuracy=1.0000 loss=7.7143e-06 val_accuracy=0.9983 val_loss=0.0071
Epoch 64/100
75/75 5ms/step accuracy=1.0000 loss=7.3208e-06 val_accuracy=0.9983 val_loss=0.0069
Epoch 65/100
75/75 5ms/step accuracy=1.0000 loss=6.9603e-06 val_accuracy=0.9983 val_loss=0.0069
Epoch 66/100
75/75 5ms/step accuracy=1.0000 loss=6.5949e-06 val_accuracy=0.9983 val_loss=0.0070
Epoch 67/100
75/75 5ms/step accuracy=1.0000 loss=6.2665e-06 val_accuracy=0.9983 val_loss=0.0069
Epoch 68/100
75/75 5ms/step accuracy=1.0000 loss=5.9548e-06 val_accuracy=0.9983 val_loss=0.0070
Epoch 69/100
75/75 5ms/step accuracy=1.0000 loss=5.6828e-06 val_accuracy=0.9983 val_loss=0.0068
Epoch 70/100
75/75 5ms/step accuracy=1.0000 loss=5.3952e-06 val_accuracy=0.9983 val_loss=0.0069
Epoch 71/100
75/75 5ms/step accuracy=1.0000 loss=5.1428e-06 val_accuracy=0.9983 val_loss=0.0068
Epoch 72/100
75/75 5ms/step accuracy=1.0000 loss=4.9084e-06 val_accuracy=0.9983 val_loss=0.0067
Epoch 73/100
75/75 5ms/step accuracy=1.0000 loss=4.6897e-06 val_accuracy=0.9983 val_loss=0.0069
Epoch 74/100
75/75 5ms/step accuracy=1.0000 loss=4.4380e-06 val_accuracy=0.9983 val_loss=0.0068
Epoch 75/100
75/75 5ms/step accuracy=1.0000 loss=4.2496e-06 val_accuracy=0.9983 val_loss=0.0066
Epoch 76/100
75/75 5ms/step accuracy=1.0000 loss=4.0215e-06 val_accuracy=0.9983 val_loss=0.0068
Epoch 77/100
75/75 5ms/step accuracy=1.0000 loss=3.8436e-06 val_accuracy=0.9983 val_loss=0.0067
Epoch 78/100
75/75 5ms/step accuracy=1.0000 loss=3.6683e-06 val_accuracy=0.9983 val_loss=0.0067
Epoch 79/100
75/75 5ms/step accuracy=1.0000 loss=3.4866e-06 val_accuracy=0.9983 val_loss=0.0067
Epoch 80/100
75/75 6ms/step accuracy=1.0000 loss=3.3286e-06 val_accuracy=0.9983 val_loss=0.0068
Epoch 81/100
75/75 5ms/step accuracy=1.0000 loss=3.1635e-06 val_accuracy=0.9983 val_loss=0.0067
Epoch 82/100
75/75 5ms/step accuracy=1.0000 loss=3.0169e-06 val_accuracy=0.9983 val_loss=0.0066
Epoch 83/100
75/75 5ms/step accuracy=1.0000 loss=2.8809e-06 val_accuracy=0.9983 val_loss=0.0068
Epoch 84/100
75/75 5ms/step accuracy=1.0000 loss=2.7599e-06 val_accuracy=0.9983 val_loss=0.0067
Epoch 85/100
75/75 6ms/step accuracy=1.0000 loss=2.6167e-06 val_accuracy=0.9983 val_loss=0.0067
19/19 4ms/step accuracy=0.9983 loss=0.0066
Loss: 0.0066, Accuracy: 0.9983
2026-08-05 15:55:07 | INFO  | Saved plot: /home/albert/Ancestor/output/Step3_Model_26_OneStage/2026-08-05-15-54-10/plot_000.png
2026-08-05 15:55:07 | INFO  | Saved plot: /home/albert/Ancestor/output/Step3_Model_26_OneStage/2026-08-05-15-54-10/plot_001.png
2026-08-05 15:55:09 | INFO  | Saved plot: /home/albert/Ancestor/output/Step3_Model_26_OneStage/2026-08-05-15-54-10/plot_002.png
