2026-08-05 15:48:05 | INFO  | Logger initialized
2026-08-05 15:48:05 | INFO  | log_file=/home/albert/Ancestor/logs/Step3_Model_19_OneStage/2026-08-05-15-48-05.log
2026-08-05 15:48:05 | INFO  | output_dir=/home/albert/Ancestor/output/Step3_Model_19_OneStage/2026-08-05-15-48-05
[gpu_utils] GPU x1 已啟用：['/physical_device:GPU:0']
自訂 Label Mapping:
8screws: 0
1screws: 1
2screws: 2
3screws: 3
4screws: 4
模型已成功載入。
Model 2 - Layer 0: input_layer | Trainable: False
Model 2 - Layer 1: conv1d | Trainable: False
Model 2 - Layer 2: conv1d_1 | Trainable: False
Model 2 - Layer 3: max_pooling1d | Trainable: False
Model 2 - Layer 4: conv1d_2 | Trainable: False
Model 2 - Layer 5: max_pooling1d_1 | Trainable: False
Model 2 - Layer 6: conv1d_3 | Trainable: True
Model 2 - Layer 7: max_pooling1d_2 | Trainable: True
Model 2 - Layer 8: flatten | Trainable: True
Model 2 - Layer 9: dense | Trainable: True
Model 2 - Layer 10: dropout | Trainable: True
Model 2 - Layer 11: Screw_Number_Output | Trainable: True
[Training] Device: /GPU:0
Epoch 1/100
75/75 34ms/step accuracy=0.4113 loss=4.1982
75/75 54ms/step accuracy=0.4441 loss=3.5776 val_accuracy=0.5292 val_loss=2.3770
Epoch 2/100
75/75 4ms/step accuracy=0.5371 loss=2.0987 val_accuracy=0.6177 val_loss=1.4298
Epoch 3/100
75/75 4ms/step accuracy=0.6198 loss=1.3229 val_accuracy=0.7078 val_loss=0.9113
Epoch 4/100
75/75 4ms/step accuracy=0.6945 loss=0.9244 val_accuracy=0.7713 val_loss=0.6561
Epoch 5/100
75/75 5ms/step accuracy=0.7433 loss=0.7240 val_accuracy=0.8180 val_loss=0.5085
Epoch 6/100
75/75 4ms/step accuracy=0.7842 loss=0.5821 val_accuracy=0.8481 val_loss=0.4290
Epoch 7/100
75/75 5ms/step accuracy=0.7992 loss=0.5207 val_accuracy=0.8781 val_loss=0.3586
Epoch 8/100
75/75 4ms/step accuracy=0.8285 loss=0.4470 val_accuracy=0.8998 val_loss=0.3084
Epoch 9/100
75/75 5ms/step accuracy=0.8452 loss=0.4021 val_accuracy=0.9249 val_loss=0.2670
Epoch 10/100
75/75 4ms/step accuracy=0.8614 loss=0.3659 val_accuracy=0.9299 val_loss=0.2324
Epoch 11/100
75/75 5ms/step accuracy=0.8664 loss=0.3447 val_accuracy=0.9366 val_loss=0.2083
Epoch 12/100
75/75 4ms/step accuracy=0.8698 loss=0.3324 val_accuracy=0.9499 val_loss=0.1844
Epoch 13/100
75/75 5ms/step accuracy=0.8806 loss=0.3011 val_accuracy=0.9566 val_loss=0.1638
Epoch 14/100
75/75 4ms/step accuracy=0.8919 loss=0.2875 val_accuracy=0.9616 val_loss=0.1525
Epoch 15/100
75/75 5ms/step accuracy=0.8998 loss=0.2682 val_accuracy=0.9683 val_loss=0.1392
Epoch 16/100
75/75 4ms/step accuracy=0.8986 loss=0.2624 val_accuracy=0.9750 val_loss=0.1258
Epoch 17/100
75/75 5ms/step accuracy=0.9140 loss=0.2477 val_accuracy=0.9783 val_loss=0.1182
Epoch 18/100
75/75 4ms/step accuracy=0.9098 loss=0.2407 val_accuracy=0.9833 val_loss=0.1062
Epoch 19/100
75/75 5ms/step accuracy=0.9207 loss=0.2210 val_accuracy=0.9816 val_loss=0.0981
Epoch 20/100
75/75 4ms/step accuracy=0.9161 loss=0.2272 val_accuracy=0.9850 val_loss=0.0919
Epoch 21/100
75/75 5ms/step accuracy=0.9232 loss=0.1966 val_accuracy=0.9883 val_loss=0.0850
Epoch 22/100
75/75 4ms/step accuracy=0.9332 loss=0.2011 val_accuracy=0.9866 val_loss=0.0836
Epoch 23/100
75/75 5ms/step accuracy=0.9349 loss=0.1823 val_accuracy=0.9900 val_loss=0.0740
Epoch 24/100
75/75 4ms/step accuracy=0.9290 loss=0.1858 val_accuracy=0.9917 val_loss=0.0707
Epoch 25/100
75/75 5ms/step accuracy=0.9361 loss=0.1729 val_accuracy=0.9933 val_loss=0.0644
Epoch 26/100
75/75 4ms/step accuracy=0.9320 loss=0.1726 val_accuracy=0.9950 val_loss=0.0599
Epoch 27/100
75/75 5ms/step accuracy=0.9462 loss=0.1540 val_accuracy=0.9950 val_loss=0.0558
Epoch 28/100
75/75 4ms/step accuracy=0.9307 loss=0.1734 val_accuracy=0.9950 val_loss=0.0542
Epoch 29/100
75/75 4ms/step accuracy=0.9478 loss=0.1437 val_accuracy=0.9950 val_loss=0.0488
Epoch 30/100
75/75 4ms/step accuracy=0.9441 loss=0.1494 val_accuracy=0.9950 val_loss=0.0465
Epoch 31/100
75/75 5ms/step accuracy=0.9491 loss=0.1374 val_accuracy=0.9950 val_loss=0.0439
Epoch 32/100
75/75 4ms/step accuracy=0.9407 loss=0.1420 val_accuracy=0.9950 val_loss=0.0404
Epoch 33/100
75/75 5ms/step accuracy=0.9457 loss=0.1410 val_accuracy=0.9950 val_loss=0.0424
Epoch 34/100
75/75 4ms/step accuracy=0.9499 loss=0.1314 val_accuracy=0.9950 val_loss=0.0376
Epoch 35/100
75/75 5ms/step accuracy=0.9395 loss=0.1460 val_accuracy=0.9950 val_loss=0.0355
Epoch 36/100
75/75 4ms/step accuracy=0.9482 loss=0.1337 val_accuracy=0.9950 val_loss=0.0336
Epoch 37/100
75/75 5ms/step accuracy=0.9503 loss=0.1234 val_accuracy=0.9950 val_loss=0.0323
Epoch 38/100
75/75 4ms/step accuracy=0.9462 loss=0.1327 val_accuracy=0.9950 val_loss=0.0310
Epoch 39/100
75/75 5ms/step accuracy=0.9487 loss=0.1272 val_accuracy=0.9967 val_loss=0.0296
Epoch 40/100
75/75 4ms/step accuracy=0.9508 loss=0.1265 val_accuracy=0.9950 val_loss=0.0287
Epoch 41/100
75/75 5ms/step accuracy=0.9491 loss=0.1201 val_accuracy=0.9967 val_loss=0.0273
Epoch 42/100
75/75 4ms/step accuracy=0.9537 loss=0.1186 val_accuracy=0.9967 val_loss=0.0258
Epoch 43/100
75/75 5ms/step accuracy=0.9541 loss=0.1138 val_accuracy=0.9967 val_loss=0.0243
Epoch 44/100
75/75 4ms/step accuracy=0.9528 loss=0.1131 val_accuracy=0.9967 val_loss=0.0247
Epoch 45/100
75/75 5ms/step accuracy=0.9587 loss=0.1021 val_accuracy=0.9967 val_loss=0.0214
Epoch 46/100
75/75 4ms/step accuracy=0.9495 loss=0.1139 val_accuracy=0.9967 val_loss=0.0199
Epoch 47/100
75/75 4ms/step accuracy=0.9637 loss=0.0967 val_accuracy=0.9967 val_loss=0.0189
Epoch 48/100
75/75 4ms/step accuracy=0.9629 loss=0.0963 val_accuracy=0.9967 val_loss=0.0186
Epoch 49/100
75/75 5ms/step accuracy=0.9612 loss=0.0930 val_accuracy=0.9967 val_loss=0.0179
Epoch 50/100
75/75 4ms/step accuracy=0.9612 loss=0.0982 val_accuracy=0.9967 val_loss=0.0179
Epoch 51/100
75/75 5ms/step accuracy=0.9553 loss=0.1079 val_accuracy=0.9967 val_loss=0.0167
Epoch 52/100
75/75 4ms/step accuracy=0.9583 loss=0.1013 val_accuracy=0.9967 val_loss=0.0155
Epoch 53/100
75/75 5ms/step accuracy=0.9641 loss=0.0970 val_accuracy=0.9967 val_loss=0.0151
Epoch 54/100
75/75 4ms/step accuracy=0.9654 loss=0.0921 val_accuracy=0.9967 val_loss=0.0154
Epoch 55/100
75/75 5ms/step accuracy=0.9679 loss=0.0854 val_accuracy=0.9967 val_loss=0.0137
Epoch 56/100
75/75 4ms/step accuracy=0.9645 loss=0.0806 val_accuracy=0.9967 val_loss=0.0130
Epoch 57/100
75/75 5ms/step accuracy=0.9641 loss=0.0913 val_accuracy=0.9967 val_loss=0.0124
Epoch 58/100
75/75 4ms/step accuracy=0.9612 loss=0.0891 val_accuracy=0.9967 val_loss=0.0121
Epoch 59/100
75/75 5ms/step accuracy=0.9662 loss=0.0881 val_accuracy=0.9967 val_loss=0.0102
Epoch 60/100
75/75 4ms/step accuracy=0.9699 loss=0.0870 val_accuracy=0.9967 val_loss=0.0121
Epoch 61/100
75/75 5ms/step accuracy=0.9637 loss=0.0839 val_accuracy=0.9967 val_loss=0.0104
Epoch 62/100
75/75 4ms/step accuracy=0.9699 loss=0.0883 val_accuracy=0.9967 val_loss=0.0102
Epoch 63/100
75/75 5ms/step accuracy=0.9737 loss=0.0758 val_accuracy=0.9967 val_loss=0.0095
Epoch 64/100
75/75 4ms/step accuracy=0.9775 loss=0.0719 val_accuracy=0.9967 val_loss=0.0085
Epoch 65/100
75/75 5ms/step accuracy=0.9762 loss=0.0695 val_accuracy=0.9967 val_loss=0.0083
Epoch 66/100
75/75 4ms/step accuracy=0.9691 loss=0.0787 val_accuracy=0.9967 val_loss=0.0082
Epoch 67/100
75/75 5ms/step accuracy=0.9729 loss=0.0759 val_accuracy=0.9967 val_loss=0.0076
Epoch 68/100
75/75 4ms/step accuracy=0.9720 loss=0.0750 val_accuracy=0.9967 val_loss=0.0079
Epoch 69/100
75/75 5ms/step accuracy=0.9762 loss=0.0719 val_accuracy=0.9967 val_loss=0.0074
Epoch 70/100
75/75 4ms/step accuracy=0.9725 loss=0.0781 val_accuracy=0.9967 val_loss=0.0069
Epoch 71/100
75/75 5ms/step accuracy=0.9716 loss=0.0791 val_accuracy=0.9967 val_loss=0.0066
Epoch 72/100
75/75 4ms/step accuracy=0.9658 loss=0.0821 val_accuracy=0.9967 val_loss=0.0062
Epoch 73/100
75/75 5ms/step accuracy=0.9733 loss=0.0754 val_accuracy=0.9967 val_loss=0.0066
Epoch 74/100
75/75 4ms/step accuracy=0.9775 loss=0.0634 val_accuracy=0.9983 val_loss=0.0053
Epoch 75/100
75/75 5ms/step accuracy=0.9741 loss=0.0708 val_accuracy=0.9983 val_loss=0.0049
Epoch 76/100
75/75 4ms/step accuracy=0.9758 loss=0.0651 val_accuracy=0.9983 val_loss=0.0047
Epoch 77/100
75/75 5ms/step accuracy=0.9750 loss=0.0677 val_accuracy=0.9983 val_loss=0.0038
Epoch 78/100
75/75 4ms/step accuracy=0.9791 loss=0.0631 val_accuracy=0.9983 val_loss=0.0045
Epoch 79/100
75/75 5ms/step accuracy=0.9754 loss=0.0631 val_accuracy=1.0000 val_loss=0.0036
Epoch 80/100
75/75 4ms/step accuracy=0.9825 loss=0.0560 val_accuracy=1.0000 val_loss=0.0030
Epoch 81/100
75/75 5ms/step accuracy=0.9762 loss=0.0670 val_accuracy=1.0000 val_loss=0.0034
Epoch 82/100
75/75 4ms/step accuracy=0.9712 loss=0.0761 val_accuracy=1.0000 val_loss=0.0033
Epoch 83/100
75/75 5ms/step accuracy=0.9762 loss=0.0618 val_accuracy=0.9983 val_loss=0.0040
Epoch 84/100
75/75 4ms/step accuracy=0.9762 loss=0.0633 val_accuracy=1.0000 val_loss=0.0030
Epoch 85/100
75/75 5ms/step accuracy=0.9766 loss=0.0635 val_accuracy=1.0000 val_loss=0.0023
Epoch 86/100
75/75 4ms/step accuracy=0.9808 loss=0.0603 val_accuracy=1.0000 val_loss=0.0022
Epoch 87/100
75/75 5ms/step accuracy=0.9787 loss=0.0547 val_accuracy=1.0000 val_loss=0.0021
Epoch 88/100
75/75 4ms/step accuracy=0.9745 loss=0.0675 val_accuracy=1.0000 val_loss=0.0017
Epoch 89/100
75/75 5ms/step accuracy=0.9808 loss=0.0525 val_accuracy=1.0000 val_loss=0.0018
Epoch 90/100
75/75 4ms/step accuracy=0.9775 loss=0.0630 val_accuracy=1.0000 val_loss=0.0019
Epoch 91/100
75/75 5ms/step accuracy=0.9787 loss=0.0564 val_accuracy=1.0000 val_loss=0.0017
Epoch 92/100
75/75 4ms/step accuracy=0.9791 loss=0.0553 val_accuracy=1.0000 val_loss=0.0019
Epoch 93/100
75/75 5ms/step accuracy=0.9775 loss=0.0597 val_accuracy=1.0000 val_loss=0.0017
Epoch 94/100
75/75 4ms/step accuracy=0.9816 loss=0.0596 val_accuracy=1.0000 val_loss=0.0021
Epoch 95/100
75/75 5ms/step accuracy=0.9795 loss=0.0560 val_accuracy=1.0000 val_loss=0.0012
Epoch 96/100
75/75 4ms/step accuracy=0.9779 loss=0.0568 val_accuracy=1.0000 val_loss=0.0011
Epoch 97/100
75/75 5ms/step accuracy=0.9766 loss=0.0595 val_accuracy=1.0000 val_loss=0.0015
Epoch 98/100
75/75 4ms/step accuracy=0.9766 loss=0.0560 val_accuracy=1.0000 val_loss=0.0011
Epoch 99/100
75/75 5ms/step accuracy=0.9745 loss=0.0669 val_accuracy=1.0000 val_loss=9.8297e-04
Epoch 100/100
75/75 4ms/step accuracy=0.9829 loss=0.0468 val_accuracy=1.0000 val_loss=7.0087e-04
19/19 11ms/step accuracy=1.0000 loss=7.0087e-04
Loss: 0.0007, Accuracy: 1.0000
2026-08-05 15:48:49 | INFO  | Saved plot: /home/albert/Ancestor/output/Step3_Model_19_OneStage/2026-08-05-15-48-05/plot_000.png
2026-08-05 15:48:50 | INFO  | Saved plot: /home/albert/Ancestor/output/Step3_Model_19_OneStage/2026-08-05-15-48-05/plot_001.png
2026-08-05 15:48:51 | INFO  | Saved plot: /home/albert/Ancestor/output/Step3_Model_19_OneStage/2026-08-05-15-48-05/plot_002.png
