2026-08-05 16:05:43 | INFO  | Logger initialized
2026-08-05 16:05:43 | INFO  | log_file=/home/albert/Ancestor/logs/Step3_Model_20_TwoStage/2026-08-05-16-05-43.log
2026-08-05 16:05:43 | INFO  | output_dir=/home/albert/Ancestor/output/Step3_Model_20_TwoStage/2026-08-05-16-05-43
[gpu_utils] GPU x1 已啟用：['/physical_device:GPU:0']
自訂 Label Mapping:
8screws: 0
1screws: 1
2screws: 2
3screws: 3
4screws: 4
模型已成功載入。
Model 2 - Layer 0: input_layer | Trainable: False
Model 2 - Layer 1: conv1d | Trainable: False
Model 2 - Layer 2: batch_normalization | Trainable: False
Model 2 - Layer 3: activation | Trainable: False
Model 2 - Layer 4: max_pooling1d | Trainable: False
Model 2 - Layer 5: conv1d_1 | Trainable: False
Model 2 - Layer 6: batch_normalization_1 | Trainable: False
Model 2 - Layer 7: activation_1 | Trainable: False
Model 2 - Layer 8: conv1d_2 | Trainable: False
Model 2 - Layer 9: batch_normalization_2 | Trainable: False
Model 2 - Layer 10: add | Trainable: False
Model 2 - Layer 11: activation_2 | Trainable: False
Model 2 - Layer 12: conv1d_3 | Trainable: False
Model 2 - Layer 13: batch_normalization_3 | Trainable: False
Model 2 - Layer 14: activation_3 | Trainable: False
Model 2 - Layer 15: conv1d_4 | Trainable: False
Model 2 - Layer 16: batch_normalization_4 | Trainable: False
Model 2 - Layer 17: add_1 | Trainable: False
Model 2 - Layer 18: activation_4 | Trainable: False
Model 2 - Layer 19: conv1d_5 | Trainable: False
Model 2 - Layer 20: batch_normalization_5 | Trainable: False
Model 2 - Layer 21: activation_5 | Trainable: False
Model 2 - Layer 22: conv1d_6 | Trainable: False
Model 2 - Layer 23: conv1d_7 | Trainable: False
Model 2 - Layer 24: batch_normalization_6 | Trainable: False
Model 2 - Layer 25: batch_normalization_7 | Trainable: False
Model 2 - Layer 26: add_2 | Trainable: False
Model 2 - Layer 27: activation_6 | Trainable: False
Model 2 - Layer 28: conv1d_8 | Trainable: False
Model 2 - Layer 29: batch_normalization_8 | Trainable: False
Model 2 - Layer 30: activation_7 | Trainable: False
Model 2 - Layer 31: conv1d_9 | Trainable: False
Model 2 - Layer 32: batch_normalization_9 | Trainable: False
Model 2 - Layer 33: add_3 | Trainable: False
Model 2 - Layer 34: activation_8 | Trainable: False
Model 2 - Layer 35: conv1d_10 | Trainable: True
Model 2 - Layer 36: batch_normalization_10 | Trainable: False
Model 2 - Layer 37: activation_9 | Trainable: True
Model 2 - Layer 38: conv1d_11 | Trainable: True
Model 2 - Layer 39: conv1d_12 | Trainable: True
Model 2 - Layer 40: batch_normalization_11 | Trainable: False
Model 2 - Layer 41: batch_normalization_12 | Trainable: False
Model 2 - Layer 42: add_4 | Trainable: True
Model 2 - Layer 43: activation_10 | Trainable: True
Model 2 - Layer 44: conv1d_13 | Trainable: True
Model 2 - Layer 45: batch_normalization_13 | Trainable: False
Model 2 - Layer 46: activation_11 | Trainable: True
Model 2 - Layer 47: conv1d_14 | Trainable: True
Model 2 - Layer 48: batch_normalization_14 | Trainable: False
Model 2 - Layer 49: add_5 | Trainable: True
Model 2 - Layer 50: activation_12 | Trainable: True
Model 2 - Layer 51: conv1d_15 | Trainable: True
Model 2 - Layer 52: batch_normalization_15 | Trainable: False
Model 2 - Layer 53: activation_13 | Trainable: True
Model 2 - Layer 54: conv1d_16 | Trainable: True
Model 2 - Layer 55: conv1d_17 | Trainable: True
Model 2 - Layer 56: batch_normalization_16 | Trainable: False
Model 2 - Layer 57: batch_normalization_17 | Trainable: False
Model 2 - Layer 58: add_6 | Trainable: True
Model 2 - Layer 59: activation_14 | Trainable: True
Model 2 - Layer 60: conv1d_18 | Trainable: True
Model 2 - Layer 61: batch_normalization_18 | Trainable: False
Model 2 - Layer 62: activation_15 | Trainable: True
Model 2 - Layer 63: conv1d_19 | Trainable: True
Model 2 - Layer 64: batch_normalization_19 | Trainable: False
Model 2 - Layer 65: add_7 | Trainable: True
Model 2 - Layer 66: activation_16 | Trainable: True
Model 2 - Layer 67: global_average_pooling1d | Trainable: True
Model 2 - Layer 68: Screw_Number_Output | Trainable: True
[Training] Device: /GPU:0
Epoch 1/100
75/75 55ms/step accuracy=0.6599 loss=1.2807
75/75 93ms/step accuracy=0.8464 loss=0.5474 val_accuracy=0.9933 val_loss=0.0361
Epoch 2/100
75/75 5ms/step accuracy=0.9958 loss=0.0232 val_accuracy=1.0000 val_loss=0.0100
Epoch 3/100
75/75 7ms/step accuracy=1.0000 loss=0.0078 val_accuracy=1.0000 val_loss=0.0042
Epoch 4/100
75/75 5ms/step accuracy=1.0000 loss=0.0039 val_accuracy=1.0000 val_loss=0.0027
Epoch 5/100
75/75 5ms/step accuracy=1.0000 loss=0.0024 val_accuracy=1.0000 val_loss=0.0017
Epoch 6/100
75/75 7ms/step accuracy=1.0000 loss=0.0015 val_accuracy=1.0000 val_loss=0.0012
Epoch 7/100
75/75 5ms/step accuracy=1.0000 loss=0.0011 val_accuracy=1.0000 val_loss=9.1054e-04
Epoch 8/100
75/75 5ms/step accuracy=1.0000 loss=8.0794e-04 val_accuracy=1.0000 val_loss=7.2949e-04
Epoch 9/100
75/75 5ms/step accuracy=1.0000 loss=6.3706e-04 val_accuracy=1.0000 val_loss=5.7700e-04
Epoch 10/100
75/75 5ms/step accuracy=1.0000 loss=5.0070e-04 val_accuracy=1.0000 val_loss=5.1726e-04
Epoch 11/100
75/75 5ms/step accuracy=1.0000 loss=4.0582e-04 val_accuracy=1.0000 val_loss=4.6123e-04
Epoch 12/100
75/75 5ms/step accuracy=1.0000 loss=3.4505e-04 val_accuracy=1.0000 val_loss=3.5862e-04
Epoch 13/100
75/75 7ms/step accuracy=1.0000 loss=2.9105e-04 val_accuracy=1.0000 val_loss=3.1097e-04
Epoch 14/100
75/75 5ms/step accuracy=1.0000 loss=2.4357e-04 val_accuracy=1.0000 val_loss=2.8642e-04
Epoch 15/100
75/75 5ms/step accuracy=1.0000 loss=2.0796e-04 val_accuracy=1.0000 val_loss=2.7038e-04
Epoch 16/100
75/75 7ms/step accuracy=1.0000 loss=1.8175e-04 val_accuracy=1.0000 val_loss=2.2350e-04
Epoch 17/100
75/75 5ms/step accuracy=1.0000 loss=1.6076e-04 val_accuracy=1.0000 val_loss=2.1109e-04
Epoch 18/100
75/75 5ms/step accuracy=1.0000 loss=1.3974e-04 val_accuracy=1.0000 val_loss=1.8467e-04
Epoch 19/100
75/75 7ms/step accuracy=1.0000 loss=1.2460e-04 val_accuracy=1.0000 val_loss=1.7443e-04
Epoch 20/100
75/75 5ms/step accuracy=1.0000 loss=1.1180e-04 val_accuracy=1.0000 val_loss=1.5063e-04
Epoch 21/100
75/75 5ms/step accuracy=1.0000 loss=1.0089e-04 val_accuracy=1.0000 val_loss=1.6407e-04
Epoch 22/100
75/75 7ms/step accuracy=1.0000 loss=9.0201e-05 val_accuracy=1.0000 val_loss=1.4164e-04
Epoch 23/100
75/75 5ms/step accuracy=1.0000 loss=8.1221e-05 val_accuracy=1.0000 val_loss=1.2904e-04
Epoch 24/100
75/75 5ms/step accuracy=1.0000 loss=7.4566e-05 val_accuracy=1.0000 val_loss=1.1839e-04
Epoch 25/100
75/75 6ms/step accuracy=1.0000 loss=6.7385e-05 val_accuracy=1.0000 val_loss=1.2012e-04
Epoch 26/100
75/75 5ms/step accuracy=1.0000 loss=6.1222e-05 val_accuracy=1.0000 val_loss=1.0092e-04
Epoch 27/100
75/75 5ms/step accuracy=1.0000 loss=5.5884e-05 val_accuracy=1.0000 val_loss=1.0168e-04
Epoch 28/100
75/75 7ms/step accuracy=1.0000 loss=5.1372e-05 val_accuracy=1.0000 val_loss=8.9198e-05
Epoch 29/100
75/75 5ms/step accuracy=1.0000 loss=4.7267e-05 val_accuracy=1.0000 val_loss=8.9608e-05
Epoch 30/100
75/75 5ms/step accuracy=1.0000 loss=4.3183e-05 val_accuracy=1.0000 val_loss=8.8077e-05
Epoch 31/100
75/75 7ms/step accuracy=1.0000 loss=4.0089e-05 val_accuracy=1.0000 val_loss=7.9308e-05
Epoch 32/100
75/75 5ms/step accuracy=1.0000 loss=3.6741e-05 val_accuracy=1.0000 val_loss=7.6915e-05
Epoch 33/100
75/75 5ms/step accuracy=1.0000 loss=3.4075e-05 val_accuracy=1.0000 val_loss=7.3102e-05
Epoch 34/100
75/75 7ms/step accuracy=1.0000 loss=3.1605e-05 val_accuracy=1.0000 val_loss=7.2196e-05
Epoch 35/100
75/75 5ms/step accuracy=1.0000 loss=2.9603e-05 val_accuracy=1.0000 val_loss=6.7842e-05
Epoch 36/100
75/75 5ms/step accuracy=1.0000 loss=2.7271e-05 val_accuracy=1.0000 val_loss=6.2562e-05
Epoch 37/100
75/75 7ms/step accuracy=1.0000 loss=2.5488e-05 val_accuracy=1.0000 val_loss=5.9547e-05
Epoch 38/100
75/75 5ms/step accuracy=1.0000 loss=2.3963e-05 val_accuracy=1.0000 val_loss=5.6498e-05
Epoch 39/100
75/75 5ms/step accuracy=1.0000 loss=2.2316e-05 val_accuracy=1.0000 val_loss=5.4624e-05
Epoch 40/100
75/75 7ms/step accuracy=1.0000 loss=2.0826e-05 val_accuracy=1.0000 val_loss=5.3478e-05
Epoch 41/100
75/75 5ms/step accuracy=1.0000 loss=1.9434e-05 val_accuracy=1.0000 val_loss=5.0389e-05
Epoch 42/100
75/75 5ms/step accuracy=1.0000 loss=1.8263e-05 val_accuracy=1.0000 val_loss=4.7838e-05
Epoch 43/100
75/75 7ms/step accuracy=1.0000 loss=1.7072e-05 val_accuracy=1.0000 val_loss=4.7805e-05
Epoch 44/100
75/75 5ms/step accuracy=1.0000 loss=1.6054e-05 val_accuracy=1.0000 val_loss=4.5442e-05
Epoch 45/100
75/75 5ms/step accuracy=1.0000 loss=1.5007e-05 val_accuracy=1.0000 val_loss=4.3378e-05
Epoch 46/100
75/75 7ms/step accuracy=1.0000 loss=1.4185e-05 val_accuracy=1.0000 val_loss=4.1137e-05
Epoch 47/100
75/75 5ms/step accuracy=1.0000 loss=1.3384e-05 val_accuracy=1.0000 val_loss=4.1184e-05
Epoch 48/100
75/75 5ms/step accuracy=1.0000 loss=1.2545e-05 val_accuracy=1.0000 val_loss=3.9243e-05
Epoch 49/100
75/75 7ms/step accuracy=1.0000 loss=1.1837e-05 val_accuracy=1.0000 val_loss=3.8721e-05
Epoch 50/100
75/75 5ms/step accuracy=1.0000 loss=1.1110e-05 val_accuracy=1.0000 val_loss=3.7648e-05
Epoch 51/100
75/75 5ms/step accuracy=1.0000 loss=1.0549e-05 val_accuracy=1.0000 val_loss=3.6533e-05
Epoch 52/100
75/75 7ms/step accuracy=1.0000 loss=1.0062e-05 val_accuracy=1.0000 val_loss=3.2462e-05
Epoch 53/100
75/75 5ms/step accuracy=1.0000 loss=9.4125e-06 val_accuracy=1.0000 val_loss=3.5087e-05
Epoch 54/100
75/75 5ms/step accuracy=1.0000 loss=8.8326e-06 val_accuracy=1.0000 val_loss=3.2916e-05
Epoch 55/100
75/75 7ms/step accuracy=1.0000 loss=8.3867e-06 val_accuracy=1.0000 val_loss=3.1945e-05
Epoch 56/100
75/75 5ms/step accuracy=1.0000 loss=7.9482e-06 val_accuracy=1.0000 val_loss=3.1026e-05
Epoch 57/100
75/75 5ms/step accuracy=1.0000 loss=7.4936e-06 val_accuracy=1.0000 val_loss=3.1297e-05
Epoch 58/100
75/75 7ms/step accuracy=1.0000 loss=7.1204e-06 val_accuracy=1.0000 val_loss=2.9801e-05
Epoch 59/100
75/75 5ms/step accuracy=1.0000 loss=6.7592e-06 val_accuracy=1.0000 val_loss=2.7364e-05
Epoch 60/100
75/75 5ms/step accuracy=1.0000 loss=6.4674e-06 val_accuracy=1.0000 val_loss=2.9676e-05
Epoch 61/100
75/75 7ms/step accuracy=1.0000 loss=5.9906e-06 val_accuracy=1.0000 val_loss=2.6579e-05
Epoch 62/100
75/75 5ms/step accuracy=1.0000 loss=5.7481e-06 val_accuracy=1.0000 val_loss=2.6978e-05
Epoch 63/100
75/75 5ms/step accuracy=1.0000 loss=5.4029e-06 val_accuracy=1.0000 val_loss=2.6152e-05
Epoch 64/100
75/75 7ms/step accuracy=1.0000 loss=5.1635e-06 val_accuracy=1.0000 val_loss=2.6128e-05
Epoch 65/100
75/75 5ms/step accuracy=1.0000 loss=4.9106e-06 val_accuracy=1.0000 val_loss=2.4871e-05
Epoch 66/100
75/75 5ms/step accuracy=1.0000 loss=4.6341e-06 val_accuracy=1.0000 val_loss=2.4268e-05
Epoch 67/100
75/75 7ms/step accuracy=1.0000 loss=4.4247e-06 val_accuracy=1.0000 val_loss=2.4086e-05
Epoch 68/100
75/75 5ms/step accuracy=1.0000 loss=4.1724e-06 val_accuracy=1.0000 val_loss=2.2893e-05
Epoch 69/100
75/75 5ms/step accuracy=1.0000 loss=3.9776e-06 val_accuracy=1.0000 val_loss=2.2969e-05
Epoch 70/100
75/75 7ms/step accuracy=1.0000 loss=3.7850e-06 val_accuracy=1.0000 val_loss=2.2226e-05
Epoch 71/100
75/75 5ms/step accuracy=1.0000 loss=3.6171e-06 val_accuracy=1.0000 val_loss=2.2320e-05
Epoch 72/100
75/75 5ms/step accuracy=1.0000 loss=3.4499e-06 val_accuracy=1.0000 val_loss=2.2056e-05
Epoch 73/100
75/75 7ms/step accuracy=1.0000 loss=3.2805e-06 val_accuracy=1.0000 val_loss=2.0141e-05
Epoch 74/100
75/75 5ms/step accuracy=1.0000 loss=3.1008e-06 val_accuracy=1.0000 val_loss=1.9981e-05
Epoch 75/100
75/75 5ms/step accuracy=1.0000 loss=2.9430e-06 val_accuracy=1.0000 val_loss=1.9686e-05
Epoch 76/100
75/75 7ms/step accuracy=1.0000 loss=2.8030e-06 val_accuracy=1.0000 val_loss=1.9802e-05
Epoch 77/100
75/75 5ms/step accuracy=1.0000 loss=2.6687e-06 val_accuracy=1.0000 val_loss=1.8961e-05
Epoch 78/100
75/75 5ms/step accuracy=1.0000 loss=2.5479e-06 val_accuracy=1.0000 val_loss=1.8173e-05
Epoch 79/100
75/75 7ms/step accuracy=1.0000 loss=2.4314e-06 val_accuracy=1.0000 val_loss=1.8036e-05
Epoch 80/100
75/75 5ms/step accuracy=1.0000 loss=2.3106e-06 val_accuracy=1.0000 val_loss=1.8070e-05
Epoch 81/100
75/75 5ms/step accuracy=1.0000 loss=2.1991e-06 val_accuracy=1.0000 val_loss=1.6863e-05
Epoch 82/100
75/75 7ms/step accuracy=1.0000 loss=2.1079e-06 val_accuracy=1.0000 val_loss=1.6741e-05
Epoch 83/100
75/75 5ms/step accuracy=1.0000 loss=2.0026e-06 val_accuracy=1.0000 val_loss=1.6415e-05
Epoch 84/100
75/75 5ms/step accuracy=1.0000 loss=1.9150e-06 val_accuracy=1.0000 val_loss=1.6078e-05
Epoch 85/100
75/75 7ms/step accuracy=1.0000 loss=1.8156e-06 val_accuracy=1.0000 val_loss=1.5711e-05
Epoch 86/100
75/75 5ms/step accuracy=1.0000 loss=1.7400e-06 val_accuracy=1.0000 val_loss=1.5052e-05
Epoch 87/100
75/75 5ms/step accuracy=1.0000 loss=1.6528e-06 val_accuracy=1.0000 val_loss=1.4549e-05
Epoch 88/100
75/75 7ms/step accuracy=1.0000 loss=1.5733e-06 val_accuracy=1.0000 val_loss=1.3986e-05
Epoch 89/100
75/75 5ms/step accuracy=1.0000 loss=1.5135e-06 val_accuracy=1.0000 val_loss=1.3964e-05
Epoch 90/100
75/75 5ms/step accuracy=1.0000 loss=1.4431e-06 val_accuracy=1.0000 val_loss=1.3318e-05
Epoch 91/100
75/75 7ms/step accuracy=1.0000 loss=1.3665e-06 val_accuracy=1.0000 val_loss=1.3313e-05
Epoch 92/100
75/75 5ms/step accuracy=1.0000 loss=1.3146e-06 val_accuracy=1.0000 val_loss=1.3751e-05
Epoch 93/100
75/75 5ms/step accuracy=1.0000 loss=1.2557e-06 val_accuracy=1.0000 val_loss=1.3404e-05
Epoch 94/100
75/75 5ms/step accuracy=1.0000 loss=1.1958e-06 val_accuracy=1.0000 val_loss=1.2479e-05
Epoch 95/100
75/75 5ms/step accuracy=1.0000 loss=1.1445e-06 val_accuracy=1.0000 val_loss=1.2480e-05
Epoch 96/100
75/75 6ms/step accuracy=1.0000 loss=1.0870e-06 val_accuracy=1.0000 val_loss=1.1605e-05
Epoch 97/100
75/75 5ms/step accuracy=1.0000 loss=1.0368e-06 val_accuracy=1.0000 val_loss=1.1739e-05
Epoch 98/100
75/75 5ms/step accuracy=1.0000 loss=9.9282e-07 val_accuracy=1.0000 val_loss=1.1902e-05
Epoch 99/100
75/75 5ms/step accuracy=1.0000 loss=9.4799e-07 val_accuracy=1.0000 val_loss=1.0819e-05
Epoch 100/100
75/75 5ms/step accuracy=1.0000 loss=9.1824e-07 val_accuracy=1.0000 val_loss=1.0579e-05
19/19 4ms/step accuracy=1.0000 loss=1.0579e-05
Loss: 0.0000, Accuracy: 1.0000
2026-08-05 16:06:46 | INFO  | Saved plot: /home/albert/Ancestor/output/Step3_Model_20_TwoStage/2026-08-05-16-05-43/plot_000.png
2026-08-05 16:06:46 | INFO  | Saved plot: /home/albert/Ancestor/output/Step3_Model_20_TwoStage/2026-08-05-16-05-43/plot_001.png
2026-08-05 16:06:48 | INFO  | Saved plot: /home/albert/Ancestor/output/Step3_Model_20_TwoStage/2026-08-05-16-05-43/plot_002.png
