2026-08-05 16:02:50 | INFO  | Logger initialized
2026-08-05 16:02:50 | INFO  | log_file=/home/albert/Ancestor/logs/Step3_Model_17_TwoStage/2026-08-05-16-02-50.log
2026-08-05 16:02:50 | INFO  | output_dir=/home/albert/Ancestor/output/Step3_Model_17_TwoStage/2026-08-05-16-02-50
[gpu_utils] GPU x1 已啟用：['/physical_device:GPU:0']
自訂 Label Mapping:
8screws: 0
1screws: 1
2screws: 2
3screws: 3
4screws: 4
模型已成功載入。
Model 3 - Layer 0: input_layer | Trainable: False
Model 3 - Layer 1: conv1d | Trainable: False
Model 3 - Layer 2: batch_normalization | Trainable: False
Model 3 - Layer 3: activation | Trainable: False
Model 3 - Layer 4: max_pooling1d | Trainable: False
Model 3 - Layer 5: conv1d_1 | Trainable: False
Model 3 - Layer 6: batch_normalization_1 | Trainable: False
Model 3 - Layer 7: activation_1 | Trainable: False
Model 3 - Layer 8: conv1d_2 | Trainable: False
Model 3 - Layer 9: batch_normalization_2 | Trainable: False
Model 3 - Layer 10: add | Trainable: False
Model 3 - Layer 11: activation_2 | Trainable: False
Model 3 - Layer 12: conv1d_3 | Trainable: False
Model 3 - Layer 13: batch_normalization_3 | Trainable: False
Model 3 - Layer 14: activation_3 | Trainable: False
Model 3 - Layer 15: conv1d_4 | Trainable: False
Model 3 - Layer 16: batch_normalization_4 | Trainable: False
Model 3 - Layer 17: add_1 | Trainable: False
Model 3 - Layer 18: activation_4 | Trainable: False
Model 3 - Layer 19: conv1d_5 | Trainable: False
Model 3 - Layer 20: batch_normalization_5 | Trainable: False
Model 3 - Layer 21: activation_5 | Trainable: False
Model 3 - Layer 22: conv1d_6 | Trainable: False
Model 3 - Layer 23: conv1d_7 | Trainable: False
Model 3 - Layer 24: batch_normalization_6 | Trainable: False
Model 3 - Layer 25: batch_normalization_7 | Trainable: False
Model 3 - Layer 26: add_2 | Trainable: False
Model 3 - Layer 27: activation_6 | Trainable: False
Model 3 - Layer 28: conv1d_8 | Trainable: False
Model 3 - Layer 29: batch_normalization_8 | Trainable: False
Model 3 - Layer 30: activation_7 | Trainable: False
Model 3 - Layer 31: conv1d_9 | Trainable: False
Model 3 - Layer 32: batch_normalization_9 | Trainable: False
Model 3 - Layer 33: add_3 | Trainable: False
Model 3 - Layer 34: activation_8 | Trainable: False
Model 3 - Layer 35: conv1d_10 | Trainable: True
Model 3 - Layer 36: batch_normalization_10 | Trainable: False
Model 3 - Layer 37: activation_9 | Trainable: True
Model 3 - Layer 38: conv1d_11 | Trainable: True
Model 3 - Layer 39: conv1d_12 | Trainable: True
Model 3 - Layer 40: batch_normalization_11 | Trainable: False
Model 3 - Layer 41: batch_normalization_12 | Trainable: False
Model 3 - Layer 42: add_4 | Trainable: True
Model 3 - Layer 43: activation_10 | Trainable: True
Model 3 - Layer 44: conv1d_13 | Trainable: True
Model 3 - Layer 45: batch_normalization_13 | Trainable: False
Model 3 - Layer 46: activation_11 | Trainable: True
Model 3 - Layer 47: conv1d_14 | Trainable: True
Model 3 - Layer 48: batch_normalization_14 | Trainable: False
Model 3 - Layer 49: add_5 | Trainable: True
Model 3 - Layer 50: activation_12 | Trainable: True
Model 3 - Layer 51: conv1d_15 | Trainable: True
Model 3 - Layer 52: batch_normalization_15 | Trainable: False
Model 3 - Layer 53: activation_13 | Trainable: True
Model 3 - Layer 54: conv1d_16 | Trainable: True
Model 3 - Layer 55: conv1d_17 | Trainable: True
Model 3 - Layer 56: batch_normalization_16 | Trainable: False
Model 3 - Layer 57: batch_normalization_17 | Trainable: False
Model 3 - Layer 58: add_6 | Trainable: True
Model 3 - Layer 59: activation_14 | Trainable: True
Model 3 - Layer 60: conv1d_18 | Trainable: True
Model 3 - Layer 61: batch_normalization_18 | Trainable: False
Model 3 - Layer 62: activation_15 | Trainable: True
Model 3 - Layer 63: conv1d_19 | Trainable: True
Model 3 - Layer 64: batch_normalization_19 | Trainable: False
Model 3 - Layer 65: add_7 | Trainable: True
Model 3 - Layer 66: activation_16 | Trainable: True
Model 3 - Layer 67: global_average_pooling1d | Trainable: True
Model 3 - Layer 68: Screw_Number_Output | Trainable: True
[Training] Device: /GPU:0
Epoch 1/100
75/75 55ms/step accuracy=0.7207 loss=1.3371
75/75 97ms/step accuracy=0.8710 loss=0.5454 val_accuracy=0.9933 val_loss=0.0392
Epoch 2/100
75/75 5ms/step accuracy=0.9962 loss=0.0195 val_accuracy=0.9967 val_loss=0.0211
Epoch 3/100
75/75 5ms/step accuracy=1.0000 loss=0.0075 val_accuracy=0.9983 val_loss=0.0153
Epoch 4/100
75/75 5ms/step accuracy=1.0000 loss=0.0040 val_accuracy=0.9983 val_loss=0.0141
Epoch 5/100
75/75 7ms/step accuracy=1.0000 loss=0.0025 val_accuracy=0.9983 val_loss=0.0125
Epoch 6/100
75/75 5ms/step accuracy=1.0000 loss=0.0017 val_accuracy=0.9983 val_loss=0.0116
Epoch 7/100
75/75 5ms/step accuracy=1.0000 loss=0.0012 val_accuracy=0.9983 val_loss=0.0110
Epoch 8/100
75/75 6ms/step accuracy=1.0000 loss=9.1308e-04 val_accuracy=0.9983 val_loss=0.0106
Epoch 9/100
75/75 5ms/step accuracy=1.0000 loss=7.1972e-04 val_accuracy=0.9983 val_loss=0.0105
Epoch 10/100
75/75 5ms/step accuracy=1.0000 loss=5.8923e-04 val_accuracy=0.9983 val_loss=0.0101
Epoch 11/100
75/75 7ms/step accuracy=1.0000 loss=4.8105e-04 val_accuracy=0.9983 val_loss=0.0098
Epoch 12/100
75/75 5ms/step accuracy=1.0000 loss=4.0081e-04 val_accuracy=0.9983 val_loss=0.0099
Epoch 13/100
75/75 5ms/step accuracy=1.0000 loss=3.4739e-04 val_accuracy=0.9983 val_loss=0.0098
Epoch 14/100
75/75 7ms/step accuracy=1.0000 loss=2.9295e-04 val_accuracy=0.9983 val_loss=0.0095
Epoch 15/100
75/75 5ms/step accuracy=1.0000 loss=2.5277e-04 val_accuracy=0.9983 val_loss=0.0096
Epoch 16/100
75/75 5ms/step accuracy=1.0000 loss=2.2159e-04 val_accuracy=0.9983 val_loss=0.0094
Epoch 17/100
75/75 7ms/step accuracy=1.0000 loss=1.9532e-04 val_accuracy=0.9983 val_loss=0.0092
Epoch 18/100
75/75 5ms/step accuracy=1.0000 loss=1.7152e-04 val_accuracy=0.9983 val_loss=0.0092
Epoch 19/100
75/75 5ms/step accuracy=1.0000 loss=1.5395e-04 val_accuracy=0.9983 val_loss=0.0092
Epoch 20/100
75/75 7ms/step accuracy=1.0000 loss=1.3704e-04 val_accuracy=0.9983 val_loss=0.0091
Epoch 21/100
75/75 5ms/step accuracy=1.0000 loss=1.2335e-04 val_accuracy=0.9983 val_loss=0.0092
Epoch 22/100
75/75 5ms/step accuracy=1.0000 loss=1.1175e-04 val_accuracy=0.9983 val_loss=0.0089
Epoch 23/100
75/75 7ms/step accuracy=1.0000 loss=1.0160e-04 val_accuracy=0.9983 val_loss=0.0088
Epoch 24/100
75/75 5ms/step accuracy=1.0000 loss=9.1862e-05 val_accuracy=0.9983 val_loss=0.0089
Epoch 25/100
75/75 5ms/step accuracy=1.0000 loss=8.4167e-05 val_accuracy=0.9983 val_loss=0.0088
Epoch 26/100
75/75 7ms/step accuracy=1.0000 loss=7.7212e-05 val_accuracy=0.9983 val_loss=0.0088
Epoch 27/100
75/75 5ms/step accuracy=1.0000 loss=7.1216e-05 val_accuracy=0.9983 val_loss=0.0088
Epoch 28/100
75/75 5ms/step accuracy=1.0000 loss=6.4983e-05 val_accuracy=0.9983 val_loss=0.0087
Epoch 29/100
75/75 7ms/step accuracy=1.0000 loss=6.0168e-05 val_accuracy=0.9983 val_loss=0.0088
Epoch 30/100
75/75 5ms/step accuracy=1.0000 loss=5.5884e-05 val_accuracy=0.9983 val_loss=0.0087
Epoch 31/100
75/75 5ms/step accuracy=1.0000 loss=5.1496e-05 val_accuracy=0.9983 val_loss=0.0086
Epoch 32/100
75/75 7ms/step accuracy=1.0000 loss=4.7880e-05 val_accuracy=0.9983 val_loss=0.0085
Epoch 33/100
75/75 5ms/step accuracy=1.0000 loss=4.4353e-05 val_accuracy=0.9983 val_loss=0.0085
Epoch 34/100
75/75 5ms/step accuracy=1.0000 loss=4.1392e-05 val_accuracy=0.9983 val_loss=0.0085
Epoch 35/100
75/75 7ms/step accuracy=1.0000 loss=3.8658e-05 val_accuracy=0.9983 val_loss=0.0084
Epoch 36/100
75/75 5ms/step accuracy=1.0000 loss=3.6023e-05 val_accuracy=0.9983 val_loss=0.0084
Epoch 37/100
75/75 5ms/step accuracy=1.0000 loss=3.3468e-05 val_accuracy=0.9983 val_loss=0.0083
Epoch 38/100
75/75 7ms/step accuracy=1.0000 loss=3.1246e-05 val_accuracy=0.9983 val_loss=0.0082
Epoch 39/100
75/75 5ms/step accuracy=1.0000 loss=2.9387e-05 val_accuracy=0.9983 val_loss=0.0083
Epoch 40/100
75/75 5ms/step accuracy=1.0000 loss=2.7642e-05 val_accuracy=0.9983 val_loss=0.0083
Epoch 41/100
75/75 7ms/step accuracy=1.0000 loss=2.5886e-05 val_accuracy=0.9983 val_loss=0.0083
Epoch 42/100
75/75 5ms/step accuracy=1.0000 loss=2.4263e-05 val_accuracy=0.9983 val_loss=0.0083
Epoch 43/100
75/75 5ms/step accuracy=1.0000 loss=2.2724e-05 val_accuracy=0.9983 val_loss=0.0081
Epoch 44/100
75/75 7ms/step accuracy=1.0000 loss=2.1441e-05 val_accuracy=0.9983 val_loss=0.0082
Epoch 45/100
75/75 5ms/step accuracy=1.0000 loss=2.0223e-05 val_accuracy=0.9983 val_loss=0.0081
Epoch 46/100
75/75 5ms/step accuracy=1.0000 loss=1.9097e-05 val_accuracy=0.9983 val_loss=0.0080
Epoch 47/100
75/75 7ms/step accuracy=1.0000 loss=1.8019e-05 val_accuracy=0.9983 val_loss=0.0080
Epoch 48/100
75/75 5ms/step accuracy=1.0000 loss=1.7030e-05 val_accuracy=0.9983 val_loss=0.0080
Epoch 49/100
75/75 5ms/step accuracy=1.0000 loss=1.6031e-05 val_accuracy=0.9983 val_loss=0.0080
Epoch 50/100
75/75 5ms/step accuracy=1.0000 loss=1.5148e-05 val_accuracy=0.9983 val_loss=0.0079
Epoch 51/100
75/75 7ms/step accuracy=1.0000 loss=1.4332e-05 val_accuracy=0.9983 val_loss=0.0079
Epoch 52/100
75/75 3ms/step accuracy=1.0000 loss=1.4925e-05
75/75 5ms/step accuracy=1.0000 loss=1.3560e-05 val_accuracy=0.9983 val_loss=0.0079
Epoch 53/100
75/75 5ms/step accuracy=1.0000 loss=1.2829e-05 val_accuracy=0.9983 val_loss=0.0079
Epoch 54/100
75/75 8ms/step accuracy=1.0000 loss=1.2129e-05 val_accuracy=0.9983 val_loss=0.0078
Epoch 55/100
75/75 7ms/step accuracy=1.0000 loss=1.1505e-05 val_accuracy=0.9983 val_loss=0.0078
Epoch 56/100
75/75 5ms/step accuracy=1.0000 loss=1.0895e-05 val_accuracy=0.9983 val_loss=0.0078
Epoch 57/100
75/75 5ms/step accuracy=1.0000 loss=1.0405e-05 val_accuracy=0.9983 val_loss=0.0078
Epoch 58/100
75/75 6ms/step accuracy=1.0000 loss=9.8253e-06 val_accuracy=0.9983 val_loss=0.0077
Epoch 59/100
75/75 5ms/step accuracy=1.0000 loss=9.3156e-06 val_accuracy=0.9983 val_loss=0.0077
Epoch 60/100
75/75 5ms/step accuracy=1.0000 loss=8.8597e-06 val_accuracy=0.9983 val_loss=0.0076
Epoch 61/100
75/75 6ms/step accuracy=1.0000 loss=8.3936e-06 val_accuracy=0.9983 val_loss=0.0077
Epoch 62/100
75/75 5ms/step accuracy=1.0000 loss=8.0142e-06 val_accuracy=0.9983 val_loss=0.0077
Epoch 63/100
75/75 5ms/step accuracy=1.0000 loss=7.6047e-06 val_accuracy=0.9983 val_loss=0.0076
Epoch 64/100
75/75 5ms/step accuracy=1.0000 loss=7.2258e-06 val_accuracy=0.9983 val_loss=0.0075
Epoch 65/100
75/75 5ms/step accuracy=1.0000 loss=6.8637e-06 val_accuracy=0.9983 val_loss=0.0075
Epoch 66/100
75/75 5ms/step accuracy=1.0000 loss=6.5299e-06 val_accuracy=0.9983 val_loss=0.0075
Epoch 67/100
75/75 5ms/step accuracy=1.0000 loss=6.2016e-06 val_accuracy=0.9983 val_loss=0.0075
Epoch 68/100
75/75 5ms/step accuracy=1.0000 loss=5.9203e-06 val_accuracy=0.9983 val_loss=0.0075
Epoch 69/100
75/75 5ms/step accuracy=1.0000 loss=5.6355e-06 val_accuracy=0.9983 val_loss=0.0074
Epoch 70/100
75/75 5ms/step accuracy=1.0000 loss=5.3861e-06 val_accuracy=0.9983 val_loss=0.0075
Epoch 71/100
75/75 5ms/step accuracy=1.0000 loss=5.1066e-06 val_accuracy=0.9983 val_loss=0.0074
Epoch 72/100
75/75 5ms/step accuracy=1.0000 loss=4.8842e-06 val_accuracy=0.9983 val_loss=0.0074
Epoch 73/100
75/75 7ms/step accuracy=1.0000 loss=4.6356e-06 val_accuracy=0.9983 val_loss=0.0074
Epoch 74/100
75/75 5ms/step accuracy=1.0000 loss=4.4401e-06 val_accuracy=0.9983 val_loss=0.0074
Epoch 75/100
75/75 5ms/step accuracy=1.0000 loss=4.2362e-06 val_accuracy=0.9983 val_loss=0.0074
Epoch 76/100
75/75 5ms/step accuracy=1.0000 loss=4.0299e-06 val_accuracy=0.9983 val_loss=0.0074
Epoch 77/100
75/75 5ms/step accuracy=1.0000 loss=3.8688e-06 val_accuracy=0.9983 val_loss=0.0073
Epoch 78/100
75/75 5ms/step accuracy=1.0000 loss=3.6670e-06 val_accuracy=0.9983 val_loss=0.0072
Epoch 79/100
75/75 7ms/step accuracy=1.0000 loss=3.4897e-06 val_accuracy=0.9983 val_loss=0.0073
Epoch 80/100
75/75 5ms/step accuracy=1.0000 loss=3.3367e-06 val_accuracy=0.9983 val_loss=0.0072
Epoch 81/100
75/75 5ms/step accuracy=1.0000 loss=3.1850e-06 val_accuracy=0.9983 val_loss=0.0072
Epoch 82/100
75/75 7ms/step accuracy=1.0000 loss=3.0362e-06 val_accuracy=0.9983 val_loss=0.0072
Epoch 83/100
75/75 5ms/step accuracy=1.0000 loss=2.8962e-06 val_accuracy=0.9983 val_loss=0.0072
Epoch 84/100
75/75 5ms/step accuracy=1.0000 loss=2.7698e-06 val_accuracy=0.9983 val_loss=0.0071
Epoch 85/100
75/75 7ms/step accuracy=1.0000 loss=2.6414e-06 val_accuracy=0.9983 val_loss=0.0071
Epoch 86/100
75/75 5ms/step accuracy=1.0000 loss=2.5210e-06 val_accuracy=0.9983 val_loss=0.0071
Epoch 87/100
75/75 5ms/step accuracy=1.0000 loss=2.4074e-06 val_accuracy=0.9983 val_loss=0.0071
Epoch 88/100
75/75 7ms/step accuracy=1.0000 loss=2.2970e-06 val_accuracy=0.9983 val_loss=0.0070
Epoch 89/100
75/75 5ms/step accuracy=1.0000 loss=2.1888e-06 val_accuracy=0.9983 val_loss=0.0070
Epoch 90/100
75/75 5ms/step accuracy=1.0000 loss=2.0986e-06 val_accuracy=0.9983 val_loss=0.0070
Epoch 91/100
75/75 7ms/step accuracy=1.0000 loss=2.0024e-06 val_accuracy=0.9983 val_loss=0.0070
Epoch 92/100
75/75 5ms/step accuracy=1.0000 loss=1.9169e-06 val_accuracy=0.9983 val_loss=0.0070
Epoch 93/100
75/75 5ms/step accuracy=1.0000 loss=1.8267e-06 val_accuracy=0.9983 val_loss=0.0069
Epoch 94/100
75/75 7ms/step accuracy=1.0000 loss=1.7459e-06 val_accuracy=0.9983 val_loss=0.0069
Epoch 95/100
75/75 5ms/step accuracy=1.0000 loss=1.6749e-06 val_accuracy=0.9983 val_loss=0.0069
Epoch 96/100
75/75 5ms/step accuracy=1.0000 loss=1.5993e-06 val_accuracy=0.9983 val_loss=0.0068
Epoch 97/100
75/75 7ms/step accuracy=1.0000 loss=1.5291e-06 val_accuracy=0.9983 val_loss=0.0069
Epoch 98/100
75/75 5ms/step accuracy=1.0000 loss=1.4644e-06 val_accuracy=0.9983 val_loss=0.0068
Epoch 99/100
75/75 5ms/step accuracy=1.0000 loss=1.3961e-06 val_accuracy=0.9983 val_loss=0.0068
Epoch 100/100
75/75 7ms/step accuracy=1.0000 loss=1.3317e-06 val_accuracy=0.9983 val_loss=0.0068
19/19 3ms/step accuracy=0.9997 loss=0.0011
19/19 4ms/step accuracy=0.9983 loss=0.0068
Loss: 0.0068, Accuracy: 0.9983
2026-08-05 16:03:54 | INFO  | Saved plot: /home/albert/Ancestor/output/Step3_Model_17_TwoStage/2026-08-05-16-02-50/plot_000.png
2026-08-05 16:03:54 | INFO  | Saved plot: /home/albert/Ancestor/output/Step3_Model_17_TwoStage/2026-08-05-16-02-50/plot_001.png
2026-08-05 16:03:57 | INFO  | Saved plot: /home/albert/Ancestor/output/Step3_Model_17_TwoStage/2026-08-05-16-02-50/plot_002.png
