2026-08-05 16:22:29 | INFO  | Logger initialized
2026-08-05 16:22:29 | INFO  | log_file=/home/albert/Ancestor/logs/Step4_Model_13_Detecting/2026-08-05-16-22-29.log
2026-08-05 16:22:29 | INFO  | output_dir=/home/albert/Ancestor/output/Step4_Model_13_Detecting/2026-08-05-16-22-29
=== 1. Loading training data ===
✔️ Train : (1271, 105)  |  Test : (318, 105)
==============================
▶ mcs = 21 | conf = 0.9 | thr = 15.06
==============================
--- Test‑set validation
C0      : 1screws 52筆
C1      : 3screws 67筆
C2      : 2screws 44筆
C3      : 8screws 65筆
C4      : 4screws 70筆，2screws 20筆
* C0  | size  52 | dist   3.48 | Known
* C1  | size  67 | dist   2.81 | Known
* C2  | size  44 | dist   3.53 | Known
* C3  | size  65 | dist   2.80 | Known
* C4  | size  90 | dist   2.19 | Known
--- Unknown ['5screws'] | mcs 21
C4      : 90 pts
C1      : 60 pts
C0      : 52 pts
C3      : 44 pts
C5      : 65 pts
C2      : 67 pts
C0  | size  52 | dist   3.48 | Known
C1  | size  60 | dist  72.98 | New Fault
C2  | size  67 | dist   2.81 | Known
C3  | size  44 | dist   3.53 | Known
C4  | size  90 | dist   2.19 | Known
C5  | size  65 | dist   2.80 | Known
--- Unknown ['5screws', '6screws'] | mcs 21
C1      : 60 pts
C5      : 70 pts
C6      : 60 pts
C2      : 67 pts
C4      : 65 pts
C3      : 44 pts
C0      : 52 pts
outliers: 20 pts
C0  | size  52 | dist   3.48 | Known
C1  | size  60 | dist  72.98 | New Fault
C2  | size  67 | dist   2.81 | Known
C3  | size  44 | dist   3.53 | Known
C4  | size  65 | dist   2.80 | Known
C5  | size  70 | dist   2.58 | Known
C6  | size  60 | dist  28.31 | New Fault
--- Unknown ['5screws', '6screws', '7screws'] | mcs 21
C0      : 52 pts
C6      : 66 pts
C4      : 42 pts
C1      : 47 pts
C3      : 62 pts
C7      : 57 pts
C2      : 53 pts
C5      : 57 pts
outliers: 14 pts
C0  | size  52 | dist 237.31 | New Fault
C1  | size  47 | dist   3.60 | Known
C2  | size  53 | dist  72.60 | New Fault
C3  | size  62 | dist   2.99 | Known
C4  | size  42 | dist   3.59 | Known
C5  | size  57 | dist   2.79 | Known
C6  | size  66 | dist   2.63 | Known
C7  | size  57 | dist  28.26 | New Fault
--- Unknown ['5screws', '6screws', '7screws', '3_14screws'] | mcs 21
C2      : 53 pts
C0      : 45 pts
C5      : 41 pts
C7      : 57 pts
C1      : 49 pts
C8      : 49 pts
C3      : 49 pts
C4      : 42 pts
C6      : 50 pts
outliers: 15 pts
C0  | size  45 | dist 236.28 | New Fault
C1  | size  49 | dist  71.60 | New Fault
C2  | size  53 | dist   2.94 | Known
C3  | size  49 | dist  57.10 | New Fault
C4  | size  42 | dist   3.70 | Known
C5  | size  41 | dist   3.62 | Known
C6  | size  50 | dist   2.91 | Known
C7  | size  57 | dist   2.83 | Known
C8  | size  49 | dist  28.43 | New Fault
--- Unknown ['5screws', '6screws', '7screws', '3_14screws', '4_146screws'] | mcs 21
C5      : 48 pts
C1      : 45 pts
C8      : 48 pts
outliers: 15 pts
C6      : 37 pts
C7      : 48 pts
C4      : 48 pts
C2      : 43 pts
C0      : 40 pts
C3      : 33 pts
C9      : 45 pts
C0  | size  40 | dist 234.00 | New Fault
C1  | size  45 | dist  61.95 | New Fault
C2  | size  43 | dist  59.62 | New Fault
C3  | size  33 | dist   3.67 | Known
C4  | size  48 | dist  71.81 | New Fault
C5  | size  48 | dist   3.15 | Known
C6  | size  37 | dist   3.68 | Known
C7  | size  48 | dist   3.02 | Known
C8  | size  48 | dist   2.89 | Known
C9  | size  45 | dist  28.29 | New Fault
==============================
▶ mcs = 21 | conf = 0.95 | thr = 15.79
==============================
--- Test‑set validation
C0      : 1screws 52筆
C1      : 3screws 67筆
C2      : 2screws 44筆
C3      : 8screws 65筆
C4      : 4screws 70筆，2screws 20筆
* C0  | size  52 | dist   3.48 | Known
* C1  | size  67 | dist   2.81 | Known
* C2  | size  44 | dist   3.53 | Known
* C3  | size  65 | dist   2.80 | Known
* C4  | size  90 | dist   2.19 | Known
--- Unknown ['5screws'] | mcs 21
C4      : 90 pts
C1      : 60 pts
C0      : 52 pts
C3      : 44 pts
C5      : 65 pts
C2      : 67 pts
C0  | size  52 | dist   3.48 | Known
C1  | size  60 | dist  72.98 | New Fault
C2  | size  67 | dist   2.81 | Known
C3  | size  44 | dist   3.53 | Known
C4  | size  90 | dist   2.19 | Known
C5  | size  65 | dist   2.80 | Known
--- Unknown ['5screws', '6screws'] | mcs 21
C1      : 60 pts
C5      : 70 pts
C6      : 60 pts
C2      : 67 pts
C4      : 65 pts
C3      : 44 pts
C0      : 52 pts
outliers: 20 pts
C0  | size  52 | dist   3.48 | Known
C1  | size  60 | dist  72.98 | New Fault
C2  | size  67 | dist   2.81 | Known
C3  | size  44 | dist   3.53 | Known
C4  | size  65 | dist   2.80 | Known
C5  | size  70 | dist   2.58 | Known
C6  | size  60 | dist  28.31 | New Fault
--- Unknown ['5screws', '6screws', '7screws'] | mcs 21
C0      : 52 pts
C6      : 66 pts
C4      : 42 pts
C1      : 47 pts
C3      : 62 pts
C7      : 57 pts
C2      : 53 pts
C5      : 57 pts
outliers: 14 pts
C0  | size  52 | dist 237.31 | New Fault
C1  | size  47 | dist   3.60 | Known
C2  | size  53 | dist  72.60 | New Fault
C3  | size  62 | dist   2.99 | Known
C4  | size  42 | dist   3.59 | Known
C5  | size  57 | dist   2.79 | Known
C6  | size  66 | dist   2.63 | Known
C7  | size  57 | dist  28.26 | New Fault
--- Unknown ['5screws', '6screws', '7screws', '3_14screws'] | mcs 21
C2      : 53 pts
C0      : 45 pts
C5      : 41 pts
C7      : 57 pts
C1      : 49 pts
C8      : 49 pts
C3      : 49 pts
C4      : 42 pts
C6      : 50 pts
outliers: 15 pts
C0  | size  45 | dist 236.28 | New Fault
C1  | size  49 | dist  71.60 | New Fault
C2  | size  53 | dist   2.94 | Known
C3  | size  49 | dist  57.10 | New Fault
C4  | size  42 | dist   3.70 | Known
C5  | size  41 | dist   3.62 | Known
C6  | size  50 | dist   2.91 | Known
C7  | size  57 | dist   2.83 | Known
C8  | size  49 | dist  28.43 | New Fault
--- Unknown ['5screws', '6screws', '7screws', '3_14screws', '4_146screws'] | mcs 21
C5      : 48 pts
C1      : 45 pts
C8      : 48 pts
outliers: 15 pts
C6      : 37 pts
C7      : 48 pts
C4      : 48 pts
C2      : 43 pts
C0      : 40 pts
C3      : 33 pts
C9      : 45 pts
C0  | size  40 | dist 234.00 | New Fault
C1  | size  45 | dist  61.95 | New Fault
C2  | size  43 | dist  59.62 | New Fault
C3  | size  33 | dist   3.67 | Known
C4  | size  48 | dist  71.81 | New Fault
C5  | size  48 | dist   3.15 | Known
C6  | size  37 | dist   3.68 | Known
C7  | size  48 | dist   3.02 | Known
C8  | size  48 | dist   2.89 | Known
C9  | size  45 | dist  28.29 | New Fault
==============================
▶ mcs = 21 | conf = 0.99 | thr = 17.24
==============================
--- Test‑set validation
C0      : 1screws 52筆
C1      : 3screws 67筆
C2      : 2screws 44筆
C3      : 8screws 65筆
C4      : 4screws 70筆，2screws 20筆
* C0  | size  52 | dist   3.48 | Known
* C1  | size  67 | dist   2.81 | Known
* C2  | size  44 | dist   3.53 | Known
* C3  | size  65 | dist   2.80 | Known
* C4  | size  90 | dist   2.19 | Known
--- Unknown ['5screws'] | mcs 21
C4      : 90 pts
C1      : 60 pts
C0      : 52 pts
C3      : 44 pts
C5      : 65 pts
C2      : 67 pts
C0  | size  52 | dist   3.48 | Known
C1  | size  60 | dist  72.98 | New Fault
C2  | size  67 | dist   2.81 | Known
C3  | size  44 | dist   3.53 | Known
C4  | size  90 | dist   2.19 | Known
C5  | size  65 | dist   2.80 | Known
--- Unknown ['5screws', '6screws'] | mcs 21
C1      : 60 pts
C5      : 70 pts
C6      : 60 pts
C2      : 67 pts
C4      : 65 pts
C3      : 44 pts
C0      : 52 pts
outliers: 20 pts
C0  | size  52 | dist   3.48 | Known
C1  | size  60 | dist  72.98 | New Fault
C2  | size  67 | dist   2.81 | Known
C3  | size  44 | dist   3.53 | Known
C4  | size  65 | dist   2.80 | Known
C5  | size  70 | dist   2.58 | Known
C6  | size  60 | dist  28.31 | New Fault
--- Unknown ['5screws', '6screws', '7screws'] | mcs 21
C0      : 52 pts
C6      : 66 pts
C4      : 42 pts
C1      : 47 pts
C3      : 62 pts
C7      : 57 pts
C2      : 53 pts
C5      : 57 pts
outliers: 14 pts
C0  | size  52 | dist 237.31 | New Fault
C1  | size  47 | dist   3.60 | Known
C2  | size  53 | dist  72.60 | New Fault
C3  | size  62 | dist   2.99 | Known
C4  | size  42 | dist   3.59 | Known
C5  | size  57 | dist   2.79 | Known
C6  | size  66 | dist   2.63 | Known
C7  | size  57 | dist  28.26 | New Fault
--- Unknown ['5screws', '6screws', '7screws', '3_14screws'] | mcs 21
C2      : 53 pts
C0      : 45 pts
C5      : 41 pts
C7      : 57 pts
C1      : 49 pts
C8      : 49 pts
C3      : 49 pts
C4      : 42 pts
C6      : 50 pts
outliers: 15 pts
C0  | size  45 | dist 236.28 | New Fault
C1  | size  49 | dist  71.60 | New Fault
C2  | size  53 | dist   2.94 | Known
C3  | size  49 | dist  57.10 | New Fault
C4  | size  42 | dist   3.70 | Known
C5  | size  41 | dist   3.62 | Known
C6  | size  50 | dist   2.91 | Known
C7  | size  57 | dist   2.83 | Known
C8  | size  49 | dist  28.43 | New Fault
--- Unknown ['5screws', '6screws', '7screws', '3_14screws', '4_146screws'] | mcs 21
C5      : 48 pts
C1      : 45 pts
C8      : 48 pts
outliers: 15 pts
C6      : 37 pts
C7      : 48 pts
C4      : 48 pts
C2      : 43 pts
C0      : 40 pts
C3      : 33 pts
C9      : 45 pts
C0  | size  40 | dist 234.00 | New Fault
C1  | size  45 | dist  61.95 | New Fault
C2  | size  43 | dist  59.62 | New Fault
C3  | size  33 | dist   3.67 | Known
C4  | size  48 | dist  71.81 | New Fault
C5  | size  48 | dist   3.15 | Known
C6  | size  37 | dist   3.68 | Known
C7  | size  48 | dist   3.02 | Known
C8  | size  48 | dist   2.89 | Known
C9  | size  45 | dist  28.29 | New Fault
==============================
▶ mcs = 22 | conf = 0.9 | thr = 15.06
==============================
--- Test‑set validation
C0      : 1screws 52筆
C1      : 3screws 67筆
C2      : 2screws 44筆
C3      : 8screws 65筆
C4      : 4screws 70筆，2screws 20筆
* C0  | size  52 | dist   3.48 | Known
* C1  | size  67 | dist   2.81 | Known
* C2  | size  44 | dist   3.53 | Known
* C3  | size  65 | dist   2.80 | Known
* C4  | size  90 | dist   2.19 | Known
--- Unknown ['5screws'] | mcs 22
C4      : 90 pts
C1      : 60 pts
C0      : 52 pts
C3      : 44 pts
C5      : 65 pts
C2      : 67 pts
C0  | size  52 | dist   3.48 | Known
C1  | size  60 | dist  72.98 | New Fault
C2  | size  67 | dist   2.81 | Known
C3  | size  44 | dist   3.53 | Known
C4  | size  90 | dist   2.19 | Known
C5  | size  65 | dist   2.80 | Known
--- Unknown ['5screws', '6screws'] | mcs 22
C1      : 60 pts
C5      : 70 pts
C6      : 60 pts
C2      : 67 pts
C4      : 65 pts
C3      : 44 pts
C0      : 52 pts
outliers: 20 pts
C0  | size  52 | dist   3.48 | Known
C1  | size  60 | dist  72.98 | New Fault
C2  | size  67 | dist   2.81 | Known
C3  | size  44 | dist   3.53 | Known
C4  | size  65 | dist   2.80 | Known
C5  | size  70 | dist   2.58 | Known
C6  | size  60 | dist  28.31 | New Fault
--- Unknown ['5screws', '6screws', '7screws'] | mcs 22
C0      : 52 pts
C6      : 66 pts
C4      : 42 pts
C1      : 47 pts
C3      : 62 pts
C7      : 57 pts
C2      : 53 pts
C5      : 57 pts
outliers: 14 pts
C0  | size  52 | dist 237.31 | New Fault
C1  | size  47 | dist   3.60 | Known
C2  | size  53 | dist  72.60 | New Fault
C3  | size  62 | dist   2.99 | Known
C4  | size  42 | dist   3.59 | Known
C5  | size  57 | dist   2.79 | Known
C6  | size  66 | dist   2.63 | Known
C7  | size  57 | dist  28.26 | New Fault
--- Unknown ['5screws', '6screws', '7screws', '3_14screws'] | mcs 22
C2      : 53 pts
C0      : 45 pts
C5      : 41 pts
C7      : 57 pts
C1      : 49 pts
C8      : 49 pts
C3      : 49 pts
C4      : 42 pts
C6      : 50 pts
outliers: 15 pts
C0  | size  45 | dist 236.28 | New Fault
C1  | size  49 | dist  71.60 | New Fault
C2  | size  53 | dist   2.94 | Known
C3  | size  49 | dist  57.10 | New Fault
C4  | size  42 | dist   3.70 | Known
C5  | size  41 | dist   3.62 | Known
C6  | size  50 | dist   2.91 | Known
C7  | size  57 | dist   2.83 | Known
C8  | size  49 | dist  28.43 | New Fault
--- Unknown ['5screws', '6screws', '7screws', '3_14screws', '4_146screws'] | mcs 22
C5      : 48 pts
C1      : 45 pts
C8      : 48 pts
outliers: 15 pts
C6      : 37 pts
C7      : 48 pts
C4      : 48 pts
C2      : 43 pts
C0      : 40 pts
C3      : 33 pts
C9      : 45 pts
C0  | size  40 | dist 234.00 | New Fault
C1  | size  45 | dist  61.95 | New Fault
C2  | size  43 | dist  59.62 | New Fault
C3  | size  33 | dist   3.67 | Known
C4  | size  48 | dist  71.81 | New Fault
C5  | size  48 | dist   3.15 | Known
C6  | size  37 | dist   3.68 | Known
C7  | size  48 | dist   3.02 | Known
C8  | size  48 | dist   2.89 | Known
C9  | size  45 | dist  28.29 | New Fault
==============================
▶ mcs = 22 | conf = 0.95 | thr = 15.79
==============================
--- Test‑set validation
C0      : 1screws 52筆
C1      : 3screws 67筆
C2      : 2screws 44筆
C3      : 8screws 65筆
C4      : 4screws 70筆，2screws 20筆
* C0  | size  52 | dist   3.48 | Known
* C1  | size  67 | dist   2.81 | Known
* C2  | size  44 | dist   3.53 | Known
* C3  | size  65 | dist   2.80 | Known
* C4  | size  90 | dist   2.19 | Known
--- Unknown ['5screws'] | mcs 22
C4      : 90 pts
C1      : 60 pts
C0      : 52 pts
C3      : 44 pts
C5      : 65 pts
C2      : 67 pts
C0  | size  52 | dist   3.48 | Known
C1  | size  60 | dist  72.98 | New Fault
C2  | size  67 | dist   2.81 | Known
C3  | size  44 | dist   3.53 | Known
C4  | size  90 | dist   2.19 | Known
C5  | size  65 | dist   2.80 | Known
--- Unknown ['5screws', '6screws'] | mcs 22
C1      : 60 pts
C5      : 70 pts
C6      : 60 pts
C2      : 67 pts
C4      : 65 pts
C3      : 44 pts
C0      : 52 pts
outliers: 20 pts
C0  | size  52 | dist   3.48 | Known
C1  | size  60 | dist  72.98 | New Fault
C2  | size  67 | dist   2.81 | Known
C3  | size  44 | dist   3.53 | Known
C4  | size  65 | dist   2.80 | Known
C5  | size  70 | dist   2.58 | Known
C6  | size  60 | dist  28.31 | New Fault
--- Unknown ['5screws', '6screws', '7screws'] | mcs 22
C0      : 52 pts
C6      : 66 pts
C4      : 42 pts
C1      : 47 pts
C3      : 62 pts
C7      : 57 pts
C2      : 53 pts
C5      : 57 pts
outliers: 14 pts
C0  | size  52 | dist 237.31 | New Fault
C1  | size  47 | dist   3.60 | Known
C2  | size  53 | dist  72.60 | New Fault
C3  | size  62 | dist   2.99 | Known
C4  | size  42 | dist   3.59 | Known
C5  | size  57 | dist   2.79 | Known
C6  | size  66 | dist   2.63 | Known
C7  | size  57 | dist  28.26 | New Fault
--- Unknown ['5screws', '6screws', '7screws', '3_14screws'] | mcs 22
C2      : 53 pts
C0      : 45 pts
C5      : 41 pts
C7      : 57 pts
C1      : 49 pts
C8      : 49 pts
C3      : 49 pts
C4      : 42 pts
C6      : 50 pts
outliers: 15 pts
C0  | size  45 | dist 236.28 | New Fault
C1  | size  49 | dist  71.60 | New Fault
C2  | size  53 | dist   2.94 | Known
C3  | size  49 | dist  57.10 | New Fault
C4  | size  42 | dist   3.70 | Known
C5  | size  41 | dist   3.62 | Known
C6  | size  50 | dist   2.91 | Known
C7  | size  57 | dist   2.83 | Known
C8  | size  49 | dist  28.43 | New Fault
--- Unknown ['5screws', '6screws', '7screws', '3_14screws', '4_146screws'] | mcs 22
C5      : 48 pts
C1      : 45 pts
C8      : 48 pts
outliers: 15 pts
C6      : 37 pts
C7      : 48 pts
C4      : 48 pts
C2      : 43 pts
C0      : 40 pts
C3      : 33 pts
C9      : 45 pts
C0  | size  40 | dist 234.00 | New Fault
C1  | size  45 | dist  61.95 | New Fault
C2  | size  43 | dist  59.62 | New Fault
C3  | size  33 | dist   3.67 | Known
C4  | size  48 | dist  71.81 | New Fault
C5  | size  48 | dist   3.15 | Known
C6  | size  37 | dist   3.68 | Known
C7  | size  48 | dist   3.02 | Known
C8  | size  48 | dist   2.89 | Known
C9  | size  45 | dist  28.29 | New Fault
==============================
▶ mcs = 22 | conf = 0.99 | thr = 17.24
==============================
--- Test‑set validation
C0      : 1screws 52筆
C1      : 3screws 67筆
C2      : 2screws 44筆
C3      : 8screws 65筆
C4      : 4screws 70筆，2screws 20筆
* C0  | size  52 | dist   3.48 | Known
* C1  | size  67 | dist   2.81 | Known
* C2  | size  44 | dist   3.53 | Known
* C3  | size  65 | dist   2.80 | Known
* C4  | size  90 | dist   2.19 | Known
--- Unknown ['5screws'] | mcs 22
C4      : 90 pts
C1      : 60 pts
C0      : 52 pts
C3      : 44 pts
C5      : 65 pts
C2      : 67 pts
C0  | size  52 | dist   3.48 | Known
C1  | size  60 | dist  72.98 | New Fault
C2  | size  67 | dist   2.81 | Known
C3  | size  44 | dist   3.53 | Known
C4  | size  90 | dist   2.19 | Known
C5  | size  65 | dist   2.80 | Known
--- Unknown ['5screws', '6screws'] | mcs 22
C1      : 60 pts
C5      : 70 pts
C6      : 60 pts
C2      : 67 pts
C4      : 65 pts
C3      : 44 pts
C0      : 52 pts
outliers: 20 pts
C0  | size  52 | dist   3.48 | Known
C1  | size  60 | dist  72.98 | New Fault
C2  | size  67 | dist   2.81 | Known
C3  | size  44 | dist   3.53 | Known
C4  | size  65 | dist   2.80 | Known
C5  | size  70 | dist   2.58 | Known
C6  | size  60 | dist  28.31 | New Fault
--- Unknown ['5screws', '6screws', '7screws'] | mcs 22
C0      : 52 pts
C6      : 66 pts
C4      : 42 pts
C1      : 47 pts
C3      : 62 pts
C7      : 57 pts
C2      : 53 pts
C5      : 57 pts
outliers: 14 pts
C0  | size  52 | dist 237.31 | New Fault
C1  | size  47 | dist   3.60 | Known
C2  | size  53 | dist  72.60 | New Fault
C3  | size  62 | dist   2.99 | Known
C4  | size  42 | dist   3.59 | Known
C5  | size  57 | dist   2.79 | Known
C6  | size  66 | dist   2.63 | Known
C7  | size  57 | dist  28.26 | New Fault
--- Unknown ['5screws', '6screws', '7screws', '3_14screws'] | mcs 22
C2      : 53 pts
C0      : 45 pts
C5      : 41 pts
C7      : 57 pts
C1      : 49 pts
C8      : 49 pts
C3      : 49 pts
C4      : 42 pts
C6      : 50 pts
outliers: 15 pts
C0  | size  45 | dist 236.28 | New Fault
C1  | size  49 | dist  71.60 | New Fault
C2  | size  53 | dist   2.94 | Known
C3  | size  49 | dist  57.10 | New Fault
C4  | size  42 | dist   3.70 | Known
C5  | size  41 | dist   3.62 | Known
C6  | size  50 | dist   2.91 | Known
C7  | size  57 | dist   2.83 | Known
C8  | size  49 | dist  28.43 | New Fault
--- Unknown ['5screws', '6screws', '7screws', '3_14screws', '4_146screws'] | mcs 22
C5      : 48 pts
C1      : 45 pts
C8      : 48 pts
outliers: 15 pts
C6      : 37 pts
C7      : 48 pts
C4      : 48 pts
C2      : 43 pts
C0      : 40 pts
C3      : 33 pts
C9      : 45 pts
C0  | size  40 | dist 234.00 | New Fault
C1  | size  45 | dist  61.95 | New Fault
C2  | size  43 | dist  59.62 | New Fault
C3  | size  33 | dist   3.67 | Known
C4  | size  48 | dist  71.81 | New Fault
C5  | size  48 | dist   3.15 | Known
C6  | size  37 | dist   3.68 | Known
C7  | size  48 | dist   3.02 | Known
C8  | size  48 | dist   2.89 | Known
C9  | size  45 | dist  28.29 | New Fault
==============================
▶ mcs = 23 | conf = 0.9 | thr = 15.06
==============================
--- Test‑set validation
C0      : 1screws 52筆
C1      : 3screws 67筆
C2      : 2screws 44筆
C3      : 8screws 65筆
C4      : 4screws 70筆，2screws 20筆
* C0  | size  52 | dist   3.48 | Known
* C1  | size  67 | dist   2.81 | Known
* C2  | size  44 | dist   3.53 | Known
* C3  | size  65 | dist   2.80 | Known
* C4  | size  90 | dist   2.19 | Known
--- Unknown ['5screws'] | mcs 23
C4      : 90 pts
C1      : 60 pts
C0      : 52 pts
C3      : 44 pts
C5      : 65 pts
C2      : 67 pts
C0  | size  52 | dist   3.48 | Known
C1  | size  60 | dist  72.98 | New Fault
C2  | size  67 | dist   2.81 | Known
C3  | size  44 | dist   3.53 | Known
C4  | size  90 | dist   2.19 | Known
C5  | size  65 | dist   2.80 | Known
--- Unknown ['5screws', '6screws'] | mcs 23
C1      : 60 pts
C5      : 70 pts
C6      : 60 pts
C2      : 67 pts
C4      : 65 pts
C3      : 44 pts
C0      : 52 pts
outliers: 20 pts
C0  | size  52 | dist   3.48 | Known
C1  | size  60 | dist  72.98 | New Fault
C2  | size  67 | dist   2.81 | Known
C3  | size  44 | dist   3.53 | Known
C4  | size  65 | dist   2.80 | Known
C5  | size  70 | dist   2.58 | Known
C6  | size  60 | dist  28.31 | New Fault
--- Unknown ['5screws', '6screws', '7screws'] | mcs 23
C0      : 52 pts
C6      : 66 pts
C4      : 42 pts
C1      : 47 pts
C3      : 62 pts
C7      : 57 pts
C2      : 53 pts
C5      : 57 pts
outliers: 14 pts
C0  | size  52 | dist 237.31 | New Fault
C1  | size  47 | dist   3.60 | Known
C2  | size  53 | dist  72.60 | New Fault
C3  | size  62 | dist   2.99 | Known
C4  | size  42 | dist   3.59 | Known
C5  | size  57 | dist   2.79 | Known
C6  | size  66 | dist   2.63 | Known
C7  | size  57 | dist  28.26 | New Fault
--- Unknown ['5screws', '6screws', '7screws', '3_14screws'] | mcs 23
C2      : 53 pts
C0      : 45 pts
C5      : 41 pts
C7      : 57 pts
C1      : 49 pts
C8      : 49 pts
C3      : 49 pts
C4      : 42 pts
C6      : 50 pts
outliers: 15 pts
C0  | size  45 | dist 236.28 | New Fault
C1  | size  49 | dist  71.60 | New Fault
C2  | size  53 | dist   2.94 | Known
C3  | size  49 | dist  57.10 | New Fault
C4  | size  42 | dist   3.70 | Known
C5  | size  41 | dist   3.62 | Known
C6  | size  50 | dist   2.91 | Known
C7  | size  57 | dist   2.83 | Known
C8  | size  49 | dist  28.43 | New Fault
--- Unknown ['5screws', '6screws', '7screws', '3_14screws', '4_146screws'] | mcs 23
C5      : 48 pts
C1      : 45 pts
C8      : 48 pts
outliers: 15 pts
C6      : 37 pts
C7      : 48 pts
C4      : 48 pts
C2      : 43 pts
C0      : 40 pts
C3      : 33 pts
C9      : 45 pts
C0  | size  40 | dist 234.00 | New Fault
C1  | size  45 | dist  61.95 | New Fault
C2  | size  43 | dist  59.62 | New Fault
C3  | size  33 | dist   3.67 | Known
C4  | size  48 | dist  71.81 | New Fault
C5  | size  48 | dist   3.15 | Known
C6  | size  37 | dist   3.68 | Known
C7  | size  48 | dist   3.02 | Known
C8  | size  48 | dist   2.89 | Known
C9  | size  45 | dist  28.29 | New Fault
==============================
▶ mcs = 23 | conf = 0.95 | thr = 15.79
==============================
--- Test‑set validation
C0      : 1screws 52筆
C1      : 3screws 67筆
C2      : 2screws 44筆
C3      : 8screws 65筆
C4      : 4screws 70筆，2screws 20筆
* C0  | size  52 | dist   3.48 | Known
* C1  | size  67 | dist   2.81 | Known
* C2  | size  44 | dist   3.53 | Known
* C3  | size  65 | dist   2.80 | Known
* C4  | size  90 | dist   2.19 | Known
--- Unknown ['5screws'] | mcs 23
C4      : 90 pts
C1      : 60 pts
C0      : 52 pts
C3      : 44 pts
C5      : 65 pts
C2      : 67 pts
C0  | size  52 | dist   3.48 | Known
C1  | size  60 | dist  72.98 | New Fault
C2  | size  67 | dist   2.81 | Known
C3  | size  44 | dist   3.53 | Known
C4  | size  90 | dist   2.19 | Known
C5  | size  65 | dist   2.80 | Known
--- Unknown ['5screws', '6screws'] | mcs 23
C1      : 60 pts
C5      : 70 pts
C6      : 60 pts
C2      : 67 pts
C4      : 65 pts
C3      : 44 pts
C0      : 52 pts
outliers: 20 pts
C0  | size  52 | dist   3.48 | Known
C1  | size  60 | dist  72.98 | New Fault
C2  | size  67 | dist   2.81 | Known
C3  | size  44 | dist   3.53 | Known
C4  | size  65 | dist   2.80 | Known
C5  | size  70 | dist   2.58 | Known
C6  | size  60 | dist  28.31 | New Fault
--- Unknown ['5screws', '6screws', '7screws'] | mcs 23
C0      : 52 pts
C6      : 66 pts
C4      : 42 pts
C1      : 47 pts
C3      : 62 pts
C7      : 57 pts
C2      : 53 pts
C5      : 57 pts
outliers: 14 pts
C0  | size  52 | dist 237.31 | New Fault
C1  | size  47 | dist   3.60 | Known
C2  | size  53 | dist  72.60 | New Fault
C3  | size  62 | dist   2.99 | Known
C4  | size  42 | dist   3.59 | Known
C5  | size  57 | dist   2.79 | Known
C6  | size  66 | dist   2.63 | Known
C7  | size  57 | dist  28.26 | New Fault
--- Unknown ['5screws', '6screws', '7screws', '3_14screws'] | mcs 23
C2      : 53 pts
C0      : 45 pts
C5      : 41 pts
C7      : 57 pts
C1      : 49 pts
C8      : 49 pts
C3      : 49 pts
C4      : 42 pts
C6      : 50 pts
outliers: 15 pts
C0  | size  45 | dist 236.28 | New Fault
C1  | size  49 | dist  71.60 | New Fault
C2  | size  53 | dist   2.94 | Known
C3  | size  49 | dist  57.10 | New Fault
C4  | size  42 | dist   3.70 | Known
C5  | size  41 | dist   3.62 | Known
C6  | size  50 | dist   2.91 | Known
C7  | size  57 | dist   2.83 | Known
C8  | size  49 | dist  28.43 | New Fault
--- Unknown ['5screws', '6screws', '7screws', '3_14screws', '4_146screws'] | mcs 23
C5      : 48 pts
C1      : 45 pts
C8      : 48 pts
outliers: 15 pts
C6      : 37 pts
C7      : 48 pts
C4      : 48 pts
C2      : 43 pts
C0      : 40 pts
C3      : 33 pts
C9      : 45 pts
C0  | size  40 | dist 234.00 | New Fault
C1  | size  45 | dist  61.95 | New Fault
C2  | size  43 | dist  59.62 | New Fault
C3  | size  33 | dist   3.67 | Known
C4  | size  48 | dist  71.81 | New Fault
C5  | size  48 | dist   3.15 | Known
C6  | size  37 | dist   3.68 | Known
C7  | size  48 | dist   3.02 | Known
C8  | size  48 | dist   2.89 | Known
C9  | size  45 | dist  28.29 | New Fault
==============================
▶ mcs = 23 | conf = 0.99 | thr = 17.24
==============================
--- Test‑set validation
C0      : 1screws 52筆
C1      : 3screws 67筆
C2      : 2screws 44筆
C3      : 8screws 65筆
C4      : 4screws 70筆，2screws 20筆
* C0  | size  52 | dist   3.48 | Known
* C1  | size  67 | dist   2.81 | Known
* C2  | size  44 | dist   3.53 | Known
* C3  | size  65 | dist   2.80 | Known
* C4  | size  90 | dist   2.19 | Known
--- Unknown ['5screws'] | mcs 23
C4      : 90 pts
C1      : 60 pts
C0      : 52 pts
C3      : 44 pts
C5      : 65 pts
C2      : 67 pts
C0  | size  52 | dist   3.48 | Known
C1  | size  60 | dist  72.98 | New Fault
C2  | size  67 | dist   2.81 | Known
C3  | size  44 | dist   3.53 | Known
C4  | size  90 | dist   2.19 | Known
C5  | size  65 | dist   2.80 | Known
--- Unknown ['5screws', '6screws'] | mcs 23
C1      : 60 pts
C5      : 70 pts
C6      : 60 pts
C2      : 67 pts
C4      : 65 pts
C3      : 44 pts
C0      : 52 pts
outliers: 20 pts
C0  | size  52 | dist   3.48 | Known
C1  | size  60 | dist  72.98 | New Fault
C2  | size  67 | dist   2.81 | Known
C3  | size  44 | dist   3.53 | Known
C4  | size  65 | dist   2.80 | Known
C5  | size  70 | dist   2.58 | Known
C6  | size  60 | dist  28.31 | New Fault
--- Unknown ['5screws', '6screws', '7screws'] | mcs 23
C0      : 52 pts
C6      : 66 pts
C4      : 42 pts
C1      : 47 pts
C3      : 62 pts
C7      : 57 pts
C2      : 53 pts
C5      : 57 pts
outliers: 14 pts
C0  | size  52 | dist 237.31 | New Fault
C1  | size  47 | dist   3.60 | Known
C2  | size  53 | dist  72.60 | New Fault
C3  | size  62 | dist   2.99 | Known
C4  | size  42 | dist   3.59 | Known
C5  | size  57 | dist   2.79 | Known
C6  | size  66 | dist   2.63 | Known
C7  | size  57 | dist  28.26 | New Fault
--- Unknown ['5screws', '6screws', '7screws', '3_14screws'] | mcs 23
C2      : 53 pts
C0      : 45 pts
C5      : 41 pts
C7      : 57 pts
C1      : 49 pts
C8      : 49 pts
C3      : 49 pts
C4      : 42 pts
C6      : 50 pts
outliers: 15 pts
C0  | size  45 | dist 236.28 | New Fault
C1  | size  49 | dist  71.60 | New Fault
C2  | size  53 | dist   2.94 | Known
C3  | size  49 | dist  57.10 | New Fault
C4  | size  42 | dist   3.70 | Known
C5  | size  41 | dist   3.62 | Known
C6  | size  50 | dist   2.91 | Known
C7  | size  57 | dist   2.83 | Known
C8  | size  49 | dist  28.43 | New Fault
--- Unknown ['5screws', '6screws', '7screws', '3_14screws', '4_146screws'] | mcs 23
C5      : 48 pts
C1      : 45 pts
C8      : 48 pts
outliers: 15 pts
C6      : 37 pts
C7      : 48 pts
C4      : 48 pts
C2      : 43 pts
C0      : 40 pts
C3      : 33 pts
C9      : 45 pts
C0  | size  40 | dist 234.00 | New Fault
C1  | size  45 | dist  61.95 | New Fault
C2  | size  43 | dist  59.62 | New Fault
C3  | size  33 | dist   3.67 | Known
C4  | size  48 | dist  71.81 | New Fault
C5  | size  48 | dist   3.15 | Known
C6  | size  37 | dist   3.68 | Known
C7  | size  48 | dist   3.02 | Known
C8  | size  48 | dist   2.89 | Known
C9  | size  45 | dist  28.29 | New Fault
==============================
▶ mcs = 24 | conf = 0.9 | thr = 15.06
==============================
--- Test‑set validation
C0      : 1screws 52筆
C1      : 3screws 67筆
C2      : 2screws 44筆
C3      : 8screws 65筆
C4      : 4screws 70筆，2screws 20筆
* C0  | size  52 | dist   3.48 | Known
* C1  | size  67 | dist   2.81 | Known
* C2  | size  44 | dist   3.53 | Known
* C3  | size  65 | dist   2.80 | Known
* C4  | size  90 | dist   2.19 | Known
--- Unknown ['5screws'] | mcs 24
C4      : 90 pts
C1      : 60 pts
C0      : 52 pts
C3      : 44 pts
C5      : 65 pts
C2      : 67 pts
C0  | size  52 | dist   3.48 | Known
C1  | size  60 | dist  72.98 | New Fault
C2  | size  67 | dist   2.81 | Known
C3  | size  44 | dist   3.53 | Known
C4  | size  90 | dist   2.19 | Known
C5  | size  65 | dist   2.80 | Known
--- Unknown ['5screws', '6screws'] | mcs 24
C1      : 60 pts
C5      : 70 pts
C6      : 60 pts
C2      : 67 pts
C4      : 65 pts
C3      : 44 pts
C0      : 52 pts
outliers: 20 pts
C0  | size  52 | dist   3.48 | Known
C1  | size  60 | dist  72.98 | New Fault
C2  | size  67 | dist   2.81 | Known
C3  | size  44 | dist   3.53 | Known
C4  | size  65 | dist   2.80 | Known
C5  | size  70 | dist   2.58 | Known
C6  | size  60 | dist  28.31 | New Fault
--- Unknown ['5screws', '6screws', '7screws'] | mcs 24
C0      : 52 pts
C6      : 66 pts
C4      : 42 pts
C1      : 47 pts
C3      : 62 pts
C7      : 57 pts
C2      : 53 pts
C5      : 57 pts
outliers: 14 pts
C0  | size  52 | dist 237.31 | New Fault
C1  | size  47 | dist   3.60 | Known
C2  | size  53 | dist  72.60 | New Fault
C3  | size  62 | dist   2.99 | Known
C4  | size  42 | dist   3.59 | Known
C5  | size  57 | dist   2.79 | Known
C6  | size  66 | dist   2.63 | Known
C7  | size  57 | dist  28.26 | New Fault
--- Unknown ['5screws', '6screws', '7screws', '3_14screws'] | mcs 24
C2      : 53 pts
C0      : 45 pts
C5      : 41 pts
C7      : 57 pts
C1      : 49 pts
C8      : 49 pts
C3      : 49 pts
C4      : 42 pts
C6      : 50 pts
outliers: 15 pts
C0  | size  45 | dist 236.28 | New Fault
C1  | size  49 | dist  71.60 | New Fault
C2  | size  53 | dist   2.94 | Known
C3  | size  49 | dist  57.10 | New Fault
C4  | size  42 | dist   3.70 | Known
C5  | size  41 | dist   3.62 | Known
C6  | size  50 | dist   2.91 | Known
C7  | size  57 | dist   2.83 | Known
C8  | size  49 | dist  28.43 | New Fault
--- Unknown ['5screws', '6screws', '7screws', '3_14screws', '4_146screws'] | mcs 24
C5      : 48 pts
C1      : 45 pts
C8      : 48 pts
outliers: 15 pts
C6      : 37 pts
C7      : 48 pts
C4      : 48 pts
C2      : 43 pts
C0      : 40 pts
C3      : 33 pts
C9      : 45 pts
C0  | size  40 | dist 234.00 | New Fault
C1  | size  45 | dist  61.95 | New Fault
C2  | size  43 | dist  59.62 | New Fault
C3  | size  33 | dist   3.67 | Known
C4  | size  48 | dist  71.81 | New Fault
C5  | size  48 | dist   3.15 | Known
C6  | size  37 | dist   3.68 | Known
C7  | size  48 | dist   3.02 | Known
C8  | size  48 | dist   2.89 | Known
C9  | size  45 | dist  28.29 | New Fault
==============================
▶ mcs = 24 | conf = 0.95 | thr = 15.79
==============================
--- Test‑set validation
C0      : 1screws 52筆
C1      : 3screws 67筆
C2      : 2screws 44筆
C3      : 8screws 65筆
C4      : 4screws 70筆，2screws 20筆
* C0  | size  52 | dist   3.48 | Known
* C1  | size  67 | dist   2.81 | Known
* C2  | size  44 | dist   3.53 | Known
* C3  | size  65 | dist   2.80 | Known
* C4  | size  90 | dist   2.19 | Known
--- Unknown ['5screws'] | mcs 24
C4      : 90 pts
C1      : 60 pts
C0      : 52 pts
C3      : 44 pts
C5      : 65 pts
C2      : 67 pts
C0  | size  52 | dist   3.48 | Known
C1  | size  60 | dist  72.98 | New Fault
C2  | size  67 | dist   2.81 | Known
C3  | size  44 | dist   3.53 | Known
C4  | size  90 | dist   2.19 | Known
C5  | size  65 | dist   2.80 | Known
--- Unknown ['5screws', '6screws'] | mcs 24
C1      : 60 pts
C5      : 70 pts
C6      : 60 pts
C2      : 67 pts
C4      : 65 pts
C3      : 44 pts
C0      : 52 pts
outliers: 20 pts
C0  | size  52 | dist   3.48 | Known
C1  | size  60 | dist  72.98 | New Fault
C2  | size  67 | dist   2.81 | Known
C3  | size  44 | dist   3.53 | Known
C4  | size  65 | dist   2.80 | Known
C5  | size  70 | dist   2.58 | Known
C6  | size  60 | dist  28.31 | New Fault
--- Unknown ['5screws', '6screws', '7screws'] | mcs 24
C0      : 52 pts
C6      : 66 pts
C4      : 42 pts
C1      : 47 pts
C3      : 62 pts
C7      : 57 pts
C2      : 53 pts
C5      : 57 pts
outliers: 14 pts
C0  | size  52 | dist 237.31 | New Fault
C1  | size  47 | dist   3.60 | Known
C2  | size  53 | dist  72.60 | New Fault
C3  | size  62 | dist   2.99 | Known
C4  | size  42 | dist   3.59 | Known
C5  | size  57 | dist   2.79 | Known
C6  | size  66 | dist   2.63 | Known
C7  | size  57 | dist  28.26 | New Fault
--- Unknown ['5screws', '6screws', '7screws', '3_14screws'] | mcs 24
C2      : 53 pts
C0      : 45 pts
C5      : 41 pts
C7      : 57 pts
C1      : 49 pts
C8      : 49 pts
C3      : 49 pts
C4      : 42 pts
C6      : 50 pts
outliers: 15 pts
C0  | size  45 | dist 236.28 | New Fault
C1  | size  49 | dist  71.60 | New Fault
C2  | size  53 | dist   2.94 | Known
C3  | size  49 | dist  57.10 | New Fault
C4  | size  42 | dist   3.70 | Known
C5  | size  41 | dist   3.62 | Known
C6  | size  50 | dist   2.91 | Known
C7  | size  57 | dist   2.83 | Known
C8  | size  49 | dist  28.43 | New Fault
--- Unknown ['5screws', '6screws', '7screws', '3_14screws', '4_146screws'] | mcs 24
C5      : 48 pts
C1      : 45 pts
C8      : 48 pts
outliers: 15 pts
C6      : 37 pts
C7      : 48 pts
C4      : 48 pts
C2      : 43 pts
C0      : 40 pts
C3      : 33 pts
C9      : 45 pts
C0  | size  40 | dist 234.00 | New Fault
C1  | size  45 | dist  61.95 | New Fault
C2  | size  43 | dist  59.62 | New Fault
C3  | size  33 | dist   3.67 | Known
C4  | size  48 | dist  71.81 | New Fault
C5  | size  48 | dist   3.15 | Known
C6  | size  37 | dist   3.68 | Known
C7  | size  48 | dist   3.02 | Known
C8  | size  48 | dist   2.89 | Known
C9  | size  45 | dist  28.29 | New Fault
==============================
▶ mcs = 24 | conf = 0.99 | thr = 17.24
==============================
--- Test‑set validation
C0      : 1screws 52筆
C1      : 3screws 67筆
C2      : 2screws 44筆
C3      : 8screws 65筆
C4      : 4screws 70筆，2screws 20筆
* C0  | size  52 | dist   3.48 | Known
* C1  | size  67 | dist   2.81 | Known
* C2  | size  44 | dist   3.53 | Known
* C3  | size  65 | dist   2.80 | Known
* C4  | size  90 | dist   2.19 | Known
--- Unknown ['5screws'] | mcs 24
C4      : 90 pts
C1      : 60 pts
C0      : 52 pts
C3      : 44 pts
C5      : 65 pts
C2      : 67 pts
C0  | size  52 | dist   3.48 | Known
C1  | size  60 | dist  72.98 | New Fault
C2  | size  67 | dist   2.81 | Known
C3  | size  44 | dist   3.53 | Known
C4  | size  90 | dist   2.19 | Known
C5  | size  65 | dist   2.80 | Known
--- Unknown ['5screws', '6screws'] | mcs 24
C1      : 60 pts
C5      : 70 pts
C6      : 60 pts
C2      : 67 pts
C4      : 65 pts
C3      : 44 pts
C0      : 52 pts
outliers: 20 pts
C0  | size  52 | dist   3.48 | Known
C1  | size  60 | dist  72.98 | New Fault
C2  | size  67 | dist   2.81 | Known
C3  | size  44 | dist   3.53 | Known
C4  | size  65 | dist   2.80 | Known
C5  | size  70 | dist   2.58 | Known
C6  | size  60 | dist  28.31 | New Fault
--- Unknown ['5screws', '6screws', '7screws'] | mcs 24
C0      : 52 pts
C6      : 66 pts
C4      : 42 pts
C1      : 47 pts
C3      : 62 pts
C7      : 57 pts
C2      : 53 pts
C5      : 57 pts
outliers: 14 pts
C0  | size  52 | dist 237.31 | New Fault
C1  | size  47 | dist   3.60 | Known
C2  | size  53 | dist  72.60 | New Fault
C3  | size  62 | dist   2.99 | Known
C4  | size  42 | dist   3.59 | Known
C5  | size  57 | dist   2.79 | Known
C6  | size  66 | dist   2.63 | Known
C7  | size  57 | dist  28.26 | New Fault
--- Unknown ['5screws', '6screws', '7screws', '3_14screws'] | mcs 24
C2      : 53 pts
C0      : 45 pts
C5      : 41 pts
C7      : 57 pts
C1      : 49 pts
C8      : 49 pts
C3      : 49 pts
C4      : 42 pts
C6      : 50 pts
outliers: 15 pts
C0  | size  45 | dist 236.28 | New Fault
C1  | size  49 | dist  71.60 | New Fault
C2  | size  53 | dist   2.94 | Known
C3  | size  49 | dist  57.10 | New Fault
C4  | size  42 | dist   3.70 | Known
C5  | size  41 | dist   3.62 | Known
C6  | size  50 | dist   2.91 | Known
C7  | size  57 | dist   2.83 | Known
C8  | size  49 | dist  28.43 | New Fault
--- Unknown ['5screws', '6screws', '7screws', '3_14screws', '4_146screws'] | mcs 24
C5      : 48 pts
C1      : 45 pts
C8      : 48 pts
outliers: 15 pts
C6      : 37 pts
C7      : 48 pts
C4      : 48 pts
C2      : 43 pts
C0      : 40 pts
C3      : 33 pts
C9      : 45 pts
C0  | size  40 | dist 234.00 | New Fault
C1  | size  45 | dist  61.95 | New Fault
C2  | size  43 | dist  59.62 | New Fault
C3  | size  33 | dist   3.67 | Known
C4  | size  48 | dist  71.81 | New Fault
C5  | size  48 | dist   3.15 | Known
C6  | size  37 | dist   3.68 | Known
C7  | size  48 | dist   3.02 | Known
C8  | size  48 | dist   2.89 | Known
C9  | size  45 | dist  28.29 | New Fault
