2026-06-13 03:59:50 | INFO  | Logger initialized
2026-06-13 03:59:50 | INFO  | log_file=/home/albert/Ancestor/logs/Step1_Data_Preprocessing_save_6000_2/2026-06-13-03-59-50.log
2026-06-13 03:59:50 | INFO  | output_dir=/home/albert/Ancestor/output/Step1_Data_Preprocessing_save_6000_2/2026-06-13-03-59-50
Processing data for T2 motor with 8 screws...
Error processing directory /home/albert/Ancestor/data/Step-2/T2/6000rpm/8screws: [Errno 2] No such file or directory: '/home/albert/Ancestor/data/Step-2/T2/6000rpm/8screws'
Processing data for T2 motor with 7 screws...
Error processing directory /home/albert/Ancestor/data/Step-2/T2/6000rpm/7screws: [Errno 2] No such file or directory: '/home/albert/Ancestor/data/Step-2/T2/6000rpm/7screws'
Processing data for T2 motor with 6 screws...
Error processing directory /home/albert/Ancestor/data/Step-2/T2/6000rpm/6screws: [Errno 2] No such file or directory: '/home/albert/Ancestor/data/Step-2/T2/6000rpm/6screws'
Processing data for T2 motor with 5 screws...
Error processing directory /home/albert/Ancestor/data/Step-2/T2/6000rpm/5screws: [Errno 2] No such file or directory: '/home/albert/Ancestor/data/Step-2/T2/6000rpm/5screws'
Processing data for T2 motor with 4 screws...
Error processing directory /home/albert/Ancestor/data/Step-2/T2/6000rpm/4screws: [Errno 2] No such file or directory: '/home/albert/Ancestor/data/Step-2/T2/6000rpm/4screws'
Processing data for T2 motor with 3 screws...
Error processing directory /home/albert/Ancestor/data/Step-2/T2/6000rpm/3screws: [Errno 2] No such file or directory: '/home/albert/Ancestor/data/Step-2/T2/6000rpm/3screws'
Processing data for T2 motor with 2 screws...
Error processing directory /home/albert/Ancestor/data/Step-2/T2/6000rpm/2screws: [Errno 2] No such file or directory: '/home/albert/Ancestor/data/Step-2/T2/6000rpm/2screws'
Processing data for T2 motor with 1 screws...
Error processing directory /home/albert/Ancestor/data/Step-2/T2/6000rpm/1screws: [Errno 2] No such file or directory: '/home/albert/Ancestor/data/Step-2/T2/6000rpm/1screws'
Processing data for T2 motor with 3_14 screws...
Error processing directory /home/albert/Ancestor/data/Step-2/T2/6000rpm/3_14screws: [Errno 2] No such file or directory: '/home/albert/Ancestor/data/Step-2/T2/6000rpm/3_14screws'
Processing data for T2 motor with 4_146 screws...
Error processing directory /home/albert/Ancestor/data/Step-2/T2/6000rpm/4_146screws: [Errno 2] No such file or directory: '/home/albert/Ancestor/data/Step-2/T2/6000rpm/4_146screws'
