2026-06-13 03:07:19 | INFO  | Logger initialized
2026-06-13 03:07:19 | INFO  | log_file=/home/albert/Ancestor/logs/Step1_Data_Preprocessing_figure_11000/2026-06-13-03-07-19.log
2026-06-13 03:07:19 | INFO  | output_dir=/home/albert/Ancestor/output/Step1_Data_Preprocessing_figure_11000/2026-06-13-03-07-19
Processing data for T1 motor with 8 screws...
2026-06-13 03:08:28 | INFO  | Saved plot: /home/albert/Ancestor/output/Step1_Data_Preprocessing_figure_11000/2026-06-13-03-07-19/plot_000.png
2026-06-13 03:08:32 | INFO  | Saved plot: /home/albert/Ancestor/output/Step1_Data_Preprocessing_figure_11000/2026-06-13-03-07-19/plot_001.png
Processing data for T1 motor with 7 screws...
2026-06-13 03:09:46 | INFO  | Saved plot: /home/albert/Ancestor/output/Step1_Data_Preprocessing_figure_11000/2026-06-13-03-07-19/plot_003.png
2026-06-13 03:10:01 | INFO  | Saved plot: /home/albert/Ancestor/output/Step1_Data_Preprocessing_figure_11000/2026-06-13-03-07-19/plot_004.png
Processing data for T1 motor with 6 screws...
2026-06-13 03:11:14 | INFO  | Saved plot: /home/albert/Ancestor/output/Step1_Data_Preprocessing_figure_11000/2026-06-13-03-07-19/plot_006.png
2026-06-13 03:11:19 | INFO  | Saved plot: /home/albert/Ancestor/output/Step1_Data_Preprocessing_figure_11000/2026-06-13-03-07-19/plot_007.png
Processing data for T1 motor with 5 screws...
2026-06-13 03:12:33 | INFO  | Saved plot: /home/albert/Ancestor/output/Step1_Data_Preprocessing_figure_11000/2026-06-13-03-07-19/plot_009.png
2026-06-13 03:12:37 | INFO  | Saved plot: /home/albert/Ancestor/output/Step1_Data_Preprocessing_figure_11000/2026-06-13-03-07-19/plot_010.png
Processing data for T1 motor with 4 screws...
2026-06-13 03:13:49 | INFO  | Saved plot: /home/albert/Ancestor/output/Step1_Data_Preprocessing_figure_11000/2026-06-13-03-07-19/plot_012.png
2026-06-13 03:13:53 | INFO  | Saved plot: /home/albert/Ancestor/output/Step1_Data_Preprocessing_figure_11000/2026-06-13-03-07-19/plot_013.png
Processing data for T1 motor with 3 screws...
2026-06-13 03:15:18 | INFO  | Saved plot: /home/albert/Ancestor/output/Step1_Data_Preprocessing_figure_11000/2026-06-13-03-07-19/plot_015.png
2026-06-13 03:15:23 | INFO  | Saved plot: /home/albert/Ancestor/output/Step1_Data_Preprocessing_figure_11000/2026-06-13-03-07-19/plot_016.png
Processing data for T1 motor with 2 screws...
