2026-08-05 15:42:29 | INFO  | Logger initialized
2026-08-05 15:42:29 | INFO  | log_file=/home/albert/Ancestor/logs/Step3_Model_13_OneStage/2026-08-05-15-42-29.log
2026-08-05 15:42:29 | INFO  | output_dir=/home/albert/Ancestor/output/Step3_Model_13_OneStage/2026-08-05-15-42-29
[gpu_utils] GPU x1 已啟用：['/physical_device:GPU:0']
自訂 Label Mapping:
8screws: 0
1screws: 1
2screws: 2
3screws: 3
4screws: 4
模型已成功載入。
Model 2 - Layer 0: input_layer | Trainable: False
Model 2 - Layer 1: conv1d | Trainable: False
Model 2 - Layer 2: conv1d_1 | Trainable: False
Model 2 - Layer 3: max_pooling1d | Trainable: False
Model 2 - Layer 4: conv1d_2 | Trainable: False
Model 2 - Layer 5: max_pooling1d_1 | Trainable: False
Model 2 - Layer 6: conv1d_3 | Trainable: True
Model 2 - Layer 7: max_pooling1d_2 | Trainable: True
Model 2 - Layer 8: flatten | Trainable: True
Model 2 - Layer 9: dense | Trainable: True
Model 2 - Layer 10: dropout | Trainable: True
Model 2 - Layer 11: Screw_Number_Output | Trainable: True
[Training] Device: /GPU:0
Epoch 1/100
75/75 35ms/step accuracy=0.4030 loss=5.2259
75/75 55ms/step accuracy=0.4090 loss=4.3641 val_accuracy=0.4424 val_loss=2.5740
Epoch 2/100
75/75 4ms/step accuracy=0.4975 loss=2.0703 val_accuracy=0.6644 val_loss=0.9533
Epoch 3/100
75/75 4ms/step accuracy=0.6285 loss=1.1038 val_accuracy=0.8264 val_loss=0.4847
Epoch 4/100
75/75 4ms/step accuracy=0.7204 loss=0.7312 val_accuracy=0.8748 val_loss=0.3563
Epoch 5/100
75/75 5ms/step accuracy=0.7759 loss=0.5564 val_accuracy=0.8982 val_loss=0.2923
Epoch 6/100
75/75 4ms/step accuracy=0.7938 loss=0.4885 val_accuracy=0.9299 val_loss=0.2521
Epoch 7/100
75/75 5ms/step accuracy=0.8310 loss=0.4434 val_accuracy=0.9399 val_loss=0.2178
Epoch 8/100
75/75 4ms/step accuracy=0.8443 loss=0.3833 val_accuracy=0.9549 val_loss=0.1933
Epoch 9/100
75/75 5ms/step accuracy=0.8464 loss=0.3854 val_accuracy=0.9633 val_loss=0.1767
Epoch 10/100
75/75 4ms/step accuracy=0.8677 loss=0.3332 val_accuracy=0.9683 val_loss=0.1582
Epoch 11/100
75/75 5ms/step accuracy=0.8685 loss=0.3338 val_accuracy=0.9733 val_loss=0.1399
Epoch 12/100
75/75 4ms/step accuracy=0.8865 loss=0.3037 val_accuracy=0.9800 val_loss=0.1271
Epoch 13/100
75/75 5ms/step accuracy=0.8873 loss=0.2943 val_accuracy=0.9833 val_loss=0.1179
Epoch 14/100
75/75 4ms/step accuracy=0.8952 loss=0.2771 val_accuracy=0.9866 val_loss=0.1051
Epoch 15/100
75/75 5ms/step accuracy=0.9048 loss=0.2564 val_accuracy=0.9883 val_loss=0.0959
Epoch 16/100
75/75 4ms/step accuracy=0.9153 loss=0.2261 val_accuracy=0.9900 val_loss=0.0860
Epoch 17/100
75/75 5ms/step accuracy=0.9178 loss=0.2234 val_accuracy=0.9950 val_loss=0.0778
Epoch 18/100
75/75 4ms/step accuracy=0.9361 loss=0.2005 val_accuracy=0.9950 val_loss=0.0707
Epoch 19/100
75/75 5ms/step accuracy=0.9199 loss=0.1995 val_accuracy=0.9950 val_loss=0.0655
Epoch 20/100
75/75 4ms/step accuracy=0.9236 loss=0.2025 val_accuracy=0.9950 val_loss=0.0605
Epoch 21/100
75/75 5ms/step accuracy=0.9328 loss=0.1965 val_accuracy=0.9950 val_loss=0.0548
Epoch 22/100
75/75 4ms/step accuracy=0.9407 loss=0.1759 val_accuracy=0.9967 val_loss=0.0487
Epoch 23/100
75/75 5ms/step accuracy=0.9474 loss=0.1608 val_accuracy=0.9967 val_loss=0.0447
Epoch 24/100
75/75 4ms/step accuracy=0.9470 loss=0.1600 val_accuracy=0.9967 val_loss=0.0429
Epoch 25/100
75/75 5ms/step accuracy=0.9407 loss=0.1635 val_accuracy=0.9967 val_loss=0.0399
Epoch 26/100
75/75 4ms/step accuracy=0.9466 loss=0.1505 val_accuracy=0.9967 val_loss=0.0372
Epoch 27/100
75/75 5ms/step accuracy=0.9470 loss=0.1526 val_accuracy=0.9967 val_loss=0.0348
Epoch 28/100
75/75 4ms/step accuracy=0.9570 loss=0.1329 val_accuracy=0.9967 val_loss=0.0318
Epoch 29/100
75/75 5ms/step accuracy=0.9516 loss=0.1364 val_accuracy=0.9967 val_loss=0.0300
Epoch 30/100
75/75 4ms/step accuracy=0.9562 loss=0.1300 val_accuracy=0.9967 val_loss=0.0276
Epoch 31/100
75/75 5ms/step accuracy=0.9570 loss=0.1231 val_accuracy=0.9967 val_loss=0.0251
Epoch 32/100
75/75 4ms/step accuracy=0.9595 loss=0.1157 val_accuracy=0.9967 val_loss=0.0239
Epoch 33/100
75/75 5ms/step accuracy=0.9633 loss=0.1087 val_accuracy=0.9967 val_loss=0.0223
Epoch 34/100
75/75 4ms/step accuracy=0.9612 loss=0.1142 val_accuracy=0.9967 val_loss=0.0221
Epoch 35/100
75/75 5ms/step accuracy=0.9641 loss=0.1089 val_accuracy=0.9967 val_loss=0.0199
Epoch 36/100
75/75 4ms/step accuracy=0.9558 loss=0.1160 val_accuracy=0.9967 val_loss=0.0185
Epoch 37/100
75/75 5ms/step accuracy=0.9658 loss=0.1077 val_accuracy=0.9967 val_loss=0.0172
Epoch 38/100
75/75 4ms/step accuracy=0.9670 loss=0.0994 val_accuracy=0.9983 val_loss=0.0161
Epoch 39/100
75/75 5ms/step accuracy=0.9645 loss=0.0910 val_accuracy=0.9967 val_loss=0.0156
Epoch 40/100
75/75 4ms/step accuracy=0.9712 loss=0.0861 val_accuracy=0.9983 val_loss=0.0143
Epoch 41/100
75/75 5ms/step accuracy=0.9666 loss=0.0944 val_accuracy=1.0000 val_loss=0.0129
Epoch 42/100
75/75 4ms/step accuracy=0.9699 loss=0.0886 val_accuracy=1.0000 val_loss=0.0120
Epoch 43/100
75/75 5ms/step accuracy=0.9699 loss=0.0890 val_accuracy=1.0000 val_loss=0.0114
Epoch 44/100
75/75 4ms/step accuracy=0.9741 loss=0.0794 val_accuracy=1.0000 val_loss=0.0109
Epoch 45/100
75/75 5ms/step accuracy=0.9754 loss=0.0717 val_accuracy=1.0000 val_loss=0.0102
Epoch 46/100
75/75 4ms/step accuracy=0.9741 loss=0.0765 val_accuracy=1.0000 val_loss=0.0091
Epoch 47/100
75/75 5ms/step accuracy=0.9729 loss=0.0716 val_accuracy=1.0000 val_loss=0.0090
Epoch 48/100
75/75 4ms/step accuracy=0.9704 loss=0.0763 val_accuracy=1.0000 val_loss=0.0088
Epoch 49/100
75/75 5ms/step accuracy=0.9741 loss=0.0716 val_accuracy=1.0000 val_loss=0.0080
Epoch 50/100
75/75 4ms/step accuracy=0.9729 loss=0.0708 val_accuracy=1.0000 val_loss=0.0076
Epoch 51/100
75/75 5ms/step accuracy=0.9720 loss=0.0686 val_accuracy=1.0000 val_loss=0.0069
Epoch 52/100
75/75 4ms/step accuracy=0.9750 loss=0.0693 val_accuracy=1.0000 val_loss=0.0066
Epoch 53/100
75/75 5ms/step accuracy=0.9779 loss=0.0618 val_accuracy=1.0000 val_loss=0.0061
Epoch 54/100
75/75 4ms/step accuracy=0.9791 loss=0.0635 val_accuracy=1.0000 val_loss=0.0058
Epoch 55/100
75/75 4ms/step accuracy=0.9758 loss=0.0616 val_accuracy=1.0000 val_loss=0.0057
Epoch 56/100
75/75 4ms/step accuracy=0.9775 loss=0.0572 val_accuracy=1.0000 val_loss=0.0054
Epoch 57/100
75/75 5ms/step accuracy=0.9791 loss=0.0569 val_accuracy=1.0000 val_loss=0.0050
Epoch 58/100
75/75 4ms/step accuracy=0.9833 loss=0.0512 val_accuracy=1.0000 val_loss=0.0044
Epoch 59/100
75/75 5ms/step accuracy=0.9716 loss=0.0648 val_accuracy=1.0000 val_loss=0.0048
Epoch 60/100
75/75 4ms/step accuracy=0.9733 loss=0.0651 val_accuracy=1.0000 val_loss=0.0045
Epoch 61/100
75/75 5ms/step accuracy=0.9808 loss=0.0531 val_accuracy=1.0000 val_loss=0.0040
Epoch 62/100
75/75 4ms/step accuracy=0.9720 loss=0.0608 val_accuracy=1.0000 val_loss=0.0038
Epoch 63/100
75/75 5ms/step accuracy=0.9779 loss=0.0560 val_accuracy=1.0000 val_loss=0.0036
Epoch 64/100
75/75 4ms/step accuracy=0.9745 loss=0.0592 val_accuracy=1.0000 val_loss=0.0037
Epoch 65/100
75/75 5ms/step accuracy=0.9762 loss=0.0541 val_accuracy=1.0000 val_loss=0.0034
Epoch 66/100
75/75 4ms/step accuracy=0.9766 loss=0.0544 val_accuracy=1.0000 val_loss=0.0032
Epoch 67/100
75/75 5ms/step accuracy=0.9779 loss=0.0530 val_accuracy=1.0000 val_loss=0.0029
Epoch 68/100
75/75 4ms/step accuracy=0.9779 loss=0.0506 val_accuracy=1.0000 val_loss=0.0029
Epoch 69/100
75/75 5ms/step accuracy=0.9766 loss=0.0546 val_accuracy=1.0000 val_loss=0.0027
Epoch 70/100
75/75 4ms/step accuracy=0.9821 loss=0.0474 val_accuracy=1.0000 val_loss=0.0024
Epoch 71/100
75/75 5ms/step accuracy=0.9825 loss=0.0445 val_accuracy=1.0000 val_loss=0.0022
Epoch 72/100
75/75 4ms/step accuracy=0.9833 loss=0.0419 val_accuracy=1.0000 val_loss=0.0022
Epoch 73/100
75/75 5ms/step accuracy=0.9775 loss=0.0504 val_accuracy=1.0000 val_loss=0.0023
Epoch 74/100
75/75 4ms/step accuracy=0.9804 loss=0.0479 val_accuracy=1.0000 val_loss=0.0022
Epoch 75/100
75/75 5ms/step accuracy=0.9800 loss=0.0444 val_accuracy=1.0000 val_loss=0.0020
Epoch 76/100
75/75 4ms/step accuracy=0.9791 loss=0.0469 val_accuracy=1.0000 val_loss=0.0020
Epoch 77/100
75/75 5ms/step accuracy=0.9808 loss=0.0433 val_accuracy=1.0000 val_loss=0.0018
Epoch 78/100
75/75 4ms/step accuracy=0.9833 loss=0.0412 val_accuracy=1.0000 val_loss=0.0017
Epoch 79/100
75/75 5ms/step accuracy=0.9779 loss=0.0465 val_accuracy=1.0000 val_loss=0.0017
Epoch 80/100
75/75 4ms/step accuracy=0.9837 loss=0.0411 val_accuracy=1.0000 val_loss=0.0015
Epoch 81/100
75/75 5ms/step accuracy=0.9804 loss=0.0471 val_accuracy=1.0000 val_loss=0.0014
Epoch 82/100
75/75 4ms/step accuracy=0.9787 loss=0.0445 val_accuracy=1.0000 val_loss=0.0013
Epoch 83/100
75/75 5ms/step accuracy=0.9846 loss=0.0406 val_accuracy=1.0000 val_loss=0.0012
Epoch 84/100
75/75 4ms/step accuracy=0.9800 loss=0.0433 val_accuracy=1.0000 val_loss=0.0011
Epoch 85/100
75/75 5ms/step accuracy=0.9829 loss=0.0417 val_accuracy=1.0000 val_loss=0.0011
Epoch 86/100
75/75 4ms/step accuracy=0.9854 loss=0.0380 val_accuracy=1.0000 val_loss=0.0012
Epoch 87/100
75/75 5ms/step accuracy=0.9825 loss=0.0412 val_accuracy=1.0000 val_loss=0.0010
Epoch 88/100
75/75 4ms/step accuracy=0.9854 loss=0.0384 val_accuracy=1.0000 val_loss=0.0011
Epoch 89/100
75/75 5ms/step accuracy=0.9850 loss=0.0374 val_accuracy=1.0000 val_loss=0.0011
Epoch 90/100
75/75 4ms/step accuracy=0.9816 loss=0.0378 val_accuracy=1.0000 val_loss=8.4737e-04
Epoch 91/100
75/75 5ms/step accuracy=0.9837 loss=0.0379 val_accuracy=1.0000 val_loss=7.9943e-04
Epoch 92/100
75/75 4ms/step accuracy=0.9825 loss=0.0392 val_accuracy=1.0000 val_loss=7.4695e-04
Epoch 93/100
75/75 5ms/step accuracy=0.9766 loss=0.0476 val_accuracy=1.0000 val_loss=8.2936e-04
Epoch 94/100
75/75 4ms/step accuracy=0.9825 loss=0.0371 val_accuracy=1.0000 val_loss=8.9224e-04
Epoch 95/100
75/75 5ms/step accuracy=0.9762 loss=0.0457 val_accuracy=1.0000 val_loss=7.7666e-04
Epoch 96/100
75/75 4ms/step accuracy=0.9846 loss=0.0391 val_accuracy=1.0000 val_loss=7.4756e-04
Epoch 97/100
75/75 5ms/step accuracy=0.9812 loss=0.0403 val_accuracy=1.0000 val_loss=6.8548e-04
Epoch 98/100
75/75 4ms/step accuracy=0.9812 loss=0.0389 val_accuracy=1.0000 val_loss=8.0012e-04
Epoch 99/100
75/75 5ms/step accuracy=0.9812 loss=0.0410 val_accuracy=1.0000 val_loss=7.3962e-04
Epoch 100/100
75/75 4ms/step accuracy=0.9871 loss=0.0329 val_accuracy=1.0000 val_loss=6.0426e-04
19/19 10ms/step accuracy=1.0000 loss=6.0426e-04
Loss: 0.0006, Accuracy: 1.0000
2026-08-05 15:43:13 | INFO  | Saved plot: /home/albert/Ancestor/output/Step3_Model_13_OneStage/2026-08-05-15-42-29/plot_000.png
2026-08-05 15:43:13 | INFO  | Saved plot: /home/albert/Ancestor/output/Step3_Model_13_OneStage/2026-08-05-15-42-29/plot_001.png
2026-08-05 15:43:14 | INFO  | Saved plot: /home/albert/Ancestor/output/Step3_Model_13_OneStage/2026-08-05-15-42-29/plot_002.png
