2026-10-04 16:29:39 | INFO    | Logger initialized: fault_type_context_rejection_report
2026-10-04 16:29:39 | INFO    | log_file=logs\fault_type_context_rejection_report\2026-10-04-16-29-39.log
2026-10-04 16:29:39 | INFO    | output_dir=output\fault_type_context_rejection_report\2026-10-04-16-29-39
2026-10-04 16:29:54 | INFO    | 重算 C02 共9格
2026-10-04 16:29:56 | INFO    | 重算 C17 共9格
2026-10-04 16:29:59 | INFO    | 重算 C24 共9格
2026-10-04 16:30:02 | INFO    | 重算 D01 共9格
2026-10-04 16:30:06 | INFO    | 重算 I01 共9格
2026-10-04 16:30:08 | INFO    | 重算 I02 共9格
2026-10-04 16:30:11 | INFO    | 重算 I03 共9格
2026-10-04 16:30:13 | INFO    | 重算 I04 共9格
2026-10-04 16:30:16 | INFO    | 重算 I05 共9格
2026-10-04 16:30:19 | INFO    | 重算 I06 共9格
2026-10-04 16:30:22 | INFO    | 重算 I07 共9格
2026-10-04 16:30:24 | INFO    | 重算 I08 共9格
2026-10-04 16:30:27 | INFO    | 重算 I09 共9格
2026-10-04 16:30:29 | INFO    | 重算 I10 共9格
2026-10-04 16:30:32 | INFO    | 重算 I11 共9格
2026-10-04 16:30:34 | INFO    | 重算 I12 共9格
2026-10-04 16:30:38 | INFO    | 重算 J01 共9格
2026-10-04 16:30:41 | INFO    | 重算 J02 共9格
2026-10-04 16:30:44 | INFO    | 重算 J03 共9格
2026-10-04 16:30:47 | INFO    | 重算 J04 共9格
2026-10-04 16:30:50 | INFO    | 重算 J05 共9格
2026-10-04 16:30:54 | INFO    | 重算 J06 共9格
2026-10-04 16:30:57 | INFO    | 重算 J07 共9格
2026-10-04 16:31:00 | INFO    | 重算 J08 共9格
2026-10-04 16:31:03 | INFO    | 重算 J09 共9格
2026-10-04 16:31:07 | INFO    | 重算 J10 共9格
2026-10-04 16:31:10 | INFO    | 重算 J11 共9格
2026-10-04 16:31:13 | INFO    | 重算 J12 共9格
2026-10-04 16:31:16 | INFO    | 重算 J13 共9格
2026-10-04 16:31:19 | INFO    | 重算 J14 共9格
2026-10-04 16:31:23 | INFO    | 重算 J15 共9格
2026-10-04 16:31:26 | INFO    | 重算 J16 共9格
2026-10-04 16:31:29 | INFO    | 重算 J17 共9格
2026-10-04 16:31:32 | INFO    | 重算 J18 共9格
2026-10-04 16:31:35 | INFO    | 重算 J19 共9格
2026-10-04 16:31:39 | INFO    | 重算 J20 共9格
2026-10-04 16:31:42 | INFO    | 重算 J21 共9格
2026-10-04 16:31:45 | INFO    | 重算 J22 共9格
2026-10-04 16:31:48 | INFO    | 重算 J23 共9格
2026-10-04 16:31:51 | INFO    | 重算 J24 共9格
2026-10-04 16:31:55 | INFO    | 重算 J25 共9格
2026-10-04 16:31:58 | INFO    | 重算 J26 共9格
2026-10-04 16:32:02 | INFO    | 重算 J27 共9格
2026-10-04 16:32:05 | INFO    | 重算 J28 共9格
2026-10-04 16:32:08 | INFO    | 重算 J29 共9格
2026-10-04 16:32:11 | INFO    | 重算 J30 共9格
2026-10-04 16:32:15 | INFO    | 重算 J31 共9格
2026-10-04 16:32:18 | INFO    | 重算 J32 共9格
2026-10-04 16:32:21 | INFO    | 重算 J33 共9格
2026-10-04 16:32:24 | INFO    | 重算 J34 共9格
2026-10-04 16:32:28 | INFO    | 重算 J35 共9格
2026-10-04 16:32:31 | INFO    | 重算 J36 共9格
2026-10-04 16:32:32 | INFO    | report 完成，輸出 output\fault_type_context_rejection_report\2026-10-04-16-29-39
