2026-08-05 15:56:55 | INFO  | Logger initialized
2026-08-05 15:56:55 | INFO  | log_file=/home/albert/Ancestor/logs/Step3_Model_11_TwoStage/2026-08-05-15-56-55.log
2026-08-05 15:56:55 | INFO  | output_dir=/home/albert/Ancestor/output/Step3_Model_11_TwoStage/2026-08-05-15-56-55
[gpu_utils] GPU x1 已啟用：['/physical_device:GPU:0']
自訂 Label Mapping:
8screws: 0
1screws: 1
2screws: 2
3screws: 3
4screws: 4
模型已成功載入。
Model 2 - Layer 0: input_layer | Trainable: False
Model 2 - Layer 1: conv1d | Trainable: False
Model 2 - Layer 2: batch_normalization | Trainable: False
Model 2 - Layer 3: activation | Trainable: False
Model 2 - Layer 4: max_pooling1d | Trainable: False
Model 2 - Layer 5: conv1d_1 | Trainable: False
Model 2 - Layer 6: batch_normalization_1 | Trainable: False
Model 2 - Layer 7: activation_1 | Trainable: False
Model 2 - Layer 8: conv1d_2 | Trainable: False
Model 2 - Layer 9: batch_normalization_2 | Trainable: False
Model 2 - Layer 10: add | Trainable: False
Model 2 - Layer 11: activation_2 | Trainable: False
Model 2 - Layer 12: conv1d_3 | Trainable: False
Model 2 - Layer 13: batch_normalization_3 | Trainable: False
Model 2 - Layer 14: activation_3 | Trainable: False
Model 2 - Layer 15: conv1d_4 | Trainable: False
Model 2 - Layer 16: batch_normalization_4 | Trainable: False
Model 2 - Layer 17: add_1 | Trainable: False
Model 2 - Layer 18: activation_4 | Trainable: False
Model 2 - Layer 19: conv1d_5 | Trainable: False
Model 2 - Layer 20: batch_normalization_5 | Trainable: False
Model 2 - Layer 21: activation_5 | Trainable: False
Model 2 - Layer 22: conv1d_6 | Trainable: False
Model 2 - Layer 23: conv1d_7 | Trainable: False
Model 2 - Layer 24: batch_normalization_6 | Trainable: False
Model 2 - Layer 25: batch_normalization_7 | Trainable: False
Model 2 - Layer 26: add_2 | Trainable: False
Model 2 - Layer 27: activation_6 | Trainable: False
Model 2 - Layer 28: conv1d_8 | Trainable: False
Model 2 - Layer 29: batch_normalization_8 | Trainable: False
Model 2 - Layer 30: activation_7 | Trainable: False
Model 2 - Layer 31: conv1d_9 | Trainable: False
Model 2 - Layer 32: batch_normalization_9 | Trainable: False
Model 2 - Layer 33: add_3 | Trainable: False
Model 2 - Layer 34: activation_8 | Trainable: False
Model 2 - Layer 35: conv1d_10 | Trainable: True
Model 2 - Layer 36: batch_normalization_10 | Trainable: False
Model 2 - Layer 37: activation_9 | Trainable: True
Model 2 - Layer 38: conv1d_11 | Trainable: True
Model 2 - Layer 39: conv1d_12 | Trainable: True
Model 2 - Layer 40: batch_normalization_11 | Trainable: False
Model 2 - Layer 41: batch_normalization_12 | Trainable: False
Model 2 - Layer 42: add_4 | Trainable: True
Model 2 - Layer 43: activation_10 | Trainable: True
Model 2 - Layer 44: conv1d_13 | Trainable: True
Model 2 - Layer 45: batch_normalization_13 | Trainable: False
Model 2 - Layer 46: activation_11 | Trainable: True
Model 2 - Layer 47: conv1d_14 | Trainable: True
Model 2 - Layer 48: batch_normalization_14 | Trainable: False
Model 2 - Layer 49: add_5 | Trainable: True
Model 2 - Layer 50: activation_12 | Trainable: True
Model 2 - Layer 51: conv1d_15 | Trainable: True
Model 2 - Layer 52: batch_normalization_15 | Trainable: False
Model 2 - Layer 53: activation_13 | Trainable: True
Model 2 - Layer 54: conv1d_16 | Trainable: True
Model 2 - Layer 55: conv1d_17 | Trainable: True
Model 2 - Layer 56: batch_normalization_16 | Trainable: False
Model 2 - Layer 57: batch_normalization_17 | Trainable: False
Model 2 - Layer 58: add_6 | Trainable: True
Model 2 - Layer 59: activation_14 | Trainable: True
Model 2 - Layer 60: conv1d_18 | Trainable: True
Model 2 - Layer 61: batch_normalization_18 | Trainable: False
Model 2 - Layer 62: activation_15 | Trainable: True
Model 2 - Layer 63: conv1d_19 | Trainable: True
Model 2 - Layer 64: batch_normalization_19 | Trainable: False
Model 2 - Layer 65: add_7 | Trainable: True
Model 2 - Layer 66: activation_16 | Trainable: True
Model 2 - Layer 67: global_average_pooling1d | Trainable: True
Model 2 - Layer 68: Screw_Number_Output | Trainable: True
[Training] Device: /GPU:0
Epoch 1/100
75/75 51ms/step accuracy=0.4941 loss=2.2336
75/75 88ms/step accuracy=0.7899 loss=0.8737 val_accuracy=0.9983 val_loss=0.0343
Epoch 2/100
75/75 5ms/step accuracy=0.9979 loss=0.0223 val_accuracy=1.0000 val_loss=0.0103
Epoch 3/100
75/75 7ms/step accuracy=0.9996 loss=0.0086 val_accuracy=1.0000 val_loss=0.0047
Epoch 4/100
75/75 5ms/step accuracy=1.0000 loss=0.0044 val_accuracy=1.0000 val_loss=0.0033
Epoch 5/100
75/75 5ms/step accuracy=1.0000 loss=0.0026 val_accuracy=1.0000 val_loss=0.0021
Epoch 6/100
75/75 7ms/step accuracy=1.0000 loss=0.0017 val_accuracy=1.0000 val_loss=0.0015
Epoch 7/100
75/75 5ms/step accuracy=1.0000 loss=0.0012 val_accuracy=1.0000 val_loss=0.0012
Epoch 8/100
75/75 5ms/step accuracy=1.0000 loss=8.9454e-04 val_accuracy=1.0000 val_loss=9.1832e-04
Epoch 9/100
75/75 7ms/step accuracy=1.0000 loss=6.9519e-04 val_accuracy=1.0000 val_loss=7.8666e-04
Epoch 10/100
75/75 5ms/step accuracy=1.0000 loss=5.4556e-04 val_accuracy=1.0000 val_loss=6.1762e-04
Epoch 11/100
75/75 5ms/step accuracy=1.0000 loss=4.4175e-04 val_accuracy=1.0000 val_loss=5.5390e-04
Epoch 12/100
75/75 7ms/step accuracy=1.0000 loss=3.6646e-04 val_accuracy=1.0000 val_loss=4.9067e-04
Epoch 13/100
75/75 5ms/step accuracy=1.0000 loss=3.0806e-04 val_accuracy=1.0000 val_loss=4.2268e-04
Epoch 14/100
75/75 5ms/step accuracy=1.0000 loss=2.6286e-04 val_accuracy=1.0000 val_loss=3.7944e-04
Epoch 15/100
75/75 7ms/step accuracy=1.0000 loss=2.2588e-04 val_accuracy=1.0000 val_loss=3.3073e-04
Epoch 16/100
75/75 5ms/step accuracy=1.0000 loss=1.9707e-04 val_accuracy=1.0000 val_loss=3.0330e-04
Epoch 17/100
75/75 5ms/step accuracy=1.0000 loss=1.7300e-04 val_accuracy=1.0000 val_loss=2.8725e-04
Epoch 18/100
75/75 5ms/step accuracy=1.0000 loss=1.5300e-04 val_accuracy=1.0000 val_loss=2.5986e-04
Epoch 19/100
75/75 4ms/step accuracy=1.0000 loss=1.6333e-04
75/75 7ms/step accuracy=1.0000 loss=1.3521e-04 val_accuracy=1.0000 val_loss=2.3924e-04
Epoch 20/100
75/75 5ms/step accuracy=1.0000 loss=1.2134e-04 val_accuracy=1.0000 val_loss=2.1656e-04
Epoch 21/100
75/75 6ms/step accuracy=1.0000 loss=1.0847e-04 val_accuracy=1.0000 val_loss=2.0570e-04
Epoch 22/100
75/75 7ms/step accuracy=1.0000 loss=9.8432e-05 val_accuracy=1.0000 val_loss=1.8464e-04
Epoch 23/100
75/75 7ms/step accuracy=1.0000 loss=8.8259e-05 val_accuracy=1.0000 val_loss=1.7191e-04
Epoch 24/100
75/75 6ms/step accuracy=1.0000 loss=8.0366e-05 val_accuracy=1.0000 val_loss=1.6021e-04
Epoch 25/100
75/75 5ms/step accuracy=1.0000 loss=7.3253e-05 val_accuracy=1.0000 val_loss=1.5008e-04
Epoch 26/100
75/75 7ms/step accuracy=1.0000 loss=6.6970e-05 val_accuracy=1.0000 val_loss=1.3735e-04
Epoch 27/100
75/75 7ms/step accuracy=1.0000 loss=6.1140e-05 val_accuracy=1.0000 val_loss=1.3457e-04
Epoch 28/100
75/75 6ms/step accuracy=1.0000 loss=5.6551e-05 val_accuracy=1.0000 val_loss=1.2639e-04
Epoch 29/100
75/75 5ms/step accuracy=1.0000 loss=5.1845e-05 val_accuracy=1.0000 val_loss=1.1302e-04
Epoch 30/100
75/75 7ms/step accuracy=1.0000 loss=4.7937e-05 val_accuracy=1.0000 val_loss=1.0892e-04
Epoch 31/100
75/75 7ms/step accuracy=1.0000 loss=4.4193e-05 val_accuracy=1.0000 val_loss=1.0194e-04
Epoch 32/100
75/75 6ms/step accuracy=1.0000 loss=4.0927e-05 val_accuracy=1.0000 val_loss=1.0121e-04
Epoch 33/100
75/75 5ms/step accuracy=1.0000 loss=3.7902e-05 val_accuracy=1.0000 val_loss=9.4160e-05
Epoch 34/100
75/75 7ms/step accuracy=1.0000 loss=3.5234e-05 val_accuracy=1.0000 val_loss=8.9550e-05
Epoch 35/100
75/75 5ms/step accuracy=1.0000 loss=3.2874e-05 val_accuracy=1.0000 val_loss=8.3831e-05
Epoch 36/100
75/75 6ms/step accuracy=1.0000 loss=3.0614e-05 val_accuracy=1.0000 val_loss=8.1051e-05
Epoch 37/100
75/75 5ms/step accuracy=1.0000 loss=2.8476e-05 val_accuracy=1.0000 val_loss=7.8674e-05
Epoch 38/100
75/75 7ms/step accuracy=1.0000 loss=2.6592e-05 val_accuracy=1.0000 val_loss=7.5485e-05
Epoch 39/100
75/75 6ms/step accuracy=1.0000 loss=2.4876e-05 val_accuracy=1.0000 val_loss=7.3091e-05
Epoch 40/100
75/75 5ms/step accuracy=1.0000 loss=2.3298e-05 val_accuracy=1.0000 val_loss=6.9343e-05
Epoch 41/100
75/75 8ms/step accuracy=1.0000 loss=2.1871e-05 val_accuracy=1.0000 val_loss=6.4138e-05
Epoch 42/100
75/75 7ms/step accuracy=1.0000 loss=2.0493e-05 val_accuracy=1.0000 val_loss=6.1886e-05
Epoch 43/100
75/75 5ms/step accuracy=1.0000 loss=1.9327e-05 val_accuracy=1.0000 val_loss=6.1192e-05
Epoch 44/100
75/75 5ms/step accuracy=1.0000 loss=1.8069e-05 val_accuracy=1.0000 val_loss=5.7114e-05
Epoch 45/100
75/75 8ms/step accuracy=1.0000 loss=1.6984e-05 val_accuracy=1.0000 val_loss=5.2808e-05
Epoch 46/100
75/75 8ms/step accuracy=1.0000 loss=1.5977e-05 val_accuracy=1.0000 val_loss=5.1878e-05
Epoch 47/100
75/75 6ms/step accuracy=1.0000 loss=1.5046e-05 val_accuracy=1.0000 val_loss=4.9817e-05
Epoch 48/100
75/75 5ms/step accuracy=1.0000 loss=1.4167e-05 val_accuracy=1.0000 val_loss=4.7521e-05
Epoch 49/100
75/75 7ms/step accuracy=1.0000 loss=1.3369e-05 val_accuracy=1.0000 val_loss=4.5591e-05
Epoch 50/100
75/75 3ms/step accuracy=1.0000 loss=1.3526e-05
75/75 5ms/step accuracy=1.0000 loss=1.2631e-05 val_accuracy=1.0000 val_loss=4.5397e-05
Epoch 51/100
75/75 6ms/step accuracy=1.0000 loss=1.1939e-05 val_accuracy=1.0000 val_loss=4.3746e-05
Epoch 52/100
75/75 5ms/step accuracy=1.0000 loss=1.1282e-05 val_accuracy=1.0000 val_loss=4.0391e-05
Epoch 53/100
75/75 7ms/step accuracy=1.0000 loss=1.0632e-05 val_accuracy=1.0000 val_loss=4.0755e-05
Epoch 54/100
75/75 5ms/step accuracy=1.0000 loss=1.0066e-05 val_accuracy=1.0000 val_loss=3.8061e-05
Epoch 55/100
75/75 3ms/step accuracy=1.0000 loss=8.5339e-06
75/75 5ms/step accuracy=1.0000 loss=9.5051e-06 val_accuracy=1.0000 val_loss=3.8222e-05
Epoch 56/100
75/75 7ms/step accuracy=1.0000 loss=9.0139e-06 val_accuracy=1.0000 val_loss=3.7395e-05
Epoch 57/100
75/75 8ms/step accuracy=1.0000 loss=8.5318e-06 val_accuracy=1.0000 val_loss=3.4574e-05
Epoch 58/100
75/75 5ms/step accuracy=1.0000 loss=8.0500e-06 val_accuracy=1.0000 val_loss=3.4362e-05
Epoch 59/100
75/75 5ms/step accuracy=1.0000 loss=7.6602e-06 val_accuracy=1.0000 val_loss=3.3364e-05
Epoch 60/100
75/75 4ms/step accuracy=1.0000 loss=7.0857e-06
75/75 7ms/step accuracy=1.0000 loss=7.2625e-06 val_accuracy=1.0000 val_loss=3.3200e-05
Epoch 61/100
75/75 8ms/step accuracy=1.0000 loss=6.8944e-06 val_accuracy=1.0000 val_loss=3.1300e-05
Epoch 62/100
75/75 6ms/step accuracy=1.0000 loss=6.5186e-06 val_accuracy=1.0000 val_loss=2.8610e-05
Epoch 63/100
75/75 6ms/step accuracy=1.0000 loss=6.1618e-06 val_accuracy=1.0000 val_loss=2.9953e-05
Epoch 64/100
75/75 5ms/step accuracy=1.0000 loss=5.8582e-06 val_accuracy=1.0000 val_loss=2.9083e-05
Epoch 65/100
75/75 7ms/step accuracy=1.0000 loss=5.5759e-06 val_accuracy=1.0000 val_loss=2.7720e-05
Epoch 66/100
75/75 6ms/step accuracy=1.0000 loss=5.2761e-06 val_accuracy=1.0000 val_loss=2.7363e-05
Epoch 67/100
75/75 6ms/step accuracy=1.0000 loss=5.0116e-06 val_accuracy=1.0000 val_loss=2.5688e-05
Epoch 68/100
75/75 6ms/step accuracy=1.0000 loss=4.7693e-06 val_accuracy=1.0000 val_loss=2.4793e-05
Epoch 69/100
75/75 8ms/step accuracy=1.0000 loss=4.5473e-06 val_accuracy=1.0000 val_loss=2.3823e-05
Epoch 70/100
75/75 7ms/step accuracy=1.0000 loss=4.3272e-06 val_accuracy=1.0000 val_loss=2.4448e-05
Epoch 71/100
75/75 4ms/step accuracy=1.0000 loss=4.2792e-06
75/75 6ms/step accuracy=1.0000 loss=4.1125e-06 val_accuracy=1.0000 val_loss=2.2778e-05
Epoch 72/100
75/75 6ms/step accuracy=1.0000 loss=3.9096e-06 val_accuracy=1.0000 val_loss=2.1353e-05
Epoch 73/100
75/75 6ms/step accuracy=1.0000 loss=3.7134e-06 val_accuracy=1.0000 val_loss=2.1158e-05
Epoch 74/100
75/75 8ms/step accuracy=1.0000 loss=3.5389e-06 val_accuracy=1.0000 val_loss=2.0949e-05
Epoch 75/100
75/75 7ms/step accuracy=1.0000 loss=3.3678e-06 val_accuracy=1.0000 val_loss=2.0130e-05
Epoch 76/100
75/75 6ms/step accuracy=1.0000 loss=3.2071e-06 val_accuracy=1.0000 val_loss=2.0136e-05
Epoch 77/100
75/75 6ms/step accuracy=1.0000 loss=3.0617e-06 val_accuracy=1.0000 val_loss=1.8908e-05
Epoch 78/100
75/75 7ms/step accuracy=1.0000 loss=2.9176e-06 val_accuracy=1.0000 val_loss=1.9032e-05
Epoch 79/100
75/75 3ms/step accuracy=1.0000 loss=3.0369e-06
75/75 5ms/step accuracy=1.0000 loss=2.7770e-06 val_accuracy=1.0000 val_loss=1.8531e-05
Epoch 80/100
75/75 6ms/step accuracy=1.0000 loss=2.6385e-06 val_accuracy=1.0000 val_loss=1.7473e-05
Epoch 81/100
75/75 6ms/step accuracy=1.0000 loss=2.5224e-06 val_accuracy=1.0000 val_loss=1.7141e-05
Epoch 82/100
75/75 3ms/step accuracy=1.0000 loss=3.1356e-06
75/75 7ms/step accuracy=1.0000 loss=2.4035e-06 val_accuracy=1.0000 val_loss=1.6325e-05
Epoch 83/100
75/75 5ms/step accuracy=1.0000 loss=2.2955e-06 val_accuracy=1.0000 val_loss=1.5866e-05
Epoch 84/100
75/75 3ms/step accuracy=1.0000 loss=2.3059e-06
75/75 6ms/step accuracy=1.0000 loss=2.1866e-06 val_accuracy=1.0000 val_loss=1.5771e-05
Epoch 85/100
75/75 3ms/step accuracy=1.0000 loss=2.4698e-06
75/75 7ms/step accuracy=1.0000 loss=2.0855e-06 val_accuracy=1.0000 val_loss=1.5341e-05
Epoch 86/100
75/75 7ms/step accuracy=1.0000 loss=2.0022e-06 val_accuracy=1.0000 val_loss=1.5767e-05
Epoch 87/100
75/75 5ms/step accuracy=1.0000 loss=1.9085e-06 val_accuracy=1.0000 val_loss=1.3830e-05
Epoch 88/100
75/75 5ms/step accuracy=1.0000 loss=1.8168e-06 val_accuracy=1.0000 val_loss=1.4025e-05
Epoch 89/100
75/75 7ms/step accuracy=1.0000 loss=1.7329e-06 val_accuracy=1.0000 val_loss=1.3366e-05
Epoch 90/100
75/75 5ms/step accuracy=1.0000 loss=1.6548e-06 val_accuracy=1.0000 val_loss=1.3449e-05
Epoch 91/100
75/75 6ms/step accuracy=1.0000 loss=1.5797e-06 val_accuracy=1.0000 val_loss=1.2924e-05
Epoch 92/100
75/75 8ms/step accuracy=1.0000 loss=1.5102e-06 val_accuracy=1.0000 val_loss=1.2542e-05
Epoch 93/100
75/75 7ms/step accuracy=1.0000 loss=1.4386e-06 val_accuracy=1.0000 val_loss=1.1869e-05
Epoch 94/100
75/75 5ms/step accuracy=1.0000 loss=1.3765e-06 val_accuracy=1.0000 val_loss=1.2107e-05
Epoch 95/100
75/75 5ms/step accuracy=1.0000 loss=1.3144e-06 val_accuracy=1.0000 val_loss=1.1253e-05
Epoch 96/100
75/75 7ms/step accuracy=1.0000 loss=1.2544e-06 val_accuracy=1.0000 val_loss=1.1031e-05
Epoch 97/100
75/75 5ms/step accuracy=1.0000 loss=1.1994e-06 val_accuracy=1.0000 val_loss=1.1003e-05
Epoch 98/100
75/75 6ms/step accuracy=1.0000 loss=1.1514e-06 val_accuracy=1.0000 val_loss=1.0544e-05
Epoch 99/100
75/75 4ms/step accuracy=1.0000 loss=9.6659e-07
75/75 7ms/step accuracy=1.0000 loss=1.0947e-06 val_accuracy=1.0000 val_loss=1.0628e-05
Epoch 100/100
75/75 8ms/step accuracy=1.0000 loss=1.0486e-06 val_accuracy=1.0000 val_loss=9.9071e-06
19/19 4ms/step accuracy=1.0000 loss=9.9071e-06
Loss: 0.0000, Accuracy: 1.0000
2026-08-05 15:58:02 | INFO  | Saved plot: /home/albert/Ancestor/output/Step3_Model_11_TwoStage/2026-08-05-15-56-55/plot_000.png
2026-08-05 15:58:02 | INFO  | Saved plot: /home/albert/Ancestor/output/Step3_Model_11_TwoStage/2026-08-05-15-56-55/plot_001.png
2026-08-05 15:58:05 | INFO  | Saved plot: /home/albert/Ancestor/output/Step3_Model_11_TwoStage/2026-08-05-15-56-55/plot_002.png
