2026-08-05 16:09:13 | INFO  | Logger initialized
2026-08-05 16:09:13 | INFO  | log_file=/home/albert/Ancestor/logs/Step3_Model_24_TwoStage/2026-08-05-16-09-13.log
2026-08-05 16:09:13 | INFO  | output_dir=/home/albert/Ancestor/output/Step3_Model_24_TwoStage/2026-08-05-16-09-13
[gpu_utils] GPU x1 已啟用：['/physical_device:GPU:0']
自訂 Label Mapping:
8screws: 0
1screws: 1
2screws: 2
3screws: 3
4screws: 4
模型已成功載入。
Model 3 - Layer 0: input_layer | Trainable: False
Model 3 - Layer 1: conv1d | Trainable: False
Model 3 - Layer 2: conv1d_1 | Trainable: False
Model 3 - Layer 3: max_pooling1d | Trainable: False
Model 3 - Layer 4: conv1d_2 | Trainable: False
Model 3 - Layer 5: conv1d_3 | Trainable: False
Model 3 - Layer 6: max_pooling1d_1 | Trainable: False
Model 3 - Layer 7: conv1d_4 | Trainable: False
Model 3 - Layer 8: conv1d_5 | Trainable: False
Model 3 - Layer 9: conv1d_6 | Trainable: False
Model 3 - Layer 10: max_pooling1d_2 | Trainable: False
Model 3 - Layer 11: conv1d_7 | Trainable: False
Model 3 - Layer 12: conv1d_8 | Trainable: False
Model 3 - Layer 13: conv1d_9 | Trainable: True
Model 3 - Layer 14: max_pooling1d_3 | Trainable: True
Model 3 - Layer 15: conv1d_10 | Trainable: True
Model 3 - Layer 16: conv1d_11 | Trainable: True
Model 3 - Layer 17: conv1d_12 | Trainable: True
Model 3 - Layer 18: max_pooling1d_4 | Trainable: True
Model 3 - Layer 19: flatten | Trainable: True
Model 3 - Layer 20: dense | Trainable: True
Model 3 - Layer 21: dropout | Trainable: True
Model 3 - Layer 22: dense_1 | Trainable: True
Model 3 - Layer 23: dropout_1 | Trainable: True
Model 3 - Layer 24: Screw_Number_Output | Trainable: True
[Training] Device: /GPU:0
Epoch 1/100
75/75 50ms/step accuracy=0.3874 loss=4.1688
75/75 76ms/step accuracy=0.3861 loss=3.3777 val_accuracy=0.4167 val_loss=1.7411
Epoch 2/100
75/75 3ms/step accuracy=0.3477 loss=2.0187
75/75 4ms/step accuracy=0.3593 loss=1.8330 val_accuracy=0.4433 val_loss=1.3347
Epoch 3/100
75/75 4ms/step accuracy=0.4299 loss=1.4908 val_accuracy=0.5783 val_loss=1.1446
Epoch 4/100
75/75 4ms/step accuracy=0.4975 loss=1.2700 val_accuracy=0.6500 val_loss=1.0036
Epoch 5/100
75/75 4ms/step accuracy=0.5559 loss=1.1905 val_accuracy=0.7233 val_loss=0.8809
Epoch 6/100
75/75 4ms/step accuracy=0.5939 loss=1.1016 val_accuracy=0.8083 val_loss=0.7623
Epoch 7/100
75/75 4ms/step accuracy=0.6344 loss=0.9941 val_accuracy=0.8367 val_loss=0.6583
Epoch 8/100
75/75 4ms/step accuracy=0.6749 loss=0.9329 val_accuracy=0.8567 val_loss=0.6070
Epoch 9/100
75/75 4ms/step accuracy=0.7024 loss=0.8784 val_accuracy=0.8667 val_loss=0.5502
Epoch 10/100
75/75 4ms/step accuracy=0.6928 loss=0.8650 val_accuracy=0.8600 val_loss=0.5493
Epoch 11/100
75/75 3ms/step accuracy=0.7265 loss=0.7930
75/75 4ms/step accuracy=0.7208 loss=0.7977 val_accuracy=0.8983 val_loss=0.4885
Epoch 12/100
75/75 4ms/step accuracy=0.7258 loss=0.7695 val_accuracy=0.9017 val_loss=0.4503
Epoch 13/100
75/75 4ms/step accuracy=0.7517 loss=0.7450 val_accuracy=0.9000 val_loss=0.4388
Epoch 14/100
75/75 4ms/step accuracy=0.7621 loss=0.6940 val_accuracy=0.9133 val_loss=0.4026
Epoch 15/100
75/75 4ms/step accuracy=0.7654 loss=0.7158 val_accuracy=0.9100 val_loss=0.3900
Epoch 16/100
75/75 4ms/step accuracy=0.7675 loss=0.6801 val_accuracy=0.9183 val_loss=0.3698
Epoch 17/100
75/75 4ms/step accuracy=0.7709 loss=0.6721 val_accuracy=0.9183 val_loss=0.3580
Epoch 18/100
75/75 4ms/step accuracy=0.7871 loss=0.6239 val_accuracy=0.9333 val_loss=0.3257
Epoch 19/100
75/75 4ms/step accuracy=0.7938 loss=0.6205 val_accuracy=0.9217 val_loss=0.3236
Epoch 20/100
75/75 4ms/step accuracy=0.8043 loss=0.5943 val_accuracy=0.9300 val_loss=0.3003
Epoch 21/100
75/75 4ms/step accuracy=0.7951 loss=0.6162 val_accuracy=0.9350 val_loss=0.2954
Epoch 22/100
75/75 4ms/step accuracy=0.8038 loss=0.5676 val_accuracy=0.9367 val_loss=0.2696
Epoch 23/100
75/75 4ms/step accuracy=0.8331 loss=0.5301 val_accuracy=0.9367 val_loss=0.2578
Epoch 24/100
75/75 4ms/step accuracy=0.8322 loss=0.5429 val_accuracy=0.9400 val_loss=0.2789
Epoch 25/100
75/75 4ms/step accuracy=0.8343 loss=0.5278 val_accuracy=0.9367 val_loss=0.2475
Epoch 26/100
75/75 4ms/step accuracy=0.8414 loss=0.5080 val_accuracy=0.9367 val_loss=0.2381
Epoch 27/100
75/75 4ms/step accuracy=0.8314 loss=0.5099 val_accuracy=0.9417 val_loss=0.2471
Epoch 28/100
75/75 4ms/step accuracy=0.8389 loss=0.4999 val_accuracy=0.9433 val_loss=0.2102
Epoch 29/100
75/75 4ms/step accuracy=0.8485 loss=0.4875 val_accuracy=0.9450 val_loss=0.2195
Epoch 30/100
75/75 4ms/step accuracy=0.8527 loss=0.4671 val_accuracy=0.9483 val_loss=0.2093
Epoch 31/100
75/75 4ms/step accuracy=0.8535 loss=0.4688 val_accuracy=0.9483 val_loss=0.2172
Epoch 32/100
75/75 4ms/step accuracy=0.8556 loss=0.4447 val_accuracy=0.9500 val_loss=0.1937
Epoch 33/100
75/75 4ms/step accuracy=0.8585 loss=0.4553 val_accuracy=0.9550 val_loss=0.1849
Epoch 34/100
75/75 4ms/step accuracy=0.8514 loss=0.4564 val_accuracy=0.9517 val_loss=0.1841
Epoch 35/100
75/75 4ms/step accuracy=0.8543 loss=0.4652 val_accuracy=0.9600 val_loss=0.1768
Epoch 36/100
75/75 4ms/step accuracy=0.8585 loss=0.4400 val_accuracy=0.9583 val_loss=0.1662
Epoch 37/100
75/75 4ms/step accuracy=0.8706 loss=0.4205 val_accuracy=0.9600 val_loss=0.1603
Epoch 38/100
75/75 3ms/step accuracy=0.8626 loss=0.4281
75/75 4ms/step accuracy=0.8593 loss=0.4324 val_accuracy=0.9567 val_loss=0.1606
Epoch 39/100
75/75 4ms/step accuracy=0.8639 loss=0.4279 val_accuracy=0.9633 val_loss=0.1521
Epoch 40/100
75/75 4ms/step accuracy=0.8706 loss=0.4040 val_accuracy=0.9583 val_loss=0.1547
Epoch 41/100
75/75 4ms/step accuracy=0.8610 loss=0.4126 val_accuracy=0.9600 val_loss=0.1537
Epoch 42/100
75/75 4ms/step accuracy=0.8773 loss=0.3740 val_accuracy=0.9617 val_loss=0.1465
Epoch 43/100
75/75 4ms/step accuracy=0.8727 loss=0.3811 val_accuracy=0.9633 val_loss=0.1335
Epoch 44/100
75/75 3ms/step accuracy=0.8877 loss=0.3685
75/75 4ms/step accuracy=0.8848 loss=0.3751 val_accuracy=0.9650 val_loss=0.1384
Epoch 45/100
75/75 3ms/step accuracy=0.8841 loss=0.3398
75/75 4ms/step accuracy=0.8848 loss=0.3405 val_accuracy=0.9667 val_loss=0.1333
Epoch 46/100
75/75 4ms/step accuracy=0.8756 loss=0.3725 val_accuracy=0.9667 val_loss=0.1269
Epoch 47/100
75/75 4ms/step accuracy=0.8794 loss=0.3595 val_accuracy=0.9683 val_loss=0.1316
Epoch 48/100
75/75 3ms/step accuracy=0.8836 loss=0.3510
75/75 4ms/step accuracy=0.8902 loss=0.3424 val_accuracy=0.9683 val_loss=0.1194
Epoch 49/100
75/75 4ms/step accuracy=0.8990 loss=0.3203 val_accuracy=0.9667 val_loss=0.1273
Epoch 50/100
75/75 4ms/step accuracy=0.8873 loss=0.3479 val_accuracy=0.9717 val_loss=0.1177
Epoch 51/100
75/75 4ms/step accuracy=0.8990 loss=0.3160 val_accuracy=0.9700 val_loss=0.1111
Epoch 52/100
75/75 4ms/step accuracy=0.8944 loss=0.3191 val_accuracy=0.9667 val_loss=0.1173
Epoch 53/100
75/75 4ms/step accuracy=0.8965 loss=0.3198 val_accuracy=0.9733 val_loss=0.1131
Epoch 54/100
75/75 4ms/step accuracy=0.9048 loss=0.3067 val_accuracy=0.9717 val_loss=0.1103
Epoch 55/100
75/75 4ms/step accuracy=0.8927 loss=0.3285 val_accuracy=0.9683 val_loss=0.1121
Epoch 56/100
75/75 4ms/step accuracy=0.9007 loss=0.2991 val_accuracy=0.9717 val_loss=0.1043
Epoch 57/100
75/75 3ms/step accuracy=0.9066 loss=0.2933
75/75 4ms/step accuracy=0.8994 loss=0.3076 val_accuracy=0.9783 val_loss=0.0980
Epoch 58/100
75/75 3ms/step accuracy=0.9000 loss=0.3051
75/75 4ms/step accuracy=0.9073 loss=0.2991 val_accuracy=0.9750 val_loss=0.0978
Epoch 59/100
75/75 4ms/step accuracy=0.9065 loss=0.2861 val_accuracy=0.9783 val_loss=0.0889
Epoch 60/100
75/75 4ms/step accuracy=0.8982 loss=0.3028 val_accuracy=0.9817 val_loss=0.0937
Epoch 61/100
75/75 4ms/step accuracy=0.9128 loss=0.2882 val_accuracy=0.9767 val_loss=0.0903
Epoch 62/100
75/75 4ms/step accuracy=0.9053 loss=0.2877 val_accuracy=0.9783 val_loss=0.0865
Epoch 63/100
75/75 4ms/step accuracy=0.9036 loss=0.2973 val_accuracy=0.9800 val_loss=0.0843
Epoch 64/100
75/75 4ms/step accuracy=0.9186 loss=0.2603 val_accuracy=0.9800 val_loss=0.0901
Epoch 65/100
75/75 4ms/step accuracy=0.9128 loss=0.2688 val_accuracy=0.9733 val_loss=0.0930
Epoch 66/100
75/75 4ms/step accuracy=0.9082 loss=0.2679 val_accuracy=0.9817 val_loss=0.0816
Epoch 67/100
75/75 4ms/step accuracy=0.9128 loss=0.2642 val_accuracy=0.9833 val_loss=0.0830
Epoch 68/100
75/75 4ms/step accuracy=0.9128 loss=0.2706 val_accuracy=0.9800 val_loss=0.0827
Epoch 69/100
75/75 4ms/step accuracy=0.9048 loss=0.2928 val_accuracy=0.9833 val_loss=0.0746
Epoch 70/100
75/75 4ms/step accuracy=0.9178 loss=0.2458 val_accuracy=0.9750 val_loss=0.0762
Epoch 71/100
75/75 4ms/step accuracy=0.9295 loss=0.2334 val_accuracy=0.9817 val_loss=0.0698
Epoch 72/100
75/75 4ms/step accuracy=0.9240 loss=0.2376 val_accuracy=0.9833 val_loss=0.0709
Epoch 73/100
75/75 4ms/step accuracy=0.9190 loss=0.2567 val_accuracy=0.9733 val_loss=0.0877
Epoch 74/100
75/75 4ms/step accuracy=0.9203 loss=0.2603 val_accuracy=0.9817 val_loss=0.0648
Epoch 75/100
75/75 4ms/step accuracy=0.9295 loss=0.2340 val_accuracy=0.9850 val_loss=0.0641
Epoch 76/100
75/75 4ms/step accuracy=0.9341 loss=0.2248 val_accuracy=0.9850 val_loss=0.0645
Epoch 77/100
75/75 4ms/step accuracy=0.9286 loss=0.2284 val_accuracy=0.9800 val_loss=0.0708
Epoch 78/100
75/75 3ms/step accuracy=0.9289 loss=0.2300
75/75 4ms/step accuracy=0.9295 loss=0.2266 val_accuracy=0.9783 val_loss=0.0716
Epoch 79/100
75/75 4ms/step accuracy=0.9361 loss=0.2160 val_accuracy=0.9817 val_loss=0.0668
Epoch 80/100
75/75 4ms/step accuracy=0.9341 loss=0.2162 val_accuracy=0.9867 val_loss=0.0578
Epoch 81/100
75/75 4ms/step accuracy=0.9407 loss=0.1964 val_accuracy=0.9850 val_loss=0.0606
Epoch 82/100
75/75 4ms/step accuracy=0.9332 loss=0.2099 val_accuracy=0.9883 val_loss=0.0580
Epoch 83/100
75/75 4ms/step accuracy=0.9403 loss=0.1951 val_accuracy=0.9850 val_loss=0.0562
Epoch 84/100
75/75 4ms/step accuracy=0.9391 loss=0.2118 val_accuracy=0.9867 val_loss=0.0590
Epoch 85/100
75/75 4ms/step accuracy=0.9416 loss=0.1887 val_accuracy=0.9800 val_loss=0.0586
Epoch 86/100
75/75 4ms/step accuracy=0.9357 loss=0.2097 val_accuracy=0.9900 val_loss=0.0540
Epoch 87/100
75/75 4ms/step accuracy=0.9407 loss=0.1996 val_accuracy=0.9833 val_loss=0.0628
Epoch 88/100
75/75 4ms/step accuracy=0.9399 loss=0.1947 val_accuracy=0.9900 val_loss=0.0548
Epoch 89/100
75/75 4ms/step accuracy=0.9278 loss=0.2128 val_accuracy=0.9883 val_loss=0.0528
Epoch 90/100
75/75 4ms/step accuracy=0.9303 loss=0.2150 val_accuracy=0.9900 val_loss=0.0487
Epoch 91/100
75/75 4ms/step accuracy=0.9328 loss=0.2091 val_accuracy=0.9817 val_loss=0.0644
Epoch 92/100
75/75 3ms/step accuracy=0.9370 loss=0.2028
75/75 4ms/step accuracy=0.9353 loss=0.2020 val_accuracy=0.9850 val_loss=0.0622
Epoch 93/100
75/75 4ms/step accuracy=0.9457 loss=0.1702 val_accuracy=0.9850 val_loss=0.0504
Epoch 94/100
75/75 4ms/step accuracy=0.9474 loss=0.1782 val_accuracy=0.9883 val_loss=0.0466
Epoch 95/100
75/75 4ms/step accuracy=0.9420 loss=0.1949 val_accuracy=0.9883 val_loss=0.0506
Epoch 96/100
75/75 4ms/step accuracy=0.9374 loss=0.1911 val_accuracy=0.9850 val_loss=0.0521
Epoch 97/100
75/75 4ms/step accuracy=0.9445 loss=0.1765 val_accuracy=0.9883 val_loss=0.0440
Epoch 98/100
75/75 4ms/step accuracy=0.9487 loss=0.1624 val_accuracy=0.9883 val_loss=0.0460
Epoch 99/100
75/75 4ms/step accuracy=0.9482 loss=0.1721 val_accuracy=0.9867 val_loss=0.0494
Epoch 100/100
75/75 4ms/step accuracy=0.9445 loss=0.1722 val_accuracy=0.9833 val_loss=0.0545
19/19 4ms/step accuracy=0.9883 loss=0.0440
Loss: 0.0440, Accuracy: 0.9883
2026-08-05 16:10:01 | INFO  | Saved plot: /home/albert/Ancestor/output/Step3_Model_24_TwoStage/2026-08-05-16-09-13/plot_000.png
2026-08-05 16:10:02 | INFO  | Saved plot: /home/albert/Ancestor/output/Step3_Model_24_TwoStage/2026-08-05-16-09-13/plot_001.png
2026-08-05 16:10:03 | INFO  | Saved plot: /home/albert/Ancestor/output/Step3_Model_24_TwoStage/2026-08-05-16-09-13/plot_002.png
