2026-08-05 16:19:42 | INFO  | Logger initialized
2026-08-05 16:19:42 | INFO  | log_file=/home/albert/Ancestor/logs/Step4_Model_06_Detecting/2026-08-05-16-19-42.log
2026-08-05 16:19:42 | INFO  | output_dir=/home/albert/Ancestor/output/Step4_Model_06_Detecting/2026-08-05-16-19-42
=== 1. Loading training data ===
✔️ Train : (1340, 105)  |  Test : (336, 105)
==============================
▶ mcs = 21 | conf = 0.9 | thr = 7.53
==============================
--- Test‑set validation
outliers: 4screws 1筆
C0      : 1screws 63筆
C1      : 8screws 64筆
C2      : 2screws 62筆
C3      : 3screws 70筆
C4      : 4screws 76筆
* C0  | size  63 | dist   2.19 | Known
* C1  | size  64 | dist   2.12 | Known
* C2  | size  62 | dist   2.17 | Known
* C3  | size  70 | dist   2.03 | Known
* C4  | size  76 | dist   1.94 | Known
--- Unknown ['5screws'] | mcs 21
C5      : 76 pts
C3      : 62 pts
C4      : 70 pts
C1      : 63 pts
C2      : 60 pts
C0      : 64 pts
outliers: 1 pts
C0  | size  64 | dist   2.12 | Known
C1  | size  63 | dist   2.19 | Known
C2  | size  60 | dist  10.78 | New Fault
C3  | size  62 | dist   2.17 | Known
C4  | size  70 | dist   2.03 | Known
C5  | size  76 | dist   1.94 | Known
--- Unknown ['5screws', '6screws'] | mcs 21
C3      : 59 pts
C5      : 76 pts
C6      : 69 pts
C1      : 62 pts
C2      : 58 pts
C4      : 61 pts
C0      : 63 pts
outliers: 2 pts
C0  | size  63 | dist   2.13 | Known
C1  | size  62 | dist   2.20 | Known
C2  | size  58 | dist  16.84 | New Fault
C3  | size  59 | dist  10.75 | New Fault
C4  | size  61 | dist   2.17 | Known
C5  | size  76 | dist   1.94 | Known
C6  | size  69 | dist   2.05 | Known
--- Unknown ['5screws', '6screws', '7screws'] | mcs 21
C1      : 53 pts
C7      : 33 pts
outliers: 45 pts
C0      : 51 pts
C3      : 71 pts
C4      : 61 pts
C5      : 51 pts
C2      : 55 pts
C6      : 30 pts
C0  | size  51 | dist   2.15 | Known
C1  | size  53 | dist   2.19 | Known
C2  | size  55 | dist   2.20 | Known
C3  | size  71 | dist   1.95 | Known
C4  | size  61 | dist   2.05 | Known
C5  | size  51 | dist  10.83 | New Fault
C6  | size  30 | dist  16.56 | New Fault
C7  | size  33 | dist  17.25 | New Fault
--- Unknown ['5screws', '6screws', '7screws', '3_14screws'] | mcs 21
C3      : 48 pts
C6      : 43 pts
C7      : 83 pts
outliers: 15 pts
C4      : 55 pts
C5      : 60 pts
C1      : 51 pts
C2      : 49 pts
C0      : 46 pts
C0  | size  46 | dist   2.16 | Known
C1  | size  51 | dist   2.21 | Known
C2  | size  49 | dist  26.75 | New Fault
C3  | size  48 | dist   2.23 | Known
C4  | size  55 | dist   2.04 | Known
C5  | size  60 | dist   1.95 | Known
C6  | size  43 | dist  10.84 | New Fault
C7  | size  83 | dist  15.69 | New Fault
--- Unknown ['5screws', '6screws', '7screws', '3_14screws', '4_146screws'] | mcs 21
C5      : 49 pts
C2      : 48 pts
C6      : 56 pts
C7      : 36 pts
C0      : 47 pts
C3      : 42 pts
C1      : 45 pts
C9      : 28 pts
outliers: 31 pts
C4      : 40 pts
C8      : 28 pts
C0  | size  47 | dist   2.19 | Known
C1  | size  45 | dist   2.16 | Known
C2  | size  48 | dist  14.98 | New Fault
C3  | size  42 | dist  26.15 | New Fault
C4  | size  40 | dist   2.34 | Known
C5  | size  49 | dist   2.11 | Known
C6  | size  56 | dist   1.96 | Known
C7  | size  36 | dist  10.78 | New Fault
C8  | size  28 | dist  16.81 | New Fault
C9  | size  28 | dist  17.17 | New Fault
==============================
▶ mcs = 21 | conf = 0.95 | thr = 8.24
==============================
--- Test‑set validation
outliers: 4screws 1筆
C0      : 1screws 63筆
C1      : 8screws 64筆
C2      : 2screws 62筆
C3      : 3screws 70筆
C4      : 4screws 76筆
* C0  | size  63 | dist   2.19 | Known
* C1  | size  64 | dist   2.12 | Known
* C2  | size  62 | dist   2.17 | Known
* C3  | size  70 | dist   2.03 | Known
* C4  | size  76 | dist   1.94 | Known
--- Unknown ['5screws'] | mcs 21
C5      : 76 pts
C3      : 62 pts
C4      : 70 pts
C1      : 63 pts
C2      : 60 pts
C0      : 64 pts
outliers: 1 pts
C0  | size  64 | dist   2.12 | Known
C1  | size  63 | dist   2.19 | Known
C2  | size  60 | dist  10.78 | New Fault
C3  | size  62 | dist   2.17 | Known
C4  | size  70 | dist   2.03 | Known
C5  | size  76 | dist   1.94 | Known
--- Unknown ['5screws', '6screws'] | mcs 21
C3      : 59 pts
C5      : 76 pts
C6      : 69 pts
C1      : 62 pts
C2      : 58 pts
C4      : 61 pts
C0      : 63 pts
outliers: 2 pts
C0  | size  63 | dist   2.13 | Known
C1  | size  62 | dist   2.20 | Known
C2  | size  58 | dist  16.84 | New Fault
C3  | size  59 | dist  10.75 | New Fault
C4  | size  61 | dist   2.17 | Known
C5  | size  76 | dist   1.94 | Known
C6  | size  69 | dist   2.05 | Known
--- Unknown ['5screws', '6screws', '7screws'] | mcs 21
C1      : 53 pts
C7      : 33 pts
outliers: 45 pts
C0      : 51 pts
C3      : 71 pts
C4      : 61 pts
C5      : 51 pts
C2      : 55 pts
C6      : 30 pts
C0  | size  51 | dist   2.15 | Known
C1  | size  53 | dist   2.19 | Known
C2  | size  55 | dist   2.20 | Known
C3  | size  71 | dist   1.95 | Known
C4  | size  61 | dist   2.05 | Known
C5  | size  51 | dist  10.83 | New Fault
C6  | size  30 | dist  16.56 | New Fault
C7  | size  33 | dist  17.25 | New Fault
--- Unknown ['5screws', '6screws', '7screws', '3_14screws'] | mcs 21
C3      : 48 pts
C6      : 43 pts
C7      : 83 pts
outliers: 15 pts
C4      : 55 pts
C5      : 60 pts
C1      : 51 pts
C2      : 49 pts
C0      : 46 pts
C0  | size  46 | dist   2.16 | Known
C1  | size  51 | dist   2.21 | Known
C2  | size  49 | dist  26.75 | New Fault
C3  | size  48 | dist   2.23 | Known
C4  | size  55 | dist   2.04 | Known
C5  | size  60 | dist   1.95 | Known
C6  | size  43 | dist  10.84 | New Fault
C7  | size  83 | dist  15.69 | New Fault
--- Unknown ['5screws', '6screws', '7screws', '3_14screws', '4_146screws'] | mcs 21
C5      : 49 pts
C2      : 48 pts
C6      : 56 pts
C7      : 36 pts
C0      : 47 pts
C3      : 42 pts
C1      : 45 pts
C9      : 28 pts
outliers: 31 pts
C4      : 40 pts
C8      : 28 pts
C0  | size  47 | dist   2.19 | Known
C1  | size  45 | dist   2.16 | Known
C2  | size  48 | dist  14.98 | New Fault
C3  | size  42 | dist  26.15 | New Fault
C4  | size  40 | dist   2.34 | Known
C5  | size  49 | dist   2.11 | Known
C6  | size  56 | dist   1.96 | Known
C7  | size  36 | dist  10.78 | New Fault
C8  | size  28 | dist  16.81 | New Fault
C9  | size  28 | dist  17.17 | New Fault
==============================
▶ mcs = 21 | conf = 0.99 | thr = 10.09
==============================
--- Test‑set validation
outliers: 4screws 1筆
C0      : 1screws 63筆
C1      : 8screws 64筆
C2      : 2screws 62筆
C3      : 3screws 70筆
C4      : 4screws 76筆
* C0  | size  63 | dist   2.19 | Known
* C1  | size  64 | dist   2.12 | Known
* C2  | size  62 | dist   2.17 | Known
* C3  | size  70 | dist   2.03 | Known
* C4  | size  76 | dist   1.94 | Known
--- Unknown ['5screws'] | mcs 21
C5      : 76 pts
C3      : 62 pts
C4      : 70 pts
C1      : 63 pts
C2      : 60 pts
C0      : 64 pts
outliers: 1 pts
C0  | size  64 | dist   2.12 | Known
C1  | size  63 | dist   2.19 | Known
C2  | size  60 | dist  10.78 | New Fault
C3  | size  62 | dist   2.17 | Known
C4  | size  70 | dist   2.03 | Known
C5  | size  76 | dist   1.94 | Known
--- Unknown ['5screws', '6screws'] | mcs 21
C3      : 59 pts
C5      : 76 pts
C6      : 69 pts
C1      : 62 pts
C2      : 58 pts
C4      : 61 pts
C0      : 63 pts
outliers: 2 pts
C0  | size  63 | dist   2.13 | Known
C1  | size  62 | dist   2.20 | Known
C2  | size  58 | dist  16.84 | New Fault
C3  | size  59 | dist  10.75 | New Fault
C4  | size  61 | dist   2.17 | Known
C5  | size  76 | dist   1.94 | Known
C6  | size  69 | dist   2.05 | Known
--- Unknown ['5screws', '6screws', '7screws'] | mcs 21
C1      : 53 pts
C7      : 33 pts
outliers: 45 pts
C0      : 51 pts
C3      : 71 pts
C4      : 61 pts
C5      : 51 pts
C2      : 55 pts
C6      : 30 pts
C0  | size  51 | dist   2.15 | Known
C1  | size  53 | dist   2.19 | Known
C2  | size  55 | dist   2.20 | Known
C3  | size  71 | dist   1.95 | Known
C4  | size  61 | dist   2.05 | Known
C5  | size  51 | dist  10.83 | New Fault
C6  | size  30 | dist  16.56 | New Fault
C7  | size  33 | dist  17.25 | New Fault
--- Unknown ['5screws', '6screws', '7screws', '3_14screws'] | mcs 21
C3      : 48 pts
C6      : 43 pts
C7      : 83 pts
outliers: 15 pts
C4      : 55 pts
C5      : 60 pts
C1      : 51 pts
C2      : 49 pts
C0      : 46 pts
C0  | size  46 | dist   2.16 | Known
C1  | size  51 | dist   2.21 | Known
C2  | size  49 | dist  26.75 | New Fault
C3  | size  48 | dist   2.23 | Known
C4  | size  55 | dist   2.04 | Known
C5  | size  60 | dist   1.95 | Known
C6  | size  43 | dist  10.84 | New Fault
C7  | size  83 | dist  15.69 | New Fault
--- Unknown ['5screws', '6screws', '7screws', '3_14screws', '4_146screws'] | mcs 21
C5      : 49 pts
C2      : 48 pts
C6      : 56 pts
C7      : 36 pts
C0      : 47 pts
C3      : 42 pts
C1      : 45 pts
C9      : 28 pts
outliers: 31 pts
C4      : 40 pts
C8      : 28 pts
C0  | size  47 | dist   2.19 | Known
C1  | size  45 | dist   2.16 | Known
C2  | size  48 | dist  14.98 | New Fault
C3  | size  42 | dist  26.15 | New Fault
C4  | size  40 | dist   2.34 | Known
C5  | size  49 | dist   2.11 | Known
C6  | size  56 | dist   1.96 | Known
C7  | size  36 | dist  10.78 | New Fault
C8  | size  28 | dist  16.81 | New Fault
C9  | size  28 | dist  17.17 | New Fault
==============================
▶ mcs = 22 | conf = 0.9 | thr = 7.53
==============================
--- Test‑set validation
outliers: 4screws 1筆
C0      : 1screws 63筆
C1      : 8screws 64筆
C2      : 2screws 62筆
C3      : 3screws 70筆
C4      : 4screws 76筆
* C0  | size  63 | dist   2.19 | Known
* C1  | size  64 | dist   2.12 | Known
* C2  | size  62 | dist   2.17 | Known
* C3  | size  70 | dist   2.03 | Known
* C4  | size  76 | dist   1.94 | Known
--- Unknown ['5screws'] | mcs 22
C5      : 76 pts
C3      : 62 pts
C4      : 70 pts
C1      : 63 pts
C2      : 60 pts
C0      : 64 pts
outliers: 1 pts
C0  | size  64 | dist   2.12 | Known
C1  | size  63 | dist   2.19 | Known
C2  | size  60 | dist  10.78 | New Fault
C3  | size  62 | dist   2.17 | Known
C4  | size  70 | dist   2.03 | Known
C5  | size  76 | dist   1.94 | Known
--- Unknown ['5screws', '6screws'] | mcs 22
C3      : 59 pts
C5      : 76 pts
C6      : 69 pts
C1      : 62 pts
C2      : 58 pts
C4      : 61 pts
C0      : 63 pts
outliers: 2 pts
C0  | size  63 | dist   2.13 | Known
C1  | size  62 | dist   2.20 | Known
C2  | size  58 | dist  16.84 | New Fault
C3  | size  59 | dist  10.75 | New Fault
C4  | size  61 | dist   2.17 | Known
C5  | size  76 | dist   1.94 | Known
C6  | size  69 | dist   2.05 | Known
--- Unknown ['5screws', '6screws', '7screws'] | mcs 22
C1      : 53 pts
C7      : 33 pts
outliers: 45 pts
C0      : 51 pts
C3      : 71 pts
C4      : 61 pts
C5      : 51 pts
C2      : 55 pts
C6      : 30 pts
C0  | size  51 | dist   2.15 | Known
C1  | size  53 | dist   2.19 | Known
C2  | size  55 | dist   2.20 | Known
C3  | size  71 | dist   1.95 | Known
C4  | size  61 | dist   2.05 | Known
C5  | size  51 | dist  10.83 | New Fault
C6  | size  30 | dist  16.56 | New Fault
C7  | size  33 | dist  17.25 | New Fault
--- Unknown ['5screws', '6screws', '7screws', '3_14screws'] | mcs 22
C3      : 48 pts
C6      : 43 pts
C7      : 83 pts
outliers: 15 pts
C4      : 55 pts
C5      : 60 pts
C1      : 51 pts
C2      : 49 pts
C0      : 46 pts
C0  | size  46 | dist   2.16 | Known
C1  | size  51 | dist   2.21 | Known
C2  | size  49 | dist  26.75 | New Fault
C3  | size  48 | dist   2.23 | Known
C4  | size  55 | dist   2.04 | Known
C5  | size  60 | dist   1.95 | Known
C6  | size  43 | dist  10.84 | New Fault
C7  | size  83 | dist  15.69 | New Fault
--- Unknown ['5screws', '6screws', '7screws', '3_14screws', '4_146screws'] | mcs 22
C5      : 49 pts
C2      : 48 pts
C6      : 56 pts
C7      : 36 pts
C0      : 47 pts
C3      : 42 pts
C1      : 45 pts
C9      : 28 pts
outliers: 31 pts
C4      : 40 pts
C8      : 28 pts
C0  | size  47 | dist   2.19 | Known
C1  | size  45 | dist   2.16 | Known
C2  | size  48 | dist  14.98 | New Fault
C3  | size  42 | dist  26.15 | New Fault
C4  | size  40 | dist   2.34 | Known
C5  | size  49 | dist   2.11 | Known
C6  | size  56 | dist   1.96 | Known
C7  | size  36 | dist  10.78 | New Fault
C8  | size  28 | dist  16.81 | New Fault
C9  | size  28 | dist  17.17 | New Fault
==============================
▶ mcs = 22 | conf = 0.95 | thr = 8.24
==============================
--- Test‑set validation
outliers: 4screws 1筆
C0      : 1screws 63筆
C1      : 8screws 64筆
C2      : 2screws 62筆
C3      : 3screws 70筆
C4      : 4screws 76筆
* C0  | size  63 | dist   2.19 | Known
* C1  | size  64 | dist   2.12 | Known
* C2  | size  62 | dist   2.17 | Known
* C3  | size  70 | dist   2.03 | Known
* C4  | size  76 | dist   1.94 | Known
--- Unknown ['5screws'] | mcs 22
C5      : 76 pts
C3      : 62 pts
C4      : 70 pts
C1      : 63 pts
C2      : 60 pts
C0      : 64 pts
outliers: 1 pts
C0  | size  64 | dist   2.12 | Known
C1  | size  63 | dist   2.19 | Known
C2  | size  60 | dist  10.78 | New Fault
C3  | size  62 | dist   2.17 | Known
C4  | size  70 | dist   2.03 | Known
C5  | size  76 | dist   1.94 | Known
--- Unknown ['5screws', '6screws'] | mcs 22
C3      : 59 pts
C5      : 76 pts
C6      : 69 pts
C1      : 62 pts
C2      : 58 pts
C4      : 61 pts
C0      : 63 pts
outliers: 2 pts
C0  | size  63 | dist   2.13 | Known
C1  | size  62 | dist   2.20 | Known
C2  | size  58 | dist  16.84 | New Fault
C3  | size  59 | dist  10.75 | New Fault
C4  | size  61 | dist   2.17 | Known
C5  | size  76 | dist   1.94 | Known
C6  | size  69 | dist   2.05 | Known
--- Unknown ['5screws', '6screws', '7screws'] | mcs 22
C1      : 53 pts
C7      : 33 pts
outliers: 45 pts
C0      : 51 pts
C3      : 71 pts
C4      : 61 pts
C5      : 51 pts
C2      : 55 pts
C6      : 30 pts
C0  | size  51 | dist   2.15 | Known
C1  | size  53 | dist   2.19 | Known
C2  | size  55 | dist   2.20 | Known
C3  | size  71 | dist   1.95 | Known
C4  | size  61 | dist   2.05 | Known
C5  | size  51 | dist  10.83 | New Fault
C6  | size  30 | dist  16.56 | New Fault
C7  | size  33 | dist  17.25 | New Fault
--- Unknown ['5screws', '6screws', '7screws', '3_14screws'] | mcs 22
C3      : 48 pts
C6      : 43 pts
C7      : 83 pts
outliers: 15 pts
C4      : 55 pts
C5      : 60 pts
C1      : 51 pts
C2      : 49 pts
C0      : 46 pts
C0  | size  46 | dist   2.16 | Known
C1  | size  51 | dist   2.21 | Known
C2  | size  49 | dist  26.75 | New Fault
C3  | size  48 | dist   2.23 | Known
C4  | size  55 | dist   2.04 | Known
C5  | size  60 | dist   1.95 | Known
C6  | size  43 | dist  10.84 | New Fault
C7  | size  83 | dist  15.69 | New Fault
--- Unknown ['5screws', '6screws', '7screws', '3_14screws', '4_146screws'] | mcs 22
C5      : 49 pts
C2      : 48 pts
C6      : 56 pts
C7      : 36 pts
C0      : 47 pts
C3      : 42 pts
C1      : 45 pts
C9      : 28 pts
outliers: 31 pts
C4      : 40 pts
C8      : 28 pts
C0  | size  47 | dist   2.19 | Known
C1  | size  45 | dist   2.16 | Known
C2  | size  48 | dist  14.98 | New Fault
C3  | size  42 | dist  26.15 | New Fault
C4  | size  40 | dist   2.34 | Known
C5  | size  49 | dist   2.11 | Known
C6  | size  56 | dist   1.96 | Known
C7  | size  36 | dist  10.78 | New Fault
C8  | size  28 | dist  16.81 | New Fault
C9  | size  28 | dist  17.17 | New Fault
==============================
▶ mcs = 22 | conf = 0.99 | thr = 10.09
==============================
--- Test‑set validation
outliers: 4screws 1筆
C0      : 1screws 63筆
C1      : 8screws 64筆
C2      : 2screws 62筆
C3      : 3screws 70筆
C4      : 4screws 76筆
* C0  | size  63 | dist   2.19 | Known
* C1  | size  64 | dist   2.12 | Known
* C2  | size  62 | dist   2.17 | Known
* C3  | size  70 | dist   2.03 | Known
* C4  | size  76 | dist   1.94 | Known
--- Unknown ['5screws'] | mcs 22
C5      : 76 pts
C3      : 62 pts
C4      : 70 pts
C1      : 63 pts
C2      : 60 pts
C0      : 64 pts
outliers: 1 pts
C0  | size  64 | dist   2.12 | Known
C1  | size  63 | dist   2.19 | Known
C2  | size  60 | dist  10.78 | New Fault
C3  | size  62 | dist   2.17 | Known
C4  | size  70 | dist   2.03 | Known
C5  | size  76 | dist   1.94 | Known
--- Unknown ['5screws', '6screws'] | mcs 22
C3      : 59 pts
C5      : 76 pts
C6      : 69 pts
C1      : 62 pts
C2      : 58 pts
C4      : 61 pts
C0      : 63 pts
outliers: 2 pts
C0  | size  63 | dist   2.13 | Known
C1  | size  62 | dist   2.20 | Known
C2  | size  58 | dist  16.84 | New Fault
C3  | size  59 | dist  10.75 | New Fault
C4  | size  61 | dist   2.17 | Known
C5  | size  76 | dist   1.94 | Known
C6  | size  69 | dist   2.05 | Known
--- Unknown ['5screws', '6screws', '7screws'] | mcs 22
C1      : 53 pts
C7      : 33 pts
outliers: 45 pts
C0      : 51 pts
C3      : 71 pts
C4      : 61 pts
C5      : 51 pts
C2      : 55 pts
C6      : 30 pts
C0  | size  51 | dist   2.15 | Known
C1  | size  53 | dist   2.19 | Known
C2  | size  55 | dist   2.20 | Known
C3  | size  71 | dist   1.95 | Known
C4  | size  61 | dist   2.05 | Known
C5  | size  51 | dist  10.83 | New Fault
C6  | size  30 | dist  16.56 | New Fault
C7  | size  33 | dist  17.25 | New Fault
--- Unknown ['5screws', '6screws', '7screws', '3_14screws'] | mcs 22
C3      : 48 pts
C6      : 43 pts
C7      : 83 pts
outliers: 15 pts
C4      : 55 pts
C5      : 60 pts
C1      : 51 pts
C2      : 49 pts
C0      : 46 pts
C0  | size  46 | dist   2.16 | Known
C1  | size  51 | dist   2.21 | Known
C2  | size  49 | dist  26.75 | New Fault
C3  | size  48 | dist   2.23 | Known
C4  | size  55 | dist   2.04 | Known
C5  | size  60 | dist   1.95 | Known
C6  | size  43 | dist  10.84 | New Fault
C7  | size  83 | dist  15.69 | New Fault
--- Unknown ['5screws', '6screws', '7screws', '3_14screws', '4_146screws'] | mcs 22
C5      : 49 pts
C2      : 48 pts
C6      : 56 pts
C7      : 36 pts
C0      : 47 pts
C3      : 42 pts
C1      : 45 pts
C9      : 28 pts
outliers: 31 pts
C4      : 40 pts
C8      : 28 pts
C0  | size  47 | dist   2.19 | Known
C1  | size  45 | dist   2.16 | Known
C2  | size  48 | dist  14.98 | New Fault
C3  | size  42 | dist  26.15 | New Fault
C4  | size  40 | dist   2.34 | Known
C5  | size  49 | dist   2.11 | Known
C6  | size  56 | dist   1.96 | Known
C7  | size  36 | dist  10.78 | New Fault
C8  | size  28 | dist  16.81 | New Fault
C9  | size  28 | dist  17.17 | New Fault
==============================
▶ mcs = 23 | conf = 0.9 | thr = 7.53
==============================
--- Test‑set validation
outliers: 4screws 1筆
C0      : 1screws 63筆
C1      : 8screws 64筆
C2      : 2screws 62筆
C3      : 3screws 70筆
C4      : 4screws 76筆
* C0  | size  63 | dist   2.19 | Known
* C1  | size  64 | dist   2.12 | Known
* C2  | size  62 | dist   2.17 | Known
* C3  | size  70 | dist   2.03 | Known
* C4  | size  76 | dist   1.94 | Known
--- Unknown ['5screws'] | mcs 23
C5      : 76 pts
C3      : 62 pts
C4      : 70 pts
C1      : 63 pts
C2      : 60 pts
C0      : 64 pts
outliers: 1 pts
C0  | size  64 | dist   2.12 | Known
C1  | size  63 | dist   2.19 | Known
C2  | size  60 | dist  10.78 | New Fault
C3  | size  62 | dist   2.17 | Known
C4  | size  70 | dist   2.03 | Known
C5  | size  76 | dist   1.94 | Known
--- Unknown ['5screws', '6screws'] | mcs 23
C3      : 59 pts
C5      : 76 pts
C6      : 69 pts
C1      : 62 pts
C2      : 58 pts
C4      : 61 pts
C0      : 63 pts
outliers: 2 pts
C0  | size  63 | dist   2.13 | Known
C1  | size  62 | dist   2.20 | Known
C2  | size  58 | dist  16.84 | New Fault
C3  | size  59 | dist  10.75 | New Fault
C4  | size  61 | dist   2.17 | Known
C5  | size  76 | dist   1.94 | Known
C6  | size  69 | dist   2.05 | Known
--- Unknown ['5screws', '6screws', '7screws'] | mcs 23
C1      : 53 pts
C7      : 33 pts
outliers: 45 pts
C0      : 51 pts
C3      : 71 pts
C4      : 61 pts
C5      : 51 pts
C2      : 55 pts
C6      : 30 pts
C0  | size  51 | dist   2.15 | Known
C1  | size  53 | dist   2.19 | Known
C2  | size  55 | dist   2.20 | Known
C3  | size  71 | dist   1.95 | Known
C4  | size  61 | dist   2.05 | Known
C5  | size  51 | dist  10.83 | New Fault
C6  | size  30 | dist  16.56 | New Fault
C7  | size  33 | dist  17.25 | New Fault
--- Unknown ['5screws', '6screws', '7screws', '3_14screws'] | mcs 23
C3      : 48 pts
C6      : 43 pts
C7      : 83 pts
outliers: 15 pts
C4      : 55 pts
C5      : 60 pts
C1      : 51 pts
C2      : 49 pts
C0      : 46 pts
C0  | size  46 | dist   2.16 | Known
C1  | size  51 | dist   2.21 | Known
C2  | size  49 | dist  26.75 | New Fault
C3  | size  48 | dist   2.23 | Known
C4  | size  55 | dist   2.04 | Known
C5  | size  60 | dist   1.95 | Known
C6  | size  43 | dist  10.84 | New Fault
C7  | size  83 | dist  15.69 | New Fault
--- Unknown ['5screws', '6screws', '7screws', '3_14screws', '4_146screws'] | mcs 23
C5      : 49 pts
C2      : 48 pts
C6      : 56 pts
C7      : 36 pts
C0      : 47 pts
C3      : 42 pts
C1      : 45 pts
C9      : 28 pts
outliers: 31 pts
C4      : 40 pts
C8      : 28 pts
C0  | size  47 | dist   2.19 | Known
C1  | size  45 | dist   2.16 | Known
C2  | size  48 | dist  14.98 | New Fault
C3  | size  42 | dist  26.15 | New Fault
C4  | size  40 | dist   2.34 | Known
C5  | size  49 | dist   2.11 | Known
C6  | size  56 | dist   1.96 | Known
C7  | size  36 | dist  10.78 | New Fault
C8  | size  28 | dist  16.81 | New Fault
C9  | size  28 | dist  17.17 | New Fault
==============================
▶ mcs = 23 | conf = 0.95 | thr = 8.24
==============================
--- Test‑set validation
outliers: 4screws 1筆
C0      : 1screws 63筆
C1      : 8screws 64筆
C2      : 2screws 62筆
C3      : 3screws 70筆
C4      : 4screws 76筆
* C0  | size  63 | dist   2.19 | Known
* C1  | size  64 | dist   2.12 | Known
* C2  | size  62 | dist   2.17 | Known
* C3  | size  70 | dist   2.03 | Known
* C4  | size  76 | dist   1.94 | Known
--- Unknown ['5screws'] | mcs 23
C5      : 76 pts
C3      : 62 pts
C4      : 70 pts
C1      : 63 pts
C2      : 60 pts
C0      : 64 pts
outliers: 1 pts
C0  | size  64 | dist   2.12 | Known
C1  | size  63 | dist   2.19 | Known
C2  | size  60 | dist  10.78 | New Fault
C3  | size  62 | dist   2.17 | Known
C4  | size  70 | dist   2.03 | Known
C5  | size  76 | dist   1.94 | Known
--- Unknown ['5screws', '6screws'] | mcs 23
C3      : 59 pts
C5      : 76 pts
C6      : 69 pts
C1      : 62 pts
C2      : 58 pts
C4      : 61 pts
C0      : 63 pts
outliers: 2 pts
C0  | size  63 | dist   2.13 | Known
C1  | size  62 | dist   2.20 | Known
C2  | size  58 | dist  16.84 | New Fault
C3  | size  59 | dist  10.75 | New Fault
C4  | size  61 | dist   2.17 | Known
C5  | size  76 | dist   1.94 | Known
C6  | size  69 | dist   2.05 | Known
--- Unknown ['5screws', '6screws', '7screws'] | mcs 23
C1      : 53 pts
C7      : 33 pts
outliers: 45 pts
C0      : 51 pts
C3      : 71 pts
C4      : 61 pts
C5      : 51 pts
C2      : 55 pts
C6      : 30 pts
C0  | size  51 | dist   2.15 | Known
C1  | size  53 | dist   2.19 | Known
C2  | size  55 | dist   2.20 | Known
C3  | size  71 | dist   1.95 | Known
C4  | size  61 | dist   2.05 | Known
C5  | size  51 | dist  10.83 | New Fault
C6  | size  30 | dist  16.56 | New Fault
C7  | size  33 | dist  17.25 | New Fault
--- Unknown ['5screws', '6screws', '7screws', '3_14screws'] | mcs 23
C3      : 48 pts
C6      : 43 pts
C7      : 83 pts
outliers: 15 pts
C4      : 55 pts
C5      : 60 pts
C1      : 51 pts
C2      : 49 pts
C0      : 46 pts
C0  | size  46 | dist   2.16 | Known
C1  | size  51 | dist   2.21 | Known
C2  | size  49 | dist  26.75 | New Fault
C3  | size  48 | dist   2.23 | Known
C4  | size  55 | dist   2.04 | Known
C5  | size  60 | dist   1.95 | Known
C6  | size  43 | dist  10.84 | New Fault
C7  | size  83 | dist  15.69 | New Fault
--- Unknown ['5screws', '6screws', '7screws', '3_14screws', '4_146screws'] | mcs 23
C5      : 49 pts
C2      : 48 pts
C6      : 56 pts
C7      : 36 pts
C0      : 47 pts
C3      : 42 pts
C1      : 45 pts
C9      : 28 pts
outliers: 31 pts
C4      : 40 pts
C8      : 28 pts
C0  | size  47 | dist   2.19 | Known
C1  | size  45 | dist   2.16 | Known
C2  | size  48 | dist  14.98 | New Fault
C3  | size  42 | dist  26.15 | New Fault
C4  | size  40 | dist   2.34 | Known
C5  | size  49 | dist   2.11 | Known
C6  | size  56 | dist   1.96 | Known
C7  | size  36 | dist  10.78 | New Fault
C8  | size  28 | dist  16.81 | New Fault
C9  | size  28 | dist  17.17 | New Fault
==============================
▶ mcs = 23 | conf = 0.99 | thr = 10.09
==============================
--- Test‑set validation
outliers: 4screws 1筆
C0      : 1screws 63筆
C1      : 8screws 64筆
C2      : 2screws 62筆
C3      : 3screws 70筆
C4      : 4screws 76筆
* C0  | size  63 | dist   2.19 | Known
* C1  | size  64 | dist   2.12 | Known
* C2  | size  62 | dist   2.17 | Known
* C3  | size  70 | dist   2.03 | Known
* C4  | size  76 | dist   1.94 | Known
--- Unknown ['5screws'] | mcs 23
C5      : 76 pts
C3      : 62 pts
C4      : 70 pts
C1      : 63 pts
C2      : 60 pts
C0      : 64 pts
outliers: 1 pts
C0  | size  64 | dist   2.12 | Known
C1  | size  63 | dist   2.19 | Known
C2  | size  60 | dist  10.78 | New Fault
C3  | size  62 | dist   2.17 | Known
C4  | size  70 | dist   2.03 | Known
C5  | size  76 | dist   1.94 | Known
--- Unknown ['5screws', '6screws'] | mcs 23
C3      : 59 pts
C5      : 76 pts
C6      : 69 pts
C1      : 62 pts
C2      : 58 pts
C4      : 61 pts
C0      : 63 pts
outliers: 2 pts
C0  | size  63 | dist   2.13 | Known
C1  | size  62 | dist   2.20 | Known
C2  | size  58 | dist  16.84 | New Fault
C3  | size  59 | dist  10.75 | New Fault
C4  | size  61 | dist   2.17 | Known
C5  | size  76 | dist   1.94 | Known
C6  | size  69 | dist   2.05 | Known
--- Unknown ['5screws', '6screws', '7screws'] | mcs 23
C1      : 53 pts
C7      : 33 pts
outliers: 45 pts
C0      : 51 pts
C3      : 71 pts
C4      : 61 pts
C5      : 51 pts
C2      : 55 pts
C6      : 30 pts
C0  | size  51 | dist   2.15 | Known
C1  | size  53 | dist   2.19 | Known
C2  | size  55 | dist   2.20 | Known
C3  | size  71 | dist   1.95 | Known
C4  | size  61 | dist   2.05 | Known
C5  | size  51 | dist  10.83 | New Fault
C6  | size  30 | dist  16.56 | New Fault
C7  | size  33 | dist  17.25 | New Fault
--- Unknown ['5screws', '6screws', '7screws', '3_14screws'] | mcs 23
C3      : 48 pts
C6      : 43 pts
C7      : 83 pts
outliers: 15 pts
C4      : 55 pts
C5      : 60 pts
C1      : 51 pts
C2      : 49 pts
C0      : 46 pts
C0  | size  46 | dist   2.16 | Known
C1  | size  51 | dist   2.21 | Known
C2  | size  49 | dist  26.75 | New Fault
C3  | size  48 | dist   2.23 | Known
C4  | size  55 | dist   2.04 | Known
C5  | size  60 | dist   1.95 | Known
C6  | size  43 | dist  10.84 | New Fault
C7  | size  83 | dist  15.69 | New Fault
--- Unknown ['5screws', '6screws', '7screws', '3_14screws', '4_146screws'] | mcs 23
C5      : 49 pts
C2      : 48 pts
C6      : 56 pts
C7      : 36 pts
C0      : 47 pts
C3      : 42 pts
C1      : 45 pts
C9      : 28 pts
outliers: 31 pts
C4      : 40 pts
C8      : 28 pts
C0  | size  47 | dist   2.19 | Known
C1  | size  45 | dist   2.16 | Known
C2  | size  48 | dist  14.98 | New Fault
C3  | size  42 | dist  26.15 | New Fault
C4  | size  40 | dist   2.34 | Known
C5  | size  49 | dist   2.11 | Known
C6  | size  56 | dist   1.96 | Known
C7  | size  36 | dist  10.78 | New Fault
C8  | size  28 | dist  16.81 | New Fault
C9  | size  28 | dist  17.17 | New Fault
==============================
▶ mcs = 24 | conf = 0.9 | thr = 7.53
==============================
--- Test‑set validation
outliers: 4screws 1筆
C0      : 1screws 63筆
C1      : 8screws 64筆
C2      : 2screws 62筆
C3      : 3screws 70筆
C4      : 4screws 76筆
* C0  | size  63 | dist   2.19 | Known
* C1  | size  64 | dist   2.12 | Known
* C2  | size  62 | dist   2.17 | Known
* C3  | size  70 | dist   2.03 | Known
* C4  | size  76 | dist   1.94 | Known
--- Unknown ['5screws'] | mcs 24
C5      : 76 pts
C3      : 62 pts
C4      : 70 pts
C1      : 63 pts
C2      : 60 pts
C0      : 64 pts
outliers: 1 pts
C0  | size  64 | dist   2.12 | Known
C1  | size  63 | dist   2.19 | Known
C2  | size  60 | dist  10.78 | New Fault
C3  | size  62 | dist   2.17 | Known
C4  | size  70 | dist   2.03 | Known
C5  | size  76 | dist   1.94 | Known
--- Unknown ['5screws', '6screws'] | mcs 24
C3      : 59 pts
C5      : 76 pts
C6      : 69 pts
C1      : 62 pts
C2      : 58 pts
C4      : 61 pts
C0      : 63 pts
outliers: 2 pts
C0  | size  63 | dist   2.13 | Known
C1  | size  62 | dist   2.20 | Known
C2  | size  58 | dist  16.84 | New Fault
C3  | size  59 | dist  10.75 | New Fault
C4  | size  61 | dist   2.17 | Known
C5  | size  76 | dist   1.94 | Known
C6  | size  69 | dist   2.05 | Known
--- Unknown ['5screws', '6screws', '7screws'] | mcs 24
C1      : 53 pts
C7      : 33 pts
outliers: 45 pts
C0      : 51 pts
C3      : 71 pts
C4      : 61 pts
C5      : 51 pts
C2      : 55 pts
C6      : 30 pts
C0  | size  51 | dist   2.15 | Known
C1  | size  53 | dist   2.19 | Known
C2  | size  55 | dist   2.20 | Known
C3  | size  71 | dist   1.95 | Known
C4  | size  61 | dist   2.05 | Known
C5  | size  51 | dist  10.83 | New Fault
C6  | size  30 | dist  16.56 | New Fault
C7  | size  33 | dist  17.25 | New Fault
--- Unknown ['5screws', '6screws', '7screws', '3_14screws'] | mcs 24
C3      : 48 pts
C6      : 43 pts
C7      : 83 pts
outliers: 15 pts
C4      : 55 pts
C5      : 60 pts
C1      : 51 pts
C2      : 49 pts
C0      : 46 pts
C0  | size  46 | dist   2.16 | Known
C1  | size  51 | dist   2.21 | Known
C2  | size  49 | dist  26.75 | New Fault
C3  | size  48 | dist   2.23 | Known
C4  | size  55 | dist   2.04 | Known
C5  | size  60 | dist   1.95 | Known
C6  | size  43 | dist  10.84 | New Fault
C7  | size  83 | dist  15.69 | New Fault
--- Unknown ['5screws', '6screws', '7screws', '3_14screws', '4_146screws'] | mcs 24
C5      : 49 pts
C2      : 48 pts
C6      : 56 pts
C7      : 36 pts
C0      : 47 pts
C3      : 42 pts
C1      : 45 pts
C9      : 28 pts
outliers: 31 pts
C4      : 40 pts
C8      : 28 pts
C0  | size  47 | dist   2.19 | Known
C1  | size  45 | dist   2.16 | Known
C2  | size  48 | dist  14.98 | New Fault
C3  | size  42 | dist  26.15 | New Fault
C4  | size  40 | dist   2.34 | Known
C5  | size  49 | dist   2.11 | Known
C6  | size  56 | dist   1.96 | Known
C7  | size  36 | dist  10.78 | New Fault
C8  | size  28 | dist  16.81 | New Fault
C9  | size  28 | dist  17.17 | New Fault
==============================
▶ mcs = 24 | conf = 0.95 | thr = 8.24
==============================
--- Test‑set validation
outliers: 4screws 1筆
C0      : 1screws 63筆
C1      : 8screws 64筆
C2      : 2screws 62筆
C3      : 3screws 70筆
C4      : 4screws 76筆
* C0  | size  63 | dist   2.19 | Known
* C1  | size  64 | dist   2.12 | Known
* C2  | size  62 | dist   2.17 | Known
* C3  | size  70 | dist   2.03 | Known
* C4  | size  76 | dist   1.94 | Known
--- Unknown ['5screws'] | mcs 24
C5      : 76 pts
C3      : 62 pts
C4      : 70 pts
C1      : 63 pts
C2      : 60 pts
C0      : 64 pts
outliers: 1 pts
C0  | size  64 | dist   2.12 | Known
C1  | size  63 | dist   2.19 | Known
C2  | size  60 | dist  10.78 | New Fault
C3  | size  62 | dist   2.17 | Known
C4  | size  70 | dist   2.03 | Known
C5  | size  76 | dist   1.94 | Known
--- Unknown ['5screws', '6screws'] | mcs 24
C3      : 59 pts
C5      : 76 pts
C6      : 69 pts
C1      : 62 pts
C2      : 58 pts
C4      : 61 pts
C0      : 63 pts
outliers: 2 pts
C0  | size  63 | dist   2.13 | Known
C1  | size  62 | dist   2.20 | Known
C2  | size  58 | dist  16.84 | New Fault
C3  | size  59 | dist  10.75 | New Fault
C4  | size  61 | dist   2.17 | Known
C5  | size  76 | dist   1.94 | Known
C6  | size  69 | dist   2.05 | Known
--- Unknown ['5screws', '6screws', '7screws'] | mcs 24
C1      : 53 pts
C7      : 33 pts
outliers: 45 pts
C0      : 51 pts
C3      : 71 pts
C4      : 61 pts
C5      : 51 pts
C2      : 55 pts
C6      : 30 pts
C0  | size  51 | dist   2.15 | Known
C1  | size  53 | dist   2.19 | Known
C2  | size  55 | dist   2.20 | Known
C3  | size  71 | dist   1.95 | Known
C4  | size  61 | dist   2.05 | Known
C5  | size  51 | dist  10.83 | New Fault
C6  | size  30 | dist  16.56 | New Fault
C7  | size  33 | dist  17.25 | New Fault
--- Unknown ['5screws', '6screws', '7screws', '3_14screws'] | mcs 24
C3      : 48 pts
C6      : 43 pts
C7      : 83 pts
outliers: 15 pts
C4      : 55 pts
C5      : 60 pts
C1      : 51 pts
C2      : 49 pts
C0      : 46 pts
C0  | size  46 | dist   2.16 | Known
C1  | size  51 | dist   2.21 | Known
C2  | size  49 | dist  26.75 | New Fault
C3  | size  48 | dist   2.23 | Known
C4  | size  55 | dist   2.04 | Known
C5  | size  60 | dist   1.95 | Known
C6  | size  43 | dist  10.84 | New Fault
C7  | size  83 | dist  15.69 | New Fault
--- Unknown ['5screws', '6screws', '7screws', '3_14screws', '4_146screws'] | mcs 24
C5      : 49 pts
C2      : 48 pts
C6      : 56 pts
C7      : 36 pts
C0      : 47 pts
C3      : 42 pts
C1      : 45 pts
C9      : 28 pts
outliers: 31 pts
C4      : 40 pts
C8      : 28 pts
C0  | size  47 | dist   2.19 | Known
C1  | size  45 | dist   2.16 | Known
C2  | size  48 | dist  14.98 | New Fault
C3  | size  42 | dist  26.15 | New Fault
C4  | size  40 | dist   2.34 | Known
C5  | size  49 | dist   2.11 | Known
C6  | size  56 | dist   1.96 | Known
C7  | size  36 | dist  10.78 | New Fault
C8  | size  28 | dist  16.81 | New Fault
C9  | size  28 | dist  17.17 | New Fault
==============================
▶ mcs = 24 | conf = 0.99 | thr = 10.09
==============================
--- Test‑set validation
outliers: 4screws 1筆
C0      : 1screws 63筆
C1      : 8screws 64筆
C2      : 2screws 62筆
C3      : 3screws 70筆
C4      : 4screws 76筆
* C0  | size  63 | dist   2.19 | Known
* C1  | size  64 | dist   2.12 | Known
* C2  | size  62 | dist   2.17 | Known
* C3  | size  70 | dist   2.03 | Known
* C4  | size  76 | dist   1.94 | Known
--- Unknown ['5screws'] | mcs 24
C5      : 76 pts
C3      : 62 pts
C4      : 70 pts
C1      : 63 pts
C2      : 60 pts
C0      : 64 pts
outliers: 1 pts
C0  | size  64 | dist   2.12 | Known
C1  | size  63 | dist   2.19 | Known
C2  | size  60 | dist  10.78 | New Fault
C3  | size  62 | dist   2.17 | Known
C4  | size  70 | dist   2.03 | Known
C5  | size  76 | dist   1.94 | Known
--- Unknown ['5screws', '6screws'] | mcs 24
C3      : 59 pts
C5      : 76 pts
C6      : 69 pts
C1      : 62 pts
C2      : 58 pts
C4      : 61 pts
C0      : 63 pts
outliers: 2 pts
C0  | size  63 | dist   2.13 | Known
C1  | size  62 | dist   2.20 | Known
C2  | size  58 | dist  16.84 | New Fault
C3  | size  59 | dist  10.75 | New Fault
C4  | size  61 | dist   2.17 | Known
C5  | size  76 | dist   1.94 | Known
C6  | size  69 | dist   2.05 | Known
--- Unknown ['5screws', '6screws', '7screws'] | mcs 24
C1      : 53 pts
C7      : 33 pts
outliers: 45 pts
C0      : 51 pts
C3      : 71 pts
C4      : 61 pts
C5      : 51 pts
C2      : 55 pts
C6      : 30 pts
C0  | size  51 | dist   2.15 | Known
C1  | size  53 | dist   2.19 | Known
C2  | size  55 | dist   2.20 | Known
C3  | size  71 | dist   1.95 | Known
C4  | size  61 | dist   2.05 | Known
C5  | size  51 | dist  10.83 | New Fault
C6  | size  30 | dist  16.56 | New Fault
C7  | size  33 | dist  17.25 | New Fault
--- Unknown ['5screws', '6screws', '7screws', '3_14screws'] | mcs 24
C3      : 48 pts
C6      : 43 pts
C7      : 83 pts
outliers: 15 pts
C4      : 55 pts
C5      : 60 pts
C1      : 51 pts
C2      : 49 pts
C0      : 46 pts
C0  | size  46 | dist   2.16 | Known
C1  | size  51 | dist   2.21 | Known
C2  | size  49 | dist  26.75 | New Fault
C3  | size  48 | dist   2.23 | Known
C4  | size  55 | dist   2.04 | Known
C5  | size  60 | dist   1.95 | Known
C6  | size  43 | dist  10.84 | New Fault
C7  | size  83 | dist  15.69 | New Fault
--- Unknown ['5screws', '6screws', '7screws', '3_14screws', '4_146screws'] | mcs 24
C5      : 49 pts
C2      : 48 pts
C6      : 56 pts
C7      : 36 pts
C0      : 47 pts
C3      : 42 pts
C1      : 45 pts
C9      : 28 pts
outliers: 31 pts
C4      : 40 pts
C8      : 28 pts
C0  | size  47 | dist   2.19 | Known
C1  | size  45 | dist   2.16 | Known
C2  | size  48 | dist  14.98 | New Fault
C3  | size  42 | dist  26.15 | New Fault
C4  | size  40 | dist   2.34 | Known
C5  | size  49 | dist   2.11 | Known
C6  | size  56 | dist   1.96 | Known
C7  | size  36 | dist  10.78 | New Fault
C8  | size  28 | dist  16.81 | New Fault
C9  | size  28 | dist  17.17 | New Fault
