2026-08-05 16:55:44 | INFO  | Logger initialized
2026-08-05 16:55:44 | INFO  | log_file=/home/albert/Ancestor/logs/Step6_Model_12_Retrain/2026-08-05-16-55-44.log
2026-08-05 16:55:44 | INFO  | output_dir=/home/albert/Ancestor/output/Step6_Model_12_Retrain/2026-08-05-16-55-44
[gpu_utils] GPU x1 已啟用：['/physical_device:GPU:0']
自訂 Label Mapping:
8screws: 0
1screws: 1
2screws: 2
3screws: 3
4screws: 4
5screws: 5
6screws: 6
7screws: 7
3_14screws: 8
4_146screws: 9
[Training] Device: /GPU:0
Epoch 1/100
150/150 38ms/step accuracy=0.1391 loss=2.2951
150/150 56ms/step accuracy=0.1667 loss=2.2573 val_accuracy=0.2320 val_loss=1.9010
Epoch 2/100
150/150 3ms/step accuracy=0.3801 loss=1.6528
150/150 5ms/step accuracy=0.5128 loss=1.3587 val_accuracy=0.9548 val_loss=0.4426
Epoch 3/100
150/150 5ms/step accuracy=0.8187 loss=0.5591 val_accuracy=0.9874 val_loss=0.0845
Epoch 4/100
150/150 4ms/step accuracy=0.9014 loss=0.3513 val_accuracy=0.9958 val_loss=0.0357
Epoch 5/100
150/150 5ms/step accuracy=0.9313 loss=0.2223 val_accuracy=0.9975 val_loss=0.0207
Epoch 6/100
150/150 4ms/step accuracy=0.9460 loss=0.2089 val_accuracy=0.9975 val_loss=0.0173
Epoch 7/100
150/150 4ms/step accuracy=0.9613 loss=0.1303 val_accuracy=0.9966 val_loss=0.0129
Epoch 8/100
150/150 4ms/step accuracy=0.9625 loss=0.1446 val_accuracy=1.0000 val_loss=0.0088
Epoch 9/100
150/150 5ms/step accuracy=0.9680 loss=0.1272 val_accuracy=0.9992 val_loss=0.0052
Epoch 10/100
150/150 4ms/step accuracy=0.9717 loss=0.0852 val_accuracy=0.9983 val_loss=0.0070
Epoch 11/100
150/150 4ms/step accuracy=0.9747 loss=0.0928 val_accuracy=0.9983 val_loss=0.0052
Epoch 12/100
150/150 4ms/step accuracy=0.9805 loss=0.0611
150/150 5ms/step accuracy=0.9793 loss=0.0735 val_accuracy=0.9975 val_loss=0.0062
Epoch 13/100
150/150 4ms/step accuracy=0.9782 loss=0.0646 val_accuracy=0.9975 val_loss=0.0055
Epoch 14/100
150/150 4ms/step accuracy=0.9839 loss=0.0534 val_accuracy=0.9992 val_loss=0.0047
Epoch 15/100
150/150 5ms/step accuracy=0.9818 loss=0.0612 val_accuracy=0.9992 val_loss=0.0016
Epoch 16/100
150/150 4ms/step accuracy=0.9849 loss=0.0495 val_accuracy=0.9992 val_loss=0.0044
Epoch 17/100
150/150 4ms/step accuracy=0.9847 loss=0.0526 val_accuracy=0.9992 val_loss=0.0046
Epoch 18/100
150/150 4ms/step accuracy=0.9893 loss=0.0415 val_accuracy=0.9992 val_loss=0.0039
Epoch 19/100
150/150 3ms/step accuracy=0.9871 loss=0.0428
150/150 4ms/step accuracy=0.9889 loss=0.0365 val_accuracy=0.9992 val_loss=0.0027
Epoch 20/100
150/150 5ms/step accuracy=0.9889 loss=0.0379 val_accuracy=0.9992 val_loss=0.0029
Epoch 21/100
150/150 4ms/step accuracy=0.9914 loss=0.0260 val_accuracy=1.0000 val_loss=0.0011
Epoch 22/100
150/150 5ms/step accuracy=0.9897 loss=0.0366 val_accuracy=0.9992 val_loss=0.0026
Epoch 23/100
150/150 5ms/step accuracy=0.9891 loss=0.0329 val_accuracy=0.9992 val_loss=0.0011
Epoch 24/100
150/150 5ms/step accuracy=0.9929 loss=0.0231 val_accuracy=1.0000 val_loss=9.2315e-04
Epoch 25/100
150/150 5ms/step accuracy=0.9899 loss=0.0375 val_accuracy=0.9983 val_loss=0.0033
Epoch 26/100
150/150 5ms/step accuracy=0.9883 loss=0.0353 val_accuracy=0.9992 val_loss=0.0020
Epoch 27/100
150/150 5ms/step accuracy=0.9927 loss=0.0226 val_accuracy=0.9983 val_loss=0.0081
Epoch 28/100
150/150 3ms/step accuracy=0.9943 loss=0.0177
150/150 4ms/step accuracy=0.9916 loss=0.0260 val_accuracy=0.9958 val_loss=0.0132
Epoch 29/100
150/150 4ms/step accuracy=0.9937 loss=0.0216 val_accuracy=0.9992 val_loss=0.0016
Epoch 30/100
150/150 4ms/step accuracy=0.9950 loss=0.0160 val_accuracy=0.9992 val_loss=0.0021
Epoch 31/100
150/150 5ms/step accuracy=0.9931 loss=0.0252 val_accuracy=1.0000 val_loss=5.3949e-04
Epoch 32/100
150/150 3ms/step accuracy=0.9953 loss=0.0174
150/150 5ms/step accuracy=0.9946 loss=0.0177 val_accuracy=1.0000 val_loss=2.3907e-04
Epoch 33/100
150/150 5ms/step accuracy=0.9952 loss=0.0175 val_accuracy=0.9992 val_loss=0.0012
Epoch 34/100
150/150 3ms/step accuracy=0.9957 loss=0.0148
150/150 4ms/step accuracy=0.9948 loss=0.0169 val_accuracy=1.0000 val_loss=6.4763e-04
Epoch 35/100
150/150 4ms/step accuracy=0.9950 loss=0.0135 val_accuracy=0.9992 val_loss=0.0013
Epoch 36/100
150/150 4ms/step accuracy=0.9946 loss=0.0167 val_accuracy=1.0000 val_loss=3.7084e-04
Epoch 37/100
150/150 4ms/step accuracy=0.9939 loss=0.0183 val_accuracy=1.0000 val_loss=5.4965e-04
Epoch 38/100
150/150 4ms/step accuracy=0.9962 loss=0.0098 val_accuracy=1.0000 val_loss=2.2935e-04
Epoch 39/100
150/150 4ms/step accuracy=0.9948 loss=0.0256 val_accuracy=0.9992 val_loss=0.0023
Epoch 40/100
150/150 4ms/step accuracy=0.9927 loss=0.0322 val_accuracy=1.0000 val_loss=3.5530e-04
Epoch 41/100
150/150 5ms/step accuracy=0.9941 loss=0.0165 val_accuracy=1.0000 val_loss=1.2561e-04
Epoch 42/100
150/150 4ms/step accuracy=0.9975 loss=0.0128 val_accuracy=0.9992 val_loss=0.0013
Epoch 43/100
150/150 4ms/step accuracy=0.9948 loss=0.0131 val_accuracy=0.9992 val_loss=0.0011
Epoch 44/100
150/150 4ms/step accuracy=0.9958 loss=0.0154 val_accuracy=1.0000 val_loss=8.1346e-05
Epoch 45/100
150/150 4ms/step accuracy=0.9948 loss=0.0147 val_accuracy=1.0000 val_loss=9.4142e-04
Epoch 46/100
150/150 4ms/step accuracy=0.9960 loss=0.0129 val_accuracy=1.0000 val_loss=1.1352e-04
Epoch 47/100
150/150 5ms/step accuracy=0.9979 loss=0.0096 val_accuracy=1.0000 val_loss=1.6765e-04
Epoch 48/100
150/150 5ms/step accuracy=0.9979 loss=0.0066 val_accuracy=1.0000 val_loss=2.9146e-04
Epoch 49/100
150/150 4ms/step accuracy=0.9977 loss=0.0057 val_accuracy=1.0000 val_loss=3.2295e-04
Epoch 50/100
150/150 4ms/step accuracy=0.9958 loss=0.0191 val_accuracy=0.9983 val_loss=0.0061
Epoch 51/100
150/150 4ms/step accuracy=0.9956 loss=0.0128 val_accuracy=1.0000 val_loss=1.7391e-04
Epoch 52/100
150/150 4ms/step accuracy=0.9962 loss=0.0147 val_accuracy=1.0000 val_loss=1.4200e-04
Epoch 53/100
150/150 5ms/step accuracy=0.9979 loss=0.0069 val_accuracy=0.9992 val_loss=0.0055
Epoch 54/100
150/150 5ms/step accuracy=0.9958 loss=0.0154 val_accuracy=1.0000 val_loss=2.8091e-04
38/38 3ms/step accuracy=1.0000 loss=8.1346e-05
Screw Number Loss: 0.0001, Screw Number Accuracy: 1.0000
2026-08-05 16:56:44 | INFO  | Saved plot: /home/albert/Ancestor/output/Step6_Model_12_Retrain/2026-08-05-16-55-44/plot_000.png
2026-08-05 16:56:44 | INFO  | Saved plot: /home/albert/Ancestor/output/Step6_Model_12_Retrain/2026-08-05-16-55-44/plot_001.png
2026-08-05 16:56:46 | INFO  | Saved plot: /home/albert/Ancestor/output/Step6_Model_12_Retrain/2026-08-05-16-55-44/plot_002.png
重訓練模型已儲存：/home/albert/Ancestor/data/Step-2/model/VGG16_B8000_retrained.keras
