2026-08-05 16:07:45 | INFO  | Logger initialized
2026-08-05 16:07:45 | INFO  | log_file=/home/albert/Ancestor/logs/Step3_Model_22_TwoStage/2026-08-05-16-07-45.log
2026-08-05 16:07:45 | INFO  | output_dir=/home/albert/Ancestor/output/Step3_Model_22_TwoStage/2026-08-05-16-07-45
[gpu_utils] GPU x1 已啟用：['/physical_device:GPU:0']
自訂 Label Mapping:
8screws: 0
1screws: 1
2screws: 2
3screws: 3
4screws: 4
0 0
模型已成功載入。
Model 3 - Layer 0: input_layer | Trainable: False
Model 3 - Layer 1: conv1d | Trainable: False
Model 3 - Layer 2: conv1d_1 | Trainable: False
Model 3 - Layer 3: max_pooling1d | Trainable: False
Model 3 - Layer 4: conv1d_2 | Trainable: False
Model 3 - Layer 5: max_pooling1d_1 | Trainable: False
Model 3 - Layer 6: conv1d_3 | Trainable: True
Model 3 - Layer 7: max_pooling1d_2 | Trainable: True
Model 3 - Layer 8: flatten | Trainable: True
Model 3 - Layer 9: dense | Trainable: True
Model 3 - Layer 10: dropout | Trainable: True
Model 3 - Layer 11: Screw_Number_Output | Trainable: True
[Training] Device: /GPU:0
Epoch 1/100
75/75 35ms/step accuracy=0.3198 loss=4.2649
75/75 55ms/step accuracy=0.3226 loss=3.3943 val_accuracy=0.3250 val_loss=1.7340
Epoch 2/100
75/75 4ms/step accuracy=0.4053 loss=1.5369 val_accuracy=0.4933 val_loss=0.9447
Epoch 3/100
75/75 4ms/step accuracy=0.5021 loss=1.0692 val_accuracy=0.5983 val_loss=0.7766
Epoch 4/100
75/75 4ms/step accuracy=0.5530 loss=0.9497 val_accuracy=0.6267 val_loss=0.7045
Epoch 5/100
75/75 4ms/step accuracy=0.5956 loss=0.8926 val_accuracy=0.6667 val_loss=0.6625
Epoch 6/100
75/75 4ms/step accuracy=0.6106 loss=0.8397 val_accuracy=0.6950 val_loss=0.6305
Epoch 7/100
75/75 4ms/step accuracy=0.6352 loss=0.8129 val_accuracy=0.7333 val_loss=0.5987
Epoch 8/100
75/75 4ms/step accuracy=0.6503 loss=0.7638 val_accuracy=0.7650 val_loss=0.5628
Epoch 9/100
75/75 4ms/step accuracy=0.6790 loss=0.7279 val_accuracy=0.7933 val_loss=0.5222
Epoch 10/100
75/75 4ms/step accuracy=0.6891 loss=0.7052 val_accuracy=0.8417 val_loss=0.4833
Epoch 11/100
75/75 5ms/step accuracy=0.7195 loss=0.6552 val_accuracy=0.8750 val_loss=0.4402
Epoch 12/100
75/75 4ms/step accuracy=0.7304 loss=0.6154 val_accuracy=0.8967 val_loss=0.3963
Epoch 13/100
75/75 4ms/step accuracy=0.7525 loss=0.5929 val_accuracy=0.9233 val_loss=0.3623
Epoch 14/100
75/75 5ms/step accuracy=0.7567 loss=0.5584 val_accuracy=0.9300 val_loss=0.3197
Epoch 15/100
75/75 4ms/step accuracy=0.7583 loss=0.5473 val_accuracy=0.9483 val_loss=0.2932
Epoch 16/100
75/75 4ms/step accuracy=0.7617 loss=0.5142 val_accuracy=0.9500 val_loss=0.2683
Epoch 17/100
75/75 4ms/step accuracy=0.7867 loss=0.4976 val_accuracy=0.9617 val_loss=0.2477
Epoch 18/100
75/75 4ms/step accuracy=0.7947 loss=0.4743 val_accuracy=0.9617 val_loss=0.2254
Epoch 19/100
75/75 4ms/step accuracy=0.7846 loss=0.4724 val_accuracy=0.9683 val_loss=0.2102
Epoch 20/100
75/75 4ms/step accuracy=0.7826 loss=0.4659 val_accuracy=0.9717 val_loss=0.1912
Epoch 21/100
75/75 3ms/step accuracy=0.7905 loss=0.4535
75/75 4ms/step accuracy=0.8018 loss=0.4433 val_accuracy=0.9733 val_loss=0.1841
Epoch 22/100
75/75 4ms/step accuracy=0.8084 loss=0.4178 val_accuracy=0.9767 val_loss=0.1707
Epoch 23/100
75/75 4ms/step accuracy=0.8172 loss=0.3990 val_accuracy=0.9783 val_loss=0.1560
Epoch 24/100
75/75 4ms/step accuracy=0.8143 loss=0.4071 val_accuracy=0.9783 val_loss=0.1461
Epoch 25/100
75/75 4ms/step accuracy=0.8235 loss=0.3966 val_accuracy=0.9800 val_loss=0.1373
Epoch 26/100
75/75 4ms/step accuracy=0.8139 loss=0.4037 val_accuracy=0.9817 val_loss=0.1311
Epoch 27/100
75/75 5ms/step accuracy=0.8276 loss=0.3763 val_accuracy=0.9833 val_loss=0.1203
Epoch 28/100
75/75 4ms/step accuracy=0.8201 loss=0.3772 val_accuracy=0.9850 val_loss=0.1144
Epoch 29/100
75/75 4ms/step accuracy=0.8297 loss=0.3660 val_accuracy=0.9867 val_loss=0.1065
Epoch 30/100
75/75 4ms/step accuracy=0.8226 loss=0.3693 val_accuracy=0.9900 val_loss=0.1008
Epoch 31/100
75/75 4ms/step accuracy=0.8331 loss=0.3567 val_accuracy=0.9883 val_loss=0.0986
Epoch 32/100
75/75 4ms/step accuracy=0.8406 loss=0.3393 val_accuracy=0.9900 val_loss=0.0897
Epoch 33/100
75/75 5ms/step accuracy=0.8356 loss=0.3421 val_accuracy=0.9883 val_loss=0.0829
Epoch 34/100
75/75 4ms/step accuracy=0.8343 loss=0.3299 val_accuracy=0.9900 val_loss=0.0811
Epoch 35/100
75/75 4ms/step accuracy=0.8456 loss=0.3197 val_accuracy=0.9900 val_loss=0.0774
Epoch 36/100
75/75 4ms/step accuracy=0.8443 loss=0.3190 val_accuracy=0.9950 val_loss=0.0720
Epoch 37/100
75/75 4ms/step accuracy=0.8372 loss=0.3235 val_accuracy=0.9967 val_loss=0.0689
Epoch 38/100
75/75 4ms/step accuracy=0.8318 loss=0.3321 val_accuracy=0.9950 val_loss=0.0629
Epoch 39/100
75/75 4ms/step accuracy=0.8372 loss=0.3319 val_accuracy=0.9967 val_loss=0.0623
Epoch 40/100
75/75 4ms/step accuracy=0.8502 loss=0.3037 val_accuracy=0.9967 val_loss=0.0584
Epoch 41/100
75/75 4ms/step accuracy=0.8627 loss=0.2851 val_accuracy=0.9983 val_loss=0.0546
Epoch 42/100
75/75 4ms/step accuracy=0.8589 loss=0.2991 val_accuracy=0.9983 val_loss=0.0517
Epoch 43/100
75/75 5ms/step accuracy=0.8556 loss=0.2978 val_accuracy=0.9983 val_loss=0.0497
Epoch 44/100
75/75 4ms/step accuracy=0.8635 loss=0.2897 val_accuracy=0.9983 val_loss=0.0480
Epoch 45/100
75/75 5ms/step accuracy=0.8552 loss=0.2873 val_accuracy=0.9967 val_loss=0.0474
Epoch 46/100
75/75 4ms/step accuracy=0.8685 loss=0.2883 val_accuracy=0.9983 val_loss=0.0440
Epoch 47/100
75/75 4ms/step accuracy=0.8698 loss=0.2741 val_accuracy=0.9983 val_loss=0.0379
Epoch 48/100
75/75 4ms/step accuracy=0.8673 loss=0.2744 val_accuracy=1.0000 val_loss=0.0389
Epoch 49/100
75/75 4ms/step accuracy=0.8869 loss=0.2565 val_accuracy=0.9983 val_loss=0.0354
Epoch 50/100
75/75 4ms/step accuracy=0.8902 loss=0.2560 val_accuracy=0.9983 val_loss=0.0330
Epoch 51/100
75/75 4ms/step accuracy=0.8806 loss=0.2619 val_accuracy=0.9983 val_loss=0.0331
Epoch 52/100
75/75 4ms/step accuracy=0.8848 loss=0.2537 val_accuracy=0.9983 val_loss=0.0323
Epoch 53/100
75/75 5ms/step accuracy=0.8815 loss=0.2581 val_accuracy=1.0000 val_loss=0.0302
Epoch 54/100
75/75 4ms/step accuracy=0.8785 loss=0.2627 val_accuracy=1.0000 val_loss=0.0300
Epoch 55/100
75/75 5ms/step accuracy=0.8982 loss=0.2442 val_accuracy=1.0000 val_loss=0.0288
Epoch 56/100
75/75 4ms/step accuracy=0.8927 loss=0.2378 val_accuracy=1.0000 val_loss=0.0249
Epoch 57/100
75/75 5ms/step accuracy=0.9028 loss=0.2295 val_accuracy=1.0000 val_loss=0.0234
Epoch 58/100
75/75 4ms/step accuracy=0.9044 loss=0.2226 val_accuracy=0.9983 val_loss=0.0196
Epoch 59/100
75/75 4ms/step accuracy=0.9019 loss=0.2276 val_accuracy=0.9983 val_loss=0.0206
Epoch 60/100
75/75 4ms/step accuracy=0.9128 loss=0.2067 val_accuracy=1.0000 val_loss=0.0181
Epoch 61/100
75/75 4ms/step accuracy=0.9057 loss=0.2218 val_accuracy=1.0000 val_loss=0.0171
Epoch 62/100
75/75 4ms/step accuracy=0.9215 loss=0.1891 val_accuracy=1.0000 val_loss=0.0134
Epoch 63/100
75/75 5ms/step accuracy=0.9194 loss=0.1958 val_accuracy=1.0000 val_loss=0.0142
Epoch 64/100
75/75 4ms/step accuracy=0.9245 loss=0.1858 val_accuracy=1.0000 val_loss=0.0119
Epoch 65/100
75/75 4ms/step accuracy=0.9178 loss=0.1876 val_accuracy=1.0000 val_loss=0.0128
Epoch 66/100
75/75 4ms/step accuracy=0.9274 loss=0.1619 val_accuracy=1.0000 val_loss=0.0107
Epoch 67/100
75/75 4ms/step accuracy=0.9182 loss=0.1718 val_accuracy=1.0000 val_loss=0.0114
Epoch 68/100
75/75 4ms/step accuracy=0.9311 loss=0.1679 val_accuracy=1.0000 val_loss=0.0102
Epoch 69/100
75/75 5ms/step accuracy=0.9295 loss=0.1633 val_accuracy=1.0000 val_loss=0.0111
Epoch 70/100
75/75 4ms/step accuracy=0.9228 loss=0.1810 val_accuracy=1.0000 val_loss=0.0097
Epoch 71/100
75/75 4ms/step accuracy=0.9332 loss=0.1638 val_accuracy=1.0000 val_loss=0.0084
Epoch 72/100
75/75 4ms/step accuracy=0.9278 loss=0.1611 val_accuracy=1.0000 val_loss=0.0096
Epoch 73/100
75/75 4ms/step accuracy=0.9207 loss=0.1643 val_accuracy=1.0000 val_loss=0.0084
Epoch 74/100
75/75 3ms/step accuracy=0.9289 loss=0.1604
75/75 4ms/step accuracy=0.9299 loss=0.1570 val_accuracy=1.0000 val_loss=0.0073
Epoch 75/100
75/75 4ms/step accuracy=0.9345 loss=0.1521 val_accuracy=1.0000 val_loss=0.0083
Epoch 76/100
75/75 4ms/step accuracy=0.9428 loss=0.1445 val_accuracy=1.0000 val_loss=0.0082
Epoch 77/100
75/75 4ms/step accuracy=0.9412 loss=0.1392 val_accuracy=1.0000 val_loss=0.0060
Epoch 78/100
75/75 4ms/step accuracy=0.9462 loss=0.1341 val_accuracy=1.0000 val_loss=0.0062
Epoch 79/100
75/75 4ms/step accuracy=0.9403 loss=0.1388 val_accuracy=1.0000 val_loss=0.0055
Epoch 80/100
75/75 4ms/step accuracy=0.9487 loss=0.1324 val_accuracy=1.0000 val_loss=0.0059
Epoch 81/100
75/75 4ms/step accuracy=0.9512 loss=0.1321 val_accuracy=1.0000 val_loss=0.0057
Epoch 82/100
75/75 4ms/step accuracy=0.9512 loss=0.1212 val_accuracy=1.0000 val_loss=0.0047
Epoch 83/100
75/75 4ms/step accuracy=0.9478 loss=0.1333 val_accuracy=1.0000 val_loss=0.0049
Epoch 84/100
75/75 4ms/step accuracy=0.9428 loss=0.1412 val_accuracy=1.0000 val_loss=0.0047
Epoch 85/100
75/75 4ms/step accuracy=0.9604 loss=0.1108 val_accuracy=1.0000 val_loss=0.0041
Epoch 86/100
75/75 4ms/step accuracy=0.9512 loss=0.1153 val_accuracy=1.0000 val_loss=0.0040
Epoch 87/100
75/75 4ms/step accuracy=0.9516 loss=0.1206 val_accuracy=1.0000 val_loss=0.0045
Epoch 88/100
75/75 4ms/step accuracy=0.9566 loss=0.1126 val_accuracy=1.0000 val_loss=0.0037
Epoch 89/100
75/75 4ms/step accuracy=0.9570 loss=0.1031 val_accuracy=1.0000 val_loss=0.0033
Epoch 90/100
75/75 4ms/step accuracy=0.9499 loss=0.1231 val_accuracy=1.0000 val_loss=0.0033
Epoch 91/100
75/75 4ms/step accuracy=0.9562 loss=0.1156 val_accuracy=1.0000 val_loss=0.0034
Epoch 92/100
75/75 4ms/step accuracy=0.9570 loss=0.1065 val_accuracy=1.0000 val_loss=0.0030
Epoch 93/100
75/75 3ms/step accuracy=0.9503 loss=0.1277
75/75 4ms/step accuracy=0.9512 loss=0.1230 val_accuracy=1.0000 val_loss=0.0035
Epoch 94/100
75/75 4ms/step accuracy=0.9578 loss=0.1100 val_accuracy=1.0000 val_loss=0.0034
Epoch 95/100
75/75 4ms/step accuracy=0.9449 loss=0.1229 val_accuracy=1.0000 val_loss=0.0035
Epoch 96/100
75/75 4ms/step accuracy=0.9545 loss=0.1085 val_accuracy=1.0000 val_loss=0.0030
Epoch 97/100
75/75 4ms/step accuracy=0.9599 loss=0.1026 val_accuracy=1.0000 val_loss=0.0027
Epoch 98/100
75/75 4ms/step accuracy=0.9616 loss=0.0993 val_accuracy=1.0000 val_loss=0.0025
Epoch 99/100
75/75 4ms/step accuracy=0.9541 loss=0.1149 val_accuracy=1.0000 val_loss=0.0027
Epoch 100/100
75/75 4ms/step accuracy=0.9549 loss=0.1054 val_accuracy=1.0000 val_loss=0.0025
19/19 4ms/step accuracy=1.0000 loss=0.0025
Loss: 0.0025, Accuracy: 1.0000
2026-08-05 16:08:30 | INFO  | Saved plot: /home/albert/Ancestor/output/Step3_Model_22_TwoStage/2026-08-05-16-07-45/plot_000.png
2026-08-05 16:08:30 | INFO  | Saved plot: /home/albert/Ancestor/output/Step3_Model_22_TwoStage/2026-08-05-16-07-45/plot_001.png
2026-08-05 16:08:31 | INFO  | Saved plot: /home/albert/Ancestor/output/Step3_Model_22_TwoStage/2026-08-05-16-07-45/plot_002.png
