2026-10-02 00:43:18 | INFO    | Logger initialized: fault_type_accuracy_study
2026-10-02 00:43:18 | INFO    | log_file=logs\fault_type_accuracy_study\2026-10-02-00-43-18.log
2026-10-02 00:43:18 | INFO    | output_dir=output\fault_type_accuracy_study\2026-10-02-00-43-18
2026-10-02 00:45:32 | INFO    | evaluated arm=A1 fold=fixed-fold0 seed=0 logical_runs=2
2026-10-02 00:45:35 | INFO    | evaluated arm=A2 fold=fixed-fold0 seed=0 logical_runs=4
2026-10-02 00:45:39 | INFO    | evaluated arm=A3 fold=fixed-fold0 seed=0 logical_runs=6
2026-10-02 00:45:43 | INFO    | evaluated arm=A4 fold=fixed-fold0 seed=0 logical_runs=8
2026-10-02 00:45:48 | INFO    | evaluated arm=A5 fold=fixed-fold0 seed=0 logical_runs=10
2026-10-02 00:45:52 | INFO    | evaluated arm=A6 fold=fixed-fold0 seed=0 logical_runs=12
2026-10-02 00:45:56 | INFO    | evaluated arm=A7 fold=fixed-fold0 seed=0 logical_runs=14
2026-10-02 00:46:01 | INFO    | evaluated arm=A8 fold=fixed-fold0 seed=0 logical_runs=16
2026-10-02 00:46:05 | INFO    | evaluated arm=A1 fold=fixed-fold0 seed=1 logical_runs=18
2026-10-02 00:46:08 | INFO    | evaluated arm=A2 fold=fixed-fold0 seed=1 logical_runs=20
2026-10-02 00:46:12 | INFO    | evaluated arm=A3 fold=fixed-fold0 seed=1 logical_runs=22
2026-10-02 00:46:16 | INFO    | evaluated arm=A4 fold=fixed-fold0 seed=1 logical_runs=24
2026-10-02 00:46:20 | INFO    | evaluated arm=A5 fold=fixed-fold0 seed=1 logical_runs=26
2026-10-02 00:46:24 | INFO    | evaluated arm=A6 fold=fixed-fold0 seed=1 logical_runs=28
2026-10-02 00:46:28 | INFO    | evaluated arm=A7 fold=fixed-fold0 seed=1 logical_runs=30
2026-10-02 00:46:31 | INFO    | evaluated arm=A8 fold=fixed-fold0 seed=1 logical_runs=32
2026-10-02 00:46:35 | INFO    | evaluated arm=A1 fold=fixed-fold0 seed=2 logical_runs=34
2026-10-02 00:46:39 | INFO    | evaluated arm=A2 fold=fixed-fold0 seed=2 logical_runs=36
2026-10-02 00:46:42 | INFO    | evaluated arm=A3 fold=fixed-fold0 seed=2 logical_runs=38
2026-10-02 00:46:46 | INFO    | evaluated arm=A4 fold=fixed-fold0 seed=2 logical_runs=40
2026-10-02 00:46:49 | INFO    | evaluated arm=A5 fold=fixed-fold0 seed=2 logical_runs=42
2026-10-02 00:46:54 | INFO    | evaluated arm=A6 fold=fixed-fold0 seed=2 logical_runs=44
2026-10-02 00:46:57 | INFO    | evaluated arm=A7 fold=fixed-fold0 seed=2 logical_runs=46
2026-10-02 00:47:01 | INFO    | evaluated arm=A8 fold=fixed-fold0 seed=2 logical_runs=48
2026-10-02 00:47:05 | INFO    | evaluated arm=A1 fold=fixed-fold1 seed=0 logical_runs=50
2026-10-02 00:47:08 | INFO    | evaluated arm=A2 fold=fixed-fold1 seed=0 logical_runs=52
2026-10-02 00:47:12 | INFO    | evaluated arm=A3 fold=fixed-fold1 seed=0 logical_runs=54
2026-10-02 00:47:15 | INFO    | evaluated arm=A4 fold=fixed-fold1 seed=0 logical_runs=56
2026-10-02 00:47:19 | INFO    | evaluated arm=A5 fold=fixed-fold1 seed=0 logical_runs=58
2026-10-02 00:47:24 | INFO    | evaluated arm=A6 fold=fixed-fold1 seed=0 logical_runs=60
2026-10-02 00:47:27 | INFO    | evaluated arm=A7 fold=fixed-fold1 seed=0 logical_runs=62
2026-10-02 00:47:31 | INFO    | evaluated arm=A8 fold=fixed-fold1 seed=0 logical_runs=64
2026-10-02 00:47:35 | INFO    | evaluated arm=A1 fold=fixed-fold1 seed=1 logical_runs=66
2026-10-02 00:47:38 | INFO    | evaluated arm=A2 fold=fixed-fold1 seed=1 logical_runs=68
2026-10-02 00:47:42 | INFO    | evaluated arm=A3 fold=fixed-fold1 seed=1 logical_runs=70
2026-10-02 00:47:45 | INFO    | evaluated arm=A4 fold=fixed-fold1 seed=1 logical_runs=72
2026-10-02 00:47:49 | INFO    | evaluated arm=A5 fold=fixed-fold1 seed=1 logical_runs=74
2026-10-02 00:47:53 | INFO    | evaluated arm=A6 fold=fixed-fold1 seed=1 logical_runs=76
2026-10-02 00:47:57 | INFO    | evaluated arm=A7 fold=fixed-fold1 seed=1 logical_runs=78
2026-10-02 00:48:01 | INFO    | evaluated arm=A8 fold=fixed-fold1 seed=1 logical_runs=80
2026-10-02 00:48:04 | INFO    | evaluated arm=A1 fold=fixed-fold1 seed=2 logical_runs=82
2026-10-02 00:48:08 | INFO    | evaluated arm=A2 fold=fixed-fold1 seed=2 logical_runs=84
2026-10-02 00:48:11 | INFO    | evaluated arm=A3 fold=fixed-fold1 seed=2 logical_runs=86
2026-10-02 00:48:15 | INFO    | evaluated arm=A4 fold=fixed-fold1 seed=2 logical_runs=88
2026-10-02 00:48:19 | INFO    | evaluated arm=A5 fold=fixed-fold1 seed=2 logical_runs=90
2026-10-02 00:48:23 | INFO    | evaluated arm=A6 fold=fixed-fold1 seed=2 logical_runs=92
2026-10-02 00:48:27 | INFO    | evaluated arm=A7 fold=fixed-fold1 seed=2 logical_runs=94
2026-10-02 00:48:31 | INFO    | evaluated arm=A8 fold=fixed-fold1 seed=2 logical_runs=96
2026-10-02 00:48:35 | INFO    | evaluated arm=A1 fold=fixed-fold2 seed=0 logical_runs=98
2026-10-02 00:48:38 | INFO    | evaluated arm=A2 fold=fixed-fold2 seed=0 logical_runs=100
2026-10-02 00:48:42 | INFO    | evaluated arm=A3 fold=fixed-fold2 seed=0 logical_runs=102
2026-10-02 00:48:45 | INFO    | evaluated arm=A4 fold=fixed-fold2 seed=0 logical_runs=104
2026-10-02 00:48:49 | INFO    | evaluated arm=A5 fold=fixed-fold2 seed=0 logical_runs=106
2026-10-02 00:48:54 | INFO    | evaluated arm=A6 fold=fixed-fold2 seed=0 logical_runs=108
2026-10-02 00:48:57 | INFO    | evaluated arm=A7 fold=fixed-fold2 seed=0 logical_runs=110
2026-10-02 00:49:01 | INFO    | evaluated arm=A8 fold=fixed-fold2 seed=0 logical_runs=112
2026-10-02 00:49:05 | INFO    | evaluated arm=A1 fold=fixed-fold2 seed=1 logical_runs=114
2026-10-02 00:49:08 | INFO    | evaluated arm=A2 fold=fixed-fold2 seed=1 logical_runs=116
2026-10-02 00:49:12 | INFO    | evaluated arm=A3 fold=fixed-fold2 seed=1 logical_runs=118
2026-10-02 00:49:15 | INFO    | evaluated arm=A4 fold=fixed-fold2 seed=1 logical_runs=120
2026-10-02 00:49:19 | INFO    | evaluated arm=A5 fold=fixed-fold2 seed=1 logical_runs=122
2026-10-02 00:49:23 | INFO    | evaluated arm=A6 fold=fixed-fold2 seed=1 logical_runs=124
2026-10-02 00:49:27 | INFO    | evaluated arm=A7 fold=fixed-fold2 seed=1 logical_runs=126
2026-10-02 00:49:31 | INFO    | evaluated arm=A8 fold=fixed-fold2 seed=1 logical_runs=128
2026-10-02 00:49:35 | INFO    | evaluated arm=A1 fold=fixed-fold2 seed=2 logical_runs=130
2026-10-02 00:49:38 | INFO    | evaluated arm=A2 fold=fixed-fold2 seed=2 logical_runs=132
2026-10-02 00:49:42 | INFO    | evaluated arm=A3 fold=fixed-fold2 seed=2 logical_runs=134
2026-10-02 00:49:46 | INFO    | evaluated arm=A4 fold=fixed-fold2 seed=2 logical_runs=136
2026-10-02 00:49:49 | INFO    | evaluated arm=A5 fold=fixed-fold2 seed=2 logical_runs=138
2026-10-02 00:49:54 | INFO    | evaluated arm=A6 fold=fixed-fold2 seed=2 logical_runs=140
2026-10-02 00:49:57 | INFO    | evaluated arm=A7 fold=fixed-fold2 seed=2 logical_runs=142
2026-10-02 00:50:01 | INFO    | evaluated arm=A8 fold=fixed-fold2 seed=2 logical_runs=144
2026-10-02 00:50:09 | INFO    | evaluated arm=B fold=fixed-fold0 seed=0 logical_runs=150
2026-10-02 00:50:16 | INFO    | evaluated arm=B fold=fixed-fold0 seed=1 logical_runs=156
2026-10-02 00:50:23 | INFO    | evaluated arm=B fold=fixed-fold0 seed=2 logical_runs=162
2026-10-02 00:50:31 | INFO    | evaluated arm=B fold=fixed-fold1 seed=0 logical_runs=168
2026-10-02 00:50:39 | INFO    | evaluated arm=B fold=fixed-fold1 seed=1 logical_runs=174
2026-10-02 00:50:47 | INFO    | evaluated arm=B fold=fixed-fold1 seed=2 logical_runs=180
2026-10-02 00:50:55 | INFO    | evaluated arm=B fold=fixed-fold2 seed=0 logical_runs=186
2026-10-02 00:51:03 | INFO    | evaluated arm=B fold=fixed-fold2 seed=1 logical_runs=192
2026-10-02 00:51:10 | INFO    | evaluated arm=B fold=fixed-fold2 seed=2 logical_runs=198
2026-10-02 00:51:11 | INFO    | 198 new logical evaluations completed; output=output\fault_type_accuracy_study\2026-10-02-00-43-18
