2026-08-05 17:00:15 | INFO  | Logger initialized
2026-08-05 17:00:15 | INFO  | log_file=/home/albert/Ancestor/logs/Step6_Model_15_Retrain/2026-08-05-17-00-15.log
2026-08-05 17:00:15 | INFO  | output_dir=/home/albert/Ancestor/output/Step6_Model_15_Retrain/2026-08-05-17-00-15
[gpu_utils] GPU x1 已啟用：['/physical_device:GPU:0']
自訂 Label Mapping:
8screws: 0
1screws: 1
2screws: 2
3screws: 3
4screws: 4
5screws: 5
6screws: 6
7screws: 7
3_14screws: 8
4_146screws: 9
[Training] Device: /GPU:0
Epoch 1/100
150/150 49ms/step accuracy=0.1323 loss=2.2716
150/150 69ms/step accuracy=0.1421 loss=2.1963 val_accuracy=0.1937 val_loss=1.9538
Epoch 2/100
150/150 5ms/step accuracy=0.3659 loss=1.7478 val_accuracy=0.6586 val_loss=1.2189
Epoch 3/100
150/150 5ms/step accuracy=0.5911 loss=1.1222 val_accuracy=0.8189 val_loss=0.5982
Epoch 4/100
150/150 5ms/step accuracy=0.7111 loss=0.8121 val_accuracy=0.8990 val_loss=0.3966
Epoch 5/100
150/150 5ms/step accuracy=0.7925 loss=0.5947 val_accuracy=0.9382 val_loss=0.2531
Epoch 6/100
150/150 4ms/step accuracy=0.8476 loss=0.4717 val_accuracy=0.9599 val_loss=0.1666
Epoch 7/100
150/150 5ms/step accuracy=0.8927 loss=0.3484 val_accuracy=0.9816 val_loss=0.0922
Epoch 8/100
150/150 5ms/step accuracy=0.9278 loss=0.2398 val_accuracy=0.9908 val_loss=0.0533
Epoch 9/100
150/150 5ms/step accuracy=0.9422 loss=0.1798 val_accuracy=0.9933 val_loss=0.0315
Epoch 10/100
150/150 5ms/step accuracy=0.9555 loss=0.1402 val_accuracy=0.9967 val_loss=0.0209
Epoch 11/100
150/150 6ms/step accuracy=0.9651 loss=0.1150 val_accuracy=0.9967 val_loss=0.0167
Epoch 12/100
150/150 5ms/step accuracy=0.9664 loss=0.1094 val_accuracy=0.9958 val_loss=0.0143
Epoch 13/100
150/150 3ms/step accuracy=0.9763 loss=0.0810
150/150 5ms/step accuracy=0.9745 loss=0.0863 val_accuracy=0.9958 val_loss=0.0177
Epoch 14/100
150/150 4ms/step accuracy=0.9802 loss=0.0706 val_accuracy=0.9983 val_loss=0.0088
Epoch 15/100
150/150 4ms/step accuracy=0.9772 loss=0.0710 val_accuracy=0.9967 val_loss=0.0092
Epoch 16/100
150/150 4ms/step accuracy=0.9827 loss=0.0583 val_accuracy=0.9967 val_loss=0.0092
Epoch 17/100
150/150 4ms/step accuracy=0.9856 loss=0.0462 val_accuracy=0.9983 val_loss=0.0051
Epoch 18/100
150/150 4ms/step accuracy=0.9885 loss=0.0404 val_accuracy=0.9975 val_loss=0.0052
Epoch 19/100
150/150 4ms/step accuracy=0.9848 loss=0.0482 val_accuracy=0.9983 val_loss=0.0031
Epoch 20/100
150/150 4ms/step accuracy=0.9887 loss=0.0373 val_accuracy=0.9967 val_loss=0.0071
Epoch 21/100
150/150 4ms/step accuracy=0.9881 loss=0.0474 val_accuracy=0.9992 val_loss=0.0078
Epoch 22/100
150/150 4ms/step accuracy=0.9896 loss=0.0356 val_accuracy=0.9992 val_loss=0.0039
Epoch 23/100
150/150 5ms/step accuracy=0.9919 loss=0.0304 val_accuracy=1.0000 val_loss=6.6878e-04
Epoch 24/100
150/150 5ms/step accuracy=0.9912 loss=0.0306 val_accuracy=0.9992 val_loss=0.0016
Epoch 25/100
150/150 5ms/step accuracy=0.9894 loss=0.0280 val_accuracy=0.9992 val_loss=0.0065
Epoch 26/100
150/150 4ms/step accuracy=0.9937 loss=0.0226 val_accuracy=0.9992 val_loss=0.0017
Epoch 27/100
150/150 5ms/step accuracy=0.9935 loss=0.0237 val_accuracy=0.9975 val_loss=0.0134
Epoch 28/100
150/150 5ms/step accuracy=0.9917 loss=0.0249 val_accuracy=0.9992 val_loss=0.0096
Epoch 29/100
150/150 5ms/step accuracy=0.9931 loss=0.0213 val_accuracy=0.9992 val_loss=0.0083
Epoch 30/100
150/150 4ms/step accuracy=0.9946 loss=0.0184 val_accuracy=0.9983 val_loss=0.0027
Epoch 31/100
150/150 5ms/step accuracy=0.9956 loss=0.0198 val_accuracy=0.9983 val_loss=0.0027
Epoch 32/100
150/150 4ms/step accuracy=0.9925 loss=0.0239 val_accuracy=0.9983 val_loss=0.0061
Epoch 33/100
150/150 4ms/step accuracy=0.9956 loss=0.0127 val_accuracy=0.9975 val_loss=0.0045
38/38 3ms/step accuracy=1.0000 loss=6.6878e-04
Screw Number Loss: 0.0007, Screw Number Accuracy: 1.0000
2026-08-05 17:01:02 | INFO  | Saved plot: /home/albert/Ancestor/output/Step6_Model_15_Retrain/2026-08-05-17-00-15/plot_000.png
2026-08-05 17:01:03 | INFO  | Saved plot: /home/albert/Ancestor/output/Step6_Model_15_Retrain/2026-08-05-17-00-15/plot_001.png
2026-08-05 17:01:04 | INFO  | Saved plot: /home/albert/Ancestor/output/Step6_Model_15_Retrain/2026-08-05-17-00-15/plot_002.png
重訓練模型已儲存：/home/albert/Ancestor/data/Step-2/model/VGG16_B6000_retrained.keras
