2026-08-05 15:36:08 | INFO  | Logger initialized
2026-08-05 15:36:08 | INFO  | log_file=/home/albert/Ancestor/logs/Step3_Model_06/2026-08-05-15-36-08.log
2026-08-05 15:36:08 | INFO  | output_dir=/home/albert/Ancestor/output/Step3_Model_06/2026-08-05-15-36-08
[gpu_utils] GPU x1 已啟用：['/physical_device:GPU:0']
自訂 Label Mapping:
8screws: 0
1screws: 1
2screws: 2
3screws: 3
4screws: 4
模型已成功載入。
Model 2 - Layer 0: input_layer | Trainable: False
Model 2 - Layer 1: conv1d | Trainable: False
Model 2 - Layer 2: conv1d_1 | Trainable: False
Model 2 - Layer 3: max_pooling1d | Trainable: False
Model 2 - Layer 4: conv1d_2 | Trainable: False
Model 2 - Layer 5: conv1d_3 | Trainable: False
Model 2 - Layer 6: max_pooling1d_1 | Trainable: False
Model 2 - Layer 7: conv1d_4 | Trainable: False
Model 2 - Layer 8: conv1d_5 | Trainable: False
Model 2 - Layer 9: conv1d_6 | Trainable: False
Model 2 - Layer 10: max_pooling1d_2 | Trainable: False
Model 2 - Layer 11: conv1d_7 | Trainable: False
Model 2 - Layer 12: conv1d_8 | Trainable: False
Model 2 - Layer 13: conv1d_9 | Trainable: True
Model 2 - Layer 14: max_pooling1d_3 | Trainable: True
Model 2 - Layer 15: conv1d_10 | Trainable: True
Model 2 - Layer 16: conv1d_11 | Trainable: True
Model 2 - Layer 17: conv1d_12 | Trainable: True
Model 2 - Layer 18: max_pooling1d_4 | Trainable: True
Model 2 - Layer 19: flatten | Trainable: True
Model 2 - Layer 20: dense | Trainable: True
Model 2 - Layer 21: dropout | Trainable: True
Model 2 - Layer 22: dense_1 | Trainable: True
Model 2 - Layer 23: dropout_1 | Trainable: True
Model 2 - Layer 24: Screw_Number_Output | Trainable: True
[Training] Device: /GPU:0
Epoch 1/100
75/75 48ms/step accuracy=0.3901 loss=3.2635
75/75 76ms/step accuracy=0.4352 loss=2.2577 val_accuracy=0.5311 val_loss=0.9059
Epoch 2/100
75/75 4ms/step accuracy=0.5442 loss=1.0862 val_accuracy=0.7109 val_loss=0.7052
Epoch 3/100
75/75 4ms/step accuracy=0.6720 loss=0.8425 val_accuracy=0.8118 val_loss=0.5559
Epoch 4/100
75/75 4ms/step accuracy=0.7536 loss=0.7056 val_accuracy=0.8622 val_loss=0.4355
Epoch 5/100
75/75 4ms/step accuracy=0.7914 loss=0.6045 val_accuracy=0.8891 val_loss=0.3532
Epoch 6/100
75/75 4ms/step accuracy=0.8112 loss=0.5178 val_accuracy=0.8975 val_loss=0.3014
Epoch 7/100
75/75 4ms/step accuracy=0.8263 loss=0.4868 val_accuracy=0.9176 val_loss=0.2609
Epoch 8/100
75/75 4ms/step accuracy=0.8465 loss=0.4493 val_accuracy=0.9311 val_loss=0.2353
Epoch 9/100
75/75 6ms/step accuracy=0.8587 loss=0.4038 val_accuracy=0.9445 val_loss=0.2061
Epoch 10/100
75/75 4ms/step accuracy=0.8692 loss=0.3831 val_accuracy=0.9496 val_loss=0.1868
Epoch 11/100
75/75 4ms/step accuracy=0.8688 loss=0.3768 val_accuracy=0.9613 val_loss=0.1626
Epoch 12/100
75/75 4ms/step accuracy=0.8717 loss=0.3628 val_accuracy=0.9597 val_loss=0.1593
Epoch 13/100
75/75 4ms/step accuracy=0.8881 loss=0.3193 val_accuracy=0.9597 val_loss=0.1434
Epoch 14/100
75/75 4ms/step accuracy=0.8898 loss=0.3192 val_accuracy=0.9697 val_loss=0.1226
Epoch 15/100
75/75 4ms/step accuracy=0.8907 loss=0.3061 val_accuracy=0.9748 val_loss=0.1114
Epoch 16/100
75/75 3ms/step accuracy=0.8929 loss=0.2989
75/75 4ms/step accuracy=0.8923 loss=0.3034 val_accuracy=0.9748 val_loss=0.1108
Epoch 17/100
75/75 4ms/step accuracy=0.9121 loss=0.2745 val_accuracy=0.9765 val_loss=0.0969
Epoch 18/100
75/75 4ms/step accuracy=0.9142 loss=0.2534 val_accuracy=0.9866 val_loss=0.0825
Epoch 19/100
75/75 4ms/step accuracy=0.9176 loss=0.2611 val_accuracy=0.9899 val_loss=0.0795
Epoch 20/100
75/75 4ms/step accuracy=0.9146 loss=0.2493 val_accuracy=0.9899 val_loss=0.0694
Epoch 21/100
75/75 4ms/step accuracy=0.9251 loss=0.2363 val_accuracy=0.9849 val_loss=0.0630
Epoch 22/100
75/75 4ms/step accuracy=0.9294 loss=0.2169 val_accuracy=0.9882 val_loss=0.0510
Epoch 23/100
75/75 4ms/step accuracy=0.9277 loss=0.2224 val_accuracy=0.9899 val_loss=0.0537
Epoch 24/100
75/75 3ms/step accuracy=0.9399 loss=0.2030
75/75 4ms/step accuracy=0.9390 loss=0.2000 val_accuracy=0.9866 val_loss=0.0522
Epoch 25/100
75/75 4ms/step accuracy=0.9336 loss=0.2029 val_accuracy=0.9882 val_loss=0.0460
Epoch 26/100
75/75 4ms/step accuracy=0.9453 loss=0.1789 val_accuracy=0.9950 val_loss=0.0384
Epoch 27/100
75/75 4ms/step accuracy=0.9281 loss=0.1975 val_accuracy=0.9950 val_loss=0.0339
Epoch 28/100
75/75 3ms/step accuracy=0.9351 loss=0.1913
75/75 4ms/step accuracy=0.9420 loss=0.1782 val_accuracy=0.9966 val_loss=0.0308
Epoch 29/100
75/75 4ms/step accuracy=0.9420 loss=0.1686 val_accuracy=0.9966 val_loss=0.0311
Epoch 30/100
75/75 6ms/step accuracy=0.9458 loss=0.1628 val_accuracy=0.9966 val_loss=0.0281
Epoch 31/100
75/75 4ms/step accuracy=0.9437 loss=0.1760 val_accuracy=0.9933 val_loss=0.0323
Epoch 32/100
75/75 4ms/step accuracy=0.9491 loss=0.1578 val_accuracy=0.9933 val_loss=0.0272
Epoch 33/100
75/75 4ms/step accuracy=0.9487 loss=0.1590 val_accuracy=0.9966 val_loss=0.0287
Epoch 34/100
75/75 4ms/step accuracy=0.9592 loss=0.1424 val_accuracy=0.9966 val_loss=0.0206
Epoch 35/100
75/75 4ms/step accuracy=0.9525 loss=0.1453 val_accuracy=0.9950 val_loss=0.0184
Epoch 36/100
75/75 4ms/step accuracy=0.9453 loss=0.1607 val_accuracy=0.9950 val_loss=0.0223
Epoch 37/100
75/75 4ms/step accuracy=0.9537 loss=0.1455 val_accuracy=0.9983 val_loss=0.0153
Epoch 38/100
75/75 4ms/step accuracy=0.9504 loss=0.1533 val_accuracy=0.9983 val_loss=0.0159
Epoch 39/100
75/75 4ms/step accuracy=0.9571 loss=0.1360 val_accuracy=0.9983 val_loss=0.0116
Epoch 40/100
75/75 4ms/step accuracy=0.9537 loss=0.1334 val_accuracy=0.9966 val_loss=0.0188
Epoch 41/100
75/75 4ms/step accuracy=0.9579 loss=0.1363 val_accuracy=0.9966 val_loss=0.0143
Epoch 42/100
75/75 4ms/step accuracy=0.9592 loss=0.1360 val_accuracy=0.9983 val_loss=0.0135
Epoch 43/100
75/75 4ms/step accuracy=0.9605 loss=0.1252 val_accuracy=0.9983 val_loss=0.0120
Epoch 44/100
75/75 4ms/step accuracy=0.9634 loss=0.1130 val_accuracy=0.9966 val_loss=0.0128
Epoch 45/100
75/75 4ms/step accuracy=0.9622 loss=0.1235 val_accuracy=0.9983 val_loss=0.0094
Epoch 46/100
75/75 4ms/step accuracy=0.9584 loss=0.1300 val_accuracy=0.9983 val_loss=0.0105
Epoch 47/100
75/75 4ms/step accuracy=0.9659 loss=0.1271 val_accuracy=0.9983 val_loss=0.0103
Epoch 48/100
75/75 4ms/step accuracy=0.9638 loss=0.1151 val_accuracy=0.9983 val_loss=0.0099
Epoch 49/100
75/75 3ms/step accuracy=0.9611 loss=0.1243
75/75 4ms/step accuracy=0.9533 loss=0.1348 val_accuracy=0.9983 val_loss=0.0088
Epoch 50/100
75/75 4ms/step accuracy=0.9563 loss=0.1214 val_accuracy=0.9983 val_loss=0.0086
Epoch 51/100
75/75 4ms/step accuracy=0.9592 loss=0.1113 val_accuracy=0.9983 val_loss=0.0087
Epoch 52/100
75/75 4ms/step accuracy=0.9634 loss=0.1229 val_accuracy=0.9983 val_loss=0.0071
Epoch 53/100
75/75 4ms/step accuracy=0.9634 loss=0.1282 val_accuracy=0.9983 val_loss=0.0077
Epoch 54/100
75/75 4ms/step accuracy=0.9655 loss=0.1029 val_accuracy=0.9983 val_loss=0.0071
Epoch 55/100
75/75 4ms/step accuracy=0.9647 loss=0.1119 val_accuracy=0.9983 val_loss=0.0078
Epoch 56/100
75/75 4ms/step accuracy=0.9622 loss=0.1123 val_accuracy=0.9983 val_loss=0.0081
Epoch 57/100
75/75 4ms/step accuracy=0.9630 loss=0.1157 val_accuracy=0.9983 val_loss=0.0064
Epoch 58/100
75/75 4ms/step accuracy=0.9685 loss=0.1041 val_accuracy=0.9983 val_loss=0.0064
Epoch 59/100
75/75 4ms/step accuracy=0.9651 loss=0.1123 val_accuracy=0.9983 val_loss=0.0061
Epoch 60/100
75/75 4ms/step accuracy=0.9643 loss=0.1033 val_accuracy=0.9983 val_loss=0.0055
Epoch 61/100
75/75 4ms/step accuracy=0.9718 loss=0.0983 val_accuracy=1.0000 val_loss=0.0053
Epoch 62/100
75/75 3ms/step accuracy=0.9627 loss=0.1116
75/75 4ms/step accuracy=0.9622 loss=0.1112 val_accuracy=0.9983 val_loss=0.0069
Epoch 63/100
75/75 4ms/step accuracy=0.9739 loss=0.0922 val_accuracy=1.0000 val_loss=0.0037
Epoch 64/100
75/75 4ms/step accuracy=0.9617 loss=0.1075 val_accuracy=0.9983 val_loss=0.0054
Epoch 65/100
75/75 4ms/step accuracy=0.9676 loss=0.0991 val_accuracy=1.0000 val_loss=0.0039
Epoch 66/100
75/75 4ms/step accuracy=0.9718 loss=0.0902 val_accuracy=0.9983 val_loss=0.0049
Epoch 67/100
75/75 4ms/step accuracy=0.9697 loss=0.0958 val_accuracy=0.9983 val_loss=0.0039
Epoch 68/100
75/75 4ms/step accuracy=0.9685 loss=0.0929 val_accuracy=0.9983 val_loss=0.0040
Epoch 69/100
75/75 3ms/step accuracy=0.9638 loss=0.0988
75/75 4ms/step accuracy=0.9659 loss=0.1044 val_accuracy=1.0000 val_loss=0.0037
Epoch 70/100
75/75 4ms/step accuracy=0.9655 loss=0.0968 val_accuracy=1.0000 val_loss=0.0053
Epoch 71/100
75/75 4ms/step accuracy=0.9714 loss=0.0827 val_accuracy=1.0000 val_loss=0.0030
Epoch 72/100
75/75 4ms/step accuracy=0.9701 loss=0.0889 val_accuracy=1.0000 val_loss=0.0037
Epoch 73/100
75/75 4ms/step accuracy=0.9722 loss=0.0891 val_accuracy=0.9983 val_loss=0.0045
Epoch 74/100
75/75 4ms/step accuracy=0.9739 loss=0.0856 val_accuracy=1.0000 val_loss=0.0036
Epoch 75/100
75/75 4ms/step accuracy=0.9689 loss=0.0905 val_accuracy=1.0000 val_loss=0.0031
Epoch 76/100
75/75 4ms/step accuracy=0.9773 loss=0.0785 val_accuracy=1.0000 val_loss=0.0041
Epoch 77/100
75/75 4ms/step accuracy=0.9706 loss=0.0767 val_accuracy=1.0000 val_loss=0.0024
Epoch 78/100
75/75 4ms/step accuracy=0.9685 loss=0.0923 val_accuracy=1.0000 val_loss=0.0032
Epoch 79/100
75/75 4ms/step accuracy=0.9735 loss=0.0790 val_accuracy=0.9983 val_loss=0.0036
Epoch 80/100
75/75 4ms/step accuracy=0.9735 loss=0.0811 val_accuracy=1.0000 val_loss=0.0027
Epoch 81/100
75/75 4ms/step accuracy=0.9739 loss=0.0847 val_accuracy=1.0000 val_loss=0.0018
Epoch 82/100
75/75 4ms/step accuracy=0.9714 loss=0.0896 val_accuracy=0.9983 val_loss=0.0040
Epoch 83/100
75/75 4ms/step accuracy=0.9659 loss=0.0929 val_accuracy=1.0000 val_loss=0.0022
Epoch 84/100
75/75 4ms/step accuracy=0.9731 loss=0.0768 val_accuracy=1.0000 val_loss=0.0020
Epoch 85/100
75/75 4ms/step accuracy=0.9765 loss=0.0756 val_accuracy=1.0000 val_loss=0.0015
Epoch 86/100
75/75 4ms/step accuracy=0.9735 loss=0.0823 val_accuracy=1.0000 val_loss=0.0022
Epoch 87/100
75/75 4ms/step accuracy=0.9710 loss=0.0844 val_accuracy=1.0000 val_loss=0.0011
Epoch 88/100
75/75 4ms/step accuracy=0.9731 loss=0.0776 val_accuracy=1.0000 val_loss=0.0017
Epoch 89/100
75/75 4ms/step accuracy=0.9769 loss=0.0713 val_accuracy=1.0000 val_loss=0.0016
Epoch 90/100
75/75 4ms/step accuracy=0.9731 loss=0.0788 val_accuracy=1.0000 val_loss=0.0032
Epoch 91/100
75/75 4ms/step accuracy=0.9760 loss=0.0730 val_accuracy=1.0000 val_loss=0.0018
Epoch 92/100
75/75 4ms/step accuracy=0.9735 loss=0.0793 val_accuracy=1.0000 val_loss=0.0019
Epoch 93/100
75/75 4ms/step accuracy=0.9765 loss=0.0744 val_accuracy=1.0000 val_loss=0.0015
Epoch 94/100
75/75 4ms/step accuracy=0.9718 loss=0.0746 val_accuracy=1.0000 val_loss=0.0012
Epoch 95/100
75/75 4ms/step accuracy=0.9693 loss=0.0799 val_accuracy=1.0000 val_loss=0.0024
Epoch 96/100
75/75 4ms/step accuracy=0.9790 loss=0.0660 val_accuracy=1.0000 val_loss=0.0017
Epoch 97/100
75/75 4ms/step accuracy=0.9697 loss=0.0857 val_accuracy=0.9983 val_loss=0.0041
19/19 3ms/step accuracy=1.0000 loss=0.0011
Loss: 0.0011, Accuracy: 1.0000
2026-08-05 15:36:56 | INFO  | Saved plot: /home/albert/Ancestor/output/Step3_Model_06/2026-08-05-15-36-08/plot_000.png
2026-08-05 15:36:56 | INFO  | Saved plot: /home/albert/Ancestor/output/Step3_Model_06/2026-08-05-15-36-08/plot_001.png
2026-08-05 15:36:58 | INFO  | Saved plot: /home/albert/Ancestor/output/Step3_Model_06/2026-08-05-15-36-08/plot_002.png
