2026-08-05 16:25:50 | INFO  | Logger initialized
2026-08-05 16:25:50 | INFO  | log_file=/home/albert/Ancestor/logs/Step4_Model_21_Detecting/2026-08-05-16-25-50.log
2026-08-05 16:25:50 | INFO  | output_dir=/home/albert/Ancestor/output/Step4_Model_21_Detecting/2026-08-05-16-25-50
=== 1. Loading training data ===
✔️ Train : (1247, 105)  |  Test : (312, 105)
==============================
▶ mcs = 21 | conf = 0.9 | thr = 8.13
==============================
--- Test‑set validation
outliers: 4screws 4筆
C0      : 1screws 59筆
C1      : 8screws 54筆
C2      : 2screws 73筆
C3      : 3screws 71筆
C4      : 4screws 51筆
* C0  | size  59 | dist   2.20 | Known
* C1  | size  54 | dist   2.31 | Known
* C2  | size  73 | dist   1.93 | Known
* C3  | size  71 | dist   1.83 | Known
* C4  | size  51 | dist   2.37 | Known
--- Unknown ['5screws'] | mcs 21
C4      : 50 pts
C3      : 72 pts
C2      : 73 pts
C5      : 47 pts
C1      : 54 pts
C0      : 59 pts
outliers: 17 pts
C0  | size  59 | dist   2.20 | Known
C1  | size  54 | dist   2.31 | Known
C2  | size  73 | dist   1.93 | Known
C3  | size  72 | dist   1.81 | Known
C4  | size  50 | dist  11.06 | New Fault
C5  | size  47 | dist   2.37 | Known
--- Unknown ['5screws', '6screws'] | mcs 21
C1      : 60 pts
C3      : 73 pts
outliers: 17 pts
C6      : 47 pts
C0      : 59 pts
C4      : 72 pts
C5      : 50 pts
C2      : 54 pts
C0  | size  59 | dist   2.20 | Known
C1  | size  60 | dist  14.16 | New Fault
C2  | size  54 | dist   2.31 | Known
C3  | size  73 | dist   1.93 | Known
C4  | size  72 | dist   1.81 | Known
C5  | size  50 | dist  11.06 | New Fault
C6  | size  47 | dist   2.37 | Known
--- Unknown ['5screws', '6screws', '7screws'] | mcs 21
C3      : 49 pts
C0      : 58 pts
C4      : 66 pts
C7      : 42 pts
C6      : 45 pts
C1      : 53 pts
C5      : 65 pts
outliers: 15 pts
C2      : 57 pts
C0  | size  58 | dist   2.19 | Known
C1  | size  53 | dist  49.16 | New Fault
C2  | size  57 | dist  14.14 | New Fault
C3  | size  49 | dist   2.35 | Known
C4  | size  66 | dist   1.92 | Known
C5  | size  65 | dist   1.79 | Known
C6  | size  45 | dist  11.01 | New Fault
C7  | size  42 | dist   2.40 | Known
--- Unknown ['5screws', '6screws', '7screws', '3_14screws'] | mcs 21
C4      : 46 pts
C8      : 41 pts
C0      : 49 pts
C6      : 59 pts
C3      : 62 pts
C7      : 37 pts
C2      : 46 pts
outliers: 20 pts
C1      : 41 pts
C5      : 49 pts
C0  | size  49 | dist   2.31 | Known
C1  | size  41 | dist   2.28 | Known
C2  | size  46 | dist  50.27 | New Fault
C3  | size  62 | dist   1.96 | Known
C4  | size  46 | dist  26.76 | New Fault
C5  | size  49 | dist  14.20 | New Fault
C6  | size  59 | dist   1.82 | Known
C7  | size  37 | dist  11.53 | New Fault
C8  | size  41 | dist   2.41 | Known
--- Unknown ['5screws', '6screws', '7screws', '3_14screws', '4_146screws'] | mcs 21
C8      : 38 pts
C2      : 26 pts
C0      : 44 pts
C7      : 34 pts
C5      : 51 pts
C1      : 42 pts
C9      : 34 pts
outliers: 42 pts
C4      : 45 pts
C3      : 44 pts
C6      : 50 pts
C0  | size  44 | dist   2.36 | Known
C1  | size  42 | dist  49.31 | New Fault
C2  | size  26 | dist   3.08 | Known
C3  | size  44 | dist  19.54 | New Fault
C4  | size  45 | dist  14.38 | New Fault
C5  | size  51 | dist   1.92 | Known
C6  | size  50 | dist   1.85 | Known
C7  | size  34 | dist  14.95 | New Fault
C8  | size  38 | dist   2.44 | Known
C9  | size  34 | dist  11.64 | New Fault
==============================
▶ mcs = 21 | conf = 0.95 | thr = 9.05
==============================
--- Test‑set validation
outliers: 4screws 4筆
C0      : 1screws 59筆
C1      : 8screws 54筆
C2      : 2screws 73筆
C3      : 3screws 71筆
C4      : 4screws 51筆
* C0  | size  59 | dist   2.20 | Known
* C1  | size  54 | dist   2.31 | Known
* C2  | size  73 | dist   1.93 | Known
* C3  | size  71 | dist   1.83 | Known
* C4  | size  51 | dist   2.37 | Known
--- Unknown ['5screws'] | mcs 21
C4      : 50 pts
C3      : 72 pts
C2      : 73 pts
C5      : 47 pts
C1      : 54 pts
C0      : 59 pts
outliers: 17 pts
C0  | size  59 | dist   2.20 | Known
C1  | size  54 | dist   2.31 | Known
C2  | size  73 | dist   1.93 | Known
C3  | size  72 | dist   1.81 | Known
C4  | size  50 | dist  11.06 | New Fault
C5  | size  47 | dist   2.37 | Known
--- Unknown ['5screws', '6screws'] | mcs 21
C1      : 60 pts
C3      : 73 pts
outliers: 17 pts
C6      : 47 pts
C0      : 59 pts
C4      : 72 pts
C5      : 50 pts
C2      : 54 pts
C0  | size  59 | dist   2.20 | Known
C1  | size  60 | dist  14.16 | New Fault
C2  | size  54 | dist   2.31 | Known
C3  | size  73 | dist   1.93 | Known
C4  | size  72 | dist   1.81 | Known
C5  | size  50 | dist  11.06 | New Fault
C6  | size  47 | dist   2.37 | Known
--- Unknown ['5screws', '6screws', '7screws'] | mcs 21
C3      : 49 pts
C0      : 58 pts
C4      : 66 pts
C7      : 42 pts
C6      : 45 pts
C1      : 53 pts
C5      : 65 pts
outliers: 15 pts
C2      : 57 pts
C0  | size  58 | dist   2.19 | Known
C1  | size  53 | dist  49.16 | New Fault
C2  | size  57 | dist  14.14 | New Fault
C3  | size  49 | dist   2.35 | Known
C4  | size  66 | dist   1.92 | Known
C5  | size  65 | dist   1.79 | Known
C6  | size  45 | dist  11.01 | New Fault
C7  | size  42 | dist   2.40 | Known
--- Unknown ['5screws', '6screws', '7screws', '3_14screws'] | mcs 21
C4      : 46 pts
C8      : 41 pts
C0      : 49 pts
C6      : 59 pts
C3      : 62 pts
C7      : 37 pts
C2      : 46 pts
outliers: 20 pts
C1      : 41 pts
C5      : 49 pts
C0  | size  49 | dist   2.31 | Known
C1  | size  41 | dist   2.28 | Known
C2  | size  46 | dist  50.27 | New Fault
C3  | size  62 | dist   1.96 | Known
C4  | size  46 | dist  26.76 | New Fault
C5  | size  49 | dist  14.20 | New Fault
C6  | size  59 | dist   1.82 | Known
C7  | size  37 | dist  11.53 | New Fault
C8  | size  41 | dist   2.41 | Known
--- Unknown ['5screws', '6screws', '7screws', '3_14screws', '4_146screws'] | mcs 21
C8      : 38 pts
C2      : 26 pts
C0      : 44 pts
C7      : 34 pts
C5      : 51 pts
C1      : 42 pts
C9      : 34 pts
outliers: 42 pts
C4      : 45 pts
C3      : 44 pts
C6      : 50 pts
C0  | size  44 | dist   2.36 | Known
C1  | size  42 | dist  49.31 | New Fault
C2  | size  26 | dist   3.08 | Known
C3  | size  44 | dist  19.54 | New Fault
C4  | size  45 | dist  14.38 | New Fault
C5  | size  51 | dist   1.92 | Known
C6  | size  50 | dist   1.85 | Known
C7  | size  34 | dist  14.95 | New Fault
C8  | size  38 | dist   2.44 | Known
C9  | size  34 | dist  11.64 | New Fault
==============================
▶ mcs = 21 | conf = 0.99 | thr = 11.77
==============================
--- Test‑set validation
outliers: 4screws 4筆
C0      : 1screws 59筆
C1      : 8screws 54筆
C2      : 2screws 73筆
C3      : 3screws 71筆
C4      : 4screws 51筆
* C0  | size  59 | dist   2.20 | Known
* C1  | size  54 | dist   2.31 | Known
* C2  | size  73 | dist   1.93 | Known
* C3  | size  71 | dist   1.83 | Known
* C4  | size  51 | dist   2.37 | Known
--- Unknown ['5screws'] | mcs 21
C4      : 50 pts
C3      : 72 pts
C2      : 73 pts
C5      : 47 pts
C1      : 54 pts
C0      : 59 pts
outliers: 17 pts
C0  | size  59 | dist   2.20 | Known
C1  | size  54 | dist   2.31 | Known
C2  | size  73 | dist   1.93 | Known
C3  | size  72 | dist   1.81 | Known
C4  | size  50 | dist  11.06 | Known
C5  | size  47 | dist   2.37 | Known
--- Unknown ['5screws', '6screws'] | mcs 21
C1      : 60 pts
C3      : 73 pts
outliers: 17 pts
C6      : 47 pts
C0      : 59 pts
C4      : 72 pts
C5      : 50 pts
C2      : 54 pts
C0  | size  59 | dist   2.20 | Known
C1  | size  60 | dist  14.16 | New Fault
C2  | size  54 | dist   2.31 | Known
C3  | size  73 | dist   1.93 | Known
C4  | size  72 | dist   1.81 | Known
C5  | size  50 | dist  11.06 | Known
C6  | size  47 | dist   2.37 | Known
--- Unknown ['5screws', '6screws', '7screws'] | mcs 21
C3      : 49 pts
C0      : 58 pts
C4      : 66 pts
C7      : 42 pts
C6      : 45 pts
C1      : 53 pts
C5      : 65 pts
outliers: 15 pts
C2      : 57 pts
C0  | size  58 | dist   2.19 | Known
C1  | size  53 | dist  49.16 | New Fault
C2  | size  57 | dist  14.14 | New Fault
C3  | size  49 | dist   2.35 | Known
C4  | size  66 | dist   1.92 | Known
C5  | size  65 | dist   1.79 | Known
C6  | size  45 | dist  11.01 | Known
C7  | size  42 | dist   2.40 | Known
--- Unknown ['5screws', '6screws', '7screws', '3_14screws'] | mcs 21
C4      : 46 pts
C8      : 41 pts
C0      : 49 pts
C6      : 59 pts
C3      : 62 pts
C7      : 37 pts
C2      : 46 pts
outliers: 20 pts
C1      : 41 pts
C5      : 49 pts
C0  | size  49 | dist   2.31 | Known
C1  | size  41 | dist   2.28 | Known
C2  | size  46 | dist  50.27 | New Fault
C3  | size  62 | dist   1.96 | Known
C4  | size  46 | dist  26.76 | New Fault
C5  | size  49 | dist  14.20 | New Fault
C6  | size  59 | dist   1.82 | Known
C7  | size  37 | dist  11.53 | Known
C8  | size  41 | dist   2.41 | Known
--- Unknown ['5screws', '6screws', '7screws', '3_14screws', '4_146screws'] | mcs 21
C8      : 38 pts
C2      : 26 pts
C0      : 44 pts
C7      : 34 pts
C5      : 51 pts
C1      : 42 pts
C9      : 34 pts
outliers: 42 pts
C4      : 45 pts
C3      : 44 pts
C6      : 50 pts
C0  | size  44 | dist   2.36 | Known
C1  | size  42 | dist  49.31 | New Fault
C2  | size  26 | dist   3.08 | Known
C3  | size  44 | dist  19.54 | New Fault
C4  | size  45 | dist  14.38 | New Fault
C5  | size  51 | dist   1.92 | Known
C6  | size  50 | dist   1.85 | Known
C7  | size  34 | dist  14.95 | New Fault
C8  | size  38 | dist   2.44 | Known
C9  | size  34 | dist  11.64 | Known
==============================
▶ mcs = 22 | conf = 0.9 | thr = 8.13
==============================
--- Test‑set validation
outliers: 4screws 4筆
C0      : 1screws 59筆
C1      : 8screws 54筆
C2      : 2screws 73筆
C3      : 3screws 71筆
C4      : 4screws 51筆
* C0  | size  59 | dist   2.20 | Known
* C1  | size  54 | dist   2.31 | Known
* C2  | size  73 | dist   1.93 | Known
* C3  | size  71 | dist   1.83 | Known
* C4  | size  51 | dist   2.37 | Known
--- Unknown ['5screws'] | mcs 22
C4      : 50 pts
C3      : 72 pts
C2      : 73 pts
C5      : 47 pts
C1      : 54 pts
C0      : 59 pts
outliers: 17 pts
C0  | size  59 | dist   2.20 | Known
C1  | size  54 | dist   2.31 | Known
C2  | size  73 | dist   1.93 | Known
C3  | size  72 | dist   1.81 | Known
C4  | size  50 | dist  11.06 | New Fault
C5  | size  47 | dist   2.37 | Known
--- Unknown ['5screws', '6screws'] | mcs 22
C1      : 60 pts
C3      : 73 pts
outliers: 17 pts
C6      : 47 pts
C0      : 59 pts
C4      : 72 pts
C5      : 50 pts
C2      : 54 pts
C0  | size  59 | dist   2.20 | Known
C1  | size  60 | dist  14.16 | New Fault
C2  | size  54 | dist   2.31 | Known
C3  | size  73 | dist   1.93 | Known
C4  | size  72 | dist   1.81 | Known
C5  | size  50 | dist  11.06 | New Fault
C6  | size  47 | dist   2.37 | Known
--- Unknown ['5screws', '6screws', '7screws'] | mcs 22
C3      : 49 pts
C0      : 58 pts
C4      : 66 pts
C7      : 42 pts
C6      : 45 pts
C1      : 53 pts
C5      : 65 pts
outliers: 15 pts
C2      : 57 pts
C0  | size  58 | dist   2.19 | Known
C1  | size  53 | dist  49.16 | New Fault
C2  | size  57 | dist  14.14 | New Fault
C3  | size  49 | dist   2.35 | Known
C4  | size  66 | dist   1.92 | Known
C5  | size  65 | dist   1.79 | Known
C6  | size  45 | dist  11.01 | New Fault
C7  | size  42 | dist   2.40 | Known
--- Unknown ['5screws', '6screws', '7screws', '3_14screws'] | mcs 22
C4      : 46 pts
C8      : 41 pts
C0      : 49 pts
C6      : 59 pts
C3      : 62 pts
C7      : 37 pts
C2      : 46 pts
outliers: 20 pts
C1      : 41 pts
C5      : 49 pts
C0  | size  49 | dist   2.31 | Known
C1  | size  41 | dist   2.28 | Known
C2  | size  46 | dist  50.27 | New Fault
C3  | size  62 | dist   1.96 | Known
C4  | size  46 | dist  26.76 | New Fault
C5  | size  49 | dist  14.20 | New Fault
C6  | size  59 | dist   1.82 | Known
C7  | size  37 | dist  11.53 | New Fault
C8  | size  41 | dist   2.41 | Known
--- Unknown ['5screws', '6screws', '7screws', '3_14screws', '4_146screws'] | mcs 22
C8      : 38 pts
C2      : 26 pts
C0      : 44 pts
C7      : 34 pts
C5      : 51 pts
C1      : 42 pts
C9      : 34 pts
outliers: 42 pts
C4      : 45 pts
C3      : 44 pts
C6      : 50 pts
C0  | size  44 | dist   2.36 | Known
C1  | size  42 | dist  49.31 | New Fault
C2  | size  26 | dist   3.08 | Known
C3  | size  44 | dist  19.54 | New Fault
C4  | size  45 | dist  14.38 | New Fault
C5  | size  51 | dist   1.92 | Known
C6  | size  50 | dist   1.85 | Known
C7  | size  34 | dist  14.95 | New Fault
C8  | size  38 | dist   2.44 | Known
C9  | size  34 | dist  11.64 | New Fault
==============================
▶ mcs = 22 | conf = 0.95 | thr = 9.05
==============================
--- Test‑set validation
outliers: 4screws 4筆
C0      : 1screws 59筆
C1      : 8screws 54筆
C2      : 2screws 73筆
C3      : 3screws 71筆
C4      : 4screws 51筆
* C0  | size  59 | dist   2.20 | Known
* C1  | size  54 | dist   2.31 | Known
* C2  | size  73 | dist   1.93 | Known
* C3  | size  71 | dist   1.83 | Known
* C4  | size  51 | dist   2.37 | Known
--- Unknown ['5screws'] | mcs 22
C4      : 50 pts
C3      : 72 pts
C2      : 73 pts
C5      : 47 pts
C1      : 54 pts
C0      : 59 pts
outliers: 17 pts
C0  | size  59 | dist   2.20 | Known
C1  | size  54 | dist   2.31 | Known
C2  | size  73 | dist   1.93 | Known
C3  | size  72 | dist   1.81 | Known
C4  | size  50 | dist  11.06 | New Fault
C5  | size  47 | dist   2.37 | Known
--- Unknown ['5screws', '6screws'] | mcs 22
C1      : 60 pts
C3      : 73 pts
outliers: 17 pts
C6      : 47 pts
C0      : 59 pts
C4      : 72 pts
C5      : 50 pts
C2      : 54 pts
C0  | size  59 | dist   2.20 | Known
C1  | size  60 | dist  14.16 | New Fault
C2  | size  54 | dist   2.31 | Known
C3  | size  73 | dist   1.93 | Known
C4  | size  72 | dist   1.81 | Known
C5  | size  50 | dist  11.06 | New Fault
C6  | size  47 | dist   2.37 | Known
--- Unknown ['5screws', '6screws', '7screws'] | mcs 22
C3      : 49 pts
C0      : 58 pts
C4      : 66 pts
C7      : 42 pts
C6      : 45 pts
C1      : 53 pts
C5      : 65 pts
outliers: 15 pts
C2      : 57 pts
C0  | size  58 | dist   2.19 | Known
C1  | size  53 | dist  49.16 | New Fault
C2  | size  57 | dist  14.14 | New Fault
C3  | size  49 | dist   2.35 | Known
C4  | size  66 | dist   1.92 | Known
C5  | size  65 | dist   1.79 | Known
C6  | size  45 | dist  11.01 | New Fault
C7  | size  42 | dist   2.40 | Known
--- Unknown ['5screws', '6screws', '7screws', '3_14screws'] | mcs 22
C4      : 46 pts
C8      : 41 pts
C0      : 49 pts
C6      : 59 pts
C3      : 62 pts
C7      : 37 pts
C2      : 46 pts
outliers: 20 pts
C1      : 41 pts
C5      : 49 pts
C0  | size  49 | dist   2.31 | Known
C1  | size  41 | dist   2.28 | Known
C2  | size  46 | dist  50.27 | New Fault
C3  | size  62 | dist   1.96 | Known
C4  | size  46 | dist  26.76 | New Fault
C5  | size  49 | dist  14.20 | New Fault
C6  | size  59 | dist   1.82 | Known
C7  | size  37 | dist  11.53 | New Fault
C8  | size  41 | dist   2.41 | Known
--- Unknown ['5screws', '6screws', '7screws', '3_14screws', '4_146screws'] | mcs 22
C8      : 38 pts
C2      : 26 pts
C0      : 44 pts
C7      : 34 pts
C5      : 51 pts
C1      : 42 pts
C9      : 34 pts
outliers: 42 pts
C4      : 45 pts
C3      : 44 pts
C6      : 50 pts
C0  | size  44 | dist   2.36 | Known
C1  | size  42 | dist  49.31 | New Fault
C2  | size  26 | dist   3.08 | Known
C3  | size  44 | dist  19.54 | New Fault
C4  | size  45 | dist  14.38 | New Fault
C5  | size  51 | dist   1.92 | Known
C6  | size  50 | dist   1.85 | Known
C7  | size  34 | dist  14.95 | New Fault
C8  | size  38 | dist   2.44 | Known
C9  | size  34 | dist  11.64 | New Fault
==============================
▶ mcs = 22 | conf = 0.99 | thr = 11.77
==============================
--- Test‑set validation
outliers: 4screws 4筆
C0      : 1screws 59筆
C1      : 8screws 54筆
C2      : 2screws 73筆
C3      : 3screws 71筆
C4      : 4screws 51筆
* C0  | size  59 | dist   2.20 | Known
* C1  | size  54 | dist   2.31 | Known
* C2  | size  73 | dist   1.93 | Known
* C3  | size  71 | dist   1.83 | Known
* C4  | size  51 | dist   2.37 | Known
--- Unknown ['5screws'] | mcs 22
C4      : 50 pts
C3      : 72 pts
C2      : 73 pts
C5      : 47 pts
C1      : 54 pts
C0      : 59 pts
outliers: 17 pts
C0  | size  59 | dist   2.20 | Known
C1  | size  54 | dist   2.31 | Known
C2  | size  73 | dist   1.93 | Known
C3  | size  72 | dist   1.81 | Known
C4  | size  50 | dist  11.06 | Known
C5  | size  47 | dist   2.37 | Known
--- Unknown ['5screws', '6screws'] | mcs 22
C1      : 60 pts
C3      : 73 pts
outliers: 17 pts
C6      : 47 pts
C0      : 59 pts
C4      : 72 pts
C5      : 50 pts
C2      : 54 pts
C0  | size  59 | dist   2.20 | Known
C1  | size  60 | dist  14.16 | New Fault
C2  | size  54 | dist   2.31 | Known
C3  | size  73 | dist   1.93 | Known
C4  | size  72 | dist   1.81 | Known
C5  | size  50 | dist  11.06 | Known
C6  | size  47 | dist   2.37 | Known
--- Unknown ['5screws', '6screws', '7screws'] | mcs 22
C3      : 49 pts
C0      : 58 pts
C4      : 66 pts
C7      : 42 pts
C6      : 45 pts
C1      : 53 pts
C5      : 65 pts
outliers: 15 pts
C2      : 57 pts
C0  | size  58 | dist   2.19 | Known
C1  | size  53 | dist  49.16 | New Fault
C2  | size  57 | dist  14.14 | New Fault
C3  | size  49 | dist   2.35 | Known
C4  | size  66 | dist   1.92 | Known
C5  | size  65 | dist   1.79 | Known
C6  | size  45 | dist  11.01 | Known
C7  | size  42 | dist   2.40 | Known
--- Unknown ['5screws', '6screws', '7screws', '3_14screws'] | mcs 22
C4      : 46 pts
C8      : 41 pts
C0      : 49 pts
C6      : 59 pts
C3      : 62 pts
C7      : 37 pts
C2      : 46 pts
outliers: 20 pts
C1      : 41 pts
C5      : 49 pts
C0  | size  49 | dist   2.31 | Known
C1  | size  41 | dist   2.28 | Known
C2  | size  46 | dist  50.27 | New Fault
C3  | size  62 | dist   1.96 | Known
C4  | size  46 | dist  26.76 | New Fault
C5  | size  49 | dist  14.20 | New Fault
C6  | size  59 | dist   1.82 | Known
C7  | size  37 | dist  11.53 | Known
C8  | size  41 | dist   2.41 | Known
--- Unknown ['5screws', '6screws', '7screws', '3_14screws', '4_146screws'] | mcs 22
C8      : 38 pts
C2      : 26 pts
C0      : 44 pts
C7      : 34 pts
C5      : 51 pts
C1      : 42 pts
C9      : 34 pts
outliers: 42 pts
C4      : 45 pts
C3      : 44 pts
C6      : 50 pts
C0  | size  44 | dist   2.36 | Known
C1  | size  42 | dist  49.31 | New Fault
C2  | size  26 | dist   3.08 | Known
C3  | size  44 | dist  19.54 | New Fault
C4  | size  45 | dist  14.38 | New Fault
C5  | size  51 | dist   1.92 | Known
C6  | size  50 | dist   1.85 | Known
C7  | size  34 | dist  14.95 | New Fault
C8  | size  38 | dist   2.44 | Known
C9  | size  34 | dist  11.64 | Known
==============================
▶ mcs = 23 | conf = 0.9 | thr = 8.13
==============================
--- Test‑set validation
outliers: 4screws 4筆
C0      : 1screws 59筆
C1      : 8screws 54筆
C2      : 2screws 73筆
C3      : 3screws 71筆
C4      : 4screws 51筆
* C0  | size  59 | dist   2.20 | Known
* C1  | size  54 | dist   2.31 | Known
* C2  | size  73 | dist   1.93 | Known
* C3  | size  71 | dist   1.83 | Known
* C4  | size  51 | dist   2.37 | Known
--- Unknown ['5screws'] | mcs 23
C4      : 50 pts
C3      : 72 pts
C2      : 73 pts
C5      : 47 pts
C1      : 54 pts
C0      : 59 pts
outliers: 17 pts
C0  | size  59 | dist   2.20 | Known
C1  | size  54 | dist   2.31 | Known
C2  | size  73 | dist   1.93 | Known
C3  | size  72 | dist   1.81 | Known
C4  | size  50 | dist  11.06 | New Fault
C5  | size  47 | dist   2.37 | Known
--- Unknown ['5screws', '6screws'] | mcs 23
C1      : 60 pts
C3      : 73 pts
outliers: 17 pts
C6      : 47 pts
C0      : 59 pts
C4      : 72 pts
C5      : 50 pts
C2      : 54 pts
C0  | size  59 | dist   2.20 | Known
C1  | size  60 | dist  14.16 | New Fault
C2  | size  54 | dist   2.31 | Known
C3  | size  73 | dist   1.93 | Known
C4  | size  72 | dist   1.81 | Known
C5  | size  50 | dist  11.06 | New Fault
C6  | size  47 | dist   2.37 | Known
--- Unknown ['5screws', '6screws', '7screws'] | mcs 23
C3      : 49 pts
C0      : 58 pts
C4      : 66 pts
C7      : 42 pts
C6      : 45 pts
C1      : 53 pts
C5      : 65 pts
outliers: 15 pts
C2      : 57 pts
C0  | size  58 | dist   2.19 | Known
C1  | size  53 | dist  49.16 | New Fault
C2  | size  57 | dist  14.14 | New Fault
C3  | size  49 | dist   2.35 | Known
C4  | size  66 | dist   1.92 | Known
C5  | size  65 | dist   1.79 | Known
C6  | size  45 | dist  11.01 | New Fault
C7  | size  42 | dist   2.40 | Known
--- Unknown ['5screws', '6screws', '7screws', '3_14screws'] | mcs 23
C4      : 46 pts
C8      : 41 pts
C0      : 49 pts
C6      : 59 pts
C3      : 62 pts
C7      : 37 pts
C2      : 46 pts
outliers: 20 pts
C1      : 41 pts
C5      : 49 pts
C0  | size  49 | dist   2.31 | Known
C1  | size  41 | dist   2.28 | Known
C2  | size  46 | dist  50.27 | New Fault
C3  | size  62 | dist   1.96 | Known
C4  | size  46 | dist  26.76 | New Fault
C5  | size  49 | dist  14.20 | New Fault
C6  | size  59 | dist   1.82 | Known
C7  | size  37 | dist  11.53 | New Fault
C8  | size  41 | dist   2.41 | Known
--- Unknown ['5screws', '6screws', '7screws', '3_14screws', '4_146screws'] | mcs 23
C8      : 38 pts
C2      : 26 pts
C0      : 44 pts
C7      : 34 pts
C5      : 51 pts
C1      : 42 pts
C9      : 34 pts
outliers: 42 pts
C4      : 45 pts
C3      : 44 pts
C6      : 50 pts
C0  | size  44 | dist   2.36 | Known
C1  | size  42 | dist  49.31 | New Fault
C2  | size  26 | dist   3.08 | Known
C3  | size  44 | dist  19.54 | New Fault
C4  | size  45 | dist  14.38 | New Fault
C5  | size  51 | dist   1.92 | Known
C6  | size  50 | dist   1.85 | Known
C7  | size  34 | dist  14.95 | New Fault
C8  | size  38 | dist   2.44 | Known
C9  | size  34 | dist  11.64 | New Fault
==============================
▶ mcs = 23 | conf = 0.95 | thr = 9.05
==============================
--- Test‑set validation
outliers: 4screws 4筆
C0      : 1screws 59筆
C1      : 8screws 54筆
C2      : 2screws 73筆
C3      : 3screws 71筆
C4      : 4screws 51筆
* C0  | size  59 | dist   2.20 | Known
* C1  | size  54 | dist   2.31 | Known
* C2  | size  73 | dist   1.93 | Known
* C3  | size  71 | dist   1.83 | Known
* C4  | size  51 | dist   2.37 | Known
--- Unknown ['5screws'] | mcs 23
C4      : 50 pts
C3      : 72 pts
C2      : 73 pts
C5      : 47 pts
C1      : 54 pts
C0      : 59 pts
outliers: 17 pts
C0  | size  59 | dist   2.20 | Known
C1  | size  54 | dist   2.31 | Known
C2  | size  73 | dist   1.93 | Known
C3  | size  72 | dist   1.81 | Known
C4  | size  50 | dist  11.06 | New Fault
C5  | size  47 | dist   2.37 | Known
--- Unknown ['5screws', '6screws'] | mcs 23
C1      : 60 pts
C3      : 73 pts
outliers: 17 pts
C6      : 47 pts
C0      : 59 pts
C4      : 72 pts
C5      : 50 pts
C2      : 54 pts
C0  | size  59 | dist   2.20 | Known
C1  | size  60 | dist  14.16 | New Fault
C2  | size  54 | dist   2.31 | Known
C3  | size  73 | dist   1.93 | Known
C4  | size  72 | dist   1.81 | Known
C5  | size  50 | dist  11.06 | New Fault
C6  | size  47 | dist   2.37 | Known
--- Unknown ['5screws', '6screws', '7screws'] | mcs 23
C3      : 49 pts
C0      : 58 pts
C4      : 66 pts
C7      : 42 pts
C6      : 45 pts
C1      : 53 pts
C5      : 65 pts
outliers: 15 pts
C2      : 57 pts
C0  | size  58 | dist   2.19 | Known
C1  | size  53 | dist  49.16 | New Fault
C2  | size  57 | dist  14.14 | New Fault
C3  | size  49 | dist   2.35 | Known
C4  | size  66 | dist   1.92 | Known
C5  | size  65 | dist   1.79 | Known
C6  | size  45 | dist  11.01 | New Fault
C7  | size  42 | dist   2.40 | Known
--- Unknown ['5screws', '6screws', '7screws', '3_14screws'] | mcs 23
C4      : 46 pts
C8      : 41 pts
C0      : 49 pts
C6      : 59 pts
C3      : 62 pts
C7      : 37 pts
C2      : 46 pts
outliers: 20 pts
C1      : 41 pts
C5      : 49 pts
C0  | size  49 | dist   2.31 | Known
C1  | size  41 | dist   2.28 | Known
C2  | size  46 | dist  50.27 | New Fault
C3  | size  62 | dist   1.96 | Known
C4  | size  46 | dist  26.76 | New Fault
C5  | size  49 | dist  14.20 | New Fault
C6  | size  59 | dist   1.82 | Known
C7  | size  37 | dist  11.53 | New Fault
C8  | size  41 | dist   2.41 | Known
--- Unknown ['5screws', '6screws', '7screws', '3_14screws', '4_146screws'] | mcs 23
C8      : 38 pts
C2      : 26 pts
C0      : 44 pts
C7      : 34 pts
C5      : 51 pts
C1      : 42 pts
C9      : 34 pts
outliers: 42 pts
C4      : 45 pts
C3      : 44 pts
C6      : 50 pts
C0  | size  44 | dist   2.36 | Known
C1  | size  42 | dist  49.31 | New Fault
C2  | size  26 | dist   3.08 | Known
C3  | size  44 | dist  19.54 | New Fault
C4  | size  45 | dist  14.38 | New Fault
C5  | size  51 | dist   1.92 | Known
C6  | size  50 | dist   1.85 | Known
C7  | size  34 | dist  14.95 | New Fault
C8  | size  38 | dist   2.44 | Known
C9  | size  34 | dist  11.64 | New Fault
==============================
▶ mcs = 23 | conf = 0.99 | thr = 11.77
==============================
--- Test‑set validation
outliers: 4screws 4筆
C0      : 1screws 59筆
C1      : 8screws 54筆
C2      : 2screws 73筆
C3      : 3screws 71筆
C4      : 4screws 51筆
* C0  | size  59 | dist   2.20 | Known
* C1  | size  54 | dist   2.31 | Known
* C2  | size  73 | dist   1.93 | Known
* C3  | size  71 | dist   1.83 | Known
* C4  | size  51 | dist   2.37 | Known
--- Unknown ['5screws'] | mcs 23
C4      : 50 pts
C3      : 72 pts
C2      : 73 pts
C5      : 47 pts
C1      : 54 pts
C0      : 59 pts
outliers: 17 pts
C0  | size  59 | dist   2.20 | Known
C1  | size  54 | dist   2.31 | Known
C2  | size  73 | dist   1.93 | Known
C3  | size  72 | dist   1.81 | Known
C4  | size  50 | dist  11.06 | Known
C5  | size  47 | dist   2.37 | Known
--- Unknown ['5screws', '6screws'] | mcs 23
C1      : 60 pts
C3      : 73 pts
outliers: 17 pts
C6      : 47 pts
C0      : 59 pts
C4      : 72 pts
C5      : 50 pts
C2      : 54 pts
C0  | size  59 | dist   2.20 | Known
C1  | size  60 | dist  14.16 | New Fault
C2  | size  54 | dist   2.31 | Known
C3  | size  73 | dist   1.93 | Known
C4  | size  72 | dist   1.81 | Known
C5  | size  50 | dist  11.06 | Known
C6  | size  47 | dist   2.37 | Known
--- Unknown ['5screws', '6screws', '7screws'] | mcs 23
C3      : 49 pts
C0      : 58 pts
C4      : 66 pts
C7      : 42 pts
C6      : 45 pts
C1      : 53 pts
C5      : 65 pts
outliers: 15 pts
C2      : 57 pts
C0  | size  58 | dist   2.19 | Known
C1  | size  53 | dist  49.16 | New Fault
C2  | size  57 | dist  14.14 | New Fault
C3  | size  49 | dist   2.35 | Known
C4  | size  66 | dist   1.92 | Known
C5  | size  65 | dist   1.79 | Known
C6  | size  45 | dist  11.01 | Known
C7  | size  42 | dist   2.40 | Known
--- Unknown ['5screws', '6screws', '7screws', '3_14screws'] | mcs 23
C4      : 46 pts
C8      : 41 pts
C0      : 49 pts
C6      : 59 pts
C3      : 62 pts
C7      : 37 pts
C2      : 46 pts
outliers: 20 pts
C1      : 41 pts
C5      : 49 pts
C0  | size  49 | dist   2.31 | Known
C1  | size  41 | dist   2.28 | Known
C2  | size  46 | dist  50.27 | New Fault
C3  | size  62 | dist   1.96 | Known
C4  | size  46 | dist  26.76 | New Fault
C5  | size  49 | dist  14.20 | New Fault
C6  | size  59 | dist   1.82 | Known
C7  | size  37 | dist  11.53 | Known
C8  | size  41 | dist   2.41 | Known
--- Unknown ['5screws', '6screws', '7screws', '3_14screws', '4_146screws'] | mcs 23
C8      : 38 pts
C2      : 26 pts
C0      : 44 pts
C7      : 34 pts
C5      : 51 pts
C1      : 42 pts
C9      : 34 pts
outliers: 42 pts
C4      : 45 pts
C3      : 44 pts
C6      : 50 pts
C0  | size  44 | dist   2.36 | Known
C1  | size  42 | dist  49.31 | New Fault
C2  | size  26 | dist   3.08 | Known
C3  | size  44 | dist  19.54 | New Fault
C4  | size  45 | dist  14.38 | New Fault
C5  | size  51 | dist   1.92 | Known
C6  | size  50 | dist   1.85 | Known
C7  | size  34 | dist  14.95 | New Fault
C8  | size  38 | dist   2.44 | Known
C9  | size  34 | dist  11.64 | Known
==============================
▶ mcs = 24 | conf = 0.9 | thr = 8.13
==============================
--- Test‑set validation
outliers: 4screws 4筆
C0      : 1screws 59筆
C1      : 8screws 54筆
C2      : 2screws 73筆
C3      : 3screws 71筆
C4      : 4screws 51筆
* C0  | size  59 | dist   2.20 | Known
* C1  | size  54 | dist   2.31 | Known
* C2  | size  73 | dist   1.93 | Known
* C3  | size  71 | dist   1.83 | Known
* C4  | size  51 | dist   2.37 | Known
--- Unknown ['5screws'] | mcs 24
C4      : 50 pts
C3      : 72 pts
C2      : 73 pts
C5      : 47 pts
C1      : 54 pts
C0      : 59 pts
outliers: 17 pts
C0  | size  59 | dist   2.20 | Known
C1  | size  54 | dist   2.31 | Known
C2  | size  73 | dist   1.93 | Known
C3  | size  72 | dist   1.81 | Known
C4  | size  50 | dist  11.06 | New Fault
C5  | size  47 | dist   2.37 | Known
--- Unknown ['5screws', '6screws'] | mcs 24
C1      : 60 pts
C3      : 73 pts
outliers: 17 pts
C6      : 47 pts
C0      : 59 pts
C4      : 72 pts
C5      : 50 pts
C2      : 54 pts
C0  | size  59 | dist   2.20 | Known
C1  | size  60 | dist  14.16 | New Fault
C2  | size  54 | dist   2.31 | Known
C3  | size  73 | dist   1.93 | Known
C4  | size  72 | dist   1.81 | Known
C5  | size  50 | dist  11.06 | New Fault
C6  | size  47 | dist   2.37 | Known
--- Unknown ['5screws', '6screws', '7screws'] | mcs 24
C3      : 49 pts
C0      : 58 pts
C4      : 66 pts
C7      : 42 pts
C6      : 45 pts
C1      : 53 pts
C5      : 65 pts
outliers: 15 pts
C2      : 57 pts
C0  | size  58 | dist   2.19 | Known
C1  | size  53 | dist  49.16 | New Fault
C2  | size  57 | dist  14.14 | New Fault
C3  | size  49 | dist   2.35 | Known
C4  | size  66 | dist   1.92 | Known
C5  | size  65 | dist   1.79 | Known
C6  | size  45 | dist  11.01 | New Fault
C7  | size  42 | dist   2.40 | Known
--- Unknown ['5screws', '6screws', '7screws', '3_14screws'] | mcs 24
C4      : 46 pts
C8      : 41 pts
C0      : 49 pts
C6      : 59 pts
C3      : 62 pts
C7      : 37 pts
C2      : 46 pts
outliers: 20 pts
C1      : 41 pts
C5      : 49 pts
C0  | size  49 | dist   2.31 | Known
C1  | size  41 | dist   2.28 | Known
C2  | size  46 | dist  50.27 | New Fault
C3  | size  62 | dist   1.96 | Known
C4  | size  46 | dist  26.76 | New Fault
C5  | size  49 | dist  14.20 | New Fault
C6  | size  59 | dist   1.82 | Known
C7  | size  37 | dist  11.53 | New Fault
C8  | size  41 | dist   2.41 | Known
--- Unknown ['5screws', '6screws', '7screws', '3_14screws', '4_146screws'] | mcs 24
C8      : 38 pts
C2      : 26 pts
C0      : 44 pts
C7      : 34 pts
C5      : 51 pts
C1      : 42 pts
C9      : 34 pts
outliers: 42 pts
C4      : 45 pts
C3      : 44 pts
C6      : 50 pts
C0  | size  44 | dist   2.36 | Known
C1  | size  42 | dist  49.31 | New Fault
C2  | size  26 | dist   3.08 | Known
C3  | size  44 | dist  19.54 | New Fault
C4  | size  45 | dist  14.38 | New Fault
C5  | size  51 | dist   1.92 | Known
C6  | size  50 | dist   1.85 | Known
C7  | size  34 | dist  14.95 | New Fault
C8  | size  38 | dist   2.44 | Known
C9  | size  34 | dist  11.64 | New Fault
==============================
▶ mcs = 24 | conf = 0.95 | thr = 9.05
==============================
--- Test‑set validation
outliers: 4screws 4筆
C0      : 1screws 59筆
C1      : 8screws 54筆
C2      : 2screws 73筆
C3      : 3screws 71筆
C4      : 4screws 51筆
* C0  | size  59 | dist   2.20 | Known
* C1  | size  54 | dist   2.31 | Known
* C2  | size  73 | dist   1.93 | Known
* C3  | size  71 | dist   1.83 | Known
* C4  | size  51 | dist   2.37 | Known
--- Unknown ['5screws'] | mcs 24
C4      : 50 pts
C3      : 72 pts
C2      : 73 pts
C5      : 47 pts
C1      : 54 pts
C0      : 59 pts
outliers: 17 pts
C0  | size  59 | dist   2.20 | Known
C1  | size  54 | dist   2.31 | Known
C2  | size  73 | dist   1.93 | Known
C3  | size  72 | dist   1.81 | Known
C4  | size  50 | dist  11.06 | New Fault
C5  | size  47 | dist   2.37 | Known
--- Unknown ['5screws', '6screws'] | mcs 24
C1      : 60 pts
C3      : 73 pts
outliers: 17 pts
C6      : 47 pts
C0      : 59 pts
C4      : 72 pts
C5      : 50 pts
C2      : 54 pts
C0  | size  59 | dist   2.20 | Known
C1  | size  60 | dist  14.16 | New Fault
C2  | size  54 | dist   2.31 | Known
C3  | size  73 | dist   1.93 | Known
C4  | size  72 | dist   1.81 | Known
C5  | size  50 | dist  11.06 | New Fault
C6  | size  47 | dist   2.37 | Known
--- Unknown ['5screws', '6screws', '7screws'] | mcs 24
C3      : 49 pts
C0      : 58 pts
C4      : 66 pts
C7      : 42 pts
C6      : 45 pts
C1      : 53 pts
C5      : 65 pts
outliers: 15 pts
C2      : 57 pts
C0  | size  58 | dist   2.19 | Known
C1  | size  53 | dist  49.16 | New Fault
C2  | size  57 | dist  14.14 | New Fault
C3  | size  49 | dist   2.35 | Known
C4  | size  66 | dist   1.92 | Known
C5  | size  65 | dist   1.79 | Known
C6  | size  45 | dist  11.01 | New Fault
C7  | size  42 | dist   2.40 | Known
--- Unknown ['5screws', '6screws', '7screws', '3_14screws'] | mcs 24
C4      : 46 pts
C8      : 41 pts
C0      : 49 pts
C6      : 59 pts
C3      : 62 pts
C7      : 37 pts
C2      : 46 pts
outliers: 20 pts
C1      : 41 pts
C5      : 49 pts
C0  | size  49 | dist   2.31 | Known
C1  | size  41 | dist   2.28 | Known
C2  | size  46 | dist  50.27 | New Fault
C3  | size  62 | dist   1.96 | Known
C4  | size  46 | dist  26.76 | New Fault
C5  | size  49 | dist  14.20 | New Fault
C6  | size  59 | dist   1.82 | Known
C7  | size  37 | dist  11.53 | New Fault
C8  | size  41 | dist   2.41 | Known
--- Unknown ['5screws', '6screws', '7screws', '3_14screws', '4_146screws'] | mcs 24
C8      : 38 pts
C2      : 26 pts
C0      : 44 pts
C7      : 34 pts
C5      : 51 pts
C1      : 42 pts
C9      : 34 pts
outliers: 42 pts
C4      : 45 pts
C3      : 44 pts
C6      : 50 pts
C0  | size  44 | dist   2.36 | Known
C1  | size  42 | dist  49.31 | New Fault
C2  | size  26 | dist   3.08 | Known
C3  | size  44 | dist  19.54 | New Fault
C4  | size  45 | dist  14.38 | New Fault
C5  | size  51 | dist   1.92 | Known
C6  | size  50 | dist   1.85 | Known
C7  | size  34 | dist  14.95 | New Fault
C8  | size  38 | dist   2.44 | Known
C9  | size  34 | dist  11.64 | New Fault
==============================
▶ mcs = 24 | conf = 0.99 | thr = 11.77
==============================
--- Test‑set validation
outliers: 4screws 4筆
C0      : 1screws 59筆
C1      : 8screws 54筆
C2      : 2screws 73筆
C3      : 3screws 71筆
C4      : 4screws 51筆
* C0  | size  59 | dist   2.20 | Known
* C1  | size  54 | dist   2.31 | Known
* C2  | size  73 | dist   1.93 | Known
* C3  | size  71 | dist   1.83 | Known
* C4  | size  51 | dist   2.37 | Known
--- Unknown ['5screws'] | mcs 24
C4      : 50 pts
C3      : 72 pts
C2      : 73 pts
C5      : 47 pts
C1      : 54 pts
C0      : 59 pts
outliers: 17 pts
C0  | size  59 | dist   2.20 | Known
C1  | size  54 | dist   2.31 | Known
C2  | size  73 | dist   1.93 | Known
C3  | size  72 | dist   1.81 | Known
C4  | size  50 | dist  11.06 | Known
C5  | size  47 | dist   2.37 | Known
--- Unknown ['5screws', '6screws'] | mcs 24
C1      : 60 pts
C3      : 73 pts
outliers: 17 pts
C6      : 47 pts
C0      : 59 pts
C4      : 72 pts
C5      : 50 pts
C2      : 54 pts
C0  | size  59 | dist   2.20 | Known
C1  | size  60 | dist  14.16 | New Fault
C2  | size  54 | dist   2.31 | Known
C3  | size  73 | dist   1.93 | Known
C4  | size  72 | dist   1.81 | Known
C5  | size  50 | dist  11.06 | Known
C6  | size  47 | dist   2.37 | Known
--- Unknown ['5screws', '6screws', '7screws'] | mcs 24
C3      : 49 pts
C0      : 58 pts
C4      : 66 pts
C7      : 42 pts
C6      : 45 pts
C1      : 53 pts
C5      : 65 pts
outliers: 15 pts
C2      : 57 pts
C0  | size  58 | dist   2.19 | Known
C1  | size  53 | dist  49.16 | New Fault
C2  | size  57 | dist  14.14 | New Fault
C3  | size  49 | dist   2.35 | Known
C4  | size  66 | dist   1.92 | Known
C5  | size  65 | dist   1.79 | Known
C6  | size  45 | dist  11.01 | Known
C7  | size  42 | dist   2.40 | Known
--- Unknown ['5screws', '6screws', '7screws', '3_14screws'] | mcs 24
C4      : 46 pts
C8      : 41 pts
C0      : 49 pts
C6      : 59 pts
C3      : 62 pts
C7      : 37 pts
C2      : 46 pts
outliers: 20 pts
C1      : 41 pts
C5      : 49 pts
C0  | size  49 | dist   2.31 | Known
C1  | size  41 | dist   2.28 | Known
C2  | size  46 | dist  50.27 | New Fault
C3  | size  62 | dist   1.96 | Known
C4  | size  46 | dist  26.76 | New Fault
C5  | size  49 | dist  14.20 | New Fault
C6  | size  59 | dist   1.82 | Known
C7  | size  37 | dist  11.53 | Known
C8  | size  41 | dist   2.41 | Known
--- Unknown ['5screws', '6screws', '7screws', '3_14screws', '4_146screws'] | mcs 24
C8      : 38 pts
C2      : 26 pts
C0      : 44 pts
C7      : 34 pts
C5      : 51 pts
C1      : 42 pts
C9      : 34 pts
outliers: 42 pts
C4      : 45 pts
C3      : 44 pts
C6      : 50 pts
C0  | size  44 | dist   2.36 | Known
C1  | size  42 | dist  49.31 | New Fault
C2  | size  26 | dist   3.08 | Known
C3  | size  44 | dist  19.54 | New Fault
C4  | size  45 | dist  14.38 | New Fault
C5  | size  51 | dist   1.92 | Known
C6  | size  50 | dist   1.85 | Known
C7  | size  34 | dist  14.95 | New Fault
C8  | size  38 | dist   2.44 | Known
C9  | size  34 | dist  11.64 | Known
