2026-08-05 16:24:07 | INFO  | Logger initialized
2026-08-05 16:24:07 | INFO  | log_file=/home/albert/Ancestor/logs/Step4_Model_17_Detecting/2026-08-05-16-24-07.log
2026-08-05 16:24:07 | INFO  | output_dir=/home/albert/Ancestor/output/Step4_Model_17_Detecting/2026-08-05-16-24-07
=== 1. Loading training data ===
✔️ Train : (1288, 105)  |  Test : (323, 105)
==============================
▶ mcs = 21 | conf = 0.9 | thr = 13.20
==============================
--- Test‑set validation
C0      : 8screws 51筆
C1      : 4screws 51筆
C2      : 2screws 67筆
C3      : 3screws 77筆
C4      : 1screws 77筆
* C0  | size  51 | dist   3.19 | Known
* C1  | size  51 | dist   2.97 | Known
* C2  | size  67 | dist   2.44 | Known
* C3  | size  77 | dist   2.36 | Known
* C4  | size  77 | dist   2.30 | Known
--- Unknown ['5screws'] | mcs 21
C3      : 51 pts
C0      : 51 pts
C4      : 48 pts
C2      : 77 pts
C1      : 67 pts
C5      : 77 pts
outliers: 12 pts
C0  | size  51 | dist   3.19 | Known
C1  | size  67 | dist   2.44 | Known
C2  | size  77 | dist   2.30 | Known
C3  | size  51 | dist   2.97 | Known
C4  | size  48 | dist  13.11 | Known
C5  | size  77 | dist   2.36 | Known
--- Unknown ['5screws', '6screws'] | mcs 21
C3      : 48 pts
C6      : 28 pts
outliers: 66 pts
C0      : 51 pts
C5      : 45 pts
C4      : 77 pts
C2      : 51 pts
C1      : 77 pts
C0  | size  51 | dist   3.19 | Known
C1  | size  77 | dist   2.30 | Known
C2  | size  51 | dist   2.97 | Known
C3  | size  48 | dist  13.11 | Known
C4  | size  77 | dist   2.36 | Known
C5  | size  45 | dist  13.98 | New Fault
C6  | size  28 | dist   2.94 | Known
--- Unknown ['5screws', '6screws', '7screws'] | mcs 21
C1      : 46 pts
C2      : 114 pts
C4      : 65 pts
C6      : 72 pts
C0      : 44 pts
outliers: 27 pts
C5      : 36 pts
C3      : 46 pts
C0  | size  44 | dist   3.17 | Known
C1  | size  46 | dist   2.97 | Known
C2  | size 114 | dist   6.94 | Known
C3  | size  46 | dist  15.44 | New Fault
C4  | size  65 | dist   2.45 | Known
C5  | size  36 | dist  13.43 | New Fault
C6  | size  72 | dist   2.40 | Known
--- Unknown ['5screws', '6screws', '7screws', '3_14screws'] | mcs 21
C0      : 43 pts
C6      : 54 pts
C1      : 44 pts
C7      : 60 pts
C2      : 39 pts
C4      : 100 pts
C5      : 28 pts
C3      : 57 pts
outliers: 25 pts
C0  | size  43 | dist   3.12 | Known
C1  | size  44 | dist   3.10 | Known
C2  | size  39 | dist  13.22 | New Fault
C3  | size  57 | dist   2.48 | Known
C4  | size 100 | dist   6.80 | Known
C5  | size  28 | dist  17.45 | New Fault
C6  | size  54 | dist  26.49 | New Fault
C7  | size  60 | dist   2.37 | Known
--- Unknown ['5screws', '6screws', '7screws', '3_14screws', '4_146screws'] | mcs 21
C6      : 48 pts
C5      : 38 pts
C1      : 36 pts
C2      : 41 pts
C8      : 29 pts
C7      : 33 pts
C3      : 38 pts
C9      : 40 pts
C4      : 53 pts
C0      : 43 pts
outliers: 51 pts
C0  | size  43 | dist 412.19 | New Fault
C1  | size  36 | dist   3.19 | Known
C2  | size  41 | dist   3.12 | Known
C3  | size  38 | dist  13.19 | Known
C4  | size  53 | dist   2.52 | Known
C5  | size  38 | dist  34.67 | New Fault
C6  | size  48 | dist   2.51 | Known
C7  | size  33 | dist  15.67 | New Fault
C8  | size  29 | dist   2.97 | Known
C9  | size  40 | dist  13.70 | New Fault
==============================
▶ mcs = 21 | conf = 0.95 | thr = 13.84
==============================
--- Test‑set validation
C0      : 8screws 51筆
C1      : 4screws 51筆
C2      : 2screws 67筆
C3      : 3screws 77筆
C4      : 1screws 77筆
* C0  | size  51 | dist   3.19 | Known
* C1  | size  51 | dist   2.97 | Known
* C2  | size  67 | dist   2.44 | Known
* C3  | size  77 | dist   2.36 | Known
* C4  | size  77 | dist   2.30 | Known
--- Unknown ['5screws'] | mcs 21
C3      : 51 pts
C0      : 51 pts
C4      : 48 pts
C2      : 77 pts
C1      : 67 pts
C5      : 77 pts
outliers: 12 pts
C0  | size  51 | dist   3.19 | Known
C1  | size  67 | dist   2.44 | Known
C2  | size  77 | dist   2.30 | Known
C3  | size  51 | dist   2.97 | Known
C4  | size  48 | dist  13.11 | Known
C5  | size  77 | dist   2.36 | Known
--- Unknown ['5screws', '6screws'] | mcs 21
C3      : 48 pts
C6      : 28 pts
outliers: 66 pts
C0      : 51 pts
C5      : 45 pts
C4      : 77 pts
C2      : 51 pts
C1      : 77 pts
C0  | size  51 | dist   3.19 | Known
C1  | size  77 | dist   2.30 | Known
C2  | size  51 | dist   2.97 | Known
C3  | size  48 | dist  13.11 | Known
C4  | size  77 | dist   2.36 | Known
C5  | size  45 | dist  13.98 | New Fault
C6  | size  28 | dist   2.94 | Known
--- Unknown ['5screws', '6screws', '7screws'] | mcs 21
C1      : 46 pts
C2      : 114 pts
C4      : 65 pts
C6      : 72 pts
C0      : 44 pts
outliers: 27 pts
C5      : 36 pts
C3      : 46 pts
C0  | size  44 | dist   3.17 | Known
C1  | size  46 | dist   2.97 | Known
C2  | size 114 | dist   6.94 | Known
C3  | size  46 | dist  15.44 | New Fault
C4  | size  65 | dist   2.45 | Known
C5  | size  36 | dist  13.43 | Known
C6  | size  72 | dist   2.40 | Known
--- Unknown ['5screws', '6screws', '7screws', '3_14screws'] | mcs 21
C0      : 43 pts
C6      : 54 pts
C1      : 44 pts
C7      : 60 pts
C2      : 39 pts
C4      : 100 pts
C5      : 28 pts
C3      : 57 pts
outliers: 25 pts
C0  | size  43 | dist   3.12 | Known
C1  | size  44 | dist   3.10 | Known
C2  | size  39 | dist  13.22 | Known
C3  | size  57 | dist   2.48 | Known
C4  | size 100 | dist   6.80 | Known
C5  | size  28 | dist  17.45 | New Fault
C6  | size  54 | dist  26.49 | New Fault
C7  | size  60 | dist   2.37 | Known
--- Unknown ['5screws', '6screws', '7screws', '3_14screws', '4_146screws'] | mcs 21
C6      : 48 pts
C5      : 38 pts
C1      : 36 pts
C2      : 41 pts
C8      : 29 pts
C7      : 33 pts
C3      : 38 pts
C9      : 40 pts
C4      : 53 pts
C0      : 43 pts
outliers: 51 pts
C0  | size  43 | dist 412.19 | New Fault
C1  | size  36 | dist   3.19 | Known
C2  | size  41 | dist   3.12 | Known
C3  | size  38 | dist  13.19 | Known
C4  | size  53 | dist   2.52 | Known
C5  | size  38 | dist  34.67 | New Fault
C6  | size  48 | dist   2.51 | Known
C7  | size  33 | dist  15.67 | New Fault
C8  | size  29 | dist   2.97 | Known
C9  | size  40 | dist  13.70 | Known
==============================
▶ mcs = 21 | conf = 0.99 | thr = 14.84
==============================
--- Test‑set validation
C0      : 8screws 51筆
C1      : 4screws 51筆
C2      : 2screws 67筆
C3      : 3screws 77筆
C4      : 1screws 77筆
* C0  | size  51 | dist   3.19 | Known
* C1  | size  51 | dist   2.97 | Known
* C2  | size  67 | dist   2.44 | Known
* C3  | size  77 | dist   2.36 | Known
* C4  | size  77 | dist   2.30 | Known
--- Unknown ['5screws'] | mcs 21
C3      : 51 pts
C0      : 51 pts
C4      : 48 pts
C2      : 77 pts
C1      : 67 pts
C5      : 77 pts
outliers: 12 pts
C0  | size  51 | dist   3.19 | Known
C1  | size  67 | dist   2.44 | Known
C2  | size  77 | dist   2.30 | Known
C3  | size  51 | dist   2.97 | Known
C4  | size  48 | dist  13.11 | Known
C5  | size  77 | dist   2.36 | Known
--- Unknown ['5screws', '6screws'] | mcs 21
C3      : 48 pts
C6      : 28 pts
outliers: 66 pts
C0      : 51 pts
C5      : 45 pts
C4      : 77 pts
C2      : 51 pts
C1      : 77 pts
C0  | size  51 | dist   3.19 | Known
C1  | size  77 | dist   2.30 | Known
C2  | size  51 | dist   2.97 | Known
C3  | size  48 | dist  13.11 | Known
C4  | size  77 | dist   2.36 | Known
C5  | size  45 | dist  13.98 | Known
C6  | size  28 | dist   2.94 | Known
--- Unknown ['5screws', '6screws', '7screws'] | mcs 21
C1      : 46 pts
C2      : 114 pts
C4      : 65 pts
C6      : 72 pts
C0      : 44 pts
outliers: 27 pts
C5      : 36 pts
C3      : 46 pts
C0  | size  44 | dist   3.17 | Known
C1  | size  46 | dist   2.97 | Known
C2  | size 114 | dist   6.94 | Known
C3  | size  46 | dist  15.44 | New Fault
C4  | size  65 | dist   2.45 | Known
C5  | size  36 | dist  13.43 | Known
C6  | size  72 | dist   2.40 | Known
--- Unknown ['5screws', '6screws', '7screws', '3_14screws'] | mcs 21
C0      : 43 pts
C6      : 54 pts
C1      : 44 pts
C7      : 60 pts
C2      : 39 pts
C4      : 100 pts
C5      : 28 pts
C3      : 57 pts
outliers: 25 pts
C0  | size  43 | dist   3.12 | Known
C1  | size  44 | dist   3.10 | Known
C2  | size  39 | dist  13.22 | Known
C3  | size  57 | dist   2.48 | Known
C4  | size 100 | dist   6.80 | Known
C5  | size  28 | dist  17.45 | New Fault
C6  | size  54 | dist  26.49 | New Fault
C7  | size  60 | dist   2.37 | Known
--- Unknown ['5screws', '6screws', '7screws', '3_14screws', '4_146screws'] | mcs 21
C6      : 48 pts
C5      : 38 pts
C1      : 36 pts
C2      : 41 pts
C8      : 29 pts
C7      : 33 pts
C3      : 38 pts
C9      : 40 pts
C4      : 53 pts
C0      : 43 pts
outliers: 51 pts
C0  | size  43 | dist 412.19 | New Fault
C1  | size  36 | dist   3.19 | Known
C2  | size  41 | dist   3.12 | Known
C3  | size  38 | dist  13.19 | Known
C4  | size  53 | dist   2.52 | Known
C5  | size  38 | dist  34.67 | New Fault
C6  | size  48 | dist   2.51 | Known
C7  | size  33 | dist  15.67 | New Fault
C8  | size  29 | dist   2.97 | Known
C9  | size  40 | dist  13.70 | Known
==============================
▶ mcs = 22 | conf = 0.9 | thr = 13.20
==============================
--- Test‑set validation
C0      : 8screws 51筆
C1      : 4screws 51筆
C2      : 2screws 67筆
C3      : 3screws 77筆
C4      : 1screws 77筆
* C0  | size  51 | dist   3.19 | Known
* C1  | size  51 | dist   2.97 | Known
* C2  | size  67 | dist   2.44 | Known
* C3  | size  77 | dist   2.36 | Known
* C4  | size  77 | dist   2.30 | Known
--- Unknown ['5screws'] | mcs 22
C3      : 51 pts
C0      : 51 pts
C4      : 48 pts
C2      : 77 pts
C1      : 67 pts
C5      : 77 pts
outliers: 12 pts
C0  | size  51 | dist   3.19 | Known
C1  | size  67 | dist   2.44 | Known
C2  | size  77 | dist   2.30 | Known
C3  | size  51 | dist   2.97 | Known
C4  | size  48 | dist  13.11 | Known
C5  | size  77 | dist   2.36 | Known
--- Unknown ['5screws', '6screws'] | mcs 22
C3      : 48 pts
C6      : 28 pts
outliers: 66 pts
C0      : 51 pts
C5      : 45 pts
C4      : 77 pts
C2      : 51 pts
C1      : 77 pts
C0  | size  51 | dist   3.19 | Known
C1  | size  77 | dist   2.30 | Known
C2  | size  51 | dist   2.97 | Known
C3  | size  48 | dist  13.11 | Known
C4  | size  77 | dist   2.36 | Known
C5  | size  45 | dist  13.98 | New Fault
C6  | size  28 | dist   2.94 | Known
--- Unknown ['5screws', '6screws', '7screws'] | mcs 22
C1      : 46 pts
C2      : 114 pts
C4      : 65 pts
C6      : 72 pts
C0      : 44 pts
outliers: 27 pts
C5      : 36 pts
C3      : 46 pts
C0  | size  44 | dist   3.17 | Known
C1  | size  46 | dist   2.97 | Known
C2  | size 114 | dist   6.94 | Known
C3  | size  46 | dist  15.44 | New Fault
C4  | size  65 | dist   2.45 | Known
C5  | size  36 | dist  13.43 | New Fault
C6  | size  72 | dist   2.40 | Known
--- Unknown ['5screws', '6screws', '7screws', '3_14screws'] | mcs 22
C0      : 43 pts
C6      : 54 pts
C1      : 44 pts
C7      : 60 pts
C2      : 39 pts
C4      : 100 pts
C5      : 28 pts
C3      : 57 pts
outliers: 25 pts
C0  | size  43 | dist   3.12 | Known
C1  | size  44 | dist   3.10 | Known
C2  | size  39 | dist  13.22 | New Fault
C3  | size  57 | dist   2.48 | Known
C4  | size 100 | dist   6.80 | Known
C5  | size  28 | dist  17.45 | New Fault
C6  | size  54 | dist  26.49 | New Fault
C7  | size  60 | dist   2.37 | Known
--- Unknown ['5screws', '6screws', '7screws', '3_14screws', '4_146screws'] | mcs 22
C6      : 48 pts
C5      : 38 pts
C1      : 36 pts
C2      : 41 pts
C8      : 29 pts
C7      : 33 pts
C3      : 38 pts
C9      : 40 pts
C4      : 53 pts
C0      : 43 pts
outliers: 51 pts
C0  | size  43 | dist 412.19 | New Fault
C1  | size  36 | dist   3.19 | Known
C2  | size  41 | dist   3.12 | Known
C3  | size  38 | dist  13.19 | Known
C4  | size  53 | dist   2.52 | Known
C5  | size  38 | dist  34.67 | New Fault
C6  | size  48 | dist   2.51 | Known
C7  | size  33 | dist  15.67 | New Fault
C8  | size  29 | dist   2.97 | Known
C9  | size  40 | dist  13.70 | New Fault
==============================
▶ mcs = 22 | conf = 0.95 | thr = 13.84
==============================
--- Test‑set validation
C0      : 8screws 51筆
C1      : 4screws 51筆
C2      : 2screws 67筆
C3      : 3screws 77筆
C4      : 1screws 77筆
* C0  | size  51 | dist   3.19 | Known
* C1  | size  51 | dist   2.97 | Known
* C2  | size  67 | dist   2.44 | Known
* C3  | size  77 | dist   2.36 | Known
* C4  | size  77 | dist   2.30 | Known
--- Unknown ['5screws'] | mcs 22
C3      : 51 pts
C0      : 51 pts
C4      : 48 pts
C2      : 77 pts
C1      : 67 pts
C5      : 77 pts
outliers: 12 pts
C0  | size  51 | dist   3.19 | Known
C1  | size  67 | dist   2.44 | Known
C2  | size  77 | dist   2.30 | Known
C3  | size  51 | dist   2.97 | Known
C4  | size  48 | dist  13.11 | Known
C5  | size  77 | dist   2.36 | Known
--- Unknown ['5screws', '6screws'] | mcs 22
C3      : 48 pts
C6      : 28 pts
outliers: 66 pts
C0      : 51 pts
C5      : 45 pts
C4      : 77 pts
C2      : 51 pts
C1      : 77 pts
C0  | size  51 | dist   3.19 | Known
C1  | size  77 | dist   2.30 | Known
C2  | size  51 | dist   2.97 | Known
C3  | size  48 | dist  13.11 | Known
C4  | size  77 | dist   2.36 | Known
C5  | size  45 | dist  13.98 | New Fault
C6  | size  28 | dist   2.94 | Known
--- Unknown ['5screws', '6screws', '7screws'] | mcs 22
C1      : 46 pts
C2      : 114 pts
C4      : 65 pts
C6      : 72 pts
C0      : 44 pts
outliers: 27 pts
C5      : 36 pts
C3      : 46 pts
C0  | size  44 | dist   3.17 | Known
C1  | size  46 | dist   2.97 | Known
C2  | size 114 | dist   6.94 | Known
C3  | size  46 | dist  15.44 | New Fault
C4  | size  65 | dist   2.45 | Known
C5  | size  36 | dist  13.43 | Known
C6  | size  72 | dist   2.40 | Known
--- Unknown ['5screws', '6screws', '7screws', '3_14screws'] | mcs 22
C0      : 43 pts
C6      : 54 pts
C1      : 44 pts
C7      : 60 pts
C2      : 39 pts
C4      : 100 pts
C5      : 28 pts
C3      : 57 pts
outliers: 25 pts
C0  | size  43 | dist   3.12 | Known
C1  | size  44 | dist   3.10 | Known
C2  | size  39 | dist  13.22 | Known
C3  | size  57 | dist   2.48 | Known
C4  | size 100 | dist   6.80 | Known
C5  | size  28 | dist  17.45 | New Fault
C6  | size  54 | dist  26.49 | New Fault
C7  | size  60 | dist   2.37 | Known
--- Unknown ['5screws', '6screws', '7screws', '3_14screws', '4_146screws'] | mcs 22
C6      : 48 pts
C5      : 38 pts
C1      : 36 pts
C2      : 41 pts
C8      : 29 pts
C7      : 33 pts
C3      : 38 pts
C9      : 40 pts
C4      : 53 pts
C0      : 43 pts
outliers: 51 pts
C0  | size  43 | dist 412.19 | New Fault
C1  | size  36 | dist   3.19 | Known
C2  | size  41 | dist   3.12 | Known
C3  | size  38 | dist  13.19 | Known
C4  | size  53 | dist   2.52 | Known
C5  | size  38 | dist  34.67 | New Fault
C6  | size  48 | dist   2.51 | Known
C7  | size  33 | dist  15.67 | New Fault
C8  | size  29 | dist   2.97 | Known
C9  | size  40 | dist  13.70 | Known
==============================
▶ mcs = 22 | conf = 0.99 | thr = 14.84
==============================
--- Test‑set validation
C0      : 8screws 51筆
C1      : 4screws 51筆
C2      : 2screws 67筆
C3      : 3screws 77筆
C4      : 1screws 77筆
* C0  | size  51 | dist   3.19 | Known
* C1  | size  51 | dist   2.97 | Known
* C2  | size  67 | dist   2.44 | Known
* C3  | size  77 | dist   2.36 | Known
* C4  | size  77 | dist   2.30 | Known
--- Unknown ['5screws'] | mcs 22
C3      : 51 pts
C0      : 51 pts
C4      : 48 pts
C2      : 77 pts
C1      : 67 pts
C5      : 77 pts
outliers: 12 pts
C0  | size  51 | dist   3.19 | Known
C1  | size  67 | dist   2.44 | Known
C2  | size  77 | dist   2.30 | Known
C3  | size  51 | dist   2.97 | Known
C4  | size  48 | dist  13.11 | Known
C5  | size  77 | dist   2.36 | Known
--- Unknown ['5screws', '6screws'] | mcs 22
C3      : 48 pts
C6      : 28 pts
outliers: 66 pts
C0      : 51 pts
C5      : 45 pts
C4      : 77 pts
C2      : 51 pts
C1      : 77 pts
C0  | size  51 | dist   3.19 | Known
C1  | size  77 | dist   2.30 | Known
C2  | size  51 | dist   2.97 | Known
C3  | size  48 | dist  13.11 | Known
C4  | size  77 | dist   2.36 | Known
C5  | size  45 | dist  13.98 | Known
C6  | size  28 | dist   2.94 | Known
--- Unknown ['5screws', '6screws', '7screws'] | mcs 22
C1      : 46 pts
C2      : 114 pts
C4      : 65 pts
C6      : 72 pts
C0      : 44 pts
outliers: 27 pts
C5      : 36 pts
C3      : 46 pts
C0  | size  44 | dist   3.17 | Known
C1  | size  46 | dist   2.97 | Known
C2  | size 114 | dist   6.94 | Known
C3  | size  46 | dist  15.44 | New Fault
C4  | size  65 | dist   2.45 | Known
C5  | size  36 | dist  13.43 | Known
C6  | size  72 | dist   2.40 | Known
--- Unknown ['5screws', '6screws', '7screws', '3_14screws'] | mcs 22
C0      : 43 pts
C6      : 54 pts
C1      : 44 pts
C7      : 60 pts
C2      : 39 pts
C4      : 100 pts
C5      : 28 pts
C3      : 57 pts
outliers: 25 pts
C0  | size  43 | dist   3.12 | Known
C1  | size  44 | dist   3.10 | Known
C2  | size  39 | dist  13.22 | Known
C3  | size  57 | dist   2.48 | Known
C4  | size 100 | dist   6.80 | Known
C5  | size  28 | dist  17.45 | New Fault
C6  | size  54 | dist  26.49 | New Fault
C7  | size  60 | dist   2.37 | Known
--- Unknown ['5screws', '6screws', '7screws', '3_14screws', '4_146screws'] | mcs 22
C6      : 48 pts
C5      : 38 pts
C1      : 36 pts
C2      : 41 pts
C8      : 29 pts
C7      : 33 pts
C3      : 38 pts
C9      : 40 pts
C4      : 53 pts
C0      : 43 pts
outliers: 51 pts
C0  | size  43 | dist 412.19 | New Fault
C1  | size  36 | dist   3.19 | Known
C2  | size  41 | dist   3.12 | Known
C3  | size  38 | dist  13.19 | Known
C4  | size  53 | dist   2.52 | Known
C5  | size  38 | dist  34.67 | New Fault
C6  | size  48 | dist   2.51 | Known
C7  | size  33 | dist  15.67 | New Fault
C8  | size  29 | dist   2.97 | Known
C9  | size  40 | dist  13.70 | Known
==============================
▶ mcs = 23 | conf = 0.9 | thr = 13.20
==============================
--- Test‑set validation
C0      : 8screws 51筆
C1      : 4screws 51筆
C2      : 2screws 67筆
C3      : 3screws 77筆
C4      : 1screws 77筆
* C0  | size  51 | dist   3.19 | Known
* C1  | size  51 | dist   2.97 | Known
* C2  | size  67 | dist   2.44 | Known
* C3  | size  77 | dist   2.36 | Known
* C4  | size  77 | dist   2.30 | Known
--- Unknown ['5screws'] | mcs 23
C3      : 51 pts
C0      : 51 pts
C4      : 48 pts
C2      : 77 pts
C1      : 67 pts
C5      : 77 pts
outliers: 12 pts
C0  | size  51 | dist   3.19 | Known
C1  | size  67 | dist   2.44 | Known
C2  | size  77 | dist   2.30 | Known
C3  | size  51 | dist   2.97 | Known
C4  | size  48 | dist  13.11 | Known
C5  | size  77 | dist   2.36 | Known
--- Unknown ['5screws', '6screws'] | mcs 23
C3      : 48 pts
C6      : 28 pts
outliers: 66 pts
C0      : 51 pts
C5      : 45 pts
C4      : 77 pts
C2      : 51 pts
C1      : 77 pts
C0  | size  51 | dist   3.19 | Known
C1  | size  77 | dist   2.30 | Known
C2  | size  51 | dist   2.97 | Known
C3  | size  48 | dist  13.11 | Known
C4  | size  77 | dist   2.36 | Known
C5  | size  45 | dist  13.98 | New Fault
C6  | size  28 | dist   2.94 | Known
--- Unknown ['5screws', '6screws', '7screws'] | mcs 23
C1      : 46 pts
C2      : 114 pts
C4      : 65 pts
C6      : 72 pts
C0      : 44 pts
outliers: 27 pts
C5      : 36 pts
C3      : 46 pts
C0  | size  44 | dist   3.17 | Known
C1  | size  46 | dist   2.97 | Known
C2  | size 114 | dist   6.94 | Known
C3  | size  46 | dist  15.44 | New Fault
C4  | size  65 | dist   2.45 | Known
C5  | size  36 | dist  13.43 | New Fault
C6  | size  72 | dist   2.40 | Known
--- Unknown ['5screws', '6screws', '7screws', '3_14screws'] | mcs 23
C0      : 43 pts
C6      : 54 pts
C1      : 44 pts
C7      : 60 pts
C2      : 39 pts
C4      : 100 pts
C5      : 28 pts
C3      : 57 pts
outliers: 25 pts
C0  | size  43 | dist   3.12 | Known
C1  | size  44 | dist   3.10 | Known
C2  | size  39 | dist  13.22 | New Fault
C3  | size  57 | dist   2.48 | Known
C4  | size 100 | dist   6.80 | Known
C5  | size  28 | dist  17.45 | New Fault
C6  | size  54 | dist  26.49 | New Fault
C7  | size  60 | dist   2.37 | Known
--- Unknown ['5screws', '6screws', '7screws', '3_14screws', '4_146screws'] | mcs 23
C6      : 48 pts
C5      : 38 pts
C1      : 36 pts
C2      : 41 pts
C8      : 29 pts
C7      : 33 pts
C3      : 38 pts
C9      : 40 pts
C4      : 53 pts
C0      : 43 pts
outliers: 51 pts
C0  | size  43 | dist 412.19 | New Fault
C1  | size  36 | dist   3.19 | Known
C2  | size  41 | dist   3.12 | Known
C3  | size  38 | dist  13.19 | Known
C4  | size  53 | dist   2.52 | Known
C5  | size  38 | dist  34.67 | New Fault
C6  | size  48 | dist   2.51 | Known
C7  | size  33 | dist  15.67 | New Fault
C8  | size  29 | dist   2.97 | Known
C9  | size  40 | dist  13.70 | New Fault
==============================
▶ mcs = 23 | conf = 0.95 | thr = 13.84
==============================
--- Test‑set validation
C0      : 8screws 51筆
C1      : 4screws 51筆
C2      : 2screws 67筆
C3      : 3screws 77筆
C4      : 1screws 77筆
* C0  | size  51 | dist   3.19 | Known
* C1  | size  51 | dist   2.97 | Known
* C2  | size  67 | dist   2.44 | Known
* C3  | size  77 | dist   2.36 | Known
* C4  | size  77 | dist   2.30 | Known
--- Unknown ['5screws'] | mcs 23
C3      : 51 pts
C0      : 51 pts
C4      : 48 pts
C2      : 77 pts
C1      : 67 pts
C5      : 77 pts
outliers: 12 pts
C0  | size  51 | dist   3.19 | Known
C1  | size  67 | dist   2.44 | Known
C2  | size  77 | dist   2.30 | Known
C3  | size  51 | dist   2.97 | Known
C4  | size  48 | dist  13.11 | Known
C5  | size  77 | dist   2.36 | Known
--- Unknown ['5screws', '6screws'] | mcs 23
C3      : 48 pts
C6      : 28 pts
outliers: 66 pts
C0      : 51 pts
C5      : 45 pts
C4      : 77 pts
C2      : 51 pts
C1      : 77 pts
C0  | size  51 | dist   3.19 | Known
C1  | size  77 | dist   2.30 | Known
C2  | size  51 | dist   2.97 | Known
C3  | size  48 | dist  13.11 | Known
C4  | size  77 | dist   2.36 | Known
C5  | size  45 | dist  13.98 | New Fault
C6  | size  28 | dist   2.94 | Known
--- Unknown ['5screws', '6screws', '7screws'] | mcs 23
C1      : 46 pts
C2      : 114 pts
C4      : 65 pts
C6      : 72 pts
C0      : 44 pts
outliers: 27 pts
C5      : 36 pts
C3      : 46 pts
C0  | size  44 | dist   3.17 | Known
C1  | size  46 | dist   2.97 | Known
C2  | size 114 | dist   6.94 | Known
C3  | size  46 | dist  15.44 | New Fault
C4  | size  65 | dist   2.45 | Known
C5  | size  36 | dist  13.43 | Known
C6  | size  72 | dist   2.40 | Known
--- Unknown ['5screws', '6screws', '7screws', '3_14screws'] | mcs 23
C0      : 43 pts
C6      : 54 pts
C1      : 44 pts
C7      : 60 pts
C2      : 39 pts
C4      : 100 pts
C5      : 28 pts
C3      : 57 pts
outliers: 25 pts
C0  | size  43 | dist   3.12 | Known
C1  | size  44 | dist   3.10 | Known
C2  | size  39 | dist  13.22 | Known
C3  | size  57 | dist   2.48 | Known
C4  | size 100 | dist   6.80 | Known
C5  | size  28 | dist  17.45 | New Fault
C6  | size  54 | dist  26.49 | New Fault
C7  | size  60 | dist   2.37 | Known
--- Unknown ['5screws', '6screws', '7screws', '3_14screws', '4_146screws'] | mcs 23
C6      : 48 pts
C5      : 38 pts
C1      : 36 pts
C2      : 41 pts
C8      : 29 pts
C7      : 33 pts
C3      : 38 pts
C9      : 40 pts
C4      : 53 pts
C0      : 43 pts
outliers: 51 pts
C0  | size  43 | dist 412.19 | New Fault
C1  | size  36 | dist   3.19 | Known
C2  | size  41 | dist   3.12 | Known
C3  | size  38 | dist  13.19 | Known
C4  | size  53 | dist   2.52 | Known
C5  | size  38 | dist  34.67 | New Fault
C6  | size  48 | dist   2.51 | Known
C7  | size  33 | dist  15.67 | New Fault
C8  | size  29 | dist   2.97 | Known
C9  | size  40 | dist  13.70 | Known
==============================
▶ mcs = 23 | conf = 0.99 | thr = 14.84
==============================
--- Test‑set validation
C0      : 8screws 51筆
C1      : 4screws 51筆
C2      : 2screws 67筆
C3      : 3screws 77筆
C4      : 1screws 77筆
* C0  | size  51 | dist   3.19 | Known
* C1  | size  51 | dist   2.97 | Known
* C2  | size  67 | dist   2.44 | Known
* C3  | size  77 | dist   2.36 | Known
* C4  | size  77 | dist   2.30 | Known
--- Unknown ['5screws'] | mcs 23
C3      : 51 pts
C0      : 51 pts
C4      : 48 pts
C2      : 77 pts
C1      : 67 pts
C5      : 77 pts
outliers: 12 pts
C0  | size  51 | dist   3.19 | Known
C1  | size  67 | dist   2.44 | Known
C2  | size  77 | dist   2.30 | Known
C3  | size  51 | dist   2.97 | Known
C4  | size  48 | dist  13.11 | Known
C5  | size  77 | dist   2.36 | Known
--- Unknown ['5screws', '6screws'] | mcs 23
C3      : 48 pts
C6      : 28 pts
outliers: 66 pts
C0      : 51 pts
C5      : 45 pts
C4      : 77 pts
C2      : 51 pts
C1      : 77 pts
C0  | size  51 | dist   3.19 | Known
C1  | size  77 | dist   2.30 | Known
C2  | size  51 | dist   2.97 | Known
C3  | size  48 | dist  13.11 | Known
C4  | size  77 | dist   2.36 | Known
C5  | size  45 | dist  13.98 | Known
C6  | size  28 | dist   2.94 | Known
--- Unknown ['5screws', '6screws', '7screws'] | mcs 23
C1      : 46 pts
C2      : 114 pts
C4      : 65 pts
C6      : 72 pts
C0      : 44 pts
outliers: 27 pts
C5      : 36 pts
C3      : 46 pts
C0  | size  44 | dist   3.17 | Known
C1  | size  46 | dist   2.97 | Known
C2  | size 114 | dist   6.94 | Known
C3  | size  46 | dist  15.44 | New Fault
C4  | size  65 | dist   2.45 | Known
C5  | size  36 | dist  13.43 | Known
C6  | size  72 | dist   2.40 | Known
--- Unknown ['5screws', '6screws', '7screws', '3_14screws'] | mcs 23
C0      : 43 pts
C6      : 54 pts
C1      : 44 pts
C7      : 60 pts
C2      : 39 pts
C4      : 100 pts
C5      : 28 pts
C3      : 57 pts
outliers: 25 pts
C0  | size  43 | dist   3.12 | Known
C1  | size  44 | dist   3.10 | Known
C2  | size  39 | dist  13.22 | Known
C3  | size  57 | dist   2.48 | Known
C4  | size 100 | dist   6.80 | Known
C5  | size  28 | dist  17.45 | New Fault
C6  | size  54 | dist  26.49 | New Fault
C7  | size  60 | dist   2.37 | Known
--- Unknown ['5screws', '6screws', '7screws', '3_14screws', '4_146screws'] | mcs 23
C6      : 48 pts
C5      : 38 pts
C1      : 36 pts
C2      : 41 pts
C8      : 29 pts
C7      : 33 pts
C3      : 38 pts
C9      : 40 pts
C4      : 53 pts
C0      : 43 pts
outliers: 51 pts
C0  | size  43 | dist 412.19 | New Fault
C1  | size  36 | dist   3.19 | Known
C2  | size  41 | dist   3.12 | Known
C3  | size  38 | dist  13.19 | Known
C4  | size  53 | dist   2.52 | Known
C5  | size  38 | dist  34.67 | New Fault
C6  | size  48 | dist   2.51 | Known
C7  | size  33 | dist  15.67 | New Fault
C8  | size  29 | dist   2.97 | Known
C9  | size  40 | dist  13.70 | Known
==============================
▶ mcs = 24 | conf = 0.9 | thr = 13.20
==============================
--- Test‑set validation
C0      : 8screws 51筆
C1      : 4screws 51筆
C2      : 2screws 67筆
C3      : 3screws 77筆
C4      : 1screws 77筆
* C0  | size  51 | dist   3.19 | Known
* C1  | size  51 | dist   2.97 | Known
* C2  | size  67 | dist   2.44 | Known
* C3  | size  77 | dist   2.36 | Known
* C4  | size  77 | dist   2.30 | Known
--- Unknown ['5screws'] | mcs 24
C3      : 51 pts
C0      : 51 pts
C4      : 48 pts
C2      : 77 pts
C1      : 67 pts
C5      : 77 pts
outliers: 12 pts
C0  | size  51 | dist   3.19 | Known
C1  | size  67 | dist   2.44 | Known
C2  | size  77 | dist   2.30 | Known
C3  | size  51 | dist   2.97 | Known
C4  | size  48 | dist  13.11 | Known
C5  | size  77 | dist   2.36 | Known
--- Unknown ['5screws', '6screws'] | mcs 24
C3      : 48 pts
C6      : 28 pts
outliers: 66 pts
C0      : 51 pts
C5      : 45 pts
C4      : 77 pts
C2      : 51 pts
C1      : 77 pts
C0  | size  51 | dist   3.19 | Known
C1  | size  77 | dist   2.30 | Known
C2  | size  51 | dist   2.97 | Known
C3  | size  48 | dist  13.11 | Known
C4  | size  77 | dist   2.36 | Known
C5  | size  45 | dist  13.98 | New Fault
C6  | size  28 | dist   2.94 | Known
--- Unknown ['5screws', '6screws', '7screws'] | mcs 24
C1      : 46 pts
C2      : 114 pts
C4      : 65 pts
C6      : 72 pts
C0      : 44 pts
outliers: 27 pts
C5      : 36 pts
C3      : 46 pts
C0  | size  44 | dist   3.17 | Known
C1  | size  46 | dist   2.97 | Known
C2  | size 114 | dist   6.94 | Known
C3  | size  46 | dist  15.44 | New Fault
C4  | size  65 | dist   2.45 | Known
C5  | size  36 | dist  13.43 | New Fault
C6  | size  72 | dist   2.40 | Known
--- Unknown ['5screws', '6screws', '7screws', '3_14screws'] | mcs 24
C0      : 43 pts
C6      : 54 pts
C1      : 44 pts
C7      : 60 pts
C2      : 39 pts
C4      : 100 pts
C5      : 28 pts
C3      : 57 pts
outliers: 25 pts
C0  | size  43 | dist   3.12 | Known
C1  | size  44 | dist   3.10 | Known
C2  | size  39 | dist  13.22 | New Fault
C3  | size  57 | dist   2.48 | Known
C4  | size 100 | dist   6.80 | Known
C5  | size  28 | dist  17.45 | New Fault
C6  | size  54 | dist  26.49 | New Fault
C7  | size  60 | dist   2.37 | Known
--- Unknown ['5screws', '6screws', '7screws', '3_14screws', '4_146screws'] | mcs 24
C6      : 48 pts
C5      : 38 pts
C1      : 36 pts
C2      : 41 pts
C8      : 29 pts
C7      : 33 pts
C3      : 38 pts
C9      : 40 pts
C4      : 53 pts
C0      : 43 pts
outliers: 51 pts
C0  | size  43 | dist 412.19 | New Fault
C1  | size  36 | dist   3.19 | Known
C2  | size  41 | dist   3.12 | Known
C3  | size  38 | dist  13.19 | Known
C4  | size  53 | dist   2.52 | Known
C5  | size  38 | dist  34.67 | New Fault
C6  | size  48 | dist   2.51 | Known
C7  | size  33 | dist  15.67 | New Fault
C8  | size  29 | dist   2.97 | Known
C9  | size  40 | dist  13.70 | New Fault
==============================
▶ mcs = 24 | conf = 0.95 | thr = 13.84
==============================
--- Test‑set validation
C0      : 8screws 51筆
C1      : 4screws 51筆
C2      : 2screws 67筆
C3      : 3screws 77筆
C4      : 1screws 77筆
* C0  | size  51 | dist   3.19 | Known
* C1  | size  51 | dist   2.97 | Known
* C2  | size  67 | dist   2.44 | Known
* C3  | size  77 | dist   2.36 | Known
* C4  | size  77 | dist   2.30 | Known
--- Unknown ['5screws'] | mcs 24
C3      : 51 pts
C0      : 51 pts
C4      : 48 pts
C2      : 77 pts
C1      : 67 pts
C5      : 77 pts
outliers: 12 pts
C0  | size  51 | dist   3.19 | Known
C1  | size  67 | dist   2.44 | Known
C2  | size  77 | dist   2.30 | Known
C3  | size  51 | dist   2.97 | Known
C4  | size  48 | dist  13.11 | Known
C5  | size  77 | dist   2.36 | Known
--- Unknown ['5screws', '6screws'] | mcs 24
C3      : 48 pts
C6      : 28 pts
outliers: 66 pts
C0      : 51 pts
C5      : 45 pts
C4      : 77 pts
C2      : 51 pts
C1      : 77 pts
C0  | size  51 | dist   3.19 | Known
C1  | size  77 | dist   2.30 | Known
C2  | size  51 | dist   2.97 | Known
C3  | size  48 | dist  13.11 | Known
C4  | size  77 | dist   2.36 | Known
C5  | size  45 | dist  13.98 | New Fault
C6  | size  28 | dist   2.94 | Known
--- Unknown ['5screws', '6screws', '7screws'] | mcs 24
C1      : 46 pts
C2      : 114 pts
C4      : 65 pts
C6      : 72 pts
C0      : 44 pts
outliers: 27 pts
C5      : 36 pts
C3      : 46 pts
C0  | size  44 | dist   3.17 | Known
C1  | size  46 | dist   2.97 | Known
C2  | size 114 | dist   6.94 | Known
C3  | size  46 | dist  15.44 | New Fault
C4  | size  65 | dist   2.45 | Known
C5  | size  36 | dist  13.43 | Known
C6  | size  72 | dist   2.40 | Known
--- Unknown ['5screws', '6screws', '7screws', '3_14screws'] | mcs 24
C0      : 43 pts
C6      : 54 pts
C1      : 44 pts
C7      : 60 pts
C2      : 39 pts
C4      : 100 pts
C5      : 28 pts
C3      : 57 pts
outliers: 25 pts
C0  | size  43 | dist   3.12 | Known
C1  | size  44 | dist   3.10 | Known
C2  | size  39 | dist  13.22 | Known
C3  | size  57 | dist   2.48 | Known
C4  | size 100 | dist   6.80 | Known
C5  | size  28 | dist  17.45 | New Fault
C6  | size  54 | dist  26.49 | New Fault
C7  | size  60 | dist   2.37 | Known
--- Unknown ['5screws', '6screws', '7screws', '3_14screws', '4_146screws'] | mcs 24
C6      : 48 pts
C5      : 38 pts
C1      : 36 pts
C2      : 41 pts
C8      : 29 pts
C7      : 33 pts
C3      : 38 pts
C9      : 40 pts
C4      : 53 pts
C0      : 43 pts
outliers: 51 pts
C0  | size  43 | dist 412.19 | New Fault
C1  | size  36 | dist   3.19 | Known
C2  | size  41 | dist   3.12 | Known
C3  | size  38 | dist  13.19 | Known
C4  | size  53 | dist   2.52 | Known
C5  | size  38 | dist  34.67 | New Fault
C6  | size  48 | dist   2.51 | Known
C7  | size  33 | dist  15.67 | New Fault
C8  | size  29 | dist   2.97 | Known
C9  | size  40 | dist  13.70 | Known
==============================
▶ mcs = 24 | conf = 0.99 | thr = 14.84
==============================
--- Test‑set validation
C0      : 8screws 51筆
C1      : 4screws 51筆
C2      : 2screws 67筆
C3      : 3screws 77筆
C4      : 1screws 77筆
* C0  | size  51 | dist   3.19 | Known
* C1  | size  51 | dist   2.97 | Known
* C2  | size  67 | dist   2.44 | Known
* C3  | size  77 | dist   2.36 | Known
* C4  | size  77 | dist   2.30 | Known
--- Unknown ['5screws'] | mcs 24
C3      : 51 pts
C0      : 51 pts
C4      : 48 pts
C2      : 77 pts
C1      : 67 pts
C5      : 77 pts
outliers: 12 pts
C0  | size  51 | dist   3.19 | Known
C1  | size  67 | dist   2.44 | Known
C2  | size  77 | dist   2.30 | Known
C3  | size  51 | dist   2.97 | Known
C4  | size  48 | dist  13.11 | Known
C5  | size  77 | dist   2.36 | Known
--- Unknown ['5screws', '6screws'] | mcs 24
C3      : 48 pts
C6      : 28 pts
outliers: 66 pts
C0      : 51 pts
C5      : 45 pts
C4      : 77 pts
C2      : 51 pts
C1      : 77 pts
C0  | size  51 | dist   3.19 | Known
C1  | size  77 | dist   2.30 | Known
C2  | size  51 | dist   2.97 | Known
C3  | size  48 | dist  13.11 | Known
C4  | size  77 | dist   2.36 | Known
C5  | size  45 | dist  13.98 | Known
C6  | size  28 | dist   2.94 | Known
--- Unknown ['5screws', '6screws', '7screws'] | mcs 24
C1      : 46 pts
C2      : 114 pts
C4      : 65 pts
C6      : 72 pts
C0      : 44 pts
outliers: 27 pts
C5      : 36 pts
C3      : 46 pts
C0  | size  44 | dist   3.17 | Known
C1  | size  46 | dist   2.97 | Known
C2  | size 114 | dist   6.94 | Known
C3  | size  46 | dist  15.44 | New Fault
C4  | size  65 | dist   2.45 | Known
C5  | size  36 | dist  13.43 | Known
C6  | size  72 | dist   2.40 | Known
--- Unknown ['5screws', '6screws', '7screws', '3_14screws'] | mcs 24
C0      : 43 pts
C6      : 54 pts
C1      : 44 pts
C7      : 60 pts
C2      : 39 pts
C4      : 100 pts
C5      : 28 pts
C3      : 57 pts
outliers: 25 pts
C0  | size  43 | dist   3.12 | Known
C1  | size  44 | dist   3.10 | Known
C2  | size  39 | dist  13.22 | Known
C3  | size  57 | dist   2.48 | Known
C4  | size 100 | dist   6.80 | Known
C5  | size  28 | dist  17.45 | New Fault
C6  | size  54 | dist  26.49 | New Fault
C7  | size  60 | dist   2.37 | Known
--- Unknown ['5screws', '6screws', '7screws', '3_14screws', '4_146screws'] | mcs 24
C6      : 48 pts
C5      : 38 pts
C1      : 36 pts
C2      : 41 pts
C8      : 29 pts
C7      : 33 pts
C3      : 38 pts
C9      : 40 pts
C4      : 53 pts
C0      : 43 pts
outliers: 51 pts
C0  | size  43 | dist 412.19 | New Fault
C1  | size  36 | dist   3.19 | Known
C2  | size  41 | dist   3.12 | Known
C3  | size  38 | dist  13.19 | Known
C4  | size  53 | dist   2.52 | Known
C5  | size  38 | dist  34.67 | New Fault
C6  | size  48 | dist   2.51 | Known
C7  | size  33 | dist  15.67 | New Fault
C8  | size  29 | dist   2.97 | Known
C9  | size  40 | dist  13.70 | Known
