2026-08-05 17:05:54 | INFO  | Logger initialized
2026-08-05 17:05:54 | INFO  | log_file=/home/albert/Ancestor/logs/Step6_Model_20_Retrain/2026-08-05-17-05-54.log
2026-08-05 17:05:54 | INFO  | output_dir=/home/albert/Ancestor/output/Step6_Model_20_Retrain/2026-08-05-17-05-54
[gpu_utils] GPU x1 已啟用：['/physical_device:GPU:0']
自訂 Label Mapping:
8screws: 0
1screws: 1
2screws: 2
3screws: 3
4screws: 4
5screws: 5
6screws: 6
7screws: 7
3_14screws: 8
4_146screws: 9
[Training] Device: /GPU:0
Epoch 1/100
150/150 40ms/step accuracy=0.2322 loss=2.3053
150/150 53ms/step accuracy=0.3789 loss=1.8083 val_accuracy=0.1987 val_loss=2.1031
Epoch 2/100
150/150 4ms/step accuracy=0.7628 loss=0.8636 val_accuracy=0.7020 val_loss=1.0951
Epoch 3/100
150/150 4ms/step accuracy=0.8998 loss=0.5093 val_accuracy=0.9699 val_loss=0.3412
Epoch 4/100
150/150 4ms/step accuracy=0.9493 loss=0.3289 val_accuracy=0.9925 val_loss=0.1157
Epoch 5/100
150/150 4ms/step accuracy=0.9624 loss=0.2356 val_accuracy=0.9950 val_loss=0.0585
Epoch 6/100
150/150 4ms/step accuracy=0.9793 loss=0.1628 val_accuracy=1.0000 val_loss=0.0289
Epoch 7/100
150/150 4ms/step accuracy=0.9860 loss=0.1179 val_accuracy=1.0000 val_loss=0.0190
Epoch 8/100
150/150 4ms/step accuracy=0.9906 loss=0.0883 val_accuracy=1.0000 val_loss=0.0108
Epoch 9/100
150/150 4ms/step accuracy=0.9916 loss=0.0747 val_accuracy=1.0000 val_loss=0.0076
Epoch 10/100
150/150 3ms/step accuracy=0.9900 loss=0.0719
150/150 4ms/step accuracy=0.9904 loss=0.0672 val_accuracy=1.0000 val_loss=0.0060
Epoch 11/100
150/150 4ms/step accuracy=0.9933 loss=0.0569 val_accuracy=1.0000 val_loss=0.0039
Epoch 12/100
150/150 4ms/step accuracy=0.9944 loss=0.0497 val_accuracy=0.9992 val_loss=0.0053
Epoch 13/100
150/150 4ms/step accuracy=0.9946 loss=0.0420 val_accuracy=1.0000 val_loss=0.0020
Epoch 14/100
150/150 4ms/step accuracy=0.9948 loss=0.0399 val_accuracy=1.0000 val_loss=0.0019
Epoch 15/100
150/150 4ms/step accuracy=0.9952 loss=0.0345 val_accuracy=1.0000 val_loss=0.0018
Epoch 16/100
150/150 4ms/step accuracy=0.9960 loss=0.0321 val_accuracy=1.0000 val_loss=0.0012
Epoch 17/100
150/150 4ms/step accuracy=0.9960 loss=0.0276 val_accuracy=1.0000 val_loss=0.0010
Epoch 18/100
150/150 4ms/step accuracy=0.9962 loss=0.0259 val_accuracy=1.0000 val_loss=7.2036e-04
Epoch 19/100
150/150 4ms/step accuracy=0.9967 loss=0.0233 val_accuracy=1.0000 val_loss=5.6937e-04
Epoch 20/100
150/150 4ms/step accuracy=0.9973 loss=0.0226 val_accuracy=1.0000 val_loss=0.0025
Epoch 21/100
150/150 4ms/step accuracy=0.9967 loss=0.0214 val_accuracy=1.0000 val_loss=3.8480e-04
Epoch 22/100
150/150 4ms/step accuracy=0.9981 loss=0.0172 val_accuracy=1.0000 val_loss=4.0678e-04
Epoch 23/100
150/150 4ms/step accuracy=0.9983 loss=0.0166 val_accuracy=1.0000 val_loss=5.5512e-04
Epoch 24/100
150/150 4ms/step accuracy=0.9979 loss=0.0160 val_accuracy=1.0000 val_loss=3.4854e-04
Epoch 25/100
150/150 4ms/step accuracy=0.9977 loss=0.0152 val_accuracy=1.0000 val_loss=1.8582e-04
Epoch 26/100
150/150 4ms/step accuracy=0.9977 loss=0.0131 val_accuracy=0.9992 val_loss=0.0024
Epoch 27/100
150/150 4ms/step accuracy=0.9965 loss=0.0161 val_accuracy=1.0000 val_loss=1.7555e-04
Epoch 28/100
150/150 4ms/step accuracy=0.9992 loss=0.0100 val_accuracy=1.0000 val_loss=1.0978e-04
Epoch 29/100
150/150 4ms/step accuracy=0.9992 loss=0.0101 val_accuracy=1.0000 val_loss=1.2793e-04
Epoch 30/100
150/150 4ms/step accuracy=0.9985 loss=0.0105 val_accuracy=1.0000 val_loss=2.1805e-04
Epoch 31/100
150/150 4ms/step accuracy=0.9987 loss=0.0117 val_accuracy=1.0000 val_loss=9.7448e-05
Epoch 32/100
150/150 5ms/step accuracy=0.9985 loss=0.0103 val_accuracy=1.0000 val_loss=2.4295e-04
Epoch 33/100
150/150 4ms/step accuracy=0.9985 loss=0.0107 val_accuracy=1.0000 val_loss=1.1022e-04
Epoch 34/100
150/150 4ms/step accuracy=0.9979 loss=0.0110 val_accuracy=1.0000 val_loss=5.2180e-05
Epoch 35/100
150/150 4ms/step accuracy=0.9977 loss=0.0105 val_accuracy=1.0000 val_loss=1.2841e-04
Epoch 36/100
150/150 4ms/step accuracy=0.9977 loss=0.0095 val_accuracy=1.0000 val_loss=5.3073e-05
Epoch 37/100
150/150 4ms/step accuracy=0.9994 loss=0.0073 val_accuracy=1.0000 val_loss=3.5606e-05
Epoch 38/100
150/150 4ms/step accuracy=0.9985 loss=0.0082 val_accuracy=1.0000 val_loss=2.9494e-05
Epoch 39/100
150/150 4ms/step accuracy=0.9992 loss=0.0071 val_accuracy=1.0000 val_loss=2.8866e-05
Epoch 40/100
150/150 4ms/step accuracy=0.9994 loss=0.0066 val_accuracy=1.0000 val_loss=3.7326e-05
Epoch 41/100
150/150 4ms/step accuracy=0.9985 loss=0.0071 val_accuracy=1.0000 val_loss=2.7910e-04
Epoch 42/100
150/150 4ms/step accuracy=0.9990 loss=0.0064 val_accuracy=1.0000 val_loss=6.0812e-05
Epoch 43/100
150/150 4ms/step accuracy=0.9981 loss=0.0086 val_accuracy=1.0000 val_loss=2.1234e-04
Epoch 44/100
150/150 4ms/step accuracy=0.9985 loss=0.0073 val_accuracy=1.0000 val_loss=2.1368e-05
Epoch 45/100
150/150 4ms/step accuracy=0.9996 loss=0.0051 val_accuracy=1.0000 val_loss=5.4417e-05
Epoch 46/100
150/150 4ms/step accuracy=1.0000 loss=0.0042 val_accuracy=1.0000 val_loss=2.1496e-05
Epoch 47/100
150/150 4ms/step accuracy=0.9987 loss=0.0050 val_accuracy=1.0000 val_loss=1.3641e-05
Epoch 48/100
150/150 4ms/step accuracy=0.9992 loss=0.0062 val_accuracy=1.0000 val_loss=1.6741e-05
Epoch 49/100
150/150 4ms/step accuracy=0.9990 loss=0.0055 val_accuracy=1.0000 val_loss=1.2260e-04
Epoch 50/100
150/150 4ms/step accuracy=0.9992 loss=0.0062 val_accuracy=1.0000 val_loss=8.9378e-06
Epoch 51/100
150/150 4ms/step accuracy=0.9983 loss=0.0064 val_accuracy=1.0000 val_loss=1.4358e-05
Epoch 52/100
150/150 4ms/step accuracy=0.9994 loss=0.0044 val_accuracy=1.0000 val_loss=8.3220e-05
Epoch 53/100
150/150 4ms/step accuracy=0.9996 loss=0.0042 val_accuracy=1.0000 val_loss=9.5139e-06
Epoch 54/100
150/150 4ms/step accuracy=0.9994 loss=0.0045 val_accuracy=1.0000 val_loss=6.0549e-06
Epoch 55/100
150/150 4ms/step accuracy=0.9996 loss=0.0035 val_accuracy=1.0000 val_loss=4.5170e-06
Epoch 56/100
150/150 4ms/step accuracy=0.9985 loss=0.0049 val_accuracy=1.0000 val_loss=4.8097e-06
Epoch 57/100
150/150 4ms/step accuracy=1.0000 loss=0.0036 val_accuracy=1.0000 val_loss=4.6362e-06
Epoch 58/100
150/150 4ms/step accuracy=0.9987 loss=0.0045 val_accuracy=1.0000 val_loss=5.8919e-06
Epoch 59/100
150/150 4ms/step accuracy=0.9979 loss=0.0100 val_accuracy=0.9992 val_loss=6.4025e-04
Epoch 60/100
150/150 4ms/step accuracy=0.9996 loss=0.0041 val_accuracy=1.0000 val_loss=7.8425e-06
Epoch 61/100
150/150 4ms/step accuracy=0.9994 loss=0.0045 val_accuracy=1.0000 val_loss=7.4991e-06
Epoch 62/100
150/150 4ms/step accuracy=0.9996 loss=0.0028 val_accuracy=1.0000 val_loss=4.5447e-06
Epoch 63/100
150/150 4ms/step accuracy=0.9992 loss=0.0036 val_accuracy=1.0000 val_loss=3.4102e-06
Epoch 64/100
150/150 4ms/step accuracy=0.9985 loss=0.0047 val_accuracy=1.0000 val_loss=3.2684e-06
Epoch 65/100
150/150 4ms/step accuracy=0.9994 loss=0.0033 val_accuracy=1.0000 val_loss=2.1935e-05
Epoch 66/100
150/150 4ms/step accuracy=0.9992 loss=0.0037 val_accuracy=1.0000 val_loss=1.4420e-06
Epoch 67/100
150/150 3ms/step accuracy=0.9994 loss=0.0027
150/150 4ms/step accuracy=0.9992 loss=0.0032 val_accuracy=1.0000 val_loss=7.9169e-06
Epoch 68/100
150/150 4ms/step accuracy=0.9994 loss=0.0030 val_accuracy=1.0000 val_loss=1.5370e-06
Epoch 69/100
150/150 4ms/step accuracy=0.9990 loss=0.0036 val_accuracy=1.0000 val_loss=2.1168e-06
Epoch 70/100
150/150 3ms/step accuracy=0.9997 loss=0.0032
150/150 4ms/step accuracy=0.9996 loss=0.0031 val_accuracy=1.0000 val_loss=1.4627e-06
Epoch 71/100
150/150 4ms/step accuracy=0.9996 loss=0.0031 val_accuracy=1.0000 val_loss=1.5258e-06
Epoch 72/100
150/150 3ms/step accuracy=0.9991 loss=0.0031
150/150 4ms/step accuracy=0.9992 loss=0.0035 val_accuracy=1.0000 val_loss=1.2384e-06
Epoch 73/100
150/150 4ms/step accuracy=0.9985 loss=0.0064 val_accuracy=1.0000 val_loss=9.5775e-06
Epoch 74/100
150/150 4ms/step accuracy=0.9996 loss=0.0027 val_accuracy=1.0000 val_loss=2.1444e-06
Epoch 75/100
150/150 3ms/step accuracy=0.9994 loss=0.0025
150/150 4ms/step accuracy=0.9992 loss=0.0030 val_accuracy=1.0000 val_loss=1.4925e-06
Epoch 76/100
150/150 4ms/step accuracy=0.9998 loss=0.0033 val_accuracy=1.0000 val_loss=3.1618e-06
Epoch 77/100
150/150 3ms/step accuracy=0.9996 loss=0.0030
150/150 4ms/step accuracy=0.9994 loss=0.0029 val_accuracy=1.0000 val_loss=1.2386e-06
Epoch 78/100
150/150 4ms/step accuracy=0.9983 loss=0.0041 val_accuracy=1.0000 val_loss=7.6022e-07
Epoch 79/100
150/150 4ms/step accuracy=0.9992 loss=0.0030 val_accuracy=1.0000 val_loss=7.0498e-07
Epoch 80/100
150/150 4ms/step accuracy=0.9998 loss=0.0022 val_accuracy=1.0000 val_loss=1.2547e-06
Epoch 81/100
150/150 4ms/step accuracy=0.9996 loss=0.0027 val_accuracy=1.0000 val_loss=1.3392e-06
Epoch 82/100
150/150 4ms/step accuracy=0.9994 loss=0.0024 val_accuracy=1.0000 val_loss=4.9344e-06
Epoch 83/100
150/150 4ms/step accuracy=0.9977 loss=0.0072 val_accuracy=0.9992 val_loss=0.0055
Epoch 84/100
150/150 4ms/step accuracy=0.9994 loss=0.0037 val_accuracy=1.0000 val_loss=5.6496e-06
Epoch 85/100
150/150 4ms/step accuracy=0.9987 loss=0.0036 val_accuracy=1.0000 val_loss=1.3709e-06
Epoch 86/100
150/150 4ms/step accuracy=0.9994 loss=0.0029 val_accuracy=1.0000 val_loss=9.3223e-07
Epoch 87/100
150/150 4ms/step accuracy=0.9990 loss=0.0036 val_accuracy=1.0000 val_loss=1.8354e-06
Epoch 88/100
150/150 4ms/step accuracy=0.9992 loss=0.0021 val_accuracy=1.0000 val_loss=6.6470e-07
Epoch 89/100
150/150 4ms/step accuracy=0.9998 loss=0.0022 val_accuracy=1.0000 val_loss=4.5463e-07
Epoch 90/100
150/150 4ms/step accuracy=1.0000 loss=0.0017 val_accuracy=1.0000 val_loss=3.7493e-07
Epoch 91/100
150/150 4ms/step accuracy=0.9992 loss=0.0024 val_accuracy=1.0000 val_loss=4.5890e-07
Epoch 92/100
150/150 4ms/step accuracy=0.9998 loss=0.0018 val_accuracy=1.0000 val_loss=3.9941e-07
Epoch 93/100
150/150 4ms/step accuracy=0.9992 loss=0.0036 val_accuracy=1.0000 val_loss=2.3195e-07
Epoch 94/100
150/150 4ms/step accuracy=0.9998 loss=0.0023 val_accuracy=1.0000 val_loss=2.0429e-07
Epoch 95/100
150/150 4ms/step accuracy=0.9996 loss=0.0017 val_accuracy=1.0000 val_loss=2.0618e-07
Epoch 96/100
150/150 4ms/step accuracy=0.9992 loss=0.0029 val_accuracy=1.0000 val_loss=2.2558e-07
Epoch 97/100
150/150 4ms/step accuracy=1.0000 loss=0.0014 val_accuracy=1.0000 val_loss=3.9263e-07
Epoch 98/100
150/150 4ms/step accuracy=0.9992 loss=0.0023 val_accuracy=1.0000 val_loss=2.1911e-07
Epoch 99/100
150/150 4ms/step accuracy=0.9996 loss=0.0014 val_accuracy=1.0000 val_loss=2.7443e-07
Epoch 100/100
150/150 4ms/step accuracy=0.9996 loss=0.0022 val_accuracy=1.0000 val_loss=1.0975e-06
38/38 3ms/step accuracy=1.0000 loss=2.0429e-07
Screw Number Loss: 0.0000, Screw Number Accuracy: 1.0000
2026-08-05 17:07:22 | INFO  | Saved plot: /home/albert/Ancestor/output/Step6_Model_20_Retrain/2026-08-05-17-05-54/plot_000.png
2026-08-05 17:07:22 | INFO  | Saved plot: /home/albert/Ancestor/output/Step6_Model_20_Retrain/2026-08-05-17-05-54/plot_001.png
2026-08-05 17:07:24 | INFO  | Saved plot: /home/albert/Ancestor/output/Step6_Model_20_Retrain/2026-08-05-17-05-54/plot_002.png
重訓練模型已儲存：/home/albert/Ancestor/data/Step-3/model/ResNet_A8000_retrained.keras
