2026-08-05 15:43:18 | INFO  | Logger initialized
2026-08-05 15:43:18 | INFO  | log_file=/home/albert/Ancestor/logs/Step3_Model_14_OneStage/2026-08-05-15-43-18.log
2026-08-05 15:43:18 | INFO  | output_dir=/home/albert/Ancestor/output/Step3_Model_14_OneStage/2026-08-05-15-43-18
[gpu_utils] GPU x1 已啟用：['/physical_device:GPU:0']
自訂 Label Mapping:
8screws: 0
1screws: 1
2screws: 2
3screws: 3
4screws: 4
模型已成功載入。
Model 2 - Layer 0: input_layer | Trainable: False
Model 2 - Layer 1: conv1d | Trainable: False
Model 2 - Layer 2: batch_normalization | Trainable: False
Model 2 - Layer 3: activation | Trainable: False
Model 2 - Layer 4: max_pooling1d | Trainable: False
Model 2 - Layer 5: conv1d_1 | Trainable: False
Model 2 - Layer 6: batch_normalization_1 | Trainable: False
Model 2 - Layer 7: activation_1 | Trainable: False
Model 2 - Layer 8: conv1d_2 | Trainable: False
Model 2 - Layer 9: batch_normalization_2 | Trainable: False
Model 2 - Layer 10: add | Trainable: False
Model 2 - Layer 11: activation_2 | Trainable: False
Model 2 - Layer 12: conv1d_3 | Trainable: False
Model 2 - Layer 13: batch_normalization_3 | Trainable: False
Model 2 - Layer 14: activation_3 | Trainable: False
Model 2 - Layer 15: conv1d_4 | Trainable: False
Model 2 - Layer 16: batch_normalization_4 | Trainable: False
Model 2 - Layer 17: add_1 | Trainable: False
Model 2 - Layer 18: activation_4 | Trainable: False
Model 2 - Layer 19: conv1d_5 | Trainable: False
Model 2 - Layer 20: batch_normalization_5 | Trainable: False
Model 2 - Layer 21: activation_5 | Trainable: False
Model 2 - Layer 22: conv1d_6 | Trainable: False
Model 2 - Layer 23: conv1d_7 | Trainable: False
Model 2 - Layer 24: batch_normalization_6 | Trainable: False
Model 2 - Layer 25: batch_normalization_7 | Trainable: False
Model 2 - Layer 26: add_2 | Trainable: False
Model 2 - Layer 27: activation_6 | Trainable: False
Model 2 - Layer 28: conv1d_8 | Trainable: False
Model 2 - Layer 29: batch_normalization_8 | Trainable: False
Model 2 - Layer 30: activation_7 | Trainable: False
Model 2 - Layer 31: conv1d_9 | Trainable: False
Model 2 - Layer 32: batch_normalization_9 | Trainable: False
Model 2 - Layer 33: add_3 | Trainable: False
Model 2 - Layer 34: activation_8 | Trainable: False
Model 2 - Layer 35: conv1d_10 | Trainable: True
Model 2 - Layer 36: batch_normalization_10 | Trainable: False
Model 2 - Layer 37: activation_9 | Trainable: True
Model 2 - Layer 38: conv1d_11 | Trainable: True
Model 2 - Layer 39: conv1d_12 | Trainable: True
Model 2 - Layer 40: batch_normalization_11 | Trainable: False
Model 2 - Layer 41: batch_normalization_12 | Trainable: False
Model 2 - Layer 42: add_4 | Trainable: True
Model 2 - Layer 43: activation_10 | Trainable: True
Model 2 - Layer 44: conv1d_13 | Trainable: True
Model 2 - Layer 45: batch_normalization_13 | Trainable: False
Model 2 - Layer 46: activation_11 | Trainable: True
Model 2 - Layer 47: conv1d_14 | Trainable: True
Model 2 - Layer 48: batch_normalization_14 | Trainable: False
Model 2 - Layer 49: add_5 | Trainable: True
Model 2 - Layer 50: activation_12 | Trainable: True
Model 2 - Layer 51: conv1d_15 | Trainable: True
Model 2 - Layer 52: batch_normalization_15 | Trainable: False
Model 2 - Layer 53: activation_13 | Trainable: True
Model 2 - Layer 54: conv1d_16 | Trainable: True
Model 2 - Layer 55: conv1d_17 | Trainable: True
Model 2 - Layer 56: batch_normalization_16 | Trainable: False
Model 2 - Layer 57: batch_normalization_17 | Trainable: False
Model 2 - Layer 58: add_6 | Trainable: True
Model 2 - Layer 59: activation_14 | Trainable: True
Model 2 - Layer 60: conv1d_18 | Trainable: True
Model 2 - Layer 61: batch_normalization_18 | Trainable: False
Model 2 - Layer 62: activation_15 | Trainable: True
Model 2 - Layer 63: conv1d_19 | Trainable: True
Model 2 - Layer 64: batch_normalization_19 | Trainable: False
Model 2 - Layer 65: add_7 | Trainable: True
Model 2 - Layer 66: activation_16 | Trainable: True
Model 2 - Layer 67: global_average_pooling1d | Trainable: True
Model 2 - Layer 68: Screw_Number_Output | Trainable: True
[Training] Device: /GPU:0
Epoch 1/100
75/75 53ms/step accuracy=0.7053 loss=1.2486
75/75 88ms/step accuracy=0.8706 loss=0.5392 val_accuracy=0.9917 val_loss=0.0764
Epoch 2/100
75/75 5ms/step accuracy=0.9964 loss=0.0295
75/75 7ms/step accuracy=0.9975 loss=0.0215 val_accuracy=1.0000 val_loss=0.0131
Epoch 3/100
75/75 7ms/step accuracy=0.9996 loss=0.0082 val_accuracy=1.0000 val_loss=0.0077
Epoch 4/100
75/75 5ms/step accuracy=0.9996 loss=0.0045 val_accuracy=1.0000 val_loss=0.0047
Epoch 5/100
75/75 5ms/step accuracy=1.0000 loss=0.0028 val_accuracy=1.0000 val_loss=0.0040
Epoch 6/100
75/75 7ms/step accuracy=1.0000 loss=0.0019 val_accuracy=1.0000 val_loss=0.0034
Epoch 7/100
75/75 5ms/step accuracy=1.0000 loss=0.0013 val_accuracy=1.0000 val_loss=0.0021
Epoch 8/100
75/75 5ms/step accuracy=1.0000 loss=9.2996e-04 val_accuracy=1.0000 val_loss=0.0017
Epoch 9/100
75/75 7ms/step accuracy=1.0000 loss=7.4076e-04 val_accuracy=1.0000 val_loss=0.0015
Epoch 10/100
75/75 5ms/step accuracy=1.0000 loss=5.9675e-04 val_accuracy=1.0000 val_loss=0.0015
Epoch 11/100
75/75 5ms/step accuracy=1.0000 loss=4.7981e-04 val_accuracy=1.0000 val_loss=0.0012
Epoch 12/100
75/75 7ms/step accuracy=1.0000 loss=4.0026e-04 val_accuracy=1.0000 val_loss=0.0010
Epoch 13/100
75/75 5ms/step accuracy=1.0000 loss=3.3979e-04 val_accuracy=1.0000 val_loss=9.7535e-04
Epoch 14/100
75/75 5ms/step accuracy=1.0000 loss=2.8806e-04 val_accuracy=1.0000 val_loss=8.9390e-04
Epoch 15/100
75/75 7ms/step accuracy=1.0000 loss=2.5014e-04 val_accuracy=1.0000 val_loss=7.4475e-04
Epoch 16/100
75/75 5ms/step accuracy=1.0000 loss=2.1443e-04 val_accuracy=1.0000 val_loss=6.0709e-04
Epoch 17/100
75/75 5ms/step accuracy=1.0000 loss=1.8833e-04 val_accuracy=1.0000 val_loss=6.1382e-04
Epoch 18/100
75/75 7ms/step accuracy=1.0000 loss=1.6800e-04 val_accuracy=1.0000 val_loss=5.8900e-04
Epoch 19/100
75/75 5ms/step accuracy=1.0000 loss=1.4911e-04 val_accuracy=1.0000 val_loss=6.0855e-04
Epoch 20/100
75/75 5ms/step accuracy=1.0000 loss=1.3535e-04 val_accuracy=1.0000 val_loss=5.3124e-04
Epoch 21/100
75/75 7ms/step accuracy=1.0000 loss=1.1893e-04 val_accuracy=1.0000 val_loss=4.3822e-04
Epoch 22/100
75/75 5ms/step accuracy=1.0000 loss=1.0729e-04 val_accuracy=1.0000 val_loss=3.9208e-04
Epoch 23/100
75/75 5ms/step accuracy=1.0000 loss=9.7622e-05 val_accuracy=1.0000 val_loss=3.5635e-04
Epoch 24/100
75/75 7ms/step accuracy=1.0000 loss=8.8938e-05 val_accuracy=1.0000 val_loss=3.4908e-04
Epoch 25/100
75/75 5ms/step accuracy=1.0000 loss=8.0666e-05 val_accuracy=1.0000 val_loss=3.4582e-04
Epoch 26/100
75/75 5ms/step accuracy=1.0000 loss=7.3807e-05 val_accuracy=1.0000 val_loss=3.0211e-04
Epoch 27/100
75/75 7ms/step accuracy=1.0000 loss=6.7554e-05 val_accuracy=1.0000 val_loss=3.2325e-04
Epoch 28/100
75/75 5ms/step accuracy=1.0000 loss=6.2539e-05 val_accuracy=1.0000 val_loss=2.7790e-04
Epoch 29/100
75/75 5ms/step accuracy=1.0000 loss=5.6971e-05 val_accuracy=1.0000 val_loss=2.6084e-04
Epoch 30/100
75/75 7ms/step accuracy=1.0000 loss=5.2699e-05 val_accuracy=1.0000 val_loss=2.4455e-04
Epoch 31/100
75/75 5ms/step accuracy=1.0000 loss=4.8848e-05 val_accuracy=1.0000 val_loss=2.3057e-04
Epoch 32/100
75/75 5ms/step accuracy=1.0000 loss=4.5564e-05 val_accuracy=1.0000 val_loss=2.1794e-04
Epoch 33/100
75/75 6ms/step accuracy=1.0000 loss=4.2127e-05 val_accuracy=1.0000 val_loss=2.1836e-04
Epoch 34/100
75/75 5ms/step accuracy=1.0000 loss=3.9426e-05 val_accuracy=1.0000 val_loss=2.1012e-04
Epoch 35/100
75/75 5ms/step accuracy=1.0000 loss=3.6378e-05 val_accuracy=1.0000 val_loss=1.9544e-04
Epoch 36/100
75/75 7ms/step accuracy=1.0000 loss=3.3969e-05 val_accuracy=1.0000 val_loss=1.9516e-04
Epoch 37/100
75/75 5ms/step accuracy=1.0000 loss=3.1817e-05 val_accuracy=1.0000 val_loss=1.7886e-04
Epoch 38/100
75/75 5ms/step accuracy=1.0000 loss=2.9617e-05 val_accuracy=1.0000 val_loss=1.7281e-04
Epoch 39/100
75/75 7ms/step accuracy=1.0000 loss=2.7876e-05 val_accuracy=1.0000 val_loss=1.5669e-04
Epoch 40/100
75/75 5ms/step accuracy=1.0000 loss=2.6218e-05 val_accuracy=1.0000 val_loss=1.5129e-04
Epoch 41/100
75/75 5ms/step accuracy=1.0000 loss=2.4348e-05 val_accuracy=1.0000 val_loss=1.4919e-04
Epoch 42/100
75/75 7ms/step accuracy=1.0000 loss=2.2965e-05 val_accuracy=1.0000 val_loss=1.3110e-04
Epoch 43/100
75/75 5ms/step accuracy=1.0000 loss=2.1609e-05 val_accuracy=1.0000 val_loss=1.3436e-04
Epoch 44/100
75/75 5ms/step accuracy=1.0000 loss=2.0177e-05 val_accuracy=1.0000 val_loss=1.2812e-04
Epoch 45/100
75/75 7ms/step accuracy=1.0000 loss=1.8992e-05 val_accuracy=1.0000 val_loss=1.2300e-04
Epoch 46/100
75/75 5ms/step accuracy=1.0000 loss=1.7915e-05 val_accuracy=1.0000 val_loss=1.1516e-04
Epoch 47/100
75/75 5ms/step accuracy=1.0000 loss=1.6845e-05 val_accuracy=1.0000 val_loss=1.0960e-04
Epoch 48/100
75/75 5ms/step accuracy=1.0000 loss=1.5965e-05 val_accuracy=1.0000 val_loss=1.0799e-04
Epoch 49/100
75/75 7ms/step accuracy=1.0000 loss=1.5150e-05 val_accuracy=1.0000 val_loss=1.1255e-04
Epoch 50/100
75/75 5ms/step accuracy=1.0000 loss=1.4274e-05 val_accuracy=1.0000 val_loss=9.9121e-05
Epoch 51/100
75/75 5ms/step accuracy=1.0000 loss=1.3504e-05 val_accuracy=1.0000 val_loss=9.9560e-05
Epoch 52/100
75/75 7ms/step accuracy=1.0000 loss=1.2688e-05 val_accuracy=1.0000 val_loss=1.0066e-04
Epoch 53/100
75/75 5ms/step accuracy=1.0000 loss=1.1985e-05 val_accuracy=1.0000 val_loss=8.8491e-05
Epoch 54/100
75/75 5ms/step accuracy=1.0000 loss=1.1360e-05 val_accuracy=1.0000 val_loss=8.7411e-05
Epoch 55/100
75/75 7ms/step accuracy=1.0000 loss=1.0774e-05 val_accuracy=1.0000 val_loss=8.7338e-05
Epoch 56/100
75/75 5ms/step accuracy=1.0000 loss=1.0278e-05 val_accuracy=1.0000 val_loss=8.7604e-05
Epoch 57/100
75/75 5ms/step accuracy=1.0000 loss=9.6770e-06 val_accuracy=1.0000 val_loss=8.3296e-05
Epoch 58/100
75/75 7ms/step accuracy=1.0000 loss=9.1473e-06 val_accuracy=1.0000 val_loss=7.8222e-05
Epoch 59/100
75/75 5ms/step accuracy=1.0000 loss=8.6920e-06 val_accuracy=1.0000 val_loss=7.5213e-05
Epoch 60/100
75/75 5ms/step accuracy=1.0000 loss=8.2381e-06 val_accuracy=1.0000 val_loss=7.3405e-05
Epoch 61/100
75/75 7ms/step accuracy=1.0000 loss=7.8276e-06 val_accuracy=1.0000 val_loss=6.7548e-05
Epoch 62/100
75/75 5ms/step accuracy=1.0000 loss=7.4416e-06 val_accuracy=1.0000 val_loss=6.4636e-05
Epoch 63/100
75/75 5ms/step accuracy=1.0000 loss=7.0683e-06 val_accuracy=1.0000 val_loss=6.2689e-05
Epoch 64/100
75/75 7ms/step accuracy=1.0000 loss=6.7136e-06 val_accuracy=1.0000 val_loss=5.8872e-05
Epoch 65/100
75/75 5ms/step accuracy=1.0000 loss=6.3773e-06 val_accuracy=1.0000 val_loss=5.8484e-05
Epoch 66/100
75/75 5ms/step accuracy=1.0000 loss=6.0666e-06 val_accuracy=1.0000 val_loss=5.6628e-05
Epoch 67/100
75/75 7ms/step accuracy=1.0000 loss=5.7723e-06 val_accuracy=1.0000 val_loss=5.4296e-05
Epoch 68/100
75/75 5ms/step accuracy=1.0000 loss=5.4599e-06 val_accuracy=1.0000 val_loss=5.6536e-05
Epoch 69/100
75/75 5ms/step accuracy=1.0000 loss=5.2326e-06 val_accuracy=1.0000 val_loss=5.4520e-05
Epoch 70/100
75/75 5ms/step accuracy=1.0000 loss=4.9680e-06 val_accuracy=1.0000 val_loss=5.3724e-05
Epoch 71/100
75/75 5ms/step accuracy=1.0000 loss=4.7056e-06 val_accuracy=1.0000 val_loss=4.8998e-05
Epoch 72/100
75/75 5ms/step accuracy=1.0000 loss=4.5019e-06 val_accuracy=1.0000 val_loss=4.7930e-05
Epoch 73/100
75/75 7ms/step accuracy=1.0000 loss=4.2909e-06 val_accuracy=1.0000 val_loss=4.5409e-05
Epoch 74/100
75/75 5ms/step accuracy=1.0000 loss=4.0801e-06 val_accuracy=1.0000 val_loss=4.3260e-05
Epoch 75/100
75/75 5ms/step accuracy=1.0000 loss=3.8844e-06 val_accuracy=1.0000 val_loss=4.5913e-05
Epoch 76/100
75/75 7ms/step accuracy=1.0000 loss=3.7016e-06 val_accuracy=1.0000 val_loss=4.0440e-05
Epoch 77/100
75/75 5ms/step accuracy=1.0000 loss=3.5264e-06 val_accuracy=1.0000 val_loss=4.0257e-05
Epoch 78/100
75/75 5ms/step accuracy=1.0000 loss=3.3688e-06 val_accuracy=1.0000 val_loss=4.2119e-05
Epoch 79/100
75/75 7ms/step accuracy=1.0000 loss=3.2084e-06 val_accuracy=1.0000 val_loss=3.8856e-05
Epoch 80/100
75/75 5ms/step accuracy=1.0000 loss=3.0580e-06 val_accuracy=1.0000 val_loss=4.1648e-05
Epoch 81/100
75/75 5ms/step accuracy=1.0000 loss=2.9096e-06 val_accuracy=1.0000 val_loss=3.7183e-05
Epoch 82/100
75/75 7ms/step accuracy=1.0000 loss=2.7747e-06 val_accuracy=1.0000 val_loss=3.7312e-05
Epoch 83/100
75/75 5ms/step accuracy=1.0000 loss=2.6448e-06 val_accuracy=1.0000 val_loss=3.2971e-05
Epoch 84/100
75/75 5ms/step accuracy=1.0000 loss=2.5450e-06 val_accuracy=1.0000 val_loss=3.0873e-05
Epoch 85/100
75/75 3ms/step accuracy=1.0000 loss=2.9399e-06
75/75 7ms/step accuracy=1.0000 loss=2.4157e-06 val_accuracy=1.0000 val_loss=3.2019e-05
Epoch 86/100
75/75 5ms/step accuracy=1.0000 loss=2.3014e-06 val_accuracy=1.0000 val_loss=3.1243e-05
Epoch 87/100
75/75 5ms/step accuracy=1.0000 loss=2.1980e-06 val_accuracy=1.0000 val_loss=2.9629e-05
Epoch 88/100
75/75 7ms/step accuracy=1.0000 loss=2.1066e-06 val_accuracy=1.0000 val_loss=2.8586e-05
Epoch 89/100
75/75 5ms/step accuracy=1.0000 loss=2.0043e-06 val_accuracy=1.0000 val_loss=2.7683e-05
Epoch 90/100
75/75 5ms/step accuracy=1.0000 loss=1.9163e-06 val_accuracy=1.0000 val_loss=2.6674e-05
Epoch 91/100
75/75 7ms/step accuracy=1.0000 loss=1.8339e-06 val_accuracy=1.0000 val_loss=2.5901e-05
Epoch 92/100
75/75 5ms/step accuracy=1.0000 loss=1.7456e-06 val_accuracy=1.0000 val_loss=2.5302e-05
Epoch 93/100
75/75 5ms/step accuracy=1.0000 loss=1.6723e-06 val_accuracy=1.0000 val_loss=2.4574e-05
Epoch 94/100
75/75 7ms/step accuracy=1.0000 loss=1.6029e-06 val_accuracy=1.0000 val_loss=2.3462e-05
Epoch 95/100
75/75 5ms/step accuracy=1.0000 loss=1.5233e-06 val_accuracy=1.0000 val_loss=2.2856e-05
Epoch 96/100
75/75 5ms/step accuracy=1.0000 loss=1.4490e-06 val_accuracy=1.0000 val_loss=2.2225e-05
Epoch 97/100
75/75 7ms/step accuracy=1.0000 loss=1.3897e-06 val_accuracy=1.0000 val_loss=2.1069e-05
Epoch 98/100
75/75 5ms/step accuracy=1.0000 loss=1.3245e-06 val_accuracy=1.0000 val_loss=2.2514e-05
Epoch 99/100
75/75 5ms/step accuracy=1.0000 loss=1.2699e-06 val_accuracy=1.0000 val_loss=2.0943e-05
Epoch 100/100
75/75 7ms/step accuracy=1.0000 loss=1.2104e-06 val_accuracy=1.0000 val_loss=2.0150e-05
19/19 3ms/step accuracy=1.0000 loss=1.2490e-05
19/19 4ms/step accuracy=1.0000 loss=2.0150e-05
Loss: 0.0000, Accuracy: 1.0000
2026-08-05 15:44:21 | INFO  | Saved plot: /home/albert/Ancestor/output/Step3_Model_14_OneStage/2026-08-05-15-43-18/plot_000.png
2026-08-05 15:44:21 | INFO  | Saved plot: /home/albert/Ancestor/output/Step3_Model_14_OneStage/2026-08-05-15-43-18/plot_001.png
2026-08-05 15:44:23 | INFO  | Saved plot: /home/albert/Ancestor/output/Step3_Model_14_OneStage/2026-08-05-15-43-18/plot_002.png
