2026-10-02 01:23:17 | INFO    | Logger initialized: fault_type_literature_smoke_py3_10_19
2026-10-02 01:23:17 | INFO    | log_file=logs\fault_type_literature_smoke_py3_10_19\2026-10-02-01-23-17.log
2026-10-02 01:23:17 | INFO    | output_dir=output\fault_type_literature_smoke_py3_10_19\2026-10-02-01-23-17
2026-10-02 01:23:18 | INFO    | fit fold=fixed-fold0 seed=0 C01 nodes=1
2026-10-02 01:23:18 | INFO    | fit fold=fixed-fold0 seed=0 C02 nodes=1
2026-10-02 01:23:18 | INFO    | fit fold=fixed-fold0 seed=0 C03 nodes=1
2026-10-02 01:23:18 | INFO    | fit fold=fixed-fold0 seed=0 C04 nodes=1
2026-10-02 01:23:19 | INFO    | fit fold=fixed-fold0 seed=0 C05 nodes=1
2026-10-02 01:23:19 | INFO    | fit fold=fixed-fold0 seed=0 C06 nodes=1
2026-10-02 01:23:19 | INFO    | fit fold=fixed-fold0 seed=0 C07 nodes=1
2026-10-02 01:23:19 | INFO    | fit fold=fixed-fold0 seed=0 C08 nodes=1
2026-10-02 01:23:19 | INFO    | fit fold=fixed-fold0 seed=0 C09 nodes=1
2026-10-02 01:23:19 | INFO    | fit fold=fixed-fold0 seed=0 C10 nodes=1
2026-10-02 01:23:19 | INFO    | fit fold=fixed-fold0 seed=0 C11 nodes=1
2026-10-02 01:23:19 | INFO    | fit fold=fixed-fold0 seed=0 C12 nodes=1
2026-10-02 01:23:19 | INFO    | fit fold=fixed-fold0 seed=0 C13 nodes=1
2026-10-02 01:23:19 | INFO    | fit fold=fixed-fold0 seed=0 C14 nodes=1
2026-10-02 01:23:19 | INFO    | fit fold=fixed-fold0 seed=0 C15 nodes=1
2026-10-02 01:23:19 | INFO    | fit fold=fixed-fold0 seed=0 C16 nodes=1
2026-10-02 01:23:19 | INFO    | fit fold=fixed-fold0 seed=0 C17 nodes=1
2026-10-02 01:23:19 | INFO    | fit fold=fixed-fold0 seed=0 C18 nodes=1
2026-10-02 01:23:19 | INFO    | fit fold=fixed-fold0 seed=0 C19 nodes=1
2026-10-02 01:23:19 | INFO    | fit fold=fixed-fold0 seed=0 C20 nodes=1
2026-10-02 01:23:19 | INFO    | fit fold=fixed-fold0 seed=0 C21 nodes=1
2026-10-02 01:23:19 | INFO    | fit fold=fixed-fold0 seed=0 C22 nodes=1
2026-10-02 01:23:19 | INFO    | fit fold=fixed-fold0 seed=0 C23 nodes=1
2026-10-02 01:23:19 | INFO    | fit fold=fixed-fold0 seed=0 C24 nodes=3
2026-10-02 01:23:20 | INFO    | fit fold=fixed-fold0 seed=1 C01 nodes=1
2026-10-02 01:23:20 | INFO    | fit fold=fixed-fold0 seed=1 C02 nodes=1
2026-10-02 01:23:20 | INFO    | fit fold=fixed-fold0 seed=1 C03 nodes=1
2026-10-02 01:23:21 | INFO    | fit fold=fixed-fold0 seed=1 C04 nodes=1
2026-10-02 01:23:22 | INFO    | fit fold=fixed-fold0 seed=1 C05 nodes=1
2026-10-02 01:23:22 | INFO    | fit fold=fixed-fold0 seed=1 C06 nodes=1
2026-10-02 01:23:22 | INFO    | fit fold=fixed-fold0 seed=1 C07 nodes=1
2026-10-02 01:23:22 | INFO    | fit fold=fixed-fold0 seed=1 C08 nodes=1
2026-10-02 01:23:22 | INFO    | fit fold=fixed-fold0 seed=1 C09 nodes=1
2026-10-02 01:23:22 | INFO    | fit fold=fixed-fold0 seed=1 C10 nodes=1
2026-10-02 01:23:22 | INFO    | fit fold=fixed-fold0 seed=1 C11 nodes=1
2026-10-02 01:23:22 | INFO    | fit fold=fixed-fold0 seed=1 C12 nodes=1
2026-10-02 01:23:22 | INFO    | fit fold=fixed-fold0 seed=1 C13 nodes=1
2026-10-02 01:23:22 | INFO    | fit fold=fixed-fold0 seed=1 C14 nodes=1
2026-10-02 01:23:22 | INFO    | fit fold=fixed-fold0 seed=1 C15 nodes=1
2026-10-02 01:23:22 | INFO    | fit fold=fixed-fold0 seed=1 C16 nodes=1
2026-10-02 01:23:22 | INFO    | fit fold=fixed-fold0 seed=1 C17 nodes=1
2026-10-02 01:23:22 | INFO    | fit fold=fixed-fold0 seed=1 C18 nodes=1
2026-10-02 01:23:22 | INFO    | fit fold=fixed-fold0 seed=1 C19 nodes=1
2026-10-02 01:23:22 | INFO    | fit fold=fixed-fold0 seed=1 C20 nodes=1
2026-10-02 01:23:22 | INFO    | fit fold=fixed-fold0 seed=1 C21 nodes=1
2026-10-02 01:23:22 | INFO    | fit fold=fixed-fold0 seed=1 C22 nodes=1
2026-10-02 01:23:22 | INFO    | fit fold=fixed-fold0 seed=1 C23 nodes=1
2026-10-02 01:23:22 | INFO    | fit fold=fixed-fold0 seed=1 C24 nodes=3
2026-10-02 01:23:23 | INFO    | fit fold=fixed-fold0 seed=2 C01 nodes=1
2026-10-02 01:23:23 | INFO    | fit fold=fixed-fold0 seed=2 C02 nodes=1
2026-10-02 01:23:23 | INFO    | fit fold=fixed-fold0 seed=2 C03 nodes=1
2026-10-02 01:23:23 | INFO    | fit fold=fixed-fold0 seed=2 C04 nodes=1
2026-10-02 01:23:24 | INFO    | fit fold=fixed-fold0 seed=2 C05 nodes=1
2026-10-02 01:23:24 | INFO    | fit fold=fixed-fold0 seed=2 C06 nodes=1
2026-10-02 01:23:24 | INFO    | fit fold=fixed-fold0 seed=2 C07 nodes=1
2026-10-02 01:23:24 | INFO    | fit fold=fixed-fold0 seed=2 C08 nodes=1
2026-10-02 01:23:24 | INFO    | fit fold=fixed-fold0 seed=2 C09 nodes=1
2026-10-02 01:23:24 | INFO    | fit fold=fixed-fold0 seed=2 C10 nodes=1
2026-10-02 01:23:24 | INFO    | fit fold=fixed-fold0 seed=2 C11 nodes=1
2026-10-02 01:23:24 | INFO    | fit fold=fixed-fold0 seed=2 C12 nodes=1
2026-10-02 01:23:24 | INFO    | fit fold=fixed-fold0 seed=2 C13 nodes=1
2026-10-02 01:23:24 | INFO    | fit fold=fixed-fold0 seed=2 C14 nodes=1
2026-10-02 01:23:24 | INFO    | fit fold=fixed-fold0 seed=2 C15 nodes=1
2026-10-02 01:23:24 | INFO    | fit fold=fixed-fold0 seed=2 C16 nodes=1
2026-10-02 01:23:25 | INFO    | fit fold=fixed-fold0 seed=2 C17 nodes=1
2026-10-02 01:23:25 | INFO    | fit fold=fixed-fold0 seed=2 C18 nodes=1
2026-10-02 01:23:25 | INFO    | fit fold=fixed-fold0 seed=2 C19 nodes=1
2026-10-02 01:23:25 | INFO    | fit fold=fixed-fold0 seed=2 C20 nodes=1
2026-10-02 01:23:25 | INFO    | fit fold=fixed-fold0 seed=2 C21 nodes=1
2026-10-02 01:23:25 | INFO    | fit fold=fixed-fold0 seed=2 C22 nodes=1
2026-10-02 01:23:25 | INFO    | fit fold=fixed-fold0 seed=2 C23 nodes=1
2026-10-02 01:23:25 | INFO    | fit fold=fixed-fold0 seed=2 C24 nodes=3
2026-10-02 01:23:26 | INFO    | fit fold=fixed-fold1 seed=0 C01 nodes=1
2026-10-02 01:23:26 | INFO    | fit fold=fixed-fold1 seed=0 C02 nodes=1
2026-10-02 01:23:26 | INFO    | fit fold=fixed-fold1 seed=0 C03 nodes=1
2026-10-02 01:23:26 | INFO    | fit fold=fixed-fold1 seed=0 C04 nodes=1
2026-10-02 01:23:27 | INFO    | fit fold=fixed-fold1 seed=0 C05 nodes=1
2026-10-02 01:23:27 | INFO    | fit fold=fixed-fold1 seed=0 C06 nodes=1
2026-10-02 01:23:27 | INFO    | fit fold=fixed-fold1 seed=0 C07 nodes=1
2026-10-02 01:23:27 | INFO    | fit fold=fixed-fold1 seed=0 C08 nodes=1
2026-10-02 01:23:27 | INFO    | fit fold=fixed-fold1 seed=0 C09 nodes=1
2026-10-02 01:23:27 | INFO    | fit fold=fixed-fold1 seed=0 C10 nodes=1
2026-10-02 01:23:27 | INFO    | fit fold=fixed-fold1 seed=0 C11 nodes=1
2026-10-02 01:23:27 | INFO    | fit fold=fixed-fold1 seed=0 C12 nodes=1
2026-10-02 01:23:27 | INFO    | fit fold=fixed-fold1 seed=0 C13 nodes=1
2026-10-02 01:23:27 | INFO    | fit fold=fixed-fold1 seed=0 C14 nodes=1
2026-10-02 01:23:27 | INFO    | fit fold=fixed-fold1 seed=0 C15 nodes=1
2026-10-02 01:23:27 | INFO    | fit fold=fixed-fold1 seed=0 C16 nodes=1
2026-10-02 01:23:27 | INFO    | fit fold=fixed-fold1 seed=0 C17 nodes=1
2026-10-02 01:23:27 | INFO    | fit fold=fixed-fold1 seed=0 C18 nodes=1
2026-10-02 01:23:27 | INFO    | fit fold=fixed-fold1 seed=0 C19 nodes=1
2026-10-02 01:23:27 | INFO    | fit fold=fixed-fold1 seed=0 C20 nodes=1
2026-10-02 01:23:28 | INFO    | fit fold=fixed-fold1 seed=0 C21 nodes=1
2026-10-02 01:23:28 | INFO    | fit fold=fixed-fold1 seed=0 C22 nodes=1
2026-10-02 01:23:28 | INFO    | fit fold=fixed-fold1 seed=0 C23 nodes=1
2026-10-02 01:23:28 | INFO    | fit fold=fixed-fold1 seed=0 C24 nodes=3
2026-10-02 01:23:28 | INFO    | fit fold=fixed-fold1 seed=1 C01 nodes=1
2026-10-02 01:23:28 | INFO    | fit fold=fixed-fold1 seed=1 C02 nodes=1
2026-10-02 01:23:29 | INFO    | fit fold=fixed-fold1 seed=1 C03 nodes=1
2026-10-02 01:23:29 | INFO    | fit fold=fixed-fold1 seed=1 C04 nodes=1
2026-10-02 01:23:30 | INFO    | fit fold=fixed-fold1 seed=1 C05 nodes=1
2026-10-02 01:23:30 | INFO    | fit fold=fixed-fold1 seed=1 C06 nodes=1
2026-10-02 01:23:30 | INFO    | fit fold=fixed-fold1 seed=1 C07 nodes=1
2026-10-02 01:23:30 | INFO    | fit fold=fixed-fold1 seed=1 C08 nodes=1
2026-10-02 01:23:30 | INFO    | fit fold=fixed-fold1 seed=1 C09 nodes=1
2026-10-02 01:23:30 | INFO    | fit fold=fixed-fold1 seed=1 C10 nodes=1
2026-10-02 01:23:30 | INFO    | fit fold=fixed-fold1 seed=1 C11 nodes=1
2026-10-02 01:23:30 | INFO    | fit fold=fixed-fold1 seed=1 C12 nodes=1
2026-10-02 01:23:30 | INFO    | fit fold=fixed-fold1 seed=1 C13 nodes=1
2026-10-02 01:23:30 | INFO    | fit fold=fixed-fold1 seed=1 C14 nodes=1
2026-10-02 01:23:30 | INFO    | fit fold=fixed-fold1 seed=1 C15 nodes=1
2026-10-02 01:23:30 | INFO    | fit fold=fixed-fold1 seed=1 C16 nodes=1
2026-10-02 01:23:30 | INFO    | fit fold=fixed-fold1 seed=1 C17 nodes=1
2026-10-02 01:23:30 | INFO    | fit fold=fixed-fold1 seed=1 C18 nodes=1
2026-10-02 01:23:30 | INFO    | fit fold=fixed-fold1 seed=1 C19 nodes=1
2026-10-02 01:23:30 | INFO    | fit fold=fixed-fold1 seed=1 C20 nodes=1
2026-10-02 01:23:30 | INFO    | fit fold=fixed-fold1 seed=1 C21 nodes=1
2026-10-02 01:23:30 | INFO    | fit fold=fixed-fold1 seed=1 C22 nodes=1
2026-10-02 01:23:30 | INFO    | fit fold=fixed-fold1 seed=1 C23 nodes=1
2026-10-02 01:23:30 | INFO    | fit fold=fixed-fold1 seed=1 C24 nodes=3
2026-10-02 01:23:31 | INFO    | fit fold=fixed-fold1 seed=2 C01 nodes=1
2026-10-02 01:23:31 | INFO    | fit fold=fixed-fold1 seed=2 C02 nodes=1
2026-10-02 01:23:31 | INFO    | fit fold=fixed-fold1 seed=2 C03 nodes=1
2026-10-02 01:23:31 | INFO    | fit fold=fixed-fold1 seed=2 C04 nodes=1
2026-10-02 01:23:32 | INFO    | fit fold=fixed-fold1 seed=2 C05 nodes=1
2026-10-02 01:23:32 | INFO    | fit fold=fixed-fold1 seed=2 C06 nodes=1
2026-10-02 01:23:32 | INFO    | fit fold=fixed-fold1 seed=2 C07 nodes=1
2026-10-02 01:23:32 | INFO    | fit fold=fixed-fold1 seed=2 C08 nodes=1
2026-10-02 01:23:32 | INFO    | fit fold=fixed-fold1 seed=2 C09 nodes=1
2026-10-02 01:23:32 | INFO    | fit fold=fixed-fold1 seed=2 C10 nodes=1
2026-10-02 01:23:32 | INFO    | fit fold=fixed-fold1 seed=2 C11 nodes=1
2026-10-02 01:23:32 | INFO    | fit fold=fixed-fold1 seed=2 C12 nodes=1
2026-10-02 01:23:32 | INFO    | fit fold=fixed-fold1 seed=2 C13 nodes=1
2026-10-02 01:23:33 | INFO    | fit fold=fixed-fold1 seed=2 C14 nodes=1
2026-10-02 01:23:33 | INFO    | fit fold=fixed-fold1 seed=2 C15 nodes=1
2026-10-02 01:23:33 | INFO    | fit fold=fixed-fold1 seed=2 C16 nodes=1
2026-10-02 01:23:33 | INFO    | fit fold=fixed-fold1 seed=2 C17 nodes=1
2026-10-02 01:23:33 | INFO    | fit fold=fixed-fold1 seed=2 C18 nodes=1
2026-10-02 01:23:33 | INFO    | fit fold=fixed-fold1 seed=2 C19 nodes=1
2026-10-02 01:23:33 | INFO    | fit fold=fixed-fold1 seed=2 C20 nodes=1
2026-10-02 01:23:33 | INFO    | fit fold=fixed-fold1 seed=2 C21 nodes=1
2026-10-02 01:23:33 | INFO    | fit fold=fixed-fold1 seed=2 C22 nodes=1
2026-10-02 01:23:33 | INFO    | fit fold=fixed-fold1 seed=2 C23 nodes=1
2026-10-02 01:23:33 | INFO    | fit fold=fixed-fold1 seed=2 C24 nodes=3
2026-10-02 01:23:34 | INFO    | fit fold=fixed-fold2 seed=0 C01 nodes=1
2026-10-02 01:23:34 | INFO    | fit fold=fixed-fold2 seed=0 C02 nodes=1
2026-10-02 01:23:34 | INFO    | fit fold=fixed-fold2 seed=0 C03 nodes=1
2026-10-02 01:23:34 | INFO    | fit fold=fixed-fold2 seed=0 C04 nodes=1
2026-10-02 01:23:35 | INFO    | fit fold=fixed-fold2 seed=0 C05 nodes=1
2026-10-02 01:23:35 | INFO    | fit fold=fixed-fold2 seed=0 C06 nodes=1
2026-10-02 01:23:35 | INFO    | fit fold=fixed-fold2 seed=0 C07 nodes=1
2026-10-02 01:23:35 | INFO    | fit fold=fixed-fold2 seed=0 C08 nodes=1
2026-10-02 01:23:35 | INFO    | fit fold=fixed-fold2 seed=0 C09 nodes=1
2026-10-02 01:23:35 | INFO    | fit fold=fixed-fold2 seed=0 C10 nodes=1
2026-10-02 01:23:35 | INFO    | fit fold=fixed-fold2 seed=0 C11 nodes=1
2026-10-02 01:23:35 | INFO    | fit fold=fixed-fold2 seed=0 C12 nodes=1
2026-10-02 01:23:35 | INFO    | fit fold=fixed-fold2 seed=0 C13 nodes=1
2026-10-02 01:23:35 | INFO    | fit fold=fixed-fold2 seed=0 C14 nodes=1
2026-10-02 01:23:35 | INFO    | fit fold=fixed-fold2 seed=0 C15 nodes=1
2026-10-02 01:23:35 | INFO    | fit fold=fixed-fold2 seed=0 C16 nodes=1
2026-10-02 01:23:35 | INFO    | fit fold=fixed-fold2 seed=0 C17 nodes=1
2026-10-02 01:23:35 | INFO    | fit fold=fixed-fold2 seed=0 C18 nodes=1
2026-10-02 01:23:35 | INFO    | fit fold=fixed-fold2 seed=0 C19 nodes=1
2026-10-02 01:23:35 | INFO    | fit fold=fixed-fold2 seed=0 C20 nodes=1
2026-10-02 01:23:36 | INFO    | fit fold=fixed-fold2 seed=0 C21 nodes=1
2026-10-02 01:23:36 | INFO    | fit fold=fixed-fold2 seed=0 C22 nodes=1
2026-10-02 01:23:36 | INFO    | fit fold=fixed-fold2 seed=0 C23 nodes=1
2026-10-02 01:23:36 | INFO    | fit fold=fixed-fold2 seed=0 C24 nodes=3
2026-10-02 01:23:37 | INFO    | fit fold=fixed-fold2 seed=1 C01 nodes=1
2026-10-02 01:23:37 | INFO    | fit fold=fixed-fold2 seed=1 C02 nodes=1
2026-10-02 01:23:37 | INFO    | fit fold=fixed-fold2 seed=1 C03 nodes=1
2026-10-02 01:23:37 | INFO    | fit fold=fixed-fold2 seed=1 C04 nodes=1
2026-10-02 01:23:38 | INFO    | fit fold=fixed-fold2 seed=1 C05 nodes=1
2026-10-02 01:23:38 | INFO    | fit fold=fixed-fold2 seed=1 C06 nodes=1
2026-10-02 01:23:38 | INFO    | fit fold=fixed-fold2 seed=1 C07 nodes=1
2026-10-02 01:23:38 | INFO    | fit fold=fixed-fold2 seed=1 C08 nodes=1
2026-10-02 01:23:38 | INFO    | fit fold=fixed-fold2 seed=1 C09 nodes=1
2026-10-02 01:23:38 | INFO    | fit fold=fixed-fold2 seed=1 C10 nodes=1
2026-10-02 01:23:38 | INFO    | fit fold=fixed-fold2 seed=1 C11 nodes=1
2026-10-02 01:23:38 | INFO    | fit fold=fixed-fold2 seed=1 C12 nodes=1
2026-10-02 01:23:38 | INFO    | fit fold=fixed-fold2 seed=1 C13 nodes=1
2026-10-02 01:23:38 | INFO    | fit fold=fixed-fold2 seed=1 C14 nodes=1
2026-10-02 01:23:38 | INFO    | fit fold=fixed-fold2 seed=1 C15 nodes=1
2026-10-02 01:23:38 | INFO    | fit fold=fixed-fold2 seed=1 C16 nodes=1
2026-10-02 01:23:38 | INFO    | fit fold=fixed-fold2 seed=1 C17 nodes=1
2026-10-02 01:23:38 | INFO    | fit fold=fixed-fold2 seed=1 C18 nodes=1
2026-10-02 01:23:38 | INFO    | fit fold=fixed-fold2 seed=1 C19 nodes=1
2026-10-02 01:23:38 | INFO    | fit fold=fixed-fold2 seed=1 C20 nodes=1
2026-10-02 01:23:38 | INFO    | fit fold=fixed-fold2 seed=1 C21 nodes=1
2026-10-02 01:23:38 | INFO    | fit fold=fixed-fold2 seed=1 C22 nodes=1
2026-10-02 01:23:38 | INFO    | fit fold=fixed-fold2 seed=1 C23 nodes=1
2026-10-02 01:23:38 | INFO    | fit fold=fixed-fold2 seed=1 C24 nodes=3
2026-10-02 01:23:39 | INFO    | fit fold=fixed-fold2 seed=2 C01 nodes=1
2026-10-02 01:23:39 | INFO    | fit fold=fixed-fold2 seed=2 C02 nodes=1
2026-10-02 01:23:39 | INFO    | fit fold=fixed-fold2 seed=2 C03 nodes=1
2026-10-02 01:23:40 | INFO    | fit fold=fixed-fold2 seed=2 C04 nodes=1
2026-10-02 01:23:41 | INFO    | fit fold=fixed-fold2 seed=2 C05 nodes=1
2026-10-02 01:23:41 | INFO    | fit fold=fixed-fold2 seed=2 C06 nodes=1
2026-10-02 01:23:41 | INFO    | fit fold=fixed-fold2 seed=2 C07 nodes=1
2026-10-02 01:23:41 | INFO    | fit fold=fixed-fold2 seed=2 C08 nodes=1
2026-10-02 01:23:41 | INFO    | fit fold=fixed-fold2 seed=2 C09 nodes=1
2026-10-02 01:23:41 | INFO    | fit fold=fixed-fold2 seed=2 C10 nodes=1
2026-10-02 01:23:41 | INFO    | fit fold=fixed-fold2 seed=2 C11 nodes=1
2026-10-02 01:23:41 | INFO    | fit fold=fixed-fold2 seed=2 C12 nodes=1
2026-10-02 01:23:41 | INFO    | fit fold=fixed-fold2 seed=2 C13 nodes=1
2026-10-02 01:23:41 | INFO    | fit fold=fixed-fold2 seed=2 C14 nodes=1
2026-10-02 01:23:41 | INFO    | fit fold=fixed-fold2 seed=2 C15 nodes=1
2026-10-02 01:23:41 | INFO    | fit fold=fixed-fold2 seed=2 C16 nodes=1
2026-10-02 01:23:41 | INFO    | fit fold=fixed-fold2 seed=2 C17 nodes=1
2026-10-02 01:23:41 | INFO    | fit fold=fixed-fold2 seed=2 C18 nodes=1
2026-10-02 01:23:41 | INFO    | fit fold=fixed-fold2 seed=2 C19 nodes=1
2026-10-02 01:23:41 | INFO    | fit fold=fixed-fold2 seed=2 C20 nodes=1
2026-10-02 01:23:41 | INFO    | fit fold=fixed-fold2 seed=2 C21 nodes=1
2026-10-02 01:23:41 | INFO    | fit fold=fixed-fold2 seed=2 C22 nodes=1
2026-10-02 01:23:41 | INFO    | fit fold=fixed-fold2 seed=2 C23 nodes=1
2026-10-02 01:23:41 | INFO    | fit fold=fixed-fold2 seed=2 C24 nodes=3
2026-10-02 01:23:48 | INFO    | evaluated fold=fixed-fold0 seed=0 methods=70 elapsed=5.0s
2026-10-02 01:23:53 | INFO    | evaluated fold=fixed-fold0 seed=1 methods=70 elapsed=4.7s
2026-10-02 01:23:57 | INFO    | evaluated fold=fixed-fold0 seed=2 methods=70 elapsed=4.6s
2026-10-02 01:24:02 | INFO    | evaluated fold=fixed-fold1 seed=0 methods=70 elapsed=4.6s
2026-10-02 01:24:07 | INFO    | evaluated fold=fixed-fold1 seed=1 methods=70 elapsed=4.7s
2026-10-02 01:24:11 | INFO    | evaluated fold=fixed-fold1 seed=2 methods=70 elapsed=4.8s
2026-10-02 01:24:16 | INFO    | evaluated fold=fixed-fold2 seed=0 methods=70 elapsed=4.8s
2026-10-02 01:24:21 | INFO    | evaluated fold=fixed-fold2 seed=1 methods=70 elapsed=4.7s
2026-10-02 01:24:26 | INFO    | evaluated fold=fixed-fold2 seed=2 methods=70 elapsed=4.7s
2026-10-02 01:24:32 | INFO    | verified fresh sealed inference fold=fixed-fold0 seed=0 methods=70 4.2s
2026-10-02 01:24:36 | INFO    | verified fresh sealed inference fold=fixed-fold0 seed=1 methods=70 4.2s
2026-10-02 01:24:40 | INFO    | verified fresh sealed inference fold=fixed-fold0 seed=2 methods=70 4.1s
2026-10-02 01:24:44 | INFO    | verified fresh sealed inference fold=fixed-fold1 seed=0 methods=70 4.0s
2026-10-02 01:24:48 | INFO    | verified fresh sealed inference fold=fixed-fold1 seed=1 methods=70 4.0s
2026-10-02 01:24:52 | INFO    | verified fresh sealed inference fold=fixed-fold1 seed=2 methods=70 4.1s
2026-10-02 01:24:56 | INFO    | verified fresh sealed inference fold=fixed-fold2 seed=0 methods=70 4.0s
2026-10-02 01:25:00 | INFO    | verified fresh sealed inference fold=fixed-fold2 seed=1 methods=70 4.0s
2026-10-02 01:25:05 | INFO    | verified fresh sealed inference fold=fixed-fold2 seed=2 methods=70 4.2s
2026-10-02 01:25:10 | INFO    | PASS synthetic completed630 failed0
