2026-10-02 01:21:41 | INFO    | Logger initialized: fault_type_literature_smoke_py3_10_19
2026-10-02 01:21:41 | INFO    | log_file=logs\fault_type_literature_smoke_py3_10_19\2026-10-02-01-21-41.log
2026-10-02 01:21:41 | INFO    | output_dir=output\fault_type_literature_smoke_py3_10_19\2026-10-02-01-21-41
2026-10-02 01:21:42 | INFO    | fit fold=fixed-fold0 seed=0 C01 nodes=1
2026-10-02 01:21:42 | INFO    | fit fold=fixed-fold0 seed=0 C02 nodes=1
2026-10-02 01:21:42 | INFO    | fit fold=fixed-fold0 seed=0 C03 nodes=1
2026-10-02 01:21:42 | INFO    | fit fold=fixed-fold0 seed=0 C04 nodes=1
2026-10-02 01:21:43 | INFO    | fit fold=fixed-fold0 seed=0 C05 nodes=1
2026-10-02 01:21:43 | INFO    | fit fold=fixed-fold0 seed=0 C06 nodes=1
2026-10-02 01:21:43 | INFO    | fit fold=fixed-fold0 seed=0 C07 nodes=1
2026-10-02 01:21:43 | INFO    | fit fold=fixed-fold0 seed=0 C08 nodes=1
2026-10-02 01:21:43 | INFO    | fit fold=fixed-fold0 seed=0 C09 nodes=1
2026-10-02 01:21:43 | INFO    | fit fold=fixed-fold0 seed=0 C10 nodes=1
2026-10-02 01:21:43 | INFO    | fit fold=fixed-fold0 seed=0 C11 nodes=1
2026-10-02 01:21:43 | INFO    | fit fold=fixed-fold0 seed=0 C12 nodes=1
2026-10-02 01:21:43 | INFO    | fit fold=fixed-fold0 seed=0 C13 nodes=1
2026-10-02 01:21:43 | INFO    | fit fold=fixed-fold0 seed=0 C14 nodes=1
2026-10-02 01:21:43 | INFO    | fit fold=fixed-fold0 seed=0 C15 nodes=1
2026-10-02 01:21:43 | INFO    | fit fold=fixed-fold0 seed=0 C16 nodes=1
2026-10-02 01:21:43 | INFO    | fit fold=fixed-fold0 seed=0 C17 nodes=1
2026-10-02 01:21:43 | INFO    | fit fold=fixed-fold0 seed=0 C18 nodes=1
2026-10-02 01:21:43 | INFO    | fit fold=fixed-fold0 seed=0 C19 nodes=1
2026-10-02 01:21:43 | INFO    | fit fold=fixed-fold0 seed=0 C20 nodes=1
2026-10-02 01:21:43 | INFO    | fit fold=fixed-fold0 seed=0 C21 nodes=1
2026-10-02 01:21:43 | INFO    | fit fold=fixed-fold0 seed=0 C22 nodes=1
2026-10-02 01:21:43 | INFO    | fit fold=fixed-fold0 seed=0 C23 nodes=1
2026-10-02 01:21:43 | INFO    | fit fold=fixed-fold0 seed=0 C24 nodes=0
2026-10-02 01:21:44 | INFO    | fit fold=fixed-fold0 seed=1 C01 nodes=1
2026-10-02 01:21:44 | INFO    | fit fold=fixed-fold0 seed=1 C02 nodes=1
2026-10-02 01:21:44 | INFO    | fit fold=fixed-fold0 seed=1 C03 nodes=1
2026-10-02 01:21:44 | INFO    | fit fold=fixed-fold0 seed=1 C04 nodes=1
2026-10-02 01:21:45 | INFO    | fit fold=fixed-fold0 seed=1 C05 nodes=1
2026-10-02 01:21:45 | INFO    | fit fold=fixed-fold0 seed=1 C06 nodes=1
2026-10-02 01:21:45 | INFO    | fit fold=fixed-fold0 seed=1 C07 nodes=1
2026-10-02 01:21:45 | INFO    | fit fold=fixed-fold0 seed=1 C08 nodes=1
2026-10-02 01:21:45 | INFO    | fit fold=fixed-fold0 seed=1 C09 nodes=1
2026-10-02 01:21:45 | INFO    | fit fold=fixed-fold0 seed=1 C10 nodes=1
2026-10-02 01:21:45 | INFO    | fit fold=fixed-fold0 seed=1 C11 nodes=1
2026-10-02 01:21:45 | INFO    | fit fold=fixed-fold0 seed=1 C12 nodes=1
2026-10-02 01:21:45 | INFO    | fit fold=fixed-fold0 seed=1 C13 nodes=1
2026-10-02 01:21:45 | INFO    | fit fold=fixed-fold0 seed=1 C14 nodes=1
2026-10-02 01:21:45 | INFO    | fit fold=fixed-fold0 seed=1 C15 nodes=1
2026-10-02 01:21:45 | INFO    | fit fold=fixed-fold0 seed=1 C16 nodes=1
2026-10-02 01:21:45 | INFO    | fit fold=fixed-fold0 seed=1 C17 nodes=1
2026-10-02 01:21:45 | INFO    | fit fold=fixed-fold0 seed=1 C18 nodes=1
2026-10-02 01:21:45 | INFO    | fit fold=fixed-fold0 seed=1 C19 nodes=1
2026-10-02 01:21:45 | INFO    | fit fold=fixed-fold0 seed=1 C20 nodes=1
2026-10-02 01:21:46 | INFO    | fit fold=fixed-fold0 seed=1 C21 nodes=1
2026-10-02 01:21:46 | INFO    | fit fold=fixed-fold0 seed=1 C22 nodes=1
2026-10-02 01:21:46 | INFO    | fit fold=fixed-fold0 seed=1 C23 nodes=1
2026-10-02 01:21:46 | INFO    | fit fold=fixed-fold0 seed=1 C24 nodes=0
2026-10-02 01:21:46 | INFO    | fit fold=fixed-fold0 seed=2 C01 nodes=1
2026-10-02 01:21:46 | INFO    | fit fold=fixed-fold0 seed=2 C02 nodes=1
2026-10-02 01:21:47 | INFO    | fit fold=fixed-fold0 seed=2 C03 nodes=1
2026-10-02 01:21:47 | INFO    | fit fold=fixed-fold0 seed=2 C04 nodes=1
2026-10-02 01:21:48 | INFO    | fit fold=fixed-fold0 seed=2 C05 nodes=1
2026-10-02 01:21:48 | INFO    | fit fold=fixed-fold0 seed=2 C06 nodes=1
2026-10-02 01:21:48 | INFO    | fit fold=fixed-fold0 seed=2 C07 nodes=1
2026-10-02 01:21:48 | INFO    | fit fold=fixed-fold0 seed=2 C08 nodes=1
2026-10-02 01:21:48 | INFO    | fit fold=fixed-fold0 seed=2 C09 nodes=1
2026-10-02 01:21:48 | INFO    | fit fold=fixed-fold0 seed=2 C10 nodes=1
2026-10-02 01:21:48 | INFO    | fit fold=fixed-fold0 seed=2 C11 nodes=1
2026-10-02 01:21:48 | INFO    | fit fold=fixed-fold0 seed=2 C12 nodes=1
2026-10-02 01:21:48 | INFO    | fit fold=fixed-fold0 seed=2 C13 nodes=1
2026-10-02 01:21:48 | INFO    | fit fold=fixed-fold0 seed=2 C14 nodes=1
2026-10-02 01:21:48 | INFO    | fit fold=fixed-fold0 seed=2 C15 nodes=1
2026-10-02 01:21:48 | INFO    | fit fold=fixed-fold0 seed=2 C16 nodes=1
2026-10-02 01:21:48 | INFO    | fit fold=fixed-fold0 seed=2 C17 nodes=1
2026-10-02 01:21:48 | INFO    | fit fold=fixed-fold0 seed=2 C18 nodes=1
2026-10-02 01:21:48 | INFO    | fit fold=fixed-fold0 seed=2 C19 nodes=1
2026-10-02 01:21:48 | INFO    | fit fold=fixed-fold0 seed=2 C20 nodes=1
2026-10-02 01:21:48 | INFO    | fit fold=fixed-fold0 seed=2 C21 nodes=1
2026-10-02 01:21:48 | INFO    | fit fold=fixed-fold0 seed=2 C22 nodes=1
2026-10-02 01:21:48 | INFO    | fit fold=fixed-fold0 seed=2 C23 nodes=1
2026-10-02 01:21:48 | INFO    | fit fold=fixed-fold0 seed=2 C24 nodes=0
2026-10-02 01:21:49 | INFO    | fit fold=fixed-fold1 seed=0 C01 nodes=1
2026-10-02 01:21:49 | INFO    | fit fold=fixed-fold1 seed=0 C02 nodes=1
2026-10-02 01:21:49 | INFO    | fit fold=fixed-fold1 seed=0 C03 nodes=1
2026-10-02 01:21:49 | INFO    | fit fold=fixed-fold1 seed=0 C04 nodes=1
2026-10-02 01:21:50 | INFO    | fit fold=fixed-fold1 seed=0 C05 nodes=1
2026-10-02 01:21:50 | INFO    | fit fold=fixed-fold1 seed=0 C06 nodes=1
2026-10-02 01:21:50 | INFO    | fit fold=fixed-fold1 seed=0 C07 nodes=1
2026-10-02 01:21:50 | INFO    | fit fold=fixed-fold1 seed=0 C08 nodes=1
2026-10-02 01:21:50 | INFO    | fit fold=fixed-fold1 seed=0 C09 nodes=1
2026-10-02 01:21:50 | INFO    | fit fold=fixed-fold1 seed=0 C10 nodes=1
2026-10-02 01:21:50 | INFO    | fit fold=fixed-fold1 seed=0 C11 nodes=1
2026-10-02 01:21:50 | INFO    | fit fold=fixed-fold1 seed=0 C12 nodes=1
2026-10-02 01:21:50 | INFO    | fit fold=fixed-fold1 seed=0 C13 nodes=1
2026-10-02 01:21:50 | INFO    | fit fold=fixed-fold1 seed=0 C14 nodes=1
2026-10-02 01:21:50 | INFO    | fit fold=fixed-fold1 seed=0 C15 nodes=1
2026-10-02 01:21:50 | INFO    | fit fold=fixed-fold1 seed=0 C16 nodes=1
2026-10-02 01:21:50 | INFO    | fit fold=fixed-fold1 seed=0 C17 nodes=1
2026-10-02 01:21:50 | INFO    | fit fold=fixed-fold1 seed=0 C18 nodes=1
2026-10-02 01:21:50 | INFO    | fit fold=fixed-fold1 seed=0 C19 nodes=1
2026-10-02 01:21:50 | INFO    | fit fold=fixed-fold1 seed=0 C20 nodes=1
2026-10-02 01:21:51 | INFO    | fit fold=fixed-fold1 seed=0 C21 nodes=1
2026-10-02 01:21:51 | INFO    | fit fold=fixed-fold1 seed=0 C22 nodes=1
2026-10-02 01:21:51 | INFO    | fit fold=fixed-fold1 seed=0 C23 nodes=1
2026-10-02 01:21:51 | INFO    | fit fold=fixed-fold1 seed=0 C24 nodes=0
2026-10-02 01:21:51 | INFO    | fit fold=fixed-fold1 seed=1 C01 nodes=1
2026-10-02 01:21:51 | INFO    | fit fold=fixed-fold1 seed=1 C02 nodes=1
2026-10-02 01:21:51 | INFO    | fit fold=fixed-fold1 seed=1 C03 nodes=1
2026-10-02 01:21:52 | INFO    | fit fold=fixed-fold1 seed=1 C04 nodes=1
2026-10-02 01:21:53 | INFO    | fit fold=fixed-fold1 seed=1 C05 nodes=1
2026-10-02 01:21:53 | INFO    | fit fold=fixed-fold1 seed=1 C06 nodes=1
2026-10-02 01:21:53 | INFO    | fit fold=fixed-fold1 seed=1 C07 nodes=1
2026-10-02 01:21:53 | INFO    | fit fold=fixed-fold1 seed=1 C08 nodes=1
2026-10-02 01:21:53 | INFO    | fit fold=fixed-fold1 seed=1 C09 nodes=1
2026-10-02 01:21:53 | INFO    | fit fold=fixed-fold1 seed=1 C10 nodes=1
2026-10-02 01:21:53 | INFO    | fit fold=fixed-fold1 seed=1 C11 nodes=1
2026-10-02 01:21:53 | INFO    | fit fold=fixed-fold1 seed=1 C12 nodes=1
2026-10-02 01:21:53 | INFO    | fit fold=fixed-fold1 seed=1 C13 nodes=1
2026-10-02 01:21:53 | INFO    | fit fold=fixed-fold1 seed=1 C14 nodes=1
2026-10-02 01:21:53 | INFO    | fit fold=fixed-fold1 seed=1 C15 nodes=1
2026-10-02 01:21:53 | INFO    | fit fold=fixed-fold1 seed=1 C16 nodes=1
2026-10-02 01:21:53 | INFO    | fit fold=fixed-fold1 seed=1 C17 nodes=1
2026-10-02 01:21:53 | INFO    | fit fold=fixed-fold1 seed=1 C18 nodes=1
2026-10-02 01:21:53 | INFO    | fit fold=fixed-fold1 seed=1 C19 nodes=1
2026-10-02 01:21:53 | INFO    | fit fold=fixed-fold1 seed=1 C20 nodes=1
2026-10-02 01:21:53 | INFO    | fit fold=fixed-fold1 seed=1 C21 nodes=1
2026-10-02 01:21:53 | INFO    | fit fold=fixed-fold1 seed=1 C22 nodes=1
2026-10-02 01:21:53 | INFO    | fit fold=fixed-fold1 seed=1 C23 nodes=1
2026-10-02 01:21:53 | INFO    | fit fold=fixed-fold1 seed=1 C24 nodes=0
2026-10-02 01:21:54 | INFO    | fit fold=fixed-fold1 seed=2 C01 nodes=1
2026-10-02 01:21:54 | INFO    | fit fold=fixed-fold1 seed=2 C02 nodes=1
2026-10-02 01:21:54 | INFO    | fit fold=fixed-fold1 seed=2 C03 nodes=1
2026-10-02 01:21:54 | INFO    | fit fold=fixed-fold1 seed=2 C04 nodes=1
2026-10-02 01:21:55 | INFO    | fit fold=fixed-fold1 seed=2 C05 nodes=1
2026-10-02 01:21:55 | INFO    | fit fold=fixed-fold1 seed=2 C06 nodes=1
2026-10-02 01:21:55 | INFO    | fit fold=fixed-fold1 seed=2 C07 nodes=1
2026-10-02 01:21:55 | INFO    | fit fold=fixed-fold1 seed=2 C08 nodes=1
2026-10-02 01:21:55 | INFO    | fit fold=fixed-fold1 seed=2 C09 nodes=1
2026-10-02 01:21:55 | INFO    | fit fold=fixed-fold1 seed=2 C10 nodes=1
2026-10-02 01:21:55 | INFO    | fit fold=fixed-fold1 seed=2 C11 nodes=1
2026-10-02 01:21:55 | INFO    | fit fold=fixed-fold1 seed=2 C12 nodes=1
2026-10-02 01:21:55 | INFO    | fit fold=fixed-fold1 seed=2 C13 nodes=1
2026-10-02 01:21:55 | INFO    | fit fold=fixed-fold1 seed=2 C14 nodes=1
2026-10-02 01:21:55 | INFO    | fit fold=fixed-fold1 seed=2 C15 nodes=1
2026-10-02 01:21:55 | INFO    | fit fold=fixed-fold1 seed=2 C16 nodes=1
2026-10-02 01:21:55 | INFO    | fit fold=fixed-fold1 seed=2 C17 nodes=1
2026-10-02 01:21:55 | INFO    | fit fold=fixed-fold1 seed=2 C18 nodes=1
2026-10-02 01:21:55 | INFO    | fit fold=fixed-fold1 seed=2 C19 nodes=1
2026-10-02 01:21:55 | INFO    | fit fold=fixed-fold1 seed=2 C20 nodes=1
2026-10-02 01:21:55 | INFO    | fit fold=fixed-fold1 seed=2 C21 nodes=1
2026-10-02 01:21:55 | INFO    | fit fold=fixed-fold1 seed=2 C22 nodes=1
2026-10-02 01:21:55 | INFO    | fit fold=fixed-fold1 seed=2 C23 nodes=1
2026-10-02 01:21:55 | INFO    | fit fold=fixed-fold1 seed=2 C24 nodes=0
2026-10-02 01:21:56 | INFO    | fit fold=fixed-fold2 seed=0 C01 nodes=1
2026-10-02 01:21:56 | INFO    | fit fold=fixed-fold2 seed=0 C02 nodes=1
2026-10-02 01:21:56 | INFO    | fit fold=fixed-fold2 seed=0 C03 nodes=1
2026-10-02 01:21:57 | INFO    | fit fold=fixed-fold2 seed=0 C04 nodes=1
2026-10-02 01:21:58 | INFO    | fit fold=fixed-fold2 seed=0 C05 nodes=1
2026-10-02 01:21:58 | INFO    | fit fold=fixed-fold2 seed=0 C06 nodes=1
2026-10-02 01:21:58 | INFO    | fit fold=fixed-fold2 seed=0 C07 nodes=1
2026-10-02 01:21:58 | INFO    | fit fold=fixed-fold2 seed=0 C08 nodes=1
2026-10-02 01:21:58 | INFO    | fit fold=fixed-fold2 seed=0 C09 nodes=1
2026-10-02 01:21:58 | INFO    | fit fold=fixed-fold2 seed=0 C10 nodes=1
2026-10-02 01:21:58 | INFO    | fit fold=fixed-fold2 seed=0 C11 nodes=1
2026-10-02 01:21:58 | INFO    | fit fold=fixed-fold2 seed=0 C12 nodes=1
2026-10-02 01:21:58 | INFO    | fit fold=fixed-fold2 seed=0 C13 nodes=1
2026-10-02 01:21:58 | INFO    | fit fold=fixed-fold2 seed=0 C14 nodes=1
2026-10-02 01:21:58 | INFO    | fit fold=fixed-fold2 seed=0 C15 nodes=1
2026-10-02 01:21:58 | INFO    | fit fold=fixed-fold2 seed=0 C16 nodes=1
2026-10-02 01:21:58 | INFO    | fit fold=fixed-fold2 seed=0 C17 nodes=1
2026-10-02 01:21:58 | INFO    | fit fold=fixed-fold2 seed=0 C18 nodes=1
2026-10-02 01:21:58 | INFO    | fit fold=fixed-fold2 seed=0 C19 nodes=1
2026-10-02 01:21:58 | INFO    | fit fold=fixed-fold2 seed=0 C20 nodes=1
2026-10-02 01:21:58 | INFO    | fit fold=fixed-fold2 seed=0 C21 nodes=1
2026-10-02 01:21:58 | INFO    | fit fold=fixed-fold2 seed=0 C22 nodes=1
2026-10-02 01:21:58 | INFO    | fit fold=fixed-fold2 seed=0 C23 nodes=1
2026-10-02 01:21:58 | INFO    | fit fold=fixed-fold2 seed=0 C24 nodes=0
2026-10-02 01:21:59 | INFO    | fit fold=fixed-fold2 seed=1 C01 nodes=1
2026-10-02 01:21:59 | INFO    | fit fold=fixed-fold2 seed=1 C02 nodes=1
2026-10-02 01:21:59 | INFO    | fit fold=fixed-fold2 seed=1 C03 nodes=1
2026-10-02 01:21:59 | INFO    | fit fold=fixed-fold2 seed=1 C04 nodes=1
2026-10-02 01:22:00 | INFO    | fit fold=fixed-fold2 seed=1 C05 nodes=1
2026-10-02 01:22:00 | INFO    | fit fold=fixed-fold2 seed=1 C06 nodes=1
2026-10-02 01:22:00 | INFO    | fit fold=fixed-fold2 seed=1 C07 nodes=1
2026-10-02 01:22:00 | INFO    | fit fold=fixed-fold2 seed=1 C08 nodes=1
2026-10-02 01:22:00 | INFO    | fit fold=fixed-fold2 seed=1 C09 nodes=1
2026-10-02 01:22:00 | INFO    | fit fold=fixed-fold2 seed=1 C10 nodes=1
2026-10-02 01:22:00 | INFO    | fit fold=fixed-fold2 seed=1 C11 nodes=1
2026-10-02 01:22:00 | INFO    | fit fold=fixed-fold2 seed=1 C12 nodes=1
2026-10-02 01:22:00 | INFO    | fit fold=fixed-fold2 seed=1 C13 nodes=1
2026-10-02 01:22:00 | INFO    | fit fold=fixed-fold2 seed=1 C14 nodes=1
2026-10-02 01:22:00 | INFO    | fit fold=fixed-fold2 seed=1 C15 nodes=1
2026-10-02 01:22:00 | INFO    | fit fold=fixed-fold2 seed=1 C16 nodes=1
2026-10-02 01:22:00 | INFO    | fit fold=fixed-fold2 seed=1 C17 nodes=1
2026-10-02 01:22:00 | INFO    | fit fold=fixed-fold2 seed=1 C18 nodes=1
2026-10-02 01:22:00 | INFO    | fit fold=fixed-fold2 seed=1 C19 nodes=1
2026-10-02 01:22:00 | INFO    | fit fold=fixed-fold2 seed=1 C20 nodes=1
2026-10-02 01:22:00 | INFO    | fit fold=fixed-fold2 seed=1 C21 nodes=1
2026-10-02 01:22:00 | INFO    | fit fold=fixed-fold2 seed=1 C22 nodes=1
2026-10-02 01:22:00 | INFO    | fit fold=fixed-fold2 seed=1 C23 nodes=1
2026-10-02 01:22:00 | INFO    | fit fold=fixed-fold2 seed=1 C24 nodes=0
2026-10-02 01:22:01 | INFO    | fit fold=fixed-fold2 seed=2 C01 nodes=1
2026-10-02 01:22:01 | INFO    | fit fold=fixed-fold2 seed=2 C02 nodes=1
2026-10-02 01:22:01 | INFO    | fit fold=fixed-fold2 seed=2 C03 nodes=1
2026-10-02 01:22:01 | INFO    | fit fold=fixed-fold2 seed=2 C04 nodes=1
2026-10-02 01:22:02 | INFO    | fit fold=fixed-fold2 seed=2 C05 nodes=1
2026-10-02 01:22:02 | INFO    | fit fold=fixed-fold2 seed=2 C06 nodes=1
2026-10-02 01:22:02 | INFO    | fit fold=fixed-fold2 seed=2 C07 nodes=1
2026-10-02 01:22:02 | INFO    | fit fold=fixed-fold2 seed=2 C08 nodes=1
2026-10-02 01:22:02 | INFO    | fit fold=fixed-fold2 seed=2 C09 nodes=1
2026-10-02 01:22:02 | INFO    | fit fold=fixed-fold2 seed=2 C10 nodes=1
2026-10-02 01:22:02 | INFO    | fit fold=fixed-fold2 seed=2 C11 nodes=1
2026-10-02 01:22:02 | INFO    | fit fold=fixed-fold2 seed=2 C12 nodes=1
2026-10-02 01:22:02 | INFO    | fit fold=fixed-fold2 seed=2 C13 nodes=1
2026-10-02 01:22:02 | INFO    | fit fold=fixed-fold2 seed=2 C14 nodes=1
2026-10-02 01:22:02 | INFO    | fit fold=fixed-fold2 seed=2 C15 nodes=1
2026-10-02 01:22:02 | INFO    | fit fold=fixed-fold2 seed=2 C16 nodes=1
2026-10-02 01:22:02 | INFO    | fit fold=fixed-fold2 seed=2 C17 nodes=1
2026-10-02 01:22:02 | INFO    | fit fold=fixed-fold2 seed=2 C18 nodes=1
2026-10-02 01:22:03 | INFO    | fit fold=fixed-fold2 seed=2 C19 nodes=1
2026-10-02 01:22:03 | INFO    | fit fold=fixed-fold2 seed=2 C20 nodes=1
2026-10-02 01:22:03 | INFO    | fit fold=fixed-fold2 seed=2 C21 nodes=1
2026-10-02 01:22:03 | INFO    | fit fold=fixed-fold2 seed=2 C22 nodes=1
2026-10-02 01:22:03 | INFO    | fit fold=fixed-fold2 seed=2 C23 nodes=1
2026-10-02 01:22:03 | INFO    | fit fold=fixed-fold2 seed=2 C24 nodes=0
2026-10-02 01:22:09 | INFO    | evaluated fold=fixed-fold0 seed=0 methods=68 elapsed=4.5s
2026-10-02 01:22:13 | INFO    | evaluated fold=fixed-fold0 seed=1 methods=68 elapsed=4.5s
2026-10-02 01:22:18 | INFO    | evaluated fold=fixed-fold0 seed=2 methods=68 elapsed=4.5s
2026-10-02 01:22:22 | INFO    | evaluated fold=fixed-fold1 seed=0 methods=68 elapsed=4.5s
2026-10-02 01:22:27 | INFO    | evaluated fold=fixed-fold1 seed=1 methods=68 elapsed=4.4s
2026-10-02 01:22:31 | INFO    | evaluated fold=fixed-fold1 seed=2 methods=68 elapsed=4.5s
2026-10-02 01:22:36 | INFO    | evaluated fold=fixed-fold2 seed=0 methods=68 elapsed=4.9s
2026-10-02 01:22:41 | INFO    | evaluated fold=fixed-fold2 seed=1 methods=68 elapsed=4.7s
2026-10-02 01:22:45 | INFO    | evaluated fold=fixed-fold2 seed=2 methods=68 elapsed=4.6s
