2026-08-05 15:59:59 | INFO  | Logger initialized
2026-08-05 15:59:59 | INFO  | log_file=/home/albert/Ancestor/logs/Step3_Model_14_TwoStage/2026-08-05-15-59-59.log
2026-08-05 15:59:59 | INFO  | output_dir=/home/albert/Ancestor/output/Step3_Model_14_TwoStage/2026-08-05-15-59-59
[gpu_utils] GPU x1 已啟用：['/physical_device:GPU:0']
自訂 Label Mapping:
8screws: 0
1screws: 1
2screws: 2
3screws: 3
4screws: 4
模型已成功載入。
Model 3 - Layer 0: input_layer | Trainable: False
Model 3 - Layer 1: conv1d | Trainable: False
Model 3 - Layer 2: batch_normalization | Trainable: False
Model 3 - Layer 3: activation | Trainable: False
Model 3 - Layer 4: max_pooling1d | Trainable: False
Model 3 - Layer 5: conv1d_1 | Trainable: False
Model 3 - Layer 6: batch_normalization_1 | Trainable: False
Model 3 - Layer 7: activation_1 | Trainable: False
Model 3 - Layer 8: conv1d_2 | Trainable: False
Model 3 - Layer 9: batch_normalization_2 | Trainable: False
Model 3 - Layer 10: add | Trainable: False
Model 3 - Layer 11: activation_2 | Trainable: False
Model 3 - Layer 12: conv1d_3 | Trainable: False
Model 3 - Layer 13: batch_normalization_3 | Trainable: False
Model 3 - Layer 14: activation_3 | Trainable: False
Model 3 - Layer 15: conv1d_4 | Trainable: False
Model 3 - Layer 16: batch_normalization_4 | Trainable: False
Model 3 - Layer 17: add_1 | Trainable: False
Model 3 - Layer 18: activation_4 | Trainable: False
Model 3 - Layer 19: conv1d_5 | Trainable: False
Model 3 - Layer 20: batch_normalization_5 | Trainable: False
Model 3 - Layer 21: activation_5 | Trainable: False
Model 3 - Layer 22: conv1d_6 | Trainable: False
Model 3 - Layer 23: conv1d_7 | Trainable: False
Model 3 - Layer 24: batch_normalization_6 | Trainable: False
Model 3 - Layer 25: batch_normalization_7 | Trainable: False
Model 3 - Layer 26: add_2 | Trainable: False
Model 3 - Layer 27: activation_6 | Trainable: False
Model 3 - Layer 28: conv1d_8 | Trainable: False
Model 3 - Layer 29: batch_normalization_8 | Trainable: False
Model 3 - Layer 30: activation_7 | Trainable: False
Model 3 - Layer 31: conv1d_9 | Trainable: False
Model 3 - Layer 32: batch_normalization_9 | Trainable: False
Model 3 - Layer 33: add_3 | Trainable: False
Model 3 - Layer 34: activation_8 | Trainable: False
Model 3 - Layer 35: conv1d_10 | Trainable: True
Model 3 - Layer 36: batch_normalization_10 | Trainable: False
Model 3 - Layer 37: activation_9 | Trainable: True
Model 3 - Layer 38: conv1d_11 | Trainable: True
Model 3 - Layer 39: conv1d_12 | Trainable: True
Model 3 - Layer 40: batch_normalization_11 | Trainable: False
Model 3 - Layer 41: batch_normalization_12 | Trainable: False
Model 3 - Layer 42: add_4 | Trainable: True
Model 3 - Layer 43: activation_10 | Trainable: True
Model 3 - Layer 44: conv1d_13 | Trainable: True
Model 3 - Layer 45: batch_normalization_13 | Trainable: False
Model 3 - Layer 46: activation_11 | Trainable: True
Model 3 - Layer 47: conv1d_14 | Trainable: True
Model 3 - Layer 48: batch_normalization_14 | Trainable: False
Model 3 - Layer 49: add_5 | Trainable: True
Model 3 - Layer 50: activation_12 | Trainable: True
Model 3 - Layer 51: conv1d_15 | Trainable: True
Model 3 - Layer 52: batch_normalization_15 | Trainable: False
Model 3 - Layer 53: activation_13 | Trainable: True
Model 3 - Layer 54: conv1d_16 | Trainable: True
Model 3 - Layer 55: conv1d_17 | Trainable: True
Model 3 - Layer 56: batch_normalization_16 | Trainable: False
Model 3 - Layer 57: batch_normalization_17 | Trainable: False
Model 3 - Layer 58: add_6 | Trainable: True
Model 3 - Layer 59: activation_14 | Trainable: True
Model 3 - Layer 60: conv1d_18 | Trainable: True
Model 3 - Layer 61: batch_normalization_18 | Trainable: False
Model 3 - Layer 62: activation_15 | Trainable: True
Model 3 - Layer 63: conv1d_19 | Trainable: True
Model 3 - Layer 64: batch_normalization_19 | Trainable: False
Model 3 - Layer 65: add_7 | Trainable: True
Model 3 - Layer 66: activation_16 | Trainable: True
Model 3 - Layer 67: global_average_pooling1d | Trainable: True
Model 3 - Layer 68: Screw_Number_Output | Trainable: True
[Training] Device: /GPU:0
Epoch 1/100
75/75 54ms/step accuracy=0.6965 loss=1.6513
75/75 92ms/step accuracy=0.8677 loss=0.6068 val_accuracy=0.9866 val_loss=0.0540
Epoch 2/100
75/75 6ms/step accuracy=0.9971 loss=0.0204 val_accuracy=0.9967 val_loss=0.0184
Epoch 3/100
75/75 6ms/step accuracy=0.9983 loss=0.0099 val_accuracy=0.9983 val_loss=0.0120
Epoch 4/100
75/75 7ms/step accuracy=0.9987 loss=0.0061 val_accuracy=1.0000 val_loss=0.0076
Epoch 5/100
75/75 5ms/step accuracy=0.9992 loss=0.0037 val_accuracy=1.0000 val_loss=0.0056
Epoch 6/100
75/75 5ms/step accuracy=0.9996 loss=0.0027 val_accuracy=1.0000 val_loss=0.0045
Epoch 7/100
75/75 5ms/step accuracy=1.0000 loss=0.0017 val_accuracy=1.0000 val_loss=0.0050
Epoch 8/100
75/75 5ms/step accuracy=1.0000 loss=0.0014 val_accuracy=1.0000 val_loss=0.0029
Epoch 9/100
75/75 5ms/step accuracy=1.0000 loss=0.0010 val_accuracy=1.0000 val_loss=0.0032
Epoch 10/100
75/75 5ms/step accuracy=1.0000 loss=7.9669e-04 val_accuracy=1.0000 val_loss=0.0022
Epoch 11/100
75/75 5ms/step accuracy=1.0000 loss=6.4185e-04 val_accuracy=1.0000 val_loss=0.0018
Epoch 12/100
75/75 5ms/step accuracy=1.0000 loss=5.2802e-04 val_accuracy=1.0000 val_loss=0.0018
Epoch 13/100
75/75 5ms/step accuracy=1.0000 loss=4.5561e-04 val_accuracy=1.0000 val_loss=0.0015
Epoch 14/100
75/75 7ms/step accuracy=1.0000 loss=4.2516e-04 val_accuracy=1.0000 val_loss=0.0016
Epoch 15/100
75/75 5ms/step accuracy=1.0000 loss=3.4949e-04 val_accuracy=1.0000 val_loss=0.0013
Epoch 16/100
75/75 5ms/step accuracy=1.0000 loss=3.0127e-04 val_accuracy=1.0000 val_loss=0.0010
Epoch 17/100
75/75 7ms/step accuracy=1.0000 loss=2.6158e-04 val_accuracy=1.0000 val_loss=9.0683e-04
Epoch 18/100
75/75 5ms/step accuracy=1.0000 loss=2.3661e-04 val_accuracy=1.0000 val_loss=8.7658e-04
Epoch 19/100
75/75 5ms/step accuracy=1.0000 loss=2.0572e-04 val_accuracy=1.0000 val_loss=8.4384e-04
Epoch 20/100
75/75 7ms/step accuracy=1.0000 loss=1.8700e-04 val_accuracy=1.0000 val_loss=8.0412e-04
Epoch 21/100
75/75 5ms/step accuracy=1.0000 loss=1.6589e-04 val_accuracy=1.0000 val_loss=6.6054e-04
Epoch 22/100
75/75 5ms/step accuracy=1.0000 loss=1.5357e-04 val_accuracy=1.0000 val_loss=6.4871e-04
Epoch 23/100
75/75 7ms/step accuracy=1.0000 loss=1.3554e-04 val_accuracy=1.0000 val_loss=6.4478e-04
Epoch 24/100
75/75 5ms/step accuracy=1.0000 loss=1.2711e-04 val_accuracy=1.0000 val_loss=6.0193e-04
Epoch 25/100
75/75 5ms/step accuracy=1.0000 loss=1.1316e-04 val_accuracy=1.0000 val_loss=5.0543e-04
Epoch 26/100
75/75 7ms/step accuracy=1.0000 loss=1.0313e-04 val_accuracy=1.0000 val_loss=4.7216e-04
Epoch 27/100
75/75 5ms/step accuracy=1.0000 loss=9.6381e-05 val_accuracy=1.0000 val_loss=4.2002e-04
Epoch 28/100
75/75 5ms/step accuracy=1.0000 loss=8.8171e-05 val_accuracy=1.0000 val_loss=4.2328e-04
Epoch 29/100
75/75 7ms/step accuracy=1.0000 loss=8.0673e-05 val_accuracy=1.0000 val_loss=3.9692e-04
Epoch 30/100
75/75 5ms/step accuracy=1.0000 loss=7.3614e-05 val_accuracy=1.0000 val_loss=4.1243e-04
Epoch 31/100
75/75 5ms/step accuracy=1.0000 loss=6.9417e-05 val_accuracy=1.0000 val_loss=3.4017e-04
Epoch 32/100
75/75 7ms/step accuracy=1.0000 loss=6.3589e-05 val_accuracy=1.0000 val_loss=3.5663e-04
Epoch 33/100
75/75 5ms/step accuracy=1.0000 loss=5.9235e-05 val_accuracy=1.0000 val_loss=3.1313e-04
Epoch 34/100
75/75 5ms/step accuracy=1.0000 loss=5.5261e-05 val_accuracy=1.0000 val_loss=3.0880e-04
Epoch 35/100
75/75 7ms/step accuracy=1.0000 loss=5.1824e-05 val_accuracy=1.0000 val_loss=2.9266e-04
Epoch 36/100
75/75 5ms/step accuracy=1.0000 loss=4.8146e-05 val_accuracy=1.0000 val_loss=2.7180e-04
Epoch 37/100
75/75 5ms/step accuracy=1.0000 loss=4.5315e-05 val_accuracy=1.0000 val_loss=2.6180e-04
Epoch 38/100
75/75 7ms/step accuracy=1.0000 loss=4.2192e-05 val_accuracy=1.0000 val_loss=2.5734e-04
Epoch 39/100
75/75 5ms/step accuracy=1.0000 loss=3.8912e-05 val_accuracy=1.0000 val_loss=2.3061e-04
Epoch 40/100
75/75 5ms/step accuracy=1.0000 loss=3.7334e-05 val_accuracy=1.0000 val_loss=2.2214e-04
Epoch 41/100
75/75 7ms/step accuracy=1.0000 loss=3.4487e-05 val_accuracy=1.0000 val_loss=2.1023e-04
Epoch 42/100
75/75 5ms/step accuracy=1.0000 loss=3.2698e-05 val_accuracy=1.0000 val_loss=2.0942e-04
Epoch 43/100
75/75 5ms/step accuracy=1.0000 loss=3.0499e-05 val_accuracy=1.0000 val_loss=1.9012e-04
Epoch 44/100
75/75 7ms/step accuracy=1.0000 loss=2.8661e-05 val_accuracy=1.0000 val_loss=1.8463e-04
Epoch 45/100
75/75 5ms/step accuracy=1.0000 loss=2.7109e-05 val_accuracy=1.0000 val_loss=1.7171e-04
Epoch 46/100
75/75 5ms/step accuracy=1.0000 loss=2.5462e-05 val_accuracy=1.0000 val_loss=1.7331e-04
Epoch 47/100
75/75 7ms/step accuracy=1.0000 loss=2.3695e-05 val_accuracy=1.0000 val_loss=1.4950e-04
Epoch 48/100
75/75 5ms/step accuracy=1.0000 loss=2.2733e-05 val_accuracy=1.0000 val_loss=1.4575e-04
Epoch 49/100
75/75 5ms/step accuracy=1.0000 loss=2.1694e-05 val_accuracy=1.0000 val_loss=1.4778e-04
Epoch 50/100
75/75 7ms/step accuracy=1.0000 loss=1.9999e-05 val_accuracy=1.0000 val_loss=1.3500e-04
Epoch 51/100
75/75 5ms/step accuracy=1.0000 loss=1.8915e-05 val_accuracy=1.0000 val_loss=1.2953e-04
Epoch 52/100
75/75 5ms/step accuracy=1.0000 loss=1.7822e-05 val_accuracy=1.0000 val_loss=1.2637e-04
Epoch 53/100
75/75 7ms/step accuracy=1.0000 loss=1.6795e-05 val_accuracy=1.0000 val_loss=1.2280e-04
Epoch 54/100
75/75 5ms/step accuracy=1.0000 loss=1.5967e-05 val_accuracy=1.0000 val_loss=1.1661e-04
Epoch 55/100
75/75 5ms/step accuracy=1.0000 loss=1.5148e-05 val_accuracy=1.0000 val_loss=1.1729e-04
Epoch 56/100
75/75 7ms/step accuracy=1.0000 loss=1.4300e-05 val_accuracy=1.0000 val_loss=1.0524e-04
Epoch 57/100
75/75 5ms/step accuracy=1.0000 loss=1.3571e-05 val_accuracy=1.0000 val_loss=1.0255e-04
Epoch 58/100
75/75 5ms/step accuracy=1.0000 loss=1.2824e-05 val_accuracy=1.0000 val_loss=1.0096e-04
Epoch 59/100
75/75 7ms/step accuracy=1.0000 loss=1.2117e-05 val_accuracy=1.0000 val_loss=9.1769e-05
Epoch 60/100
75/75 5ms/step accuracy=1.0000 loss=1.1514e-05 val_accuracy=1.0000 val_loss=8.9228e-05
Epoch 61/100
75/75 5ms/step accuracy=1.0000 loss=1.0946e-05 val_accuracy=1.0000 val_loss=8.7792e-05
Epoch 62/100
75/75 7ms/step accuracy=1.0000 loss=1.0410e-05 val_accuracy=1.0000 val_loss=8.2923e-05
Epoch 63/100
75/75 5ms/step accuracy=1.0000 loss=9.8425e-06 val_accuracy=1.0000 val_loss=7.6770e-05
Epoch 64/100
75/75 5ms/step accuracy=1.0000 loss=9.4276e-06 val_accuracy=1.0000 val_loss=8.0233e-05
Epoch 65/100
75/75 5ms/step accuracy=1.0000 loss=8.9746e-06 val_accuracy=1.0000 val_loss=7.5314e-05
Epoch 66/100
75/75 5ms/step accuracy=1.0000 loss=8.4395e-06 val_accuracy=1.0000 val_loss=6.8489e-05
Epoch 67/100
75/75 5ms/step accuracy=1.0000 loss=8.0334e-06 val_accuracy=1.0000 val_loss=7.0455e-05
Epoch 68/100
75/75 6ms/step accuracy=1.0000 loss=7.6324e-06 val_accuracy=1.0000 val_loss=6.5593e-05
Epoch 69/100
75/75 5ms/step accuracy=1.0000 loss=7.2420e-06 val_accuracy=1.0000 val_loss=6.1257e-05
Epoch 70/100
75/75 5ms/step accuracy=1.0000 loss=6.9313e-06 val_accuracy=1.0000 val_loss=6.0424e-05
Epoch 71/100
75/75 5ms/step accuracy=1.0000 loss=6.5765e-06 val_accuracy=1.0000 val_loss=5.5336e-05
Epoch 72/100
75/75 5ms/step accuracy=1.0000 loss=6.2341e-06 val_accuracy=1.0000 val_loss=5.5637e-05
Epoch 73/100
75/75 5ms/step accuracy=1.0000 loss=5.9489e-06 val_accuracy=1.0000 val_loss=5.3531e-05
Epoch 74/100
75/75 5ms/step accuracy=1.0000 loss=5.6908e-06 val_accuracy=1.0000 val_loss=4.9996e-05
Epoch 75/100
75/75 5ms/step accuracy=1.0000 loss=5.4161e-06 val_accuracy=1.0000 val_loss=4.9155e-05
Epoch 76/100
75/75 5ms/step accuracy=1.0000 loss=5.1402e-06 val_accuracy=1.0000 val_loss=4.7588e-05
Epoch 77/100
75/75 5ms/step accuracy=1.0000 loss=4.9356e-06 val_accuracy=1.0000 val_loss=4.5266e-05
Epoch 78/100
75/75 7ms/step accuracy=1.0000 loss=4.6804e-06 val_accuracy=1.0000 val_loss=4.4540e-05
Epoch 79/100
75/75 5ms/step accuracy=1.0000 loss=4.4725e-06 val_accuracy=1.0000 val_loss=4.3474e-05
Epoch 80/100
75/75 5ms/step accuracy=1.0000 loss=4.2562e-06 val_accuracy=1.0000 val_loss=4.0034e-05
Epoch 81/100
75/75 7ms/step accuracy=1.0000 loss=4.0651e-06 val_accuracy=1.0000 val_loss=3.9559e-05
Epoch 82/100
75/75 5ms/step accuracy=1.0000 loss=3.8900e-06 val_accuracy=1.0000 val_loss=3.8834e-05
Epoch 83/100
75/75 5ms/step accuracy=1.0000 loss=3.7209e-06 val_accuracy=1.0000 val_loss=3.7468e-05
Epoch 84/100
75/75 7ms/step accuracy=1.0000 loss=3.5619e-06 val_accuracy=1.0000 val_loss=3.4895e-05
Epoch 85/100
75/75 5ms/step accuracy=1.0000 loss=3.3540e-06 val_accuracy=1.0000 val_loss=3.3200e-05
Epoch 86/100
75/75 5ms/step accuracy=1.0000 loss=3.2060e-06 val_accuracy=1.0000 val_loss=3.2848e-05
Epoch 87/100
75/75 7ms/step accuracy=1.0000 loss=3.0656e-06 val_accuracy=1.0000 val_loss=3.1447e-05
Epoch 88/100
75/75 5ms/step accuracy=1.0000 loss=2.9316e-06 val_accuracy=1.0000 val_loss=3.0393e-05
Epoch 89/100
75/75 5ms/step accuracy=1.0000 loss=2.8001e-06 val_accuracy=1.0000 val_loss=2.7744e-05
Epoch 90/100
75/75 6ms/step accuracy=1.0000 loss=2.6573e-06 val_accuracy=1.0000 val_loss=2.8040e-05
Epoch 91/100
75/75 5ms/step accuracy=1.0000 loss=2.5477e-06 val_accuracy=1.0000 val_loss=2.6829e-05
Epoch 92/100
75/75 5ms/step accuracy=1.0000 loss=2.4302e-06 val_accuracy=1.0000 val_loss=2.4755e-05
Epoch 93/100
75/75 7ms/step accuracy=1.0000 loss=2.3143e-06 val_accuracy=1.0000 val_loss=2.4044e-05
Epoch 94/100
75/75 5ms/step accuracy=1.0000 loss=2.2141e-06 val_accuracy=1.0000 val_loss=2.3696e-05
Epoch 95/100
75/75 5ms/step accuracy=1.0000 loss=2.1267e-06 val_accuracy=1.0000 val_loss=2.2562e-05
Epoch 96/100
75/75 7ms/step accuracy=1.0000 loss=2.0315e-06 val_accuracy=1.0000 val_loss=2.1733e-05
Epoch 97/100
75/75 5ms/step accuracy=1.0000 loss=1.9338e-06 val_accuracy=1.0000 val_loss=2.1196e-05
Epoch 98/100
75/75 5ms/step accuracy=1.0000 loss=1.8580e-06 val_accuracy=1.0000 val_loss=2.0571e-05
Epoch 99/100
75/75 7ms/step accuracy=1.0000 loss=1.7654e-06 val_accuracy=1.0000 val_loss=1.9503e-05
Epoch 100/100
75/75 5ms/step accuracy=1.0000 loss=1.6917e-06 val_accuracy=1.0000 val_loss=1.9373e-05
19/19 4ms/step accuracy=1.0000 loss=1.9373e-05
Loss: 0.0000, Accuracy: 1.0000
2026-08-05 16:01:02 | INFO  | Saved plot: /home/albert/Ancestor/output/Step3_Model_14_TwoStage/2026-08-05-15-59-59/plot_000.png
2026-08-05 16:01:03 | INFO  | Saved plot: /home/albert/Ancestor/output/Step3_Model_14_TwoStage/2026-08-05-15-59-59/plot_001.png
2026-08-05 16:01:05 | INFO  | Saved plot: /home/albert/Ancestor/output/Step3_Model_14_TwoStage/2026-08-05-15-59-59/plot_002.png
