2026-08-05 15:59:08 | INFO  | Logger initialized
2026-08-05 15:59:08 | INFO  | log_file=/home/albert/Ancestor/logs/Step3_Model_13_TwoStage/2026-08-05-15-59-08.log
2026-08-05 15:59:08 | INFO  | output_dir=/home/albert/Ancestor/output/Step3_Model_13_TwoStage/2026-08-05-15-59-08
[gpu_utils] GPU x1 已啟用：['/physical_device:GPU:0']
自訂 Label Mapping:
8screws: 0
1screws: 1
2screws: 2
3screws: 3
4screws: 4
0 0
模型已成功載入。
Model 3 - Layer 0: input_layer | Trainable: False
Model 3 - Layer 1: conv1d | Trainable: False
Model 3 - Layer 2: conv1d_1 | Trainable: False
Model 3 - Layer 3: max_pooling1d | Trainable: False
Model 3 - Layer 4: conv1d_2 | Trainable: False
Model 3 - Layer 5: max_pooling1d_1 | Trainable: False
Model 3 - Layer 6: conv1d_3 | Trainable: True
Model 3 - Layer 7: max_pooling1d_2 | Trainable: True
Model 3 - Layer 8: flatten | Trainable: True
Model 3 - Layer 9: dense | Trainable: True
Model 3 - Layer 10: dropout | Trainable: True
Model 3 - Layer 11: Screw_Number_Output | Trainable: True
[Training] Device: /GPU:0
Epoch 1/100
75/75 33ms/step accuracy=0.4036 loss=7.9514
75/75 56ms/step accuracy=0.4036 loss=7.1484 val_accuracy=0.4474 val_loss=4.8527
Epoch 2/100
75/75 3ms/step accuracy=0.4042 loss=4.6307
75/75 4ms/step accuracy=0.4412 loss=3.9007 val_accuracy=0.5576 val_loss=2.4798
Epoch 3/100
75/75 4ms/step accuracy=0.4821 loss=2.2181 val_accuracy=0.6511 val_loss=1.3144
Epoch 4/100
75/75 4ms/step accuracy=0.5321 loss=1.2658 val_accuracy=0.7145 val_loss=0.8049
Epoch 5/100
75/75 4ms/step accuracy=0.5806 loss=0.9311 val_accuracy=0.7930 val_loss=0.6017
Epoch 6/100
75/75 4ms/step accuracy=0.6127 loss=0.8048 val_accuracy=0.8765 val_loss=0.5018
Epoch 7/100
75/75 5ms/step accuracy=0.6503 loss=0.7391 val_accuracy=0.9199 val_loss=0.4367
Epoch 8/100
75/75 4ms/step accuracy=0.6937 loss=0.6666 val_accuracy=0.9366 val_loss=0.3804
Epoch 9/100
75/75 4ms/step accuracy=0.6857 loss=0.6385 val_accuracy=0.9599 val_loss=0.3390
Epoch 10/100
75/75 5ms/step accuracy=0.7170 loss=0.5907 val_accuracy=0.9633 val_loss=0.3055
Epoch 11/100
75/75 4ms/step accuracy=0.7387 loss=0.5518 val_accuracy=0.9699 val_loss=0.2695
Epoch 12/100
75/75 4ms/step accuracy=0.7300 loss=0.5645 val_accuracy=0.9750 val_loss=0.2517
Epoch 13/100
75/75 4ms/step accuracy=0.7575 loss=0.4922 val_accuracy=0.9816 val_loss=0.2212
Epoch 14/100
75/75 5ms/step accuracy=0.7563 loss=0.4790 val_accuracy=0.9833 val_loss=0.2041
Epoch 15/100
75/75 4ms/step accuracy=0.7742 loss=0.4709 val_accuracy=0.9866 val_loss=0.1845
Epoch 16/100
75/75 4ms/step accuracy=0.8126 loss=0.4117 val_accuracy=0.9900 val_loss=0.1522
Epoch 17/100
75/75 5ms/step accuracy=0.8239 loss=0.3936 val_accuracy=0.9900 val_loss=0.1383
Epoch 18/100
75/75 4ms/step accuracy=0.8360 loss=0.3607 val_accuracy=0.9917 val_loss=0.1219
Epoch 19/100
75/75 4ms/step accuracy=0.8331 loss=0.3446 val_accuracy=0.9933 val_loss=0.1100
Epoch 20/100
75/75 6ms/step accuracy=0.8452 loss=0.3280 val_accuracy=0.9917 val_loss=0.1015
Epoch 21/100
75/75 4ms/step accuracy=0.8589 loss=0.3135 val_accuracy=0.9933 val_loss=0.0916
Epoch 22/100
75/75 4ms/step accuracy=0.8735 loss=0.2967 val_accuracy=0.9967 val_loss=0.0792
Epoch 23/100
75/75 4ms/step accuracy=0.8740 loss=0.2977 val_accuracy=0.9967 val_loss=0.0738
Epoch 24/100
75/75 4ms/step accuracy=0.8952 loss=0.2636 val_accuracy=0.9967 val_loss=0.0680
Epoch 25/100
75/75 4ms/step accuracy=0.8865 loss=0.2720 val_accuracy=0.9967 val_loss=0.0619
Epoch 26/100
75/75 4ms/step accuracy=0.8927 loss=0.2469 val_accuracy=0.9967 val_loss=0.0580
Epoch 27/100
75/75 4ms/step accuracy=0.8944 loss=0.2348 val_accuracy=0.9983 val_loss=0.0504
Epoch 28/100
75/75 4ms/step accuracy=0.9090 loss=0.2208 val_accuracy=0.9983 val_loss=0.0452
Epoch 29/100
75/75 4ms/step accuracy=0.9115 loss=0.2185 val_accuracy=0.9983 val_loss=0.0446
Epoch 30/100
75/75 4ms/step accuracy=0.9011 loss=0.2351 val_accuracy=0.9983 val_loss=0.0435
Epoch 31/100
75/75 4ms/step accuracy=0.9144 loss=0.2120 val_accuracy=0.9983 val_loss=0.0413
Epoch 32/100
75/75 4ms/step accuracy=0.9119 loss=0.2141 val_accuracy=0.9983 val_loss=0.0389
Epoch 33/100
75/75 4ms/step accuracy=0.9169 loss=0.2027 val_accuracy=0.9983 val_loss=0.0353
Epoch 34/100
75/75 4ms/step accuracy=0.9253 loss=0.1954 val_accuracy=0.9983 val_loss=0.0328
Epoch 35/100
75/75 4ms/step accuracy=0.9161 loss=0.2049 val_accuracy=0.9983 val_loss=0.0317
Epoch 36/100
75/75 4ms/step accuracy=0.9240 loss=0.1893 val_accuracy=0.9983 val_loss=0.0321
Epoch 37/100
75/75 4ms/step accuracy=0.9265 loss=0.1855 val_accuracy=0.9983 val_loss=0.0278
Epoch 38/100
75/75 5ms/step accuracy=0.9265 loss=0.1831 val_accuracy=0.9983 val_loss=0.0270
Epoch 39/100
75/75 4ms/step accuracy=0.9261 loss=0.1836 val_accuracy=0.9983 val_loss=0.0270
Epoch 40/100
75/75 4ms/step accuracy=0.9207 loss=0.1796 val_accuracy=0.9983 val_loss=0.0249
Epoch 41/100
75/75 7ms/step accuracy=0.9107 loss=0.1946 val_accuracy=0.9983 val_loss=0.0276
Epoch 42/100
75/75 4ms/step accuracy=0.9153 loss=0.1900 val_accuracy=0.9983 val_loss=0.0259
Epoch 43/100
75/75 5ms/step accuracy=0.9224 loss=0.1769 val_accuracy=0.9983 val_loss=0.0243
Epoch 44/100
75/75 4ms/step accuracy=0.9228 loss=0.1733 val_accuracy=0.9983 val_loss=0.0218
Epoch 45/100
75/75 5ms/step accuracy=0.9240 loss=0.1719 val_accuracy=0.9983 val_loss=0.0217
Epoch 46/100
75/75 4ms/step accuracy=0.9165 loss=0.1842 val_accuracy=0.9983 val_loss=0.0207
Epoch 47/100
75/75 4ms/step accuracy=0.9178 loss=0.1744 val_accuracy=0.9983 val_loss=0.0206
Epoch 48/100
75/75 4ms/step accuracy=0.9199 loss=0.1748 val_accuracy=0.9983 val_loss=0.0211
Epoch 49/100
75/75 4ms/step accuracy=0.9265 loss=0.1571 val_accuracy=0.9983 val_loss=0.0197
Epoch 50/100
75/75 4ms/step accuracy=0.9249 loss=0.1661 val_accuracy=0.9983 val_loss=0.0176
Epoch 51/100
75/75 4ms/step accuracy=0.9169 loss=0.1734 val_accuracy=0.9983 val_loss=0.0198
Epoch 52/100
75/75 7ms/step accuracy=0.9295 loss=0.1581 val_accuracy=1.0000 val_loss=0.0185
Epoch 53/100
75/75 4ms/step accuracy=0.9341 loss=0.1495 val_accuracy=1.0000 val_loss=0.0163
Epoch 54/100
75/75 5ms/step accuracy=0.9149 loss=0.1734 val_accuracy=1.0000 val_loss=0.0179
Epoch 55/100
75/75 4ms/step accuracy=0.9320 loss=0.1472 val_accuracy=1.0000 val_loss=0.0145
Epoch 56/100
75/75 4ms/step accuracy=0.9278 loss=0.1530 val_accuracy=1.0000 val_loss=0.0144
Epoch 57/100
75/75 4ms/step accuracy=0.9295 loss=0.1474 val_accuracy=1.0000 val_loss=0.0147
Epoch 58/100
75/75 4ms/step accuracy=0.9270 loss=0.1530 val_accuracy=1.0000 val_loss=0.0156
Epoch 59/100
75/75 4ms/step accuracy=0.9328 loss=0.1458 val_accuracy=1.0000 val_loss=0.0120
Epoch 60/100
75/75 4ms/step accuracy=0.9349 loss=0.1393 val_accuracy=1.0000 val_loss=0.0115
Epoch 61/100
75/75 4ms/step accuracy=0.9370 loss=0.1393 val_accuracy=1.0000 val_loss=0.0116
Epoch 62/100
75/75 4ms/step accuracy=0.9328 loss=0.1444 val_accuracy=1.0000 val_loss=0.0105
Epoch 63/100
75/75 4ms/step accuracy=0.9420 loss=0.1251 val_accuracy=1.0000 val_loss=0.0100
Epoch 64/100
75/75 4ms/step accuracy=0.9324 loss=0.1477 val_accuracy=1.0000 val_loss=0.0100
Epoch 65/100
75/75 4ms/step accuracy=0.9399 loss=0.1368 val_accuracy=1.0000 val_loss=0.0105
Epoch 66/100
75/75 4ms/step accuracy=0.9474 loss=0.1150 val_accuracy=1.0000 val_loss=0.0080
Epoch 67/100
75/75 4ms/step accuracy=0.9424 loss=0.1264 val_accuracy=1.0000 val_loss=0.0088
Epoch 68/100
75/75 5ms/step accuracy=0.9441 loss=0.1214 val_accuracy=1.0000 val_loss=0.0084
Epoch 69/100
75/75 4ms/step accuracy=0.9445 loss=0.1240 val_accuracy=1.0000 val_loss=0.0092
Epoch 70/100
75/75 5ms/step accuracy=0.9495 loss=0.1152 val_accuracy=1.0000 val_loss=0.0064
Epoch 71/100
75/75 4ms/step accuracy=0.9407 loss=0.1223 val_accuracy=1.0000 val_loss=0.0075
Epoch 72/100
75/75 5ms/step accuracy=0.9541 loss=0.1051 val_accuracy=1.0000 val_loss=0.0064
Epoch 73/100
75/75 4ms/step accuracy=0.9428 loss=0.1234 val_accuracy=1.0000 val_loss=0.0064
Epoch 74/100
75/75 5ms/step accuracy=0.9541 loss=0.1044 val_accuracy=1.0000 val_loss=0.0067
Epoch 75/100
75/75 4ms/step accuracy=0.9508 loss=0.1071 val_accuracy=1.0000 val_loss=0.0055
Epoch 76/100
75/75 5ms/step accuracy=0.9482 loss=0.1089 val_accuracy=1.0000 val_loss=0.0057
Epoch 77/100
75/75 4ms/step accuracy=0.9474 loss=0.1085 val_accuracy=1.0000 val_loss=0.0055
Epoch 78/100
75/75 5ms/step accuracy=0.9633 loss=0.0870 val_accuracy=1.0000 val_loss=0.0051
Epoch 79/100
75/75 4ms/step accuracy=0.9533 loss=0.1007 val_accuracy=1.0000 val_loss=0.0061
Epoch 80/100
75/75 5ms/step accuracy=0.9499 loss=0.1075 val_accuracy=1.0000 val_loss=0.0053
Epoch 81/100
75/75 4ms/step accuracy=0.9466 loss=0.1069 val_accuracy=1.0000 val_loss=0.0055
Epoch 82/100
75/75 4ms/step accuracy=0.9524 loss=0.0990 val_accuracy=1.0000 val_loss=0.0049
Epoch 83/100
75/75 4ms/step accuracy=0.9499 loss=0.1000 val_accuracy=1.0000 val_loss=0.0046
Epoch 84/100
75/75 5ms/step accuracy=0.9524 loss=0.0969 val_accuracy=1.0000 val_loss=0.0048
Epoch 85/100
75/75 4ms/step accuracy=0.9549 loss=0.0948 val_accuracy=1.0000 val_loss=0.0042
Epoch 86/100
75/75 5ms/step accuracy=0.9537 loss=0.0952 val_accuracy=1.0000 val_loss=0.0042
Epoch 87/100
75/75 4ms/step accuracy=0.9508 loss=0.1004 val_accuracy=1.0000 val_loss=0.0037
Epoch 88/100
75/75 5ms/step accuracy=0.9583 loss=0.0940 val_accuracy=1.0000 val_loss=0.0032
Epoch 89/100
75/75 4ms/step accuracy=0.9553 loss=0.0994 val_accuracy=1.0000 val_loss=0.0037
Epoch 90/100
75/75 5ms/step accuracy=0.9595 loss=0.0896 val_accuracy=1.0000 val_loss=0.0029
Epoch 91/100
75/75 4ms/step accuracy=0.9604 loss=0.0842 val_accuracy=1.0000 val_loss=0.0041
Epoch 92/100
75/75 5ms/step accuracy=0.9612 loss=0.0815 val_accuracy=1.0000 val_loss=0.0041
Epoch 93/100
75/75 4ms/step accuracy=0.9520 loss=0.1006 val_accuracy=1.0000 val_loss=0.0036
Epoch 94/100
75/75 5ms/step accuracy=0.9637 loss=0.0773 val_accuracy=1.0000 val_loss=0.0037
Epoch 95/100
75/75 5ms/step accuracy=0.9633 loss=0.0788 val_accuracy=1.0000 val_loss=0.0028
Epoch 96/100
75/75 4ms/step accuracy=0.9645 loss=0.0746 val_accuracy=1.0000 val_loss=0.0025
Epoch 97/100
75/75 4ms/step accuracy=0.9591 loss=0.0881 val_accuracy=1.0000 val_loss=0.0037
Epoch 98/100
75/75 4ms/step accuracy=0.9604 loss=0.0826 val_accuracy=1.0000 val_loss=0.0027
Epoch 99/100
75/75 4ms/step accuracy=0.9654 loss=0.0750 val_accuracy=1.0000 val_loss=0.0022
Epoch 100/100
75/75 5ms/step accuracy=0.9641 loss=0.0848 val_accuracy=1.0000 val_loss=0.0027
19/19 3ms/step accuracy=1.0000 loss=0.0022
Loss: 0.0022, Accuracy: 1.0000
2026-08-05 15:59:54 | INFO  | Saved plot: /home/albert/Ancestor/output/Step3_Model_13_TwoStage/2026-08-05-15-59-08/plot_000.png
2026-08-05 15:59:55 | INFO  | Saved plot: /home/albert/Ancestor/output/Step3_Model_13_TwoStage/2026-08-05-15-59-08/plot_001.png
2026-08-05 15:59:56 | INFO  | Saved plot: /home/albert/Ancestor/output/Step3_Model_13_TwoStage/2026-08-05-15-59-08/plot_002.png
