2026-08-05 16:22:52 | INFO  | Logger initialized
2026-08-05 16:22:52 | INFO  | log_file=/home/albert/Ancestor/logs/Step4_Model_14_Detecting/2026-08-05-16-22-52.log
2026-08-05 16:22:52 | INFO  | output_dir=/home/albert/Ancestor/output/Step4_Model_14_Detecting/2026-08-05-16-22-52
=== 1. Loading training data ===
✔️ Train : (1271, 105)  |  Test : (318, 105)
==============================
▶ mcs = 21 | conf = 0.9 | thr = 13.18
==============================
--- Test‑set validation
C0      : 1screws 52筆
C1      : 8screws 65筆
C2      : 3screws 67筆
C3      : 4screws 70筆
C4      : 2screws 64筆
* C0  | size  52 | dist   3.06 | Known
* C1  | size  65 | dist   2.45 | Known
* C2  | size  67 | dist   2.55 | Known
* C3  | size  70 | dist   2.31 | Known
* C4  | size  64 | dist   2.73 | Known
--- Unknown ['5screws'] | mcs 21
C1      : 70 pts
C4      : 60 pts
C5      : 52 pts
C2      : 64 pts
C3      : 65 pts
C0      : 67 pts
C0  | size  67 | dist   2.55 | Known
C1  | size  70 | dist   2.31 | Known
C2  | size  64 | dist   2.73 | Known
C3  | size  65 | dist   2.45 | Known
C4  | size  60 | dist  18.08 | New Fault
C5  | size  52 | dist   3.06 | Known
--- Unknown ['5screws', '6screws'] | mcs 21
C2      : 60 pts
C6      : 69 pts
C5      : 58 pts
C1      : 67 pts
C0      : 65 pts
C4      : 64 pts
C3      : 52 pts
outliers: 3 pts
C0  | size  65 | dist   2.45 | Known
C1  | size  67 | dist   2.55 | Known
C2  | size  60 | dist  18.08 | New Fault
C3  | size  52 | dist   3.06 | Known
C4  | size  64 | dist   2.73 | Known
C5  | size  58 | dist  14.21 | New Fault
C6  | size  69 | dist   2.30 | Known
--- Unknown ['5screws', '6screws', '7screws'] | mcs 21
C0      : 52 pts
C7      : 65 pts
C5      : 56 pts
C3      : 47 pts
C2      : 62 pts
C6      : 54 pts
C4      : 53 pts
C1      : 57 pts
outliers: 4 pts
C0  | size  52 | dist 129.74 | New Fault
C1  | size  57 | dist   2.46 | Known
C2  | size  62 | dist   2.60 | Known
C3  | size  47 | dist   3.08 | Known
C4  | size  53 | dist  17.98 | New Fault
C5  | size  56 | dist   2.84 | Known
C6  | size  54 | dist  14.14 | New Fault
C7  | size  65 | dist   2.35 | Known
--- Unknown ['5screws', '6screws', '7screws', '3_14screws'] | mcs 21
C1      : 53 pts
C0      : 45 pts
C3      : 55 pts
C5      : 57 pts
C6      : 47 pts
C4      : 44 pts
outliers: 34 pts
C8      : 41 pts
C2      : 50 pts
C7      : 24 pts
C0  | size  45 | dist 129.43 | New Fault
C1  | size  53 | dist   2.63 | Known
C2  | size  50 | dist   2.55 | Known
C3  | size  55 | dist   2.83 | Known
C4  | size  44 | dist  14.51 | New Fault
C5  | size  57 | dist   2.48 | Known
C6  | size  47 | dist  18.11 | New Fault
C7  | size  24 | dist  18.19 | New Fault
C8  | size  41 | dist   3.21 | Known
--- Unknown ['5screws', '6screws', '7screws', '3_14screws', '4_146screws'] | mcs 21
C1      : 48 pts
C6      : 45 pts
C5      : 49 pts
C3      : 51 pts
C2      : 48 pts
C8      : 48 pts
C9      : 24 pts
C0      : 40 pts
outliers: 24 pts
C7      : 33 pts
C4      : 40 pts
C0  | size  40 | dist 128.97 | New Fault
C1  | size  48 | dist   2.89 | Known
C2  | size  48 | dist   2.60 | Known
C3  | size  51 | dist   2.89 | Known
C4  | size  40 | dist  14.54 | New Fault
C5  | size  49 | dist   2.54 | Known
C6  | size  45 | dist  21.22 | New Fault
C7  | size  33 | dist   3.36 | Known
C8  | size  48 | dist  17.84 | New Fault
C9  | size  24 | dist  17.72 | New Fault
==============================
▶ mcs = 21 | conf = 0.95 | thr = 13.89
==============================
--- Test‑set validation
C0      : 1screws 52筆
C1      : 8screws 65筆
C2      : 3screws 67筆
C3      : 4screws 70筆
C4      : 2screws 64筆
* C0  | size  52 | dist   3.06 | Known
* C1  | size  65 | dist   2.45 | Known
* C2  | size  67 | dist   2.55 | Known
* C3  | size  70 | dist   2.31 | Known
* C4  | size  64 | dist   2.73 | Known
--- Unknown ['5screws'] | mcs 21
C1      : 70 pts
C4      : 60 pts
C5      : 52 pts
C2      : 64 pts
C3      : 65 pts
C0      : 67 pts
C0  | size  67 | dist   2.55 | Known
C1  | size  70 | dist   2.31 | Known
C2  | size  64 | dist   2.73 | Known
C3  | size  65 | dist   2.45 | Known
C4  | size  60 | dist  18.08 | New Fault
C5  | size  52 | dist   3.06 | Known
--- Unknown ['5screws', '6screws'] | mcs 21
C2      : 60 pts
C6      : 69 pts
C5      : 58 pts
C1      : 67 pts
C0      : 65 pts
C4      : 64 pts
C3      : 52 pts
outliers: 3 pts
C0  | size  65 | dist   2.45 | Known
C1  | size  67 | dist   2.55 | Known
C2  | size  60 | dist  18.08 | New Fault
C3  | size  52 | dist   3.06 | Known
C4  | size  64 | dist   2.73 | Known
C5  | size  58 | dist  14.21 | New Fault
C6  | size  69 | dist   2.30 | Known
--- Unknown ['5screws', '6screws', '7screws'] | mcs 21
C0      : 52 pts
C7      : 65 pts
C5      : 56 pts
C3      : 47 pts
C2      : 62 pts
C6      : 54 pts
C4      : 53 pts
C1      : 57 pts
outliers: 4 pts
C0  | size  52 | dist 129.74 | New Fault
C1  | size  57 | dist   2.46 | Known
C2  | size  62 | dist   2.60 | Known
C3  | size  47 | dist   3.08 | Known
C4  | size  53 | dist  17.98 | New Fault
C5  | size  56 | dist   2.84 | Known
C6  | size  54 | dist  14.14 | New Fault
C7  | size  65 | dist   2.35 | Known
--- Unknown ['5screws', '6screws', '7screws', '3_14screws'] | mcs 21
C1      : 53 pts
C0      : 45 pts
C3      : 55 pts
C5      : 57 pts
C6      : 47 pts
C4      : 44 pts
outliers: 34 pts
C8      : 41 pts
C2      : 50 pts
C7      : 24 pts
C0  | size  45 | dist 129.43 | New Fault
C1  | size  53 | dist   2.63 | Known
C2  | size  50 | dist   2.55 | Known
C3  | size  55 | dist   2.83 | Known
C4  | size  44 | dist  14.51 | New Fault
C5  | size  57 | dist   2.48 | Known
C6  | size  47 | dist  18.11 | New Fault
C7  | size  24 | dist  18.19 | New Fault
C8  | size  41 | dist   3.21 | Known
--- Unknown ['5screws', '6screws', '7screws', '3_14screws', '4_146screws'] | mcs 21
C1      : 48 pts
C6      : 45 pts
C5      : 49 pts
C3      : 51 pts
C2      : 48 pts
C8      : 48 pts
C9      : 24 pts
C0      : 40 pts
outliers: 24 pts
C7      : 33 pts
C4      : 40 pts
C0  | size  40 | dist 128.97 | New Fault
C1  | size  48 | dist   2.89 | Known
C2  | size  48 | dist   2.60 | Known
C3  | size  51 | dist   2.89 | Known
C4  | size  40 | dist  14.54 | New Fault
C5  | size  49 | dist   2.54 | Known
C6  | size  45 | dist  21.22 | New Fault
C7  | size  33 | dist   3.36 | Known
C8  | size  48 | dist  17.84 | New Fault
C9  | size  24 | dist  17.72 | New Fault
==============================
▶ mcs = 21 | conf = 0.99 | thr = 15.78
==============================
--- Test‑set validation
C0      : 1screws 52筆
C1      : 8screws 65筆
C2      : 3screws 67筆
C3      : 4screws 70筆
C4      : 2screws 64筆
* C0  | size  52 | dist   3.06 | Known
* C1  | size  65 | dist   2.45 | Known
* C2  | size  67 | dist   2.55 | Known
* C3  | size  70 | dist   2.31 | Known
* C4  | size  64 | dist   2.73 | Known
--- Unknown ['5screws'] | mcs 21
C1      : 70 pts
C4      : 60 pts
C5      : 52 pts
C2      : 64 pts
C3      : 65 pts
C0      : 67 pts
C0  | size  67 | dist   2.55 | Known
C1  | size  70 | dist   2.31 | Known
C2  | size  64 | dist   2.73 | Known
C3  | size  65 | dist   2.45 | Known
C4  | size  60 | dist  18.08 | New Fault
C5  | size  52 | dist   3.06 | Known
--- Unknown ['5screws', '6screws'] | mcs 21
C2      : 60 pts
C6      : 69 pts
C5      : 58 pts
C1      : 67 pts
C0      : 65 pts
C4      : 64 pts
C3      : 52 pts
outliers: 3 pts
C0  | size  65 | dist   2.45 | Known
C1  | size  67 | dist   2.55 | Known
C2  | size  60 | dist  18.08 | New Fault
C3  | size  52 | dist   3.06 | Known
C4  | size  64 | dist   2.73 | Known
C5  | size  58 | dist  14.21 | Known
C6  | size  69 | dist   2.30 | Known
--- Unknown ['5screws', '6screws', '7screws'] | mcs 21
C0      : 52 pts
C7      : 65 pts
C5      : 56 pts
C3      : 47 pts
C2      : 62 pts
C6      : 54 pts
C4      : 53 pts
C1      : 57 pts
outliers: 4 pts
C0  | size  52 | dist 129.74 | New Fault
C1  | size  57 | dist   2.46 | Known
C2  | size  62 | dist   2.60 | Known
C3  | size  47 | dist   3.08 | Known
C4  | size  53 | dist  17.98 | New Fault
C5  | size  56 | dist   2.84 | Known
C6  | size  54 | dist  14.14 | Known
C7  | size  65 | dist   2.35 | Known
--- Unknown ['5screws', '6screws', '7screws', '3_14screws'] | mcs 21
C1      : 53 pts
C0      : 45 pts
C3      : 55 pts
C5      : 57 pts
C6      : 47 pts
C4      : 44 pts
outliers: 34 pts
C8      : 41 pts
C2      : 50 pts
C7      : 24 pts
C0  | size  45 | dist 129.43 | New Fault
C1  | size  53 | dist   2.63 | Known
C2  | size  50 | dist   2.55 | Known
C3  | size  55 | dist   2.83 | Known
C4  | size  44 | dist  14.51 | Known
C5  | size  57 | dist   2.48 | Known
C6  | size  47 | dist  18.11 | New Fault
C7  | size  24 | dist  18.19 | New Fault
C8  | size  41 | dist   3.21 | Known
--- Unknown ['5screws', '6screws', '7screws', '3_14screws', '4_146screws'] | mcs 21
C1      : 48 pts
C6      : 45 pts
C5      : 49 pts
C3      : 51 pts
C2      : 48 pts
C8      : 48 pts
C9      : 24 pts
C0      : 40 pts
outliers: 24 pts
C7      : 33 pts
C4      : 40 pts
C0  | size  40 | dist 128.97 | New Fault
C1  | size  48 | dist   2.89 | Known
C2  | size  48 | dist   2.60 | Known
C3  | size  51 | dist   2.89 | Known
C4  | size  40 | dist  14.54 | Known
C5  | size  49 | dist   2.54 | Known
C6  | size  45 | dist  21.22 | New Fault
C7  | size  33 | dist   3.36 | Known
C8  | size  48 | dist  17.84 | New Fault
C9  | size  24 | dist  17.72 | New Fault
==============================
▶ mcs = 22 | conf = 0.9 | thr = 13.18
==============================
--- Test‑set validation
C0      : 1screws 52筆
C1      : 8screws 65筆
C2      : 3screws 67筆
C3      : 4screws 70筆
C4      : 2screws 64筆
* C0  | size  52 | dist   3.06 | Known
* C1  | size  65 | dist   2.45 | Known
* C2  | size  67 | dist   2.55 | Known
* C3  | size  70 | dist   2.31 | Known
* C4  | size  64 | dist   2.73 | Known
--- Unknown ['5screws'] | mcs 22
C1      : 70 pts
C4      : 60 pts
C5      : 52 pts
C2      : 64 pts
C3      : 65 pts
C0      : 67 pts
C0  | size  67 | dist   2.55 | Known
C1  | size  70 | dist   2.31 | Known
C2  | size  64 | dist   2.73 | Known
C3  | size  65 | dist   2.45 | Known
C4  | size  60 | dist  18.08 | New Fault
C5  | size  52 | dist   3.06 | Known
--- Unknown ['5screws', '6screws'] | mcs 22
C2      : 60 pts
C6      : 69 pts
C5      : 58 pts
C1      : 67 pts
C0      : 65 pts
C4      : 64 pts
C3      : 52 pts
outliers: 3 pts
C0  | size  65 | dist   2.45 | Known
C1  | size  67 | dist   2.55 | Known
C2  | size  60 | dist  18.08 | New Fault
C3  | size  52 | dist   3.06 | Known
C4  | size  64 | dist   2.73 | Known
C5  | size  58 | dist  14.21 | New Fault
C6  | size  69 | dist   2.30 | Known
--- Unknown ['5screws', '6screws', '7screws'] | mcs 22
C0      : 52 pts
C7      : 65 pts
C5      : 56 pts
C3      : 47 pts
C2      : 62 pts
C6      : 54 pts
C4      : 53 pts
C1      : 57 pts
outliers: 4 pts
C0  | size  52 | dist 129.74 | New Fault
C1  | size  57 | dist   2.46 | Known
C2  | size  62 | dist   2.60 | Known
C3  | size  47 | dist   3.08 | Known
C4  | size  53 | dist  17.98 | New Fault
C5  | size  56 | dist   2.84 | Known
C6  | size  54 | dist  14.14 | New Fault
C7  | size  65 | dist   2.35 | Known
--- Unknown ['5screws', '6screws', '7screws', '3_14screws'] | mcs 22
C1      : 53 pts
C0      : 45 pts
C3      : 55 pts
C5      : 57 pts
C6      : 47 pts
C4      : 44 pts
outliers: 34 pts
C8      : 41 pts
C2      : 50 pts
C7      : 24 pts
C0  | size  45 | dist 129.43 | New Fault
C1  | size  53 | dist   2.63 | Known
C2  | size  50 | dist   2.55 | Known
C3  | size  55 | dist   2.83 | Known
C4  | size  44 | dist  14.51 | New Fault
C5  | size  57 | dist   2.48 | Known
C6  | size  47 | dist  18.11 | New Fault
C7  | size  24 | dist  18.19 | New Fault
C8  | size  41 | dist   3.21 | Known
--- Unknown ['5screws', '6screws', '7screws', '3_14screws', '4_146screws'] | mcs 22
C1      : 48 pts
C6      : 45 pts
C5      : 49 pts
C3      : 51 pts
C2      : 48 pts
C8      : 48 pts
C9      : 24 pts
C0      : 40 pts
outliers: 24 pts
C7      : 33 pts
C4      : 40 pts
C0  | size  40 | dist 128.97 | New Fault
C1  | size  48 | dist   2.89 | Known
C2  | size  48 | dist   2.60 | Known
C3  | size  51 | dist   2.89 | Known
C4  | size  40 | dist  14.54 | New Fault
C5  | size  49 | dist   2.54 | Known
C6  | size  45 | dist  21.22 | New Fault
C7  | size  33 | dist   3.36 | Known
C8  | size  48 | dist  17.84 | New Fault
C9  | size  24 | dist  17.72 | New Fault
==============================
▶ mcs = 22 | conf = 0.95 | thr = 13.89
==============================
--- Test‑set validation
C0      : 1screws 52筆
C1      : 8screws 65筆
C2      : 3screws 67筆
C3      : 4screws 70筆
C4      : 2screws 64筆
* C0  | size  52 | dist   3.06 | Known
* C1  | size  65 | dist   2.45 | Known
* C2  | size  67 | dist   2.55 | Known
* C3  | size  70 | dist   2.31 | Known
* C4  | size  64 | dist   2.73 | Known
--- Unknown ['5screws'] | mcs 22
C1      : 70 pts
C4      : 60 pts
C5      : 52 pts
C2      : 64 pts
C3      : 65 pts
C0      : 67 pts
C0  | size  67 | dist   2.55 | Known
C1  | size  70 | dist   2.31 | Known
C2  | size  64 | dist   2.73 | Known
C3  | size  65 | dist   2.45 | Known
C4  | size  60 | dist  18.08 | New Fault
C5  | size  52 | dist   3.06 | Known
--- Unknown ['5screws', '6screws'] | mcs 22
C2      : 60 pts
C6      : 69 pts
C5      : 58 pts
C1      : 67 pts
C0      : 65 pts
C4      : 64 pts
C3      : 52 pts
outliers: 3 pts
C0  | size  65 | dist   2.45 | Known
C1  | size  67 | dist   2.55 | Known
C2  | size  60 | dist  18.08 | New Fault
C3  | size  52 | dist   3.06 | Known
C4  | size  64 | dist   2.73 | Known
C5  | size  58 | dist  14.21 | New Fault
C6  | size  69 | dist   2.30 | Known
--- Unknown ['5screws', '6screws', '7screws'] | mcs 22
C0      : 52 pts
C7      : 65 pts
C5      : 56 pts
C3      : 47 pts
C2      : 62 pts
C6      : 54 pts
C4      : 53 pts
C1      : 57 pts
outliers: 4 pts
C0  | size  52 | dist 129.74 | New Fault
C1  | size  57 | dist   2.46 | Known
C2  | size  62 | dist   2.60 | Known
C3  | size  47 | dist   3.08 | Known
C4  | size  53 | dist  17.98 | New Fault
C5  | size  56 | dist   2.84 | Known
C6  | size  54 | dist  14.14 | New Fault
C7  | size  65 | dist   2.35 | Known
--- Unknown ['5screws', '6screws', '7screws', '3_14screws'] | mcs 22
C1      : 53 pts
C0      : 45 pts
C3      : 55 pts
C5      : 57 pts
C6      : 47 pts
C4      : 44 pts
outliers: 34 pts
C8      : 41 pts
C2      : 50 pts
C7      : 24 pts
C0  | size  45 | dist 129.43 | New Fault
C1  | size  53 | dist   2.63 | Known
C2  | size  50 | dist   2.55 | Known
C3  | size  55 | dist   2.83 | Known
C4  | size  44 | dist  14.51 | New Fault
C5  | size  57 | dist   2.48 | Known
C6  | size  47 | dist  18.11 | New Fault
C7  | size  24 | dist  18.19 | New Fault
C8  | size  41 | dist   3.21 | Known
--- Unknown ['5screws', '6screws', '7screws', '3_14screws', '4_146screws'] | mcs 22
C1      : 48 pts
C6      : 45 pts
C5      : 49 pts
C3      : 51 pts
C2      : 48 pts
C8      : 48 pts
C9      : 24 pts
C0      : 40 pts
outliers: 24 pts
C7      : 33 pts
C4      : 40 pts
C0  | size  40 | dist 128.97 | New Fault
C1  | size  48 | dist   2.89 | Known
C2  | size  48 | dist   2.60 | Known
C3  | size  51 | dist   2.89 | Known
C4  | size  40 | dist  14.54 | New Fault
C5  | size  49 | dist   2.54 | Known
C6  | size  45 | dist  21.22 | New Fault
C7  | size  33 | dist   3.36 | Known
C8  | size  48 | dist  17.84 | New Fault
C9  | size  24 | dist  17.72 | New Fault
==============================
▶ mcs = 22 | conf = 0.99 | thr = 15.78
==============================
--- Test‑set validation
C0      : 1screws 52筆
C1      : 8screws 65筆
C2      : 3screws 67筆
C3      : 4screws 70筆
C4      : 2screws 64筆
* C0  | size  52 | dist   3.06 | Known
* C1  | size  65 | dist   2.45 | Known
* C2  | size  67 | dist   2.55 | Known
* C3  | size  70 | dist   2.31 | Known
* C4  | size  64 | dist   2.73 | Known
--- Unknown ['5screws'] | mcs 22
C1      : 70 pts
C4      : 60 pts
C5      : 52 pts
C2      : 64 pts
C3      : 65 pts
C0      : 67 pts
C0  | size  67 | dist   2.55 | Known
C1  | size  70 | dist   2.31 | Known
C2  | size  64 | dist   2.73 | Known
C3  | size  65 | dist   2.45 | Known
C4  | size  60 | dist  18.08 | New Fault
C5  | size  52 | dist   3.06 | Known
--- Unknown ['5screws', '6screws'] | mcs 22
C2      : 60 pts
C6      : 69 pts
C5      : 58 pts
C1      : 67 pts
C0      : 65 pts
C4      : 64 pts
C3      : 52 pts
outliers: 3 pts
C0  | size  65 | dist   2.45 | Known
C1  | size  67 | dist   2.55 | Known
C2  | size  60 | dist  18.08 | New Fault
C3  | size  52 | dist   3.06 | Known
C4  | size  64 | dist   2.73 | Known
C5  | size  58 | dist  14.21 | Known
C6  | size  69 | dist   2.30 | Known
--- Unknown ['5screws', '6screws', '7screws'] | mcs 22
C0      : 52 pts
C7      : 65 pts
C5      : 56 pts
C3      : 47 pts
C2      : 62 pts
C6      : 54 pts
C4      : 53 pts
C1      : 57 pts
outliers: 4 pts
C0  | size  52 | dist 129.74 | New Fault
C1  | size  57 | dist   2.46 | Known
C2  | size  62 | dist   2.60 | Known
C3  | size  47 | dist   3.08 | Known
C4  | size  53 | dist  17.98 | New Fault
C5  | size  56 | dist   2.84 | Known
C6  | size  54 | dist  14.14 | Known
C7  | size  65 | dist   2.35 | Known
--- Unknown ['5screws', '6screws', '7screws', '3_14screws'] | mcs 22
C1      : 53 pts
C0      : 45 pts
C3      : 55 pts
C5      : 57 pts
C6      : 47 pts
C4      : 44 pts
outliers: 34 pts
C8      : 41 pts
C2      : 50 pts
C7      : 24 pts
C0  | size  45 | dist 129.43 | New Fault
C1  | size  53 | dist   2.63 | Known
C2  | size  50 | dist   2.55 | Known
C3  | size  55 | dist   2.83 | Known
C4  | size  44 | dist  14.51 | Known
C5  | size  57 | dist   2.48 | Known
C6  | size  47 | dist  18.11 | New Fault
C7  | size  24 | dist  18.19 | New Fault
C8  | size  41 | dist   3.21 | Known
--- Unknown ['5screws', '6screws', '7screws', '3_14screws', '4_146screws'] | mcs 22
C1      : 48 pts
C6      : 45 pts
C5      : 49 pts
C3      : 51 pts
C2      : 48 pts
C8      : 48 pts
C9      : 24 pts
C0      : 40 pts
outliers: 24 pts
C7      : 33 pts
C4      : 40 pts
C0  | size  40 | dist 128.97 | New Fault
C1  | size  48 | dist   2.89 | Known
C2  | size  48 | dist   2.60 | Known
C3  | size  51 | dist   2.89 | Known
C4  | size  40 | dist  14.54 | Known
C5  | size  49 | dist   2.54 | Known
C6  | size  45 | dist  21.22 | New Fault
C7  | size  33 | dist   3.36 | Known
C8  | size  48 | dist  17.84 | New Fault
C9  | size  24 | dist  17.72 | New Fault
==============================
▶ mcs = 23 | conf = 0.9 | thr = 13.18
==============================
--- Test‑set validation
C0      : 1screws 52筆
C1      : 8screws 65筆
C2      : 3screws 67筆
C3      : 4screws 70筆
C4      : 2screws 64筆
* C0  | size  52 | dist   3.06 | Known
* C1  | size  65 | dist   2.45 | Known
* C2  | size  67 | dist   2.55 | Known
* C3  | size  70 | dist   2.31 | Known
* C4  | size  64 | dist   2.73 | Known
--- Unknown ['5screws'] | mcs 23
C1      : 70 pts
C4      : 60 pts
C5      : 52 pts
C2      : 64 pts
C3      : 65 pts
C0      : 67 pts
C0  | size  67 | dist   2.55 | Known
C1  | size  70 | dist   2.31 | Known
C2  | size  64 | dist   2.73 | Known
C3  | size  65 | dist   2.45 | Known
C4  | size  60 | dist  18.08 | New Fault
C5  | size  52 | dist   3.06 | Known
--- Unknown ['5screws', '6screws'] | mcs 23
C2      : 60 pts
C6      : 69 pts
C5      : 58 pts
C1      : 67 pts
C0      : 65 pts
C4      : 64 pts
C3      : 52 pts
outliers: 3 pts
C0  | size  65 | dist   2.45 | Known
C1  | size  67 | dist   2.55 | Known
C2  | size  60 | dist  18.08 | New Fault
C3  | size  52 | dist   3.06 | Known
C4  | size  64 | dist   2.73 | Known
C5  | size  58 | dist  14.21 | New Fault
C6  | size  69 | dist   2.30 | Known
--- Unknown ['5screws', '6screws', '7screws'] | mcs 23
C0      : 52 pts
C7      : 65 pts
C5      : 56 pts
C3      : 47 pts
C2      : 62 pts
C6      : 54 pts
C4      : 53 pts
C1      : 57 pts
outliers: 4 pts
C0  | size  52 | dist 129.74 | New Fault
C1  | size  57 | dist   2.46 | Known
C2  | size  62 | dist   2.60 | Known
C3  | size  47 | dist   3.08 | Known
C4  | size  53 | dist  17.98 | New Fault
C5  | size  56 | dist   2.84 | Known
C6  | size  54 | dist  14.14 | New Fault
C7  | size  65 | dist   2.35 | Known
--- Unknown ['5screws', '6screws', '7screws', '3_14screws'] | mcs 23
C1      : 53 pts
C0      : 45 pts
C3      : 55 pts
C5      : 57 pts
C6      : 47 pts
C4      : 44 pts
outliers: 34 pts
C8      : 41 pts
C2      : 50 pts
C7      : 24 pts
C0  | size  45 | dist 129.43 | New Fault
C1  | size  53 | dist   2.63 | Known
C2  | size  50 | dist   2.55 | Known
C3  | size  55 | dist   2.83 | Known
C4  | size  44 | dist  14.51 | New Fault
C5  | size  57 | dist   2.48 | Known
C6  | size  47 | dist  18.11 | New Fault
C7  | size  24 | dist  18.19 | New Fault
C8  | size  41 | dist   3.21 | Known
--- Unknown ['5screws', '6screws', '7screws', '3_14screws', '4_146screws'] | mcs 23
C1      : 48 pts
C6      : 45 pts
C5      : 49 pts
C3      : 51 pts
C2      : 48 pts
C8      : 48 pts
C9      : 24 pts
C0      : 40 pts
outliers: 24 pts
C7      : 33 pts
C4      : 40 pts
C0  | size  40 | dist 128.97 | New Fault
C1  | size  48 | dist   2.89 | Known
C2  | size  48 | dist   2.60 | Known
C3  | size  51 | dist   2.89 | Known
C4  | size  40 | dist  14.54 | New Fault
C5  | size  49 | dist   2.54 | Known
C6  | size  45 | dist  21.22 | New Fault
C7  | size  33 | dist   3.36 | Known
C8  | size  48 | dist  17.84 | New Fault
C9  | size  24 | dist  17.72 | New Fault
==============================
▶ mcs = 23 | conf = 0.95 | thr = 13.89
==============================
--- Test‑set validation
C0      : 1screws 52筆
C1      : 8screws 65筆
C2      : 3screws 67筆
C3      : 4screws 70筆
C4      : 2screws 64筆
* C0  | size  52 | dist   3.06 | Known
* C1  | size  65 | dist   2.45 | Known
* C2  | size  67 | dist   2.55 | Known
* C3  | size  70 | dist   2.31 | Known
* C4  | size  64 | dist   2.73 | Known
--- Unknown ['5screws'] | mcs 23
C1      : 70 pts
C4      : 60 pts
C5      : 52 pts
C2      : 64 pts
C3      : 65 pts
C0      : 67 pts
C0  | size  67 | dist   2.55 | Known
C1  | size  70 | dist   2.31 | Known
C2  | size  64 | dist   2.73 | Known
C3  | size  65 | dist   2.45 | Known
C4  | size  60 | dist  18.08 | New Fault
C5  | size  52 | dist   3.06 | Known
--- Unknown ['5screws', '6screws'] | mcs 23
C2      : 60 pts
C6      : 69 pts
C5      : 58 pts
C1      : 67 pts
C0      : 65 pts
C4      : 64 pts
C3      : 52 pts
outliers: 3 pts
C0  | size  65 | dist   2.45 | Known
C1  | size  67 | dist   2.55 | Known
C2  | size  60 | dist  18.08 | New Fault
C3  | size  52 | dist   3.06 | Known
C4  | size  64 | dist   2.73 | Known
C5  | size  58 | dist  14.21 | New Fault
C6  | size  69 | dist   2.30 | Known
--- Unknown ['5screws', '6screws', '7screws'] | mcs 23
C0      : 52 pts
C7      : 65 pts
C5      : 56 pts
C3      : 47 pts
C2      : 62 pts
C6      : 54 pts
C4      : 53 pts
C1      : 57 pts
outliers: 4 pts
C0  | size  52 | dist 129.74 | New Fault
C1  | size  57 | dist   2.46 | Known
C2  | size  62 | dist   2.60 | Known
C3  | size  47 | dist   3.08 | Known
C4  | size  53 | dist  17.98 | New Fault
C5  | size  56 | dist   2.84 | Known
C6  | size  54 | dist  14.14 | New Fault
C7  | size  65 | dist   2.35 | Known
--- Unknown ['5screws', '6screws', '7screws', '3_14screws'] | mcs 23
C1      : 53 pts
C0      : 45 pts
C3      : 55 pts
C5      : 57 pts
C6      : 47 pts
C4      : 44 pts
outliers: 34 pts
C8      : 41 pts
C2      : 50 pts
C7      : 24 pts
C0  | size  45 | dist 129.43 | New Fault
C1  | size  53 | dist   2.63 | Known
C2  | size  50 | dist   2.55 | Known
C3  | size  55 | dist   2.83 | Known
C4  | size  44 | dist  14.51 | New Fault
C5  | size  57 | dist   2.48 | Known
C6  | size  47 | dist  18.11 | New Fault
C7  | size  24 | dist  18.19 | New Fault
C8  | size  41 | dist   3.21 | Known
--- Unknown ['5screws', '6screws', '7screws', '3_14screws', '4_146screws'] | mcs 23
C1      : 48 pts
C6      : 45 pts
C5      : 49 pts
C3      : 51 pts
C2      : 48 pts
C8      : 48 pts
C9      : 24 pts
C0      : 40 pts
outliers: 24 pts
C7      : 33 pts
C4      : 40 pts
C0  | size  40 | dist 128.97 | New Fault
C1  | size  48 | dist   2.89 | Known
C2  | size  48 | dist   2.60 | Known
C3  | size  51 | dist   2.89 | Known
C4  | size  40 | dist  14.54 | New Fault
C5  | size  49 | dist   2.54 | Known
C6  | size  45 | dist  21.22 | New Fault
C7  | size  33 | dist   3.36 | Known
C8  | size  48 | dist  17.84 | New Fault
C9  | size  24 | dist  17.72 | New Fault
==============================
▶ mcs = 23 | conf = 0.99 | thr = 15.78
==============================
--- Test‑set validation
C0      : 1screws 52筆
C1      : 8screws 65筆
C2      : 3screws 67筆
C3      : 4screws 70筆
C4      : 2screws 64筆
* C0  | size  52 | dist   3.06 | Known
* C1  | size  65 | dist   2.45 | Known
* C2  | size  67 | dist   2.55 | Known
* C3  | size  70 | dist   2.31 | Known
* C4  | size  64 | dist   2.73 | Known
--- Unknown ['5screws'] | mcs 23
C1      : 70 pts
C4      : 60 pts
C5      : 52 pts
C2      : 64 pts
C3      : 65 pts
C0      : 67 pts
C0  | size  67 | dist   2.55 | Known
C1  | size  70 | dist   2.31 | Known
C2  | size  64 | dist   2.73 | Known
C3  | size  65 | dist   2.45 | Known
C4  | size  60 | dist  18.08 | New Fault
C5  | size  52 | dist   3.06 | Known
--- Unknown ['5screws', '6screws'] | mcs 23
C2      : 60 pts
C6      : 69 pts
C5      : 58 pts
C1      : 67 pts
C0      : 65 pts
C4      : 64 pts
C3      : 52 pts
outliers: 3 pts
C0  | size  65 | dist   2.45 | Known
C1  | size  67 | dist   2.55 | Known
C2  | size  60 | dist  18.08 | New Fault
C3  | size  52 | dist   3.06 | Known
C4  | size  64 | dist   2.73 | Known
C5  | size  58 | dist  14.21 | Known
C6  | size  69 | dist   2.30 | Known
--- Unknown ['5screws', '6screws', '7screws'] | mcs 23
C0      : 52 pts
C7      : 65 pts
C5      : 56 pts
C3      : 47 pts
C2      : 62 pts
C6      : 54 pts
C4      : 53 pts
C1      : 57 pts
outliers: 4 pts
C0  | size  52 | dist 129.74 | New Fault
C1  | size  57 | dist   2.46 | Known
C2  | size  62 | dist   2.60 | Known
C3  | size  47 | dist   3.08 | Known
C4  | size  53 | dist  17.98 | New Fault
C5  | size  56 | dist   2.84 | Known
C6  | size  54 | dist  14.14 | Known
C7  | size  65 | dist   2.35 | Known
--- Unknown ['5screws', '6screws', '7screws', '3_14screws'] | mcs 23
C1      : 53 pts
C0      : 45 pts
C3      : 55 pts
C5      : 57 pts
C6      : 47 pts
C4      : 44 pts
outliers: 34 pts
C8      : 41 pts
C2      : 50 pts
C7      : 24 pts
C0  | size  45 | dist 129.43 | New Fault
C1  | size  53 | dist   2.63 | Known
C2  | size  50 | dist   2.55 | Known
C3  | size  55 | dist   2.83 | Known
C4  | size  44 | dist  14.51 | Known
C5  | size  57 | dist   2.48 | Known
C6  | size  47 | dist  18.11 | New Fault
C7  | size  24 | dist  18.19 | New Fault
C8  | size  41 | dist   3.21 | Known
--- Unknown ['5screws', '6screws', '7screws', '3_14screws', '4_146screws'] | mcs 23
C1      : 48 pts
C6      : 45 pts
C5      : 49 pts
C3      : 51 pts
C2      : 48 pts
C8      : 48 pts
C9      : 24 pts
C0      : 40 pts
outliers: 24 pts
C7      : 33 pts
C4      : 40 pts
C0  | size  40 | dist 128.97 | New Fault
C1  | size  48 | dist   2.89 | Known
C2  | size  48 | dist   2.60 | Known
C3  | size  51 | dist   2.89 | Known
C4  | size  40 | dist  14.54 | Known
C5  | size  49 | dist   2.54 | Known
C6  | size  45 | dist  21.22 | New Fault
C7  | size  33 | dist   3.36 | Known
C8  | size  48 | dist  17.84 | New Fault
C9  | size  24 | dist  17.72 | New Fault
==============================
▶ mcs = 24 | conf = 0.9 | thr = 13.18
==============================
--- Test‑set validation
C0      : 1screws 52筆
C1      : 8screws 65筆
C2      : 3screws 67筆
C3      : 4screws 70筆
C4      : 2screws 64筆
* C0  | size  52 | dist   3.06 | Known
* C1  | size  65 | dist   2.45 | Known
* C2  | size  67 | dist   2.55 | Known
* C3  | size  70 | dist   2.31 | Known
* C4  | size  64 | dist   2.73 | Known
--- Unknown ['5screws'] | mcs 24
C1      : 70 pts
C4      : 60 pts
C5      : 52 pts
C2      : 64 pts
C3      : 65 pts
C0      : 67 pts
C0  | size  67 | dist   2.55 | Known
C1  | size  70 | dist   2.31 | Known
C2  | size  64 | dist   2.73 | Known
C3  | size  65 | dist   2.45 | Known
C4  | size  60 | dist  18.08 | New Fault
C5  | size  52 | dist   3.06 | Known
--- Unknown ['5screws', '6screws'] | mcs 24
C2      : 60 pts
C6      : 69 pts
C5      : 58 pts
C1      : 67 pts
C0      : 65 pts
C4      : 64 pts
C3      : 52 pts
outliers: 3 pts
C0  | size  65 | dist   2.45 | Known
C1  | size  67 | dist   2.55 | Known
C2  | size  60 | dist  18.08 | New Fault
C3  | size  52 | dist   3.06 | Known
C4  | size  64 | dist   2.73 | Known
C5  | size  58 | dist  14.21 | New Fault
C6  | size  69 | dist   2.30 | Known
--- Unknown ['5screws', '6screws', '7screws'] | mcs 24
C0      : 52 pts
C7      : 65 pts
C5      : 56 pts
C3      : 47 pts
C2      : 62 pts
C6      : 54 pts
C4      : 53 pts
C1      : 57 pts
outliers: 4 pts
C0  | size  52 | dist 129.74 | New Fault
C1  | size  57 | dist   2.46 | Known
C2  | size  62 | dist   2.60 | Known
C3  | size  47 | dist   3.08 | Known
C4  | size  53 | dist  17.98 | New Fault
C5  | size  56 | dist   2.84 | Known
C6  | size  54 | dist  14.14 | New Fault
C7  | size  65 | dist   2.35 | Known
--- Unknown ['5screws', '6screws', '7screws', '3_14screws'] | mcs 24
C1      : 53 pts
C0      : 45 pts
C3      : 55 pts
C5      : 57 pts
C6      : 47 pts
C4      : 44 pts
outliers: 34 pts
C8      : 41 pts
C2      : 50 pts
C7      : 24 pts
C0  | size  45 | dist 129.43 | New Fault
C1  | size  53 | dist   2.63 | Known
C2  | size  50 | dist   2.55 | Known
C3  | size  55 | dist   2.83 | Known
C4  | size  44 | dist  14.51 | New Fault
C5  | size  57 | dist   2.48 | Known
C6  | size  47 | dist  18.11 | New Fault
C7  | size  24 | dist  18.19 | New Fault
C8  | size  41 | dist   3.21 | Known
--- Unknown ['5screws', '6screws', '7screws', '3_14screws', '4_146screws'] | mcs 24
C1      : 48 pts
C6      : 45 pts
C5      : 49 pts
C3      : 51 pts
C2      : 48 pts
C8      : 48 pts
C9      : 24 pts
C0      : 40 pts
outliers: 24 pts
C7      : 33 pts
C4      : 40 pts
C0  | size  40 | dist 128.97 | New Fault
C1  | size  48 | dist   2.89 | Known
C2  | size  48 | dist   2.60 | Known
C3  | size  51 | dist   2.89 | Known
C4  | size  40 | dist  14.54 | New Fault
C5  | size  49 | dist   2.54 | Known
C6  | size  45 | dist  21.22 | New Fault
C7  | size  33 | dist   3.36 | Known
C8  | size  48 | dist  17.84 | New Fault
C9  | size  24 | dist  17.72 | New Fault
==============================
▶ mcs = 24 | conf = 0.95 | thr = 13.89
==============================
--- Test‑set validation
C0      : 1screws 52筆
C1      : 8screws 65筆
C2      : 3screws 67筆
C3      : 4screws 70筆
C4      : 2screws 64筆
* C0  | size  52 | dist   3.06 | Known
* C1  | size  65 | dist   2.45 | Known
* C2  | size  67 | dist   2.55 | Known
* C3  | size  70 | dist   2.31 | Known
* C4  | size  64 | dist   2.73 | Known
--- Unknown ['5screws'] | mcs 24
C1      : 70 pts
C4      : 60 pts
C5      : 52 pts
C2      : 64 pts
C3      : 65 pts
C0      : 67 pts
C0  | size  67 | dist   2.55 | Known
C1  | size  70 | dist   2.31 | Known
C2  | size  64 | dist   2.73 | Known
C3  | size  65 | dist   2.45 | Known
C4  | size  60 | dist  18.08 | New Fault
C5  | size  52 | dist   3.06 | Known
--- Unknown ['5screws', '6screws'] | mcs 24
C2      : 60 pts
C6      : 69 pts
C5      : 58 pts
C1      : 67 pts
C0      : 65 pts
C4      : 64 pts
C3      : 52 pts
outliers: 3 pts
C0  | size  65 | dist   2.45 | Known
C1  | size  67 | dist   2.55 | Known
C2  | size  60 | dist  18.08 | New Fault
C3  | size  52 | dist   3.06 | Known
C4  | size  64 | dist   2.73 | Known
C5  | size  58 | dist  14.21 | New Fault
C6  | size  69 | dist   2.30 | Known
--- Unknown ['5screws', '6screws', '7screws'] | mcs 24
C0      : 52 pts
C7      : 65 pts
C5      : 56 pts
C3      : 47 pts
C2      : 62 pts
C6      : 54 pts
C4      : 53 pts
C1      : 57 pts
outliers: 4 pts
C0  | size  52 | dist 129.74 | New Fault
C1  | size  57 | dist   2.46 | Known
C2  | size  62 | dist   2.60 | Known
C3  | size  47 | dist   3.08 | Known
C4  | size  53 | dist  17.98 | New Fault
C5  | size  56 | dist   2.84 | Known
C6  | size  54 | dist  14.14 | New Fault
C7  | size  65 | dist   2.35 | Known
--- Unknown ['5screws', '6screws', '7screws', '3_14screws'] | mcs 24
C1      : 53 pts
C0      : 45 pts
C3      : 55 pts
C5      : 57 pts
C6      : 47 pts
C4      : 44 pts
outliers: 34 pts
C8      : 41 pts
C2      : 50 pts
C7      : 24 pts
C0  | size  45 | dist 129.43 | New Fault
C1  | size  53 | dist   2.63 | Known
C2  | size  50 | dist   2.55 | Known
C3  | size  55 | dist   2.83 | Known
C4  | size  44 | dist  14.51 | New Fault
C5  | size  57 | dist   2.48 | Known
C6  | size  47 | dist  18.11 | New Fault
C7  | size  24 | dist  18.19 | New Fault
C8  | size  41 | dist   3.21 | Known
--- Unknown ['5screws', '6screws', '7screws', '3_14screws', '4_146screws'] | mcs 24
C1      : 48 pts
C6      : 45 pts
C5      : 49 pts
C3      : 51 pts
C2      : 48 pts
C8      : 48 pts
C9      : 24 pts
C0      : 40 pts
outliers: 24 pts
C7      : 33 pts
C4      : 40 pts
C0  | size  40 | dist 128.97 | New Fault
C1  | size  48 | dist   2.89 | Known
C2  | size  48 | dist   2.60 | Known
C3  | size  51 | dist   2.89 | Known
C4  | size  40 | dist  14.54 | New Fault
C5  | size  49 | dist   2.54 | Known
C6  | size  45 | dist  21.22 | New Fault
C7  | size  33 | dist   3.36 | Known
C8  | size  48 | dist  17.84 | New Fault
C9  | size  24 | dist  17.72 | New Fault
==============================
▶ mcs = 24 | conf = 0.99 | thr = 15.78
==============================
--- Test‑set validation
C0      : 1screws 52筆
C1      : 8screws 65筆
C2      : 3screws 67筆
C3      : 4screws 70筆
C4      : 2screws 64筆
* C0  | size  52 | dist   3.06 | Known
* C1  | size  65 | dist   2.45 | Known
* C2  | size  67 | dist   2.55 | Known
* C3  | size  70 | dist   2.31 | Known
* C4  | size  64 | dist   2.73 | Known
--- Unknown ['5screws'] | mcs 24
C1      : 70 pts
C4      : 60 pts
C5      : 52 pts
C2      : 64 pts
C3      : 65 pts
C0      : 67 pts
C0  | size  67 | dist   2.55 | Known
C1  | size  70 | dist   2.31 | Known
C2  | size  64 | dist   2.73 | Known
C3  | size  65 | dist   2.45 | Known
C4  | size  60 | dist  18.08 | New Fault
C5  | size  52 | dist   3.06 | Known
--- Unknown ['5screws', '6screws'] | mcs 24
C2      : 60 pts
C6      : 69 pts
C5      : 58 pts
C1      : 67 pts
C0      : 65 pts
C4      : 64 pts
C3      : 52 pts
outliers: 3 pts
C0  | size  65 | dist   2.45 | Known
C1  | size  67 | dist   2.55 | Known
C2  | size  60 | dist  18.08 | New Fault
C3  | size  52 | dist   3.06 | Known
C4  | size  64 | dist   2.73 | Known
C5  | size  58 | dist  14.21 | Known
C6  | size  69 | dist   2.30 | Known
--- Unknown ['5screws', '6screws', '7screws'] | mcs 24
C0      : 52 pts
C7      : 65 pts
C5      : 56 pts
C3      : 47 pts
C2      : 62 pts
C6      : 54 pts
C4      : 53 pts
C1      : 57 pts
outliers: 4 pts
C0  | size  52 | dist 129.74 | New Fault
C1  | size  57 | dist   2.46 | Known
C2  | size  62 | dist   2.60 | Known
C3  | size  47 | dist   3.08 | Known
C4  | size  53 | dist  17.98 | New Fault
C5  | size  56 | dist   2.84 | Known
C6  | size  54 | dist  14.14 | Known
C7  | size  65 | dist   2.35 | Known
--- Unknown ['5screws', '6screws', '7screws', '3_14screws'] | mcs 24
C1      : 53 pts
C0      : 45 pts
C3      : 55 pts
C5      : 57 pts
C6      : 47 pts
C4      : 44 pts
outliers: 34 pts
C8      : 41 pts
C2      : 50 pts
C7      : 24 pts
C0  | size  45 | dist 129.43 | New Fault
C1  | size  53 | dist   2.63 | Known
C2  | size  50 | dist   2.55 | Known
C3  | size  55 | dist   2.83 | Known
C4  | size  44 | dist  14.51 | Known
C5  | size  57 | dist   2.48 | Known
C6  | size  47 | dist  18.11 | New Fault
C7  | size  24 | dist  18.19 | New Fault
C8  | size  41 | dist   3.21 | Known
--- Unknown ['5screws', '6screws', '7screws', '3_14screws', '4_146screws'] | mcs 24
C1      : 48 pts
C6      : 45 pts
C5      : 49 pts
C3      : 51 pts
C2      : 48 pts
C8      : 48 pts
C9      : 24 pts
C0      : 40 pts
outliers: 24 pts
C7      : 33 pts
C4      : 40 pts
C0  | size  40 | dist 128.97 | New Fault
C1  | size  48 | dist   2.89 | Known
C2  | size  48 | dist   2.60 | Known
C3  | size  51 | dist   2.89 | Known
C4  | size  40 | dist  14.54 | Known
C5  | size  49 | dist   2.54 | Known
C6  | size  45 | dist  21.22 | New Fault
C7  | size  33 | dist   3.36 | Known
C8  | size  48 | dist  17.84 | New Fault
C9  | size  24 | dist  17.72 | New Fault
