2026-10-03 20:23:56 | INFO    | Logger initialized: fault_type_smooth_l1_report
2026-10-03 20:23:56 | INFO    | log_file=logs\fault_type_smooth_l1_report\2026-10-03-20-23-56.log
2026-10-03 20:23:56 | INFO    | output_dir=output\fault_type_smooth_l1_report\2026-10-03-20-23-56
2026-10-03 20:24:11 | INFO    | 重算 C02 共9格
2026-10-03 20:24:13 | INFO    | 重算 C17 共9格
2026-10-03 20:24:16 | INFO    | 重算 C24 共9格
2026-10-03 20:24:18 | INFO    | 重算 D01 共9格
2026-10-03 20:24:21 | INFO    | 重算 G01 共9格
2026-10-03 20:24:24 | INFO    | 重算 G03 共9格
2026-10-03 20:24:27 | INFO    | 重算 G05 共9格
2026-10-03 20:24:30 | INFO    | 重算 G13 共9格
2026-10-03 20:24:33 | INFO    | 重算 G15 共9格
2026-10-03 20:24:36 | INFO    | 重算 G17 共9格
2026-10-03 20:24:38 | INFO    | 重算 H01 共9格
2026-10-03 20:24:40 | INFO    | 重算 H02 共9格
2026-10-03 20:24:42 | INFO    | 重算 H03 共9格
2026-10-03 20:24:45 | INFO    | 重算 H04 共9格
2026-10-03 20:24:47 | INFO    | 重算 H05 共9格
2026-10-03 20:24:49 | INFO    | 重算 H06 共9格
2026-10-03 20:24:52 | INFO    | 重算 H07 共9格
2026-10-03 20:24:54 | INFO    | 重算 H08 共9格
2026-10-03 20:24:56 | INFO    | 重算 H09 共9格
2026-10-03 20:24:59 | INFO    | 重算 H10 共9格
2026-10-03 20:25:01 | INFO    | 重算 H11 共9格
2026-10-03 20:25:03 | INFO    | 重算 H12 共9格
2026-10-03 20:25:03 | INFO    | report 完成，輸出 output\fault_type_smooth_l1_report\2026-10-03-20-23-56
