2026-08-05 16:28:28 | INFO  | Logger initialized
2026-08-05 16:28:28 | INFO  | log_file=/home/albert/Ancestor/logs/Step3_Model_01/2026-08-05-16-28-28.log
2026-08-05 16:28:28 | INFO  | output_dir=/home/albert/Ancestor/output/Step3_Model_01/2026-08-05-16-28-28
[gpu_utils] GPU x1 已啟用：['/physical_device:GPU:0']
自訂 Label Mapping:
8screws: 0
1screws: 1
2screws: 2
3screws: 3
4screws: 4
[Training] Device: /GPU:0
Epoch 1/100
75/75 46ms/step accuracy=0.2666 loss=1.5470
75/75 67ms/step accuracy=0.3270 loss=1.4659 val_accuracy=0.4101 val_loss=1.2996
Epoch 2/100
75/75 4ms/step accuracy=0.4520 loss=1.2332 val_accuracy=0.5563 val_loss=1.1144
Epoch 3/100
75/75 4ms/step accuracy=0.5783 loss=1.0952 val_accuracy=0.6319 val_loss=0.9640
Epoch 4/100
75/75 4ms/step accuracy=0.6822 loss=0.9523 val_accuracy=0.6689 val_loss=0.8217
Epoch 5/100
75/75 4ms/step accuracy=0.7045 loss=0.8396 val_accuracy=0.7681 val_loss=0.7069
Epoch 6/100
75/75 4ms/step accuracy=0.7769 loss=0.7213 val_accuracy=0.9025 val_loss=0.5938
Epoch 7/100
75/75 4ms/step accuracy=0.8468 loss=0.6181 val_accuracy=0.9916 val_loss=0.4803
Epoch 8/100
75/75 4ms/step accuracy=0.8965 loss=0.5007 val_accuracy=0.9983 val_loss=0.3481
Epoch 9/100
75/75 4ms/step accuracy=0.9087 loss=0.4006 val_accuracy=0.9983 val_loss=0.2382
Epoch 10/100
75/75 4ms/step accuracy=0.9390 loss=0.3007 val_accuracy=0.9983 val_loss=0.1624
Epoch 11/100
75/75 4ms/step accuracy=0.9348 loss=0.2620 val_accuracy=1.0000 val_loss=0.1131
Epoch 12/100
75/75 4ms/step accuracy=0.9407 loss=0.2172 val_accuracy=0.9983 val_loss=0.0828
Epoch 13/100
75/75 4ms/step accuracy=0.9516 loss=0.1853 val_accuracy=1.0000 val_loss=0.0573
Epoch 14/100
75/75 4ms/step accuracy=0.9613 loss=0.1498 val_accuracy=1.0000 val_loss=0.0427
Epoch 15/100
75/75 4ms/step accuracy=0.9516 loss=0.1492 val_accuracy=1.0000 val_loss=0.0335
Epoch 16/100
75/75 4ms/step accuracy=0.9579 loss=0.1323 val_accuracy=1.0000 val_loss=0.0253
Epoch 17/100
75/75 4ms/step accuracy=0.9668 loss=0.1115 val_accuracy=1.0000 val_loss=0.0196
Epoch 18/100
75/75 4ms/step accuracy=0.9655 loss=0.1204 val_accuracy=1.0000 val_loss=0.0168
Epoch 19/100
75/75 4ms/step accuracy=0.9697 loss=0.1044 val_accuracy=1.0000 val_loss=0.0132
Epoch 20/100
75/75 4ms/step accuracy=0.9739 loss=0.0882 val_accuracy=1.0000 val_loss=0.0106
Epoch 21/100
75/75 4ms/step accuracy=0.9638 loss=0.1086 val_accuracy=1.0000 val_loss=0.0101
Epoch 22/100
75/75 4ms/step accuracy=0.9739 loss=0.0814 val_accuracy=1.0000 val_loss=0.0081
Epoch 23/100
75/75 4ms/step accuracy=0.9701 loss=0.0823 val_accuracy=1.0000 val_loss=0.0067
Epoch 24/100
75/75 4ms/step accuracy=0.9752 loss=0.0733 val_accuracy=1.0000 val_loss=0.0056
Epoch 25/100
75/75 4ms/step accuracy=0.9756 loss=0.0792 val_accuracy=1.0000 val_loss=0.0049
Epoch 26/100
75/75 4ms/step accuracy=0.9777 loss=0.0690 val_accuracy=1.0000 val_loss=0.0041
Epoch 27/100
75/75 4ms/step accuracy=0.9785 loss=0.0649 val_accuracy=1.0000 val_loss=0.0033
Epoch 28/100
75/75 4ms/step accuracy=0.9764 loss=0.0693 val_accuracy=1.0000 val_loss=0.0029
Epoch 29/100
75/75 4ms/step accuracy=0.9743 loss=0.0697 val_accuracy=1.0000 val_loss=0.0025
Epoch 30/100
75/75 4ms/step accuracy=0.9781 loss=0.0580 val_accuracy=1.0000 val_loss=0.0022
Epoch 31/100
75/75 4ms/step accuracy=0.9785 loss=0.0582 val_accuracy=1.0000 val_loss=0.0021
Epoch 32/100
75/75 4ms/step accuracy=0.9739 loss=0.0610 val_accuracy=1.0000 val_loss=0.0018
Epoch 33/100
75/75 4ms/step accuracy=0.9790 loss=0.0560 val_accuracy=1.0000 val_loss=0.0016
Epoch 34/100
75/75 4ms/step accuracy=0.9811 loss=0.0546 val_accuracy=1.0000 val_loss=0.0013
Epoch 35/100
75/75 4ms/step accuracy=0.9832 loss=0.0477 val_accuracy=1.0000 val_loss=0.0012
Epoch 36/100
75/75 4ms/step accuracy=0.9865 loss=0.0426 val_accuracy=1.0000 val_loss=9.9243e-04
Epoch 37/100
75/75 4ms/step accuracy=0.9790 loss=0.0507 val_accuracy=1.0000 val_loss=9.0502e-04
Epoch 38/100
75/75 4ms/step accuracy=0.9802 loss=0.0527 val_accuracy=1.0000 val_loss=8.1163e-04
Epoch 39/100
75/75 4ms/step accuracy=0.9819 loss=0.0466 val_accuracy=1.0000 val_loss=7.5615e-04
Epoch 40/100
75/75 4ms/step accuracy=0.9785 loss=0.0479 val_accuracy=1.0000 val_loss=6.6484e-04
Epoch 41/100
75/75 4ms/step accuracy=0.9844 loss=0.0360 val_accuracy=1.0000 val_loss=5.7742e-04
Epoch 42/100
75/75 4ms/step accuracy=0.9790 loss=0.0495 val_accuracy=1.0000 val_loss=5.6520e-04
Epoch 43/100
75/75 4ms/step accuracy=0.9853 loss=0.0368 val_accuracy=1.0000 val_loss=4.8997e-04
Epoch 44/100
75/75 4ms/step accuracy=0.9827 loss=0.0399 val_accuracy=1.0000 val_loss=5.0908e-04
Epoch 45/100
75/75 4ms/step accuracy=0.9794 loss=0.0458 val_accuracy=1.0000 val_loss=4.4452e-04
Epoch 46/100
75/75 4ms/step accuracy=0.9832 loss=0.0455 val_accuracy=1.0000 val_loss=5.1493e-04
Epoch 47/100
75/75 4ms/step accuracy=0.9773 loss=0.0483 val_accuracy=1.0000 val_loss=4.5032e-04
Epoch 48/100
75/75 4ms/step accuracy=0.9857 loss=0.0329 val_accuracy=1.0000 val_loss=3.0779e-04
Epoch 49/100
75/75 4ms/step accuracy=0.9832 loss=0.0364 val_accuracy=1.0000 val_loss=2.4934e-04
Epoch 50/100
75/75 4ms/step accuracy=0.9811 loss=0.0422 val_accuracy=1.0000 val_loss=2.1710e-04
Epoch 51/100
75/75 4ms/step accuracy=0.9802 loss=0.0489 val_accuracy=1.0000 val_loss=2.7659e-04
Epoch 52/100
75/75 4ms/step accuracy=0.9882 loss=0.0316 val_accuracy=1.0000 val_loss=2.4327e-04
Epoch 53/100
75/75 4ms/step accuracy=0.9857 loss=0.0378 val_accuracy=1.0000 val_loss=2.1932e-04
Epoch 54/100
75/75 4ms/step accuracy=0.9874 loss=0.0352 val_accuracy=1.0000 val_loss=1.7122e-04
Epoch 55/100
75/75 4ms/step accuracy=0.9865 loss=0.0322 val_accuracy=1.0000 val_loss=1.4735e-04
Epoch 56/100
75/75 4ms/step accuracy=0.9916 loss=0.0246 val_accuracy=1.0000 val_loss=1.0918e-04
Epoch 57/100
75/75 4ms/step accuracy=0.9848 loss=0.0381 val_accuracy=1.0000 val_loss=1.2176e-04
Epoch 58/100
75/75 5ms/step accuracy=0.9840 loss=0.0373 val_accuracy=1.0000 val_loss=1.1926e-04
Epoch 59/100
75/75 4ms/step accuracy=0.9823 loss=0.0380 val_accuracy=1.0000 val_loss=9.5725e-05
Epoch 60/100
75/75 4ms/step accuracy=0.9832 loss=0.0339 val_accuracy=1.0000 val_loss=7.3952e-05
Epoch 61/100
75/75 4ms/step accuracy=0.9874 loss=0.0295 val_accuracy=1.0000 val_loss=6.8787e-05
Epoch 62/100
75/75 4ms/step accuracy=0.9870 loss=0.0295 val_accuracy=1.0000 val_loss=6.3856e-05
Epoch 63/100
75/75 4ms/step accuracy=0.9832 loss=0.0354 val_accuracy=1.0000 val_loss=6.3457e-05
Epoch 64/100
75/75 4ms/step accuracy=0.9861 loss=0.0308 val_accuracy=1.0000 val_loss=6.6111e-05
Epoch 65/100
75/75 4ms/step accuracy=0.9832 loss=0.0377 val_accuracy=1.0000 val_loss=5.8606e-05
Epoch 66/100
75/75 4ms/step accuracy=0.9891 loss=0.0296 val_accuracy=1.0000 val_loss=5.3537e-05
Epoch 67/100
75/75 4ms/step accuracy=0.9857 loss=0.0321 val_accuracy=1.0000 val_loss=5.8864e-05
Epoch 68/100
75/75 4ms/step accuracy=0.9853 loss=0.0330 val_accuracy=1.0000 val_loss=4.6433e-05
Epoch 69/100
75/75 4ms/step accuracy=0.9853 loss=0.0358 val_accuracy=1.0000 val_loss=5.1997e-05
Epoch 70/100
75/75 4ms/step accuracy=0.9827 loss=0.0323 val_accuracy=1.0000 val_loss=6.1205e-05
Epoch 71/100
75/75 4ms/step accuracy=0.9891 loss=0.0257 val_accuracy=1.0000 val_loss=4.5832e-05
Epoch 72/100
75/75 4ms/step accuracy=0.9832 loss=0.0346 val_accuracy=1.0000 val_loss=3.4165e-05
Epoch 73/100
75/75 4ms/step accuracy=0.9874 loss=0.0299 val_accuracy=1.0000 val_loss=4.7841e-05
Epoch 74/100
75/75 4ms/step accuracy=0.9848 loss=0.0313 val_accuracy=1.0000 val_loss=3.9698e-05
Epoch 75/100
75/75 4ms/step accuracy=0.9844 loss=0.0348 val_accuracy=1.0000 val_loss=3.5211e-05
Epoch 76/100
75/75 4ms/step accuracy=0.9895 loss=0.0252 val_accuracy=1.0000 val_loss=2.5900e-05
Epoch 77/100
75/75 4ms/step accuracy=0.9912 loss=0.0236 val_accuracy=1.0000 val_loss=2.5812e-05
Epoch 78/100
75/75 4ms/step accuracy=0.9861 loss=0.0302 val_accuracy=1.0000 val_loss=2.4289e-05
Epoch 79/100
75/75 4ms/step accuracy=0.9861 loss=0.0338 val_accuracy=1.0000 val_loss=1.5372e-05
Epoch 80/100
75/75 4ms/step accuracy=0.9853 loss=0.0308 val_accuracy=1.0000 val_loss=1.5675e-05
Epoch 81/100
75/75 4ms/step accuracy=0.9853 loss=0.0377 val_accuracy=1.0000 val_loss=2.4199e-05
Epoch 82/100
75/75 4ms/step accuracy=0.9848 loss=0.0341 val_accuracy=1.0000 val_loss=1.9654e-05
Epoch 83/100
75/75 4ms/step accuracy=0.9899 loss=0.0256 val_accuracy=1.0000 val_loss=1.3453e-05
Epoch 84/100
75/75 4ms/step accuracy=0.9840 loss=0.0300 val_accuracy=1.0000 val_loss=1.1372e-05
Epoch 85/100
75/75 4ms/step accuracy=0.9878 loss=0.0262 val_accuracy=1.0000 val_loss=1.3204e-05
Epoch 86/100
75/75 4ms/step accuracy=0.9878 loss=0.0252 val_accuracy=1.0000 val_loss=9.3267e-06
Epoch 87/100
75/75 4ms/step accuracy=0.9899 loss=0.0246 val_accuracy=1.0000 val_loss=1.2033e-05
Epoch 88/100
75/75 4ms/step accuracy=0.9861 loss=0.0263 val_accuracy=1.0000 val_loss=1.2019e-05
Epoch 89/100
75/75 4ms/step accuracy=0.9912 loss=0.0190 val_accuracy=1.0000 val_loss=7.2975e-06
Epoch 90/100
75/75 4ms/step accuracy=0.9844 loss=0.0308 val_accuracy=1.0000 val_loss=5.3109e-06
Epoch 91/100
75/75 4ms/step accuracy=0.9857 loss=0.0289 val_accuracy=1.0000 val_loss=5.3690e-06
Epoch 92/100
75/75 4ms/step accuracy=0.9861 loss=0.0254 val_accuracy=1.0000 val_loss=5.4950e-06
Epoch 93/100
75/75 4ms/step accuracy=0.9853 loss=0.0343 val_accuracy=1.0000 val_loss=6.3908e-06
Epoch 94/100
75/75 4ms/step accuracy=0.9853 loss=0.0298 val_accuracy=1.0000 val_loss=8.9465e-06
Epoch 95/100
75/75 4ms/step accuracy=0.9874 loss=0.0232 val_accuracy=1.0000 val_loss=4.6026e-06
Epoch 96/100
75/75 4ms/step accuracy=0.9857 loss=0.0262 val_accuracy=1.0000 val_loss=5.2246e-06
Epoch 97/100
75/75 4ms/step accuracy=0.9870 loss=0.0310 val_accuracy=1.0000 val_loss=3.0981e-06
Epoch 98/100
75/75 4ms/step accuracy=0.9891 loss=0.0230 val_accuracy=1.0000 val_loss=3.8476e-06
Epoch 99/100
75/75 4ms/step accuracy=0.9895 loss=0.0234 val_accuracy=1.0000 val_loss=3.6190e-06
Epoch 100/100
75/75 4ms/step accuracy=0.9886 loss=0.0234 val_accuracy=1.0000 val_loss=3.7784e-06
19/19 3ms/step accuracy=1.0000 loss=3.0981e-06
Loss: 0.0000, Accuracy: 1.0000
2026-08-05 16:29:16 | INFO  | Saved plot: /home/albert/Ancestor/output/Step3_Model_01/2026-08-05-16-28-28/plot_000.png
2026-08-05 16:29:16 | INFO  | Saved plot: /home/albert/Ancestor/output/Step3_Model_01/2026-08-05-16-28-28/plot_001.png
2026-08-05 16:29:17 | INFO  | Saved plot: /home/albert/Ancestor/output/Step3_Model_01/2026-08-05-16-28-28/plot_002.png
