2026-08-05 16:06:52 | INFO  | Logger initialized
2026-08-05 16:06:52 | INFO  | log_file=/home/albert/Ancestor/logs/Step3_Model_21_TwoStage/2026-08-05-16-06-52.log
2026-08-05 16:06:52 | INFO  | output_dir=/home/albert/Ancestor/output/Step3_Model_21_TwoStage/2026-08-05-16-06-52
[gpu_utils] GPU x1 已啟用：['/physical_device:GPU:0']
自訂 Label Mapping:
8screws: 0
1screws: 1
2screws: 2
3screws: 3
4screws: 4
模型已成功載入。
Model 2 - Layer 0: input_layer | Trainable: False
Model 2 - Layer 1: conv1d | Trainable: False
Model 2 - Layer 2: conv1d_1 | Trainable: False
Model 2 - Layer 3: max_pooling1d | Trainable: False
Model 2 - Layer 4: conv1d_2 | Trainable: False
Model 2 - Layer 5: conv1d_3 | Trainable: False
Model 2 - Layer 6: max_pooling1d_1 | Trainable: False
Model 2 - Layer 7: conv1d_4 | Trainable: False
Model 2 - Layer 8: conv1d_5 | Trainable: False
Model 2 - Layer 9: conv1d_6 | Trainable: False
Model 2 - Layer 10: max_pooling1d_2 | Trainable: False
Model 2 - Layer 11: conv1d_7 | Trainable: False
Model 2 - Layer 12: conv1d_8 | Trainable: False
Model 2 - Layer 13: conv1d_9 | Trainable: True
Model 2 - Layer 14: max_pooling1d_3 | Trainable: True
Model 2 - Layer 15: conv1d_10 | Trainable: True
Model 2 - Layer 16: conv1d_11 | Trainable: True
Model 2 - Layer 17: conv1d_12 | Trainable: True
Model 2 - Layer 18: max_pooling1d_4 | Trainable: True
Model 2 - Layer 19: flatten | Trainable: True
Model 2 - Layer 20: dense | Trainable: True
Model 2 - Layer 21: dropout | Trainable: True
Model 2 - Layer 22: dense_1 | Trainable: True
Model 2 - Layer 23: dropout_1 | Trainable: True
Model 2 - Layer 24: Screw_Number_Output | Trainable: True
[Training] Device: /GPU:0
Epoch 1/100
75/75 49ms/step accuracy=0.5179 loss=2.5319
75/75 76ms/step accuracy=0.5200 loss=2.0235 val_accuracy=0.5876 val_loss=1.1692
Epoch 2/100
75/75 4ms/step accuracy=0.5455 loss=1.2170 val_accuracy=0.6027 val_loss=0.9063
Epoch 3/100
75/75 4ms/step accuracy=0.5789 loss=0.9863 val_accuracy=0.6661 val_loss=0.7981
Epoch 4/100
75/75 4ms/step accuracy=0.6185 loss=0.8931 val_accuracy=0.7179 val_loss=0.7211
Epoch 5/100
75/75 4ms/step accuracy=0.6544 loss=0.8205 val_accuracy=0.7529 val_loss=0.6548
Epoch 6/100
75/75 4ms/step accuracy=0.6912 loss=0.7545 val_accuracy=0.7963 val_loss=0.5953
Epoch 7/100
75/75 4ms/step accuracy=0.7108 loss=0.7108 val_accuracy=0.8297 val_loss=0.5402
Epoch 8/100
75/75 4ms/step accuracy=0.7312 loss=0.6765 val_accuracy=0.8414 val_loss=0.4855
Epoch 9/100
75/75 4ms/step accuracy=0.7417 loss=0.6478 val_accuracy=0.8898 val_loss=0.4437
Epoch 10/100
75/75 4ms/step accuracy=0.7867 loss=0.5811 val_accuracy=0.9048 val_loss=0.3451
Epoch 11/100
75/75 4ms/step accuracy=0.7972 loss=0.5377 val_accuracy=0.9199 val_loss=0.3010
Epoch 12/100
75/75 4ms/step accuracy=0.8347 loss=0.4667 val_accuracy=0.9349 val_loss=0.2649
Epoch 13/100
75/75 4ms/step accuracy=0.8543 loss=0.4362 val_accuracy=0.9382 val_loss=0.2368
Epoch 14/100
75/75 4ms/step accuracy=0.8381 loss=0.4371 val_accuracy=0.9516 val_loss=0.2197
Epoch 15/100
75/75 4ms/step accuracy=0.8639 loss=0.4110 val_accuracy=0.9566 val_loss=0.2058
Epoch 16/100
75/75 4ms/step accuracy=0.8715 loss=0.4074 val_accuracy=0.9616 val_loss=0.1849
Epoch 17/100
75/75 4ms/step accuracy=0.8748 loss=0.3798 val_accuracy=0.9649 val_loss=0.1792
Epoch 18/100
75/75 4ms/step accuracy=0.8798 loss=0.3596 val_accuracy=0.9733 val_loss=0.1522
Epoch 19/100
75/75 4ms/step accuracy=0.8815 loss=0.3483 val_accuracy=0.9783 val_loss=0.1333
Epoch 20/100
75/75 4ms/step accuracy=0.8948 loss=0.3324 val_accuracy=0.9816 val_loss=0.1136
Epoch 21/100
75/75 4ms/step accuracy=0.8902 loss=0.3151 val_accuracy=0.9850 val_loss=0.1054
Epoch 22/100
75/75 4ms/step accuracy=0.8965 loss=0.3046 val_accuracy=0.9866 val_loss=0.1066
Epoch 23/100
75/75 4ms/step accuracy=0.9161 loss=0.2840 val_accuracy=0.9883 val_loss=0.0845
Epoch 24/100
75/75 4ms/step accuracy=0.9228 loss=0.2552 val_accuracy=0.9900 val_loss=0.0828
Epoch 25/100
75/75 4ms/step accuracy=0.9203 loss=0.2562 val_accuracy=0.9883 val_loss=0.0840
Epoch 26/100
75/75 4ms/step accuracy=0.9328 loss=0.2322 val_accuracy=0.9933 val_loss=0.0687
Epoch 27/100
75/75 4ms/step accuracy=0.9307 loss=0.2329 val_accuracy=0.9933 val_loss=0.0635
Epoch 28/100
75/75 4ms/step accuracy=0.9307 loss=0.2275 val_accuracy=0.9933 val_loss=0.0580
Epoch 29/100
75/75 3ms/step accuracy=0.9295 loss=0.2211
75/75 4ms/step accuracy=0.9336 loss=0.2196 val_accuracy=0.9917 val_loss=0.0641
Epoch 30/100
75/75 4ms/step accuracy=0.9399 loss=0.2050 val_accuracy=0.9933 val_loss=0.0485
Epoch 31/100
75/75 4ms/step accuracy=0.9399 loss=0.1950 val_accuracy=0.9933 val_loss=0.0468
Epoch 32/100
75/75 4ms/step accuracy=0.9357 loss=0.1971 val_accuracy=0.9933 val_loss=0.0450
Epoch 33/100
75/75 4ms/step accuracy=0.9399 loss=0.2015 val_accuracy=0.9933 val_loss=0.0411
Epoch 34/100
75/75 4ms/step accuracy=0.9382 loss=0.2018 val_accuracy=0.9950 val_loss=0.0450
Epoch 35/100
75/75 4ms/step accuracy=0.9503 loss=0.1807 val_accuracy=0.9933 val_loss=0.0366
Epoch 36/100
75/75 4ms/step accuracy=0.9416 loss=0.1911 val_accuracy=0.9933 val_loss=0.0339
Epoch 37/100
75/75 4ms/step accuracy=0.9462 loss=0.1818 val_accuracy=0.9950 val_loss=0.0397
Epoch 38/100
75/75 4ms/step accuracy=0.9495 loss=0.1771 val_accuracy=0.9950 val_loss=0.0318
Epoch 39/100
75/75 4ms/step accuracy=0.9524 loss=0.1712 val_accuracy=0.9933 val_loss=0.0287
Epoch 40/100
75/75 4ms/step accuracy=0.9428 loss=0.1775 val_accuracy=0.9950 val_loss=0.0277
Epoch 41/100
75/75 4ms/step accuracy=0.9528 loss=0.1700 val_accuracy=0.9950 val_loss=0.0249
Epoch 42/100
75/75 4ms/step accuracy=0.9537 loss=0.1615 val_accuracy=0.9967 val_loss=0.0264
Epoch 43/100
75/75 4ms/step accuracy=0.9420 loss=0.1641 val_accuracy=0.9950 val_loss=0.0223
Epoch 44/100
75/75 4ms/step accuracy=0.9512 loss=0.1591 val_accuracy=0.9950 val_loss=0.0285
Epoch 45/100
75/75 4ms/step accuracy=0.9566 loss=0.1587 val_accuracy=0.9950 val_loss=0.0281
Epoch 46/100
75/75 4ms/step accuracy=0.9587 loss=0.1498 val_accuracy=0.9950 val_loss=0.0256
Epoch 47/100
75/75 4ms/step accuracy=0.9528 loss=0.1499 val_accuracy=0.9950 val_loss=0.0221
Epoch 48/100
75/75 4ms/step accuracy=0.9503 loss=0.1505 val_accuracy=0.9967 val_loss=0.0204
Epoch 49/100
75/75 4ms/step accuracy=0.9591 loss=0.1346 val_accuracy=0.9950 val_loss=0.0174
Epoch 50/100
75/75 4ms/step accuracy=0.9562 loss=0.1402 val_accuracy=0.9967 val_loss=0.0201
Epoch 51/100
75/75 4ms/step accuracy=0.9620 loss=0.1296 val_accuracy=0.9950 val_loss=0.0217
Epoch 52/100
75/75 4ms/step accuracy=0.9587 loss=0.1299 val_accuracy=0.9950 val_loss=0.0214
Epoch 53/100
75/75 4ms/step accuracy=0.9595 loss=0.1527 val_accuracy=0.9967 val_loss=0.0204
Epoch 54/100
75/75 4ms/step accuracy=0.9612 loss=0.1373 val_accuracy=0.9950 val_loss=0.0209
Epoch 55/100
75/75 4ms/step accuracy=0.9570 loss=0.1304 val_accuracy=0.9967 val_loss=0.0161
Epoch 56/100
75/75 4ms/step accuracy=0.9583 loss=0.1365 val_accuracy=0.9967 val_loss=0.0204
Epoch 57/100
75/75 3ms/step accuracy=0.9610 loss=0.1372
75/75 4ms/step accuracy=0.9641 loss=0.1253 val_accuracy=0.9950 val_loss=0.0223
Epoch 58/100
75/75 4ms/step accuracy=0.9574 loss=0.1303 val_accuracy=0.9950 val_loss=0.0159
Epoch 59/100
75/75 4ms/step accuracy=0.9591 loss=0.1332 val_accuracy=0.9967 val_loss=0.0130
Epoch 60/100
75/75 4ms/step accuracy=0.9558 loss=0.1329 val_accuracy=0.9967 val_loss=0.0137
Epoch 61/100
75/75 4ms/step accuracy=0.9604 loss=0.1323 val_accuracy=0.9950 val_loss=0.0180
Epoch 62/100
75/75 4ms/step accuracy=0.9670 loss=0.1165 val_accuracy=0.9967 val_loss=0.0135
Epoch 63/100
75/75 3ms/step accuracy=0.9657 loss=0.1053
75/75 4ms/step accuracy=0.9633 loss=0.1195 val_accuracy=0.9950 val_loss=0.0152
Epoch 64/100
75/75 4ms/step accuracy=0.9574 loss=0.1367 val_accuracy=0.9967 val_loss=0.0146
Epoch 65/100
75/75 4ms/step accuracy=0.9616 loss=0.1212 val_accuracy=0.9967 val_loss=0.0117
Epoch 66/100
75/75 4ms/step accuracy=0.9704 loss=0.1082 val_accuracy=0.9950 val_loss=0.0167
Epoch 67/100
75/75 4ms/step accuracy=0.9674 loss=0.1133 val_accuracy=0.9967 val_loss=0.0110
Epoch 68/100
75/75 4ms/step accuracy=0.9604 loss=0.1326 val_accuracy=0.9950 val_loss=0.0108
Epoch 69/100
75/75 4ms/step accuracy=0.9670 loss=0.1060 val_accuracy=0.9967 val_loss=0.0122
Epoch 70/100
75/75 4ms/step accuracy=0.9641 loss=0.1156 val_accuracy=0.9950 val_loss=0.0146
Epoch 71/100
75/75 4ms/step accuracy=0.9637 loss=0.1189 val_accuracy=0.9967 val_loss=0.0113
Epoch 72/100
75/75 4ms/step accuracy=0.9654 loss=0.1132 val_accuracy=0.9967 val_loss=0.0122
Epoch 73/100
75/75 4ms/step accuracy=0.9704 loss=0.1116 val_accuracy=0.9967 val_loss=0.0127
Epoch 74/100
75/75 4ms/step accuracy=0.9658 loss=0.1135 val_accuracy=0.9967 val_loss=0.0118
Epoch 75/100
75/75 4ms/step accuracy=0.9666 loss=0.1052 val_accuracy=0.9950 val_loss=0.0109
Epoch 76/100
75/75 4ms/step accuracy=0.9679 loss=0.1097 val_accuracy=0.9967 val_loss=0.0137
Epoch 77/100
75/75 4ms/step accuracy=0.9654 loss=0.1200 val_accuracy=0.9967 val_loss=0.0106
Epoch 78/100
75/75 4ms/step accuracy=0.9620 loss=0.1139 val_accuracy=0.9967 val_loss=0.0139
Epoch 79/100
75/75 4ms/step accuracy=0.9683 loss=0.1100 val_accuracy=0.9950 val_loss=0.0122
Epoch 80/100
75/75 6ms/step accuracy=0.9695 loss=0.1122 val_accuracy=0.9967 val_loss=0.0121
Epoch 81/100
75/75 4ms/step accuracy=0.9658 loss=0.1082 val_accuracy=0.9950 val_loss=0.0121
Epoch 82/100
75/75 4ms/step accuracy=0.9654 loss=0.1052 val_accuracy=0.9950 val_loss=0.0127
Epoch 83/100
75/75 6ms/step accuracy=0.9720 loss=0.0984 val_accuracy=0.9967 val_loss=0.0136
Epoch 84/100
75/75 4ms/step accuracy=0.9662 loss=0.1001 val_accuracy=0.9967 val_loss=0.0114
Epoch 85/100
75/75 4ms/step accuracy=0.9741 loss=0.0878 val_accuracy=0.9967 val_loss=0.0093
Epoch 86/100
75/75 4ms/step accuracy=0.9716 loss=0.0988 val_accuracy=0.9967 val_loss=0.0089
Epoch 87/100
75/75 4ms/step accuracy=0.9624 loss=0.1114 val_accuracy=0.9950 val_loss=0.0113
Epoch 88/100
75/75 4ms/step accuracy=0.9699 loss=0.0998 val_accuracy=0.9967 val_loss=0.0085
Epoch 89/100
75/75 4ms/step accuracy=0.9737 loss=0.0964 val_accuracy=0.9967 val_loss=0.0123
Epoch 90/100
75/75 4ms/step accuracy=0.9791 loss=0.0783 val_accuracy=0.9967 val_loss=0.0098
Epoch 91/100
75/75 4ms/step accuracy=0.9670 loss=0.1018 val_accuracy=0.9983 val_loss=0.0075
Epoch 92/100
75/75 4ms/step accuracy=0.9679 loss=0.1017 val_accuracy=0.9967 val_loss=0.0091
Epoch 93/100
75/75 4ms/step accuracy=0.9720 loss=0.0960 val_accuracy=0.9967 val_loss=0.0114
Epoch 94/100
75/75 4ms/step accuracy=0.9733 loss=0.0902 val_accuracy=0.9967 val_loss=0.0098
Epoch 95/100
75/75 4ms/step accuracy=0.9691 loss=0.0969 val_accuracy=0.9967 val_loss=0.0082
Epoch 96/100
75/75 5ms/step accuracy=0.9641 loss=0.1070 val_accuracy=0.9967 val_loss=0.0126
Epoch 97/100
75/75 5ms/step accuracy=0.9674 loss=0.1006 val_accuracy=0.9967 val_loss=0.0081
Epoch 98/100
75/75 7ms/step accuracy=0.9674 loss=0.0975 val_accuracy=0.9967 val_loss=0.0081
Epoch 99/100
75/75 5ms/step accuracy=0.9750 loss=0.0874 val_accuracy=0.9967 val_loss=0.0102
Epoch 100/100
75/75 5ms/step accuracy=0.9729 loss=0.0906 val_accuracy=0.9967 val_loss=0.0076
19/19 4ms/step accuracy=0.9983 loss=0.0075
Loss: 0.0075, Accuracy: 0.9983
2026-08-05 16:07:40 | INFO  | Saved plot: /home/albert/Ancestor/output/Step3_Model_21_TwoStage/2026-08-05-16-06-52/plot_000.png
2026-08-05 16:07:41 | INFO  | Saved plot: /home/albert/Ancestor/output/Step3_Model_21_TwoStage/2026-08-05-16-06-52/plot_001.png
2026-08-05 16:07:42 | INFO  | Saved plot: /home/albert/Ancestor/output/Step3_Model_21_TwoStage/2026-08-05-16-06-52/plot_002.png
