2026-08-05 16:23:43 | INFO  | Logger initialized
2026-08-05 16:23:43 | INFO  | log_file=/home/albert/Ancestor/logs/Step4_Model_16_Detecting/2026-08-05-16-23-43.log
2026-08-05 16:23:43 | INFO  | output_dir=/home/albert/Ancestor/output/Step4_Model_16_Detecting/2026-08-05-16-23-43
=== 1. Loading training data ===
✔️ Train : (1288, 105)  |  Test : (323, 105)
==============================
▶ mcs = 21 | conf = 0.9 | thr = 15.53
==============================
--- Test‑set validation
C0      : 8screws 51筆
C1      : 2screws 59筆
C2      : 4screws 51筆
C3      : 3screws 77筆，2screws 8筆
C4      : 1screws 77筆
* C0  | size  51 | dist   4.02 | Known
* C1  | size  59 | dist   3.01 | Known
* C2  | size  51 | dist   3.02 | Known
* C3  | size  85 | dist   2.32 | Known
* C4  | size  77 | dist   2.23 | Known
--- Unknown ['5screws'] | mcs 21
C2      : 51 pts
C0      : 51 pts
C5      : 55 pts
C3      : 77 pts
outliers: 53 pts
C1      : 59 pts
C4      : 37 pts
C0  | size  51 | dist   4.02 | Known
C1  | size  59 | dist   3.01 | Known
C2  | size  51 | dist   3.02 | Known
C3  | size  77 | dist   2.23 | Known
C4  | size  37 | dist   3.14 | Known
C5  | size  55 | dist  19.74 | New Fault
--- Unknown ['5screws', '6screws'] | mcs 21
C3      : 55 pts
C6      : 25 pts
outliers: 100 pts
C0      : 51 pts
C5      : 47 pts
C4      : 37 pts
C1      : 51 pts
C2      : 77 pts
C0  | size  51 | dist   4.02 | Known
C1  | size  51 | dist   3.02 | Known
C2  | size  77 | dist   2.23 | Known
C3  | size  55 | dist  19.74 | New Fault
C4  | size  37 | dist   3.14 | Known
C5  | size  47 | dist  22.54 | New Fault
C6  | size  25 | dist   3.75 | Known
--- Unknown ['5screws', '6screws', '7screws'] | mcs 21
C2      : 46 pts
C4      : 114 pts
C3      : 69 pts
outliers: 51 pts
C0      : 44 pts
C6      : 46 pts
C1      : 50 pts
C5      : 30 pts
C0  | size  44 | dist   4.08 | Known
C1  | size  50 | dist  46.26 | New Fault
C2  | size  46 | dist   2.99 | Known
C3  | size  69 | dist   2.27 | Known
C4  | size 114 | dist  11.49 | Known
C5  | size  30 | dist   3.24 | Known
C6  | size  46 | dist  19.77 | New Fault
--- Unknown ['5screws', '6screws', '7screws', '3_14screws'] | mcs 21
C0      : 43 pts
C1      : 46 pts
C3      : 44 pts
C4      : 64 pts
C7      : 42 pts
C5      : 99 pts
C2      : 46 pts
C6      : 22 pts
outliers: 44 pts
C0  | size  43 | dist   4.10 | Known
C1  | size  46 | dist  63.91 | New Fault
C2  | size  46 | dist  46.20 | New Fault
C3  | size  44 | dist   2.99 | Known
C4  | size  64 | dist   2.41 | Known
C5  | size  99 | dist  11.30 | Known
C6  | size  22 | dist   3.23 | Known
C7  | size  42 | dist  20.16 | New Fault
--- Unknown ['5screws', '6screws', '7screws', '3_14screws', '4_146screws'] | mcs 21
C5      : 53 pts
C2      : 42 pts
C1      : 36 pts
C4      : 41 pts
C6      : 94 pts
C3      : 39 pts
C7      : 42 pts
outliers: 37 pts
C8      : 23 pts
C0      : 43 pts
C0  | size  43 | dist 836.04 | New Fault
C1  | size  36 | dist   4.28 | Known
C2  | size  42 | dist  64.61 | New Fault
C3  | size  39 | dist  46.29 | New Fault
C4  | size  41 | dist   3.07 | Known
C5  | size  53 | dist   2.48 | Known
C6  | size  94 | dist  11.32 | Known
C7  | size  42 | dist  20.19 | New Fault
C8  | size  23 | dist   3.29 | Known
==============================
▶ mcs = 21 | conf = 0.95 | thr = 16.44
==============================
--- Test‑set validation
C0      : 8screws 51筆
C1      : 2screws 59筆
C2      : 4screws 51筆
C3      : 3screws 77筆，2screws 8筆
C4      : 1screws 77筆
* C0  | size  51 | dist   4.02 | Known
* C1  | size  59 | dist   3.01 | Known
* C2  | size  51 | dist   3.02 | Known
* C3  | size  85 | dist   2.32 | Known
* C4  | size  77 | dist   2.23 | Known
--- Unknown ['5screws'] | mcs 21
C2      : 51 pts
C0      : 51 pts
C5      : 55 pts
C3      : 77 pts
outliers: 53 pts
C1      : 59 pts
C4      : 37 pts
C0  | size  51 | dist   4.02 | Known
C1  | size  59 | dist   3.01 | Known
C2  | size  51 | dist   3.02 | Known
C3  | size  77 | dist   2.23 | Known
C4  | size  37 | dist   3.14 | Known
C5  | size  55 | dist  19.74 | New Fault
--- Unknown ['5screws', '6screws'] | mcs 21
C3      : 55 pts
C6      : 25 pts
outliers: 100 pts
C0      : 51 pts
C5      : 47 pts
C4      : 37 pts
C1      : 51 pts
C2      : 77 pts
C0  | size  51 | dist   4.02 | Known
C1  | size  51 | dist   3.02 | Known
C2  | size  77 | dist   2.23 | Known
C3  | size  55 | dist  19.74 | New Fault
C4  | size  37 | dist   3.14 | Known
C5  | size  47 | dist  22.54 | New Fault
C6  | size  25 | dist   3.75 | Known
--- Unknown ['5screws', '6screws', '7screws'] | mcs 21
C2      : 46 pts
C4      : 114 pts
C3      : 69 pts
outliers: 51 pts
C0      : 44 pts
C6      : 46 pts
C1      : 50 pts
C5      : 30 pts
C0  | size  44 | dist   4.08 | Known
C1  | size  50 | dist  46.26 | New Fault
C2  | size  46 | dist   2.99 | Known
C3  | size  69 | dist   2.27 | Known
C4  | size 114 | dist  11.49 | Known
C5  | size  30 | dist   3.24 | Known
C6  | size  46 | dist  19.77 | New Fault
--- Unknown ['5screws', '6screws', '7screws', '3_14screws'] | mcs 21
C0      : 43 pts
C1      : 46 pts
C3      : 44 pts
C4      : 64 pts
C7      : 42 pts
C5      : 99 pts
C2      : 46 pts
C6      : 22 pts
outliers: 44 pts
C0  | size  43 | dist   4.10 | Known
C1  | size  46 | dist  63.91 | New Fault
C2  | size  46 | dist  46.20 | New Fault
C3  | size  44 | dist   2.99 | Known
C4  | size  64 | dist   2.41 | Known
C5  | size  99 | dist  11.30 | Known
C6  | size  22 | dist   3.23 | Known
C7  | size  42 | dist  20.16 | New Fault
--- Unknown ['5screws', '6screws', '7screws', '3_14screws', '4_146screws'] | mcs 21
C5      : 53 pts
C2      : 42 pts
C1      : 36 pts
C4      : 41 pts
C6      : 94 pts
C3      : 39 pts
C7      : 42 pts
outliers: 37 pts
C8      : 23 pts
C0      : 43 pts
C0  | size  43 | dist 836.04 | New Fault
C1  | size  36 | dist   4.28 | Known
C2  | size  42 | dist  64.61 | New Fault
C3  | size  39 | dist  46.29 | New Fault
C4  | size  41 | dist   3.07 | Known
C5  | size  53 | dist   2.48 | Known
C6  | size  94 | dist  11.32 | Known
C7  | size  42 | dist  20.19 | New Fault
C8  | size  23 | dist   3.29 | Known
==============================
▶ mcs = 21 | conf = 0.99 | thr = 18.70
==============================
--- Test‑set validation
C0      : 8screws 51筆
C1      : 2screws 59筆
C2      : 4screws 51筆
C3      : 3screws 77筆，2screws 8筆
C4      : 1screws 77筆
* C0  | size  51 | dist   4.02 | Known
* C1  | size  59 | dist   3.01 | Known
* C2  | size  51 | dist   3.02 | Known
* C3  | size  85 | dist   2.32 | Known
* C4  | size  77 | dist   2.23 | Known
--- Unknown ['5screws'] | mcs 21
C2      : 51 pts
C0      : 51 pts
C5      : 55 pts
C3      : 77 pts
outliers: 53 pts
C1      : 59 pts
C4      : 37 pts
C0  | size  51 | dist   4.02 | Known
C1  | size  59 | dist   3.01 | Known
C2  | size  51 | dist   3.02 | Known
C3  | size  77 | dist   2.23 | Known
C4  | size  37 | dist   3.14 | Known
C5  | size  55 | dist  19.74 | New Fault
--- Unknown ['5screws', '6screws'] | mcs 21
C3      : 55 pts
C6      : 25 pts
outliers: 100 pts
C0      : 51 pts
C5      : 47 pts
C4      : 37 pts
C1      : 51 pts
C2      : 77 pts
C0  | size  51 | dist   4.02 | Known
C1  | size  51 | dist   3.02 | Known
C2  | size  77 | dist   2.23 | Known
C3  | size  55 | dist  19.74 | New Fault
C4  | size  37 | dist   3.14 | Known
C5  | size  47 | dist  22.54 | New Fault
C6  | size  25 | dist   3.75 | Known
--- Unknown ['5screws', '6screws', '7screws'] | mcs 21
C2      : 46 pts
C4      : 114 pts
C3      : 69 pts
outliers: 51 pts
C0      : 44 pts
C6      : 46 pts
C1      : 50 pts
C5      : 30 pts
C0  | size  44 | dist   4.08 | Known
C1  | size  50 | dist  46.26 | New Fault
C2  | size  46 | dist   2.99 | Known
C3  | size  69 | dist   2.27 | Known
C4  | size 114 | dist  11.49 | Known
C5  | size  30 | dist   3.24 | Known
C6  | size  46 | dist  19.77 | New Fault
--- Unknown ['5screws', '6screws', '7screws', '3_14screws'] | mcs 21
C0      : 43 pts
C1      : 46 pts
C3      : 44 pts
C4      : 64 pts
C7      : 42 pts
C5      : 99 pts
C2      : 46 pts
C6      : 22 pts
outliers: 44 pts
C0  | size  43 | dist   4.10 | Known
C1  | size  46 | dist  63.91 | New Fault
C2  | size  46 | dist  46.20 | New Fault
C3  | size  44 | dist   2.99 | Known
C4  | size  64 | dist   2.41 | Known
C5  | size  99 | dist  11.30 | Known
C6  | size  22 | dist   3.23 | Known
C7  | size  42 | dist  20.16 | New Fault
--- Unknown ['5screws', '6screws', '7screws', '3_14screws', '4_146screws'] | mcs 21
C5      : 53 pts
C2      : 42 pts
C1      : 36 pts
C4      : 41 pts
C6      : 94 pts
C3      : 39 pts
C7      : 42 pts
outliers: 37 pts
C8      : 23 pts
C0      : 43 pts
C0  | size  43 | dist 836.04 | New Fault
C1  | size  36 | dist   4.28 | Known
C2  | size  42 | dist  64.61 | New Fault
C3  | size  39 | dist  46.29 | New Fault
C4  | size  41 | dist   3.07 | Known
C5  | size  53 | dist   2.48 | Known
C6  | size  94 | dist  11.32 | Known
C7  | size  42 | dist  20.19 | New Fault
C8  | size  23 | dist   3.29 | Known
==============================
▶ mcs = 22 | conf = 0.9 | thr = 15.53
==============================
--- Test‑set validation
C0      : 8screws 51筆
C1      : 2screws 59筆
C2      : 4screws 51筆
C3      : 3screws 77筆，2screws 8筆
C4      : 1screws 77筆
* C0  | size  51 | dist   4.02 | Known
* C1  | size  59 | dist   3.01 | Known
* C2  | size  51 | dist   3.02 | Known
* C3  | size  85 | dist   2.32 | Known
* C4  | size  77 | dist   2.23 | Known
--- Unknown ['5screws'] | mcs 22
C2      : 51 pts
C0      : 51 pts
C5      : 55 pts
C3      : 77 pts
outliers: 53 pts
C1      : 59 pts
C4      : 37 pts
C0  | size  51 | dist   4.02 | Known
C1  | size  59 | dist   3.01 | Known
C2  | size  51 | dist   3.02 | Known
C3  | size  77 | dist   2.23 | Known
C4  | size  37 | dist   3.14 | Known
C5  | size  55 | dist  19.74 | New Fault
--- Unknown ['5screws', '6screws'] | mcs 22
C3      : 55 pts
C6      : 25 pts
outliers: 100 pts
C0      : 51 pts
C5      : 47 pts
C4      : 37 pts
C1      : 51 pts
C2      : 77 pts
C0  | size  51 | dist   4.02 | Known
C1  | size  51 | dist   3.02 | Known
C2  | size  77 | dist   2.23 | Known
C3  | size  55 | dist  19.74 | New Fault
C4  | size  37 | dist   3.14 | Known
C5  | size  47 | dist  22.54 | New Fault
C6  | size  25 | dist   3.75 | Known
--- Unknown ['5screws', '6screws', '7screws'] | mcs 22
C2      : 46 pts
C4      : 114 pts
C3      : 69 pts
outliers: 51 pts
C0      : 44 pts
C6      : 46 pts
C1      : 50 pts
C5      : 30 pts
C0  | size  44 | dist   4.08 | Known
C1  | size  50 | dist  46.26 | New Fault
C2  | size  46 | dist   2.99 | Known
C3  | size  69 | dist   2.27 | Known
C4  | size 114 | dist  11.49 | Known
C5  | size  30 | dist   3.24 | Known
C6  | size  46 | dist  19.77 | New Fault
--- Unknown ['5screws', '6screws', '7screws', '3_14screws'] | mcs 22
C0      : 43 pts
C1      : 46 pts
C3      : 44 pts
C4      : 64 pts
C7      : 42 pts
C5      : 99 pts
C2      : 46 pts
C6      : 22 pts
outliers: 44 pts
C0  | size  43 | dist   4.10 | Known
C1  | size  46 | dist  63.91 | New Fault
C2  | size  46 | dist  46.20 | New Fault
C3  | size  44 | dist   2.99 | Known
C4  | size  64 | dist   2.41 | Known
C5  | size  99 | dist  11.30 | Known
C6  | size  22 | dist   3.23 | Known
C7  | size  42 | dist  20.16 | New Fault
--- Unknown ['5screws', '6screws', '7screws', '3_14screws', '4_146screws'] | mcs 22
C5      : 53 pts
C2      : 42 pts
C1      : 36 pts
C4      : 41 pts
C6      : 94 pts
C3      : 39 pts
C7      : 42 pts
outliers: 37 pts
C8      : 23 pts
C0      : 43 pts
C0  | size  43 | dist 836.04 | New Fault
C1  | size  36 | dist   4.28 | Known
C2  | size  42 | dist  64.61 | New Fault
C3  | size  39 | dist  46.29 | New Fault
C4  | size  41 | dist   3.07 | Known
C5  | size  53 | dist   2.48 | Known
C6  | size  94 | dist  11.32 | Known
C7  | size  42 | dist  20.19 | New Fault
C8  | size  23 | dist   3.29 | Known
==============================
▶ mcs = 22 | conf = 0.95 | thr = 16.44
==============================
--- Test‑set validation
C0      : 8screws 51筆
C1      : 2screws 59筆
C2      : 4screws 51筆
C3      : 3screws 77筆，2screws 8筆
C4      : 1screws 77筆
* C0  | size  51 | dist   4.02 | Known
* C1  | size  59 | dist   3.01 | Known
* C2  | size  51 | dist   3.02 | Known
* C3  | size  85 | dist   2.32 | Known
* C4  | size  77 | dist   2.23 | Known
--- Unknown ['5screws'] | mcs 22
C2      : 51 pts
C0      : 51 pts
C5      : 55 pts
C3      : 77 pts
outliers: 53 pts
C1      : 59 pts
C4      : 37 pts
C0  | size  51 | dist   4.02 | Known
C1  | size  59 | dist   3.01 | Known
C2  | size  51 | dist   3.02 | Known
C3  | size  77 | dist   2.23 | Known
C4  | size  37 | dist   3.14 | Known
C5  | size  55 | dist  19.74 | New Fault
--- Unknown ['5screws', '6screws'] | mcs 22
C3      : 55 pts
C6      : 25 pts
outliers: 100 pts
C0      : 51 pts
C5      : 47 pts
C4      : 37 pts
C1      : 51 pts
C2      : 77 pts
C0  | size  51 | dist   4.02 | Known
C1  | size  51 | dist   3.02 | Known
C2  | size  77 | dist   2.23 | Known
C3  | size  55 | dist  19.74 | New Fault
C4  | size  37 | dist   3.14 | Known
C5  | size  47 | dist  22.54 | New Fault
C6  | size  25 | dist   3.75 | Known
--- Unknown ['5screws', '6screws', '7screws'] | mcs 22
C2      : 46 pts
C4      : 114 pts
C3      : 69 pts
outliers: 51 pts
C0      : 44 pts
C6      : 46 pts
C1      : 50 pts
C5      : 30 pts
C0  | size  44 | dist   4.08 | Known
C1  | size  50 | dist  46.26 | New Fault
C2  | size  46 | dist   2.99 | Known
C3  | size  69 | dist   2.27 | Known
C4  | size 114 | dist  11.49 | Known
C5  | size  30 | dist   3.24 | Known
C6  | size  46 | dist  19.77 | New Fault
--- Unknown ['5screws', '6screws', '7screws', '3_14screws'] | mcs 22
C0      : 43 pts
C1      : 46 pts
C3      : 44 pts
C4      : 64 pts
C7      : 42 pts
C5      : 99 pts
C2      : 46 pts
C6      : 22 pts
outliers: 44 pts
C0  | size  43 | dist   4.10 | Known
C1  | size  46 | dist  63.91 | New Fault
C2  | size  46 | dist  46.20 | New Fault
C3  | size  44 | dist   2.99 | Known
C4  | size  64 | dist   2.41 | Known
C5  | size  99 | dist  11.30 | Known
C6  | size  22 | dist   3.23 | Known
C7  | size  42 | dist  20.16 | New Fault
--- Unknown ['5screws', '6screws', '7screws', '3_14screws', '4_146screws'] | mcs 22
C5      : 53 pts
C2      : 42 pts
C1      : 36 pts
C4      : 41 pts
C6      : 94 pts
C3      : 39 pts
C7      : 42 pts
outliers: 37 pts
C8      : 23 pts
C0      : 43 pts
C0  | size  43 | dist 836.04 | New Fault
C1  | size  36 | dist   4.28 | Known
C2  | size  42 | dist  64.61 | New Fault
C3  | size  39 | dist  46.29 | New Fault
C4  | size  41 | dist   3.07 | Known
C5  | size  53 | dist   2.48 | Known
C6  | size  94 | dist  11.32 | Known
C7  | size  42 | dist  20.19 | New Fault
C8  | size  23 | dist   3.29 | Known
==============================
▶ mcs = 22 | conf = 0.99 | thr = 18.70
==============================
--- Test‑set validation
C0      : 8screws 51筆
C1      : 2screws 59筆
C2      : 4screws 51筆
C3      : 3screws 77筆，2screws 8筆
C4      : 1screws 77筆
* C0  | size  51 | dist   4.02 | Known
* C1  | size  59 | dist   3.01 | Known
* C2  | size  51 | dist   3.02 | Known
* C3  | size  85 | dist   2.32 | Known
* C4  | size  77 | dist   2.23 | Known
--- Unknown ['5screws'] | mcs 22
C2      : 51 pts
C0      : 51 pts
C5      : 55 pts
C3      : 77 pts
outliers: 53 pts
C1      : 59 pts
C4      : 37 pts
C0  | size  51 | dist   4.02 | Known
C1  | size  59 | dist   3.01 | Known
C2  | size  51 | dist   3.02 | Known
C3  | size  77 | dist   2.23 | Known
C4  | size  37 | dist   3.14 | Known
C5  | size  55 | dist  19.74 | New Fault
--- Unknown ['5screws', '6screws'] | mcs 22
C3      : 55 pts
C6      : 25 pts
outliers: 100 pts
C0      : 51 pts
C5      : 47 pts
C4      : 37 pts
C1      : 51 pts
C2      : 77 pts
C0  | size  51 | dist   4.02 | Known
C1  | size  51 | dist   3.02 | Known
C2  | size  77 | dist   2.23 | Known
C3  | size  55 | dist  19.74 | New Fault
C4  | size  37 | dist   3.14 | Known
C5  | size  47 | dist  22.54 | New Fault
C6  | size  25 | dist   3.75 | Known
--- Unknown ['5screws', '6screws', '7screws'] | mcs 22
C2      : 46 pts
C4      : 114 pts
C3      : 69 pts
outliers: 51 pts
C0      : 44 pts
C6      : 46 pts
C1      : 50 pts
C5      : 30 pts
C0  | size  44 | dist   4.08 | Known
C1  | size  50 | dist  46.26 | New Fault
C2  | size  46 | dist   2.99 | Known
C3  | size  69 | dist   2.27 | Known
C4  | size 114 | dist  11.49 | Known
C5  | size  30 | dist   3.24 | Known
C6  | size  46 | dist  19.77 | New Fault
--- Unknown ['5screws', '6screws', '7screws', '3_14screws'] | mcs 22
C0      : 43 pts
C1      : 46 pts
C3      : 44 pts
C4      : 64 pts
C7      : 42 pts
C5      : 99 pts
C2      : 46 pts
C6      : 22 pts
outliers: 44 pts
C0  | size  43 | dist   4.10 | Known
C1  | size  46 | dist  63.91 | New Fault
C2  | size  46 | dist  46.20 | New Fault
C3  | size  44 | dist   2.99 | Known
C4  | size  64 | dist   2.41 | Known
C5  | size  99 | dist  11.30 | Known
C6  | size  22 | dist   3.23 | Known
C7  | size  42 | dist  20.16 | New Fault
--- Unknown ['5screws', '6screws', '7screws', '3_14screws', '4_146screws'] | mcs 22
C5      : 53 pts
C2      : 42 pts
C1      : 36 pts
C4      : 41 pts
C6      : 94 pts
C3      : 39 pts
C7      : 42 pts
outliers: 37 pts
C8      : 23 pts
C0      : 43 pts
C0  | size  43 | dist 836.04 | New Fault
C1  | size  36 | dist   4.28 | Known
C2  | size  42 | dist  64.61 | New Fault
C3  | size  39 | dist  46.29 | New Fault
C4  | size  41 | dist   3.07 | Known
C5  | size  53 | dist   2.48 | Known
C6  | size  94 | dist  11.32 | Known
C7  | size  42 | dist  20.19 | New Fault
C8  | size  23 | dist   3.29 | Known
==============================
▶ mcs = 23 | conf = 0.9 | thr = 15.53
==============================
--- Test‑set validation
C0      : 8screws 51筆
C1      : 2screws 59筆
C2      : 4screws 51筆
C3      : 3screws 77筆，2screws 8筆
C4      : 1screws 77筆
* C0  | size  51 | dist   4.02 | Known
* C1  | size  59 | dist   3.01 | Known
* C2  | size  51 | dist   3.02 | Known
* C3  | size  85 | dist   2.32 | Known
* C4  | size  77 | dist   2.23 | Known
--- Unknown ['5screws'] | mcs 23
C2      : 51 pts
C0      : 51 pts
C5      : 55 pts
C3      : 77 pts
outliers: 53 pts
C1      : 59 pts
C4      : 37 pts
C0  | size  51 | dist   4.02 | Known
C1  | size  59 | dist   3.01 | Known
C2  | size  51 | dist   3.02 | Known
C3  | size  77 | dist   2.23 | Known
C4  | size  37 | dist   3.14 | Known
C5  | size  55 | dist  19.74 | New Fault
--- Unknown ['5screws', '6screws'] | mcs 23
C3      : 55 pts
C6      : 25 pts
outliers: 100 pts
C0      : 51 pts
C5      : 47 pts
C4      : 37 pts
C1      : 51 pts
C2      : 77 pts
C0  | size  51 | dist   4.02 | Known
C1  | size  51 | dist   3.02 | Known
C2  | size  77 | dist   2.23 | Known
C3  | size  55 | dist  19.74 | New Fault
C4  | size  37 | dist   3.14 | Known
C5  | size  47 | dist  22.54 | New Fault
C6  | size  25 | dist   3.75 | Known
--- Unknown ['5screws', '6screws', '7screws'] | mcs 23
C2      : 46 pts
C4      : 114 pts
C3      : 69 pts
outliers: 51 pts
C0      : 44 pts
C6      : 46 pts
C1      : 50 pts
C5      : 30 pts
C0  | size  44 | dist   4.08 | Known
C1  | size  50 | dist  46.26 | New Fault
C2  | size  46 | dist   2.99 | Known
C3  | size  69 | dist   2.27 | Known
C4  | size 114 | dist  11.49 | Known
C5  | size  30 | dist   3.24 | Known
C6  | size  46 | dist  19.77 | New Fault
--- Unknown ['5screws', '6screws', '7screws', '3_14screws'] | mcs 23
C0      : 43 pts
C1      : 46 pts
C3      : 44 pts
C4      : 64 pts
C6      : 105 pts
C5      : 99 pts
C2      : 46 pts
outliers: 3 pts
C0  | size  43 | dist   4.10 | Known
C1  | size  46 | dist  63.91 | New Fault
C2  | size  46 | dist  46.20 | New Fault
C3  | size  44 | dist   2.99 | Known
C4  | size  64 | dist   2.41 | Known
C5  | size  99 | dist  11.30 | Known
C6  | size 105 | dist   9.11 | Known
--- Unknown ['5screws', '6screws', '7screws', '3_14screws', '4_146screws'] | mcs 23
C5      : 53 pts
C2      : 42 pts
C1      : 36 pts
C4      : 41 pts
C6      : 94 pts
C3      : 39 pts
C7      : 42 pts
outliers: 37 pts
C8      : 23 pts
C0      : 43 pts
C0  | size  43 | dist 836.04 | New Fault
C1  | size  36 | dist   4.28 | Known
C2  | size  42 | dist  64.61 | New Fault
C3  | size  39 | dist  46.29 | New Fault
C4  | size  41 | dist   3.07 | Known
C5  | size  53 | dist   2.48 | Known
C6  | size  94 | dist  11.32 | Known
C7  | size  42 | dist  20.19 | New Fault
C8  | size  23 | dist   3.29 | Known
==============================
▶ mcs = 23 | conf = 0.95 | thr = 16.44
==============================
--- Test‑set validation
C0      : 8screws 51筆
C1      : 2screws 59筆
C2      : 4screws 51筆
C3      : 3screws 77筆，2screws 8筆
C4      : 1screws 77筆
* C0  | size  51 | dist   4.02 | Known
* C1  | size  59 | dist   3.01 | Known
* C2  | size  51 | dist   3.02 | Known
* C3  | size  85 | dist   2.32 | Known
* C4  | size  77 | dist   2.23 | Known
--- Unknown ['5screws'] | mcs 23
C2      : 51 pts
C0      : 51 pts
C5      : 55 pts
C3      : 77 pts
outliers: 53 pts
C1      : 59 pts
C4      : 37 pts
C0  | size  51 | dist   4.02 | Known
C1  | size  59 | dist   3.01 | Known
C2  | size  51 | dist   3.02 | Known
C3  | size  77 | dist   2.23 | Known
C4  | size  37 | dist   3.14 | Known
C5  | size  55 | dist  19.74 | New Fault
--- Unknown ['5screws', '6screws'] | mcs 23
C3      : 55 pts
C6      : 25 pts
outliers: 100 pts
C0      : 51 pts
C5      : 47 pts
C4      : 37 pts
C1      : 51 pts
C2      : 77 pts
C0  | size  51 | dist   4.02 | Known
C1  | size  51 | dist   3.02 | Known
C2  | size  77 | dist   2.23 | Known
C3  | size  55 | dist  19.74 | New Fault
C4  | size  37 | dist   3.14 | Known
C5  | size  47 | dist  22.54 | New Fault
C6  | size  25 | dist   3.75 | Known
--- Unknown ['5screws', '6screws', '7screws'] | mcs 23
C2      : 46 pts
C4      : 114 pts
C3      : 69 pts
outliers: 51 pts
C0      : 44 pts
C6      : 46 pts
C1      : 50 pts
C5      : 30 pts
C0  | size  44 | dist   4.08 | Known
C1  | size  50 | dist  46.26 | New Fault
C2  | size  46 | dist   2.99 | Known
C3  | size  69 | dist   2.27 | Known
C4  | size 114 | dist  11.49 | Known
C5  | size  30 | dist   3.24 | Known
C6  | size  46 | dist  19.77 | New Fault
--- Unknown ['5screws', '6screws', '7screws', '3_14screws'] | mcs 23
C0      : 43 pts
C1      : 46 pts
C3      : 44 pts
C4      : 64 pts
C6      : 105 pts
C5      : 99 pts
C2      : 46 pts
outliers: 3 pts
C0  | size  43 | dist   4.10 | Known
C1  | size  46 | dist  63.91 | New Fault
C2  | size  46 | dist  46.20 | New Fault
C3  | size  44 | dist   2.99 | Known
C4  | size  64 | dist   2.41 | Known
C5  | size  99 | dist  11.30 | Known
C6  | size 105 | dist   9.11 | Known
--- Unknown ['5screws', '6screws', '7screws', '3_14screws', '4_146screws'] | mcs 23
C5      : 53 pts
C2      : 42 pts
C1      : 36 pts
C4      : 41 pts
C6      : 94 pts
C3      : 39 pts
C7      : 42 pts
outliers: 37 pts
C8      : 23 pts
C0      : 43 pts
C0  | size  43 | dist 836.04 | New Fault
C1  | size  36 | dist   4.28 | Known
C2  | size  42 | dist  64.61 | New Fault
C3  | size  39 | dist  46.29 | New Fault
C4  | size  41 | dist   3.07 | Known
C5  | size  53 | dist   2.48 | Known
C6  | size  94 | dist  11.32 | Known
C7  | size  42 | dist  20.19 | New Fault
C8  | size  23 | dist   3.29 | Known
==============================
▶ mcs = 23 | conf = 0.99 | thr = 18.70
==============================
--- Test‑set validation
C0      : 8screws 51筆
C1      : 2screws 59筆
C2      : 4screws 51筆
C3      : 3screws 77筆，2screws 8筆
C4      : 1screws 77筆
* C0  | size  51 | dist   4.02 | Known
* C1  | size  59 | dist   3.01 | Known
* C2  | size  51 | dist   3.02 | Known
* C3  | size  85 | dist   2.32 | Known
* C4  | size  77 | dist   2.23 | Known
--- Unknown ['5screws'] | mcs 23
C2      : 51 pts
C0      : 51 pts
C5      : 55 pts
C3      : 77 pts
outliers: 53 pts
C1      : 59 pts
C4      : 37 pts
C0  | size  51 | dist   4.02 | Known
C1  | size  59 | dist   3.01 | Known
C2  | size  51 | dist   3.02 | Known
C3  | size  77 | dist   2.23 | Known
C4  | size  37 | dist   3.14 | Known
C5  | size  55 | dist  19.74 | New Fault
--- Unknown ['5screws', '6screws'] | mcs 23
C3      : 55 pts
C6      : 25 pts
outliers: 100 pts
C0      : 51 pts
C5      : 47 pts
C4      : 37 pts
C1      : 51 pts
C2      : 77 pts
C0  | size  51 | dist   4.02 | Known
C1  | size  51 | dist   3.02 | Known
C2  | size  77 | dist   2.23 | Known
C3  | size  55 | dist  19.74 | New Fault
C4  | size  37 | dist   3.14 | Known
C5  | size  47 | dist  22.54 | New Fault
C6  | size  25 | dist   3.75 | Known
--- Unknown ['5screws', '6screws', '7screws'] | mcs 23
C2      : 46 pts
C4      : 114 pts
C3      : 69 pts
outliers: 51 pts
C0      : 44 pts
C6      : 46 pts
C1      : 50 pts
C5      : 30 pts
C0  | size  44 | dist   4.08 | Known
C1  | size  50 | dist  46.26 | New Fault
C2  | size  46 | dist   2.99 | Known
C3  | size  69 | dist   2.27 | Known
C4  | size 114 | dist  11.49 | Known
C5  | size  30 | dist   3.24 | Known
C6  | size  46 | dist  19.77 | New Fault
--- Unknown ['5screws', '6screws', '7screws', '3_14screws'] | mcs 23
C0      : 43 pts
C1      : 46 pts
C3      : 44 pts
C4      : 64 pts
C6      : 105 pts
C5      : 99 pts
C2      : 46 pts
outliers: 3 pts
C0  | size  43 | dist   4.10 | Known
C1  | size  46 | dist  63.91 | New Fault
C2  | size  46 | dist  46.20 | New Fault
C3  | size  44 | dist   2.99 | Known
C4  | size  64 | dist   2.41 | Known
C5  | size  99 | dist  11.30 | Known
C6  | size 105 | dist   9.11 | Known
--- Unknown ['5screws', '6screws', '7screws', '3_14screws', '4_146screws'] | mcs 23
C5      : 53 pts
C2      : 42 pts
C1      : 36 pts
C4      : 41 pts
C6      : 94 pts
C3      : 39 pts
C7      : 42 pts
outliers: 37 pts
C8      : 23 pts
C0      : 43 pts
C0  | size  43 | dist 836.04 | New Fault
C1  | size  36 | dist   4.28 | Known
C2  | size  42 | dist  64.61 | New Fault
C3  | size  39 | dist  46.29 | New Fault
C4  | size  41 | dist   3.07 | Known
C5  | size  53 | dist   2.48 | Known
C6  | size  94 | dist  11.32 | Known
C7  | size  42 | dist  20.19 | New Fault
C8  | size  23 | dist   3.29 | Known
==============================
▶ mcs = 24 | conf = 0.9 | thr = 15.53
==============================
--- Test‑set validation
C0      : 8screws 51筆
C1      : 2screws 59筆
C2      : 4screws 51筆
C3      : 3screws 77筆，2screws 8筆
C4      : 1screws 77筆
* C0  | size  51 | dist   4.02 | Known
* C1  | size  59 | dist   3.01 | Known
* C2  | size  51 | dist   3.02 | Known
* C3  | size  85 | dist   2.32 | Known
* C4  | size  77 | dist   2.23 | Known
--- Unknown ['5screws'] | mcs 24
C2      : 51 pts
C0      : 51 pts
C5      : 55 pts
C3      : 77 pts
outliers: 53 pts
C1      : 59 pts
C4      : 37 pts
C0  | size  51 | dist   4.02 | Known
C1  | size  59 | dist   3.01 | Known
C2  | size  51 | dist   3.02 | Known
C3  | size  77 | dist   2.23 | Known
C4  | size  37 | dist   3.14 | Known
C5  | size  55 | dist  19.74 | New Fault
--- Unknown ['5screws', '6screws'] | mcs 24
C3      : 55 pts
C6      : 25 pts
outliers: 100 pts
C0      : 51 pts
C5      : 47 pts
C4      : 37 pts
C1      : 51 pts
C2      : 77 pts
C0  | size  51 | dist   4.02 | Known
C1  | size  51 | dist   3.02 | Known
C2  | size  77 | dist   2.23 | Known
C3  | size  55 | dist  19.74 | New Fault
C4  | size  37 | dist   3.14 | Known
C5  | size  47 | dist  22.54 | New Fault
C6  | size  25 | dist   3.75 | Known
--- Unknown ['5screws', '6screws', '7screws'] | mcs 24
C2      : 46 pts
C4      : 114 pts
C3      : 69 pts
outliers: 51 pts
C0      : 44 pts
C6      : 46 pts
C1      : 50 pts
C5      : 30 pts
C0  | size  44 | dist   4.08 | Known
C1  | size  50 | dist  46.26 | New Fault
C2  | size  46 | dist   2.99 | Known
C3  | size  69 | dist   2.27 | Known
C4  | size 114 | dist  11.49 | Known
C5  | size  30 | dist   3.24 | Known
C6  | size  46 | dist  19.77 | New Fault
--- Unknown ['5screws', '6screws', '7screws', '3_14screws'] | mcs 24
C0      : 43 pts
C1      : 46 pts
C3      : 44 pts
C4      : 64 pts
C6      : 105 pts
C5      : 99 pts
C2      : 46 pts
outliers: 3 pts
C0  | size  43 | dist   4.10 | Known
C1  | size  46 | dist  63.91 | New Fault
C2  | size  46 | dist  46.20 | New Fault
C3  | size  44 | dist   2.99 | Known
C4  | size  64 | dist   2.41 | Known
C5  | size  99 | dist  11.30 | Known
C6  | size 105 | dist   9.11 | Known
--- Unknown ['5screws', '6screws', '7screws', '3_14screws', '4_146screws'] | mcs 24
C5      : 53 pts
C2      : 42 pts
C1      : 36 pts
C4      : 41 pts
C6      : 94 pts
C3      : 39 pts
C7      : 101 pts
C0      : 43 pts
outliers: 1 pts
C0  | size  43 | dist 836.04 | New Fault
C1  | size  36 | dist   4.28 | Known
C2  | size  42 | dist  64.61 | New Fault
C3  | size  39 | dist  46.29 | New Fault
C4  | size  41 | dist   3.07 | Known
C5  | size  53 | dist   2.48 | Known
C6  | size  94 | dist  11.32 | Known
C7  | size 101 | dist   9.29 | Known
==============================
▶ mcs = 24 | conf = 0.95 | thr = 16.44
==============================
--- Test‑set validation
C0      : 8screws 51筆
C1      : 2screws 59筆
C2      : 4screws 51筆
C3      : 3screws 77筆，2screws 8筆
C4      : 1screws 77筆
* C0  | size  51 | dist   4.02 | Known
* C1  | size  59 | dist   3.01 | Known
* C2  | size  51 | dist   3.02 | Known
* C3  | size  85 | dist   2.32 | Known
* C4  | size  77 | dist   2.23 | Known
--- Unknown ['5screws'] | mcs 24
C2      : 51 pts
C0      : 51 pts
C5      : 55 pts
C3      : 77 pts
outliers: 53 pts
C1      : 59 pts
C4      : 37 pts
C0  | size  51 | dist   4.02 | Known
C1  | size  59 | dist   3.01 | Known
C2  | size  51 | dist   3.02 | Known
C3  | size  77 | dist   2.23 | Known
C4  | size  37 | dist   3.14 | Known
C5  | size  55 | dist  19.74 | New Fault
--- Unknown ['5screws', '6screws'] | mcs 24
C3      : 55 pts
C6      : 25 pts
outliers: 100 pts
C0      : 51 pts
C5      : 47 pts
C4      : 37 pts
C1      : 51 pts
C2      : 77 pts
C0  | size  51 | dist   4.02 | Known
C1  | size  51 | dist   3.02 | Known
C2  | size  77 | dist   2.23 | Known
C3  | size  55 | dist  19.74 | New Fault
C4  | size  37 | dist   3.14 | Known
C5  | size  47 | dist  22.54 | New Fault
C6  | size  25 | dist   3.75 | Known
--- Unknown ['5screws', '6screws', '7screws'] | mcs 24
C2      : 46 pts
C4      : 114 pts
C3      : 69 pts
outliers: 51 pts
C0      : 44 pts
C6      : 46 pts
C1      : 50 pts
C5      : 30 pts
C0  | size  44 | dist   4.08 | Known
C1  | size  50 | dist  46.26 | New Fault
C2  | size  46 | dist   2.99 | Known
C3  | size  69 | dist   2.27 | Known
C4  | size 114 | dist  11.49 | Known
C5  | size  30 | dist   3.24 | Known
C6  | size  46 | dist  19.77 | New Fault
--- Unknown ['5screws', '6screws', '7screws', '3_14screws'] | mcs 24
C0      : 43 pts
C1      : 46 pts
C3      : 44 pts
C4      : 64 pts
C6      : 105 pts
C5      : 99 pts
C2      : 46 pts
outliers: 3 pts
C0  | size  43 | dist   4.10 | Known
C1  | size  46 | dist  63.91 | New Fault
C2  | size  46 | dist  46.20 | New Fault
C3  | size  44 | dist   2.99 | Known
C4  | size  64 | dist   2.41 | Known
C5  | size  99 | dist  11.30 | Known
C6  | size 105 | dist   9.11 | Known
--- Unknown ['5screws', '6screws', '7screws', '3_14screws', '4_146screws'] | mcs 24
C5      : 53 pts
C2      : 42 pts
C1      : 36 pts
C4      : 41 pts
C6      : 94 pts
C3      : 39 pts
C7      : 101 pts
C0      : 43 pts
outliers: 1 pts
C0  | size  43 | dist 836.04 | New Fault
C1  | size  36 | dist   4.28 | Known
C2  | size  42 | dist  64.61 | New Fault
C3  | size  39 | dist  46.29 | New Fault
C4  | size  41 | dist   3.07 | Known
C5  | size  53 | dist   2.48 | Known
C6  | size  94 | dist  11.32 | Known
C7  | size 101 | dist   9.29 | Known
==============================
▶ mcs = 24 | conf = 0.99 | thr = 18.70
==============================
--- Test‑set validation
C0      : 8screws 51筆
C1      : 2screws 59筆
C2      : 4screws 51筆
C3      : 3screws 77筆，2screws 8筆
C4      : 1screws 77筆
* C0  | size  51 | dist   4.02 | Known
* C1  | size  59 | dist   3.01 | Known
* C2  | size  51 | dist   3.02 | Known
* C3  | size  85 | dist   2.32 | Known
* C4  | size  77 | dist   2.23 | Known
--- Unknown ['5screws'] | mcs 24
C2      : 51 pts
C0      : 51 pts
C5      : 55 pts
C3      : 77 pts
outliers: 53 pts
C1      : 59 pts
C4      : 37 pts
C0  | size  51 | dist   4.02 | Known
C1  | size  59 | dist   3.01 | Known
C2  | size  51 | dist   3.02 | Known
C3  | size  77 | dist   2.23 | Known
C4  | size  37 | dist   3.14 | Known
C5  | size  55 | dist  19.74 | New Fault
--- Unknown ['5screws', '6screws'] | mcs 24
C3      : 55 pts
C6      : 25 pts
outliers: 100 pts
C0      : 51 pts
C5      : 47 pts
C4      : 37 pts
C1      : 51 pts
C2      : 77 pts
C0  | size  51 | dist   4.02 | Known
C1  | size  51 | dist   3.02 | Known
C2  | size  77 | dist   2.23 | Known
C3  | size  55 | dist  19.74 | New Fault
C4  | size  37 | dist   3.14 | Known
C5  | size  47 | dist  22.54 | New Fault
C6  | size  25 | dist   3.75 | Known
--- Unknown ['5screws', '6screws', '7screws'] | mcs 24
C2      : 46 pts
C4      : 114 pts
C3      : 69 pts
outliers: 51 pts
C0      : 44 pts
C6      : 46 pts
C1      : 50 pts
C5      : 30 pts
C0  | size  44 | dist   4.08 | Known
C1  | size  50 | dist  46.26 | New Fault
C2  | size  46 | dist   2.99 | Known
C3  | size  69 | dist   2.27 | Known
C4  | size 114 | dist  11.49 | Known
C5  | size  30 | dist   3.24 | Known
C6  | size  46 | dist  19.77 | New Fault
--- Unknown ['5screws', '6screws', '7screws', '3_14screws'] | mcs 24
C0      : 43 pts
C1      : 46 pts
C3      : 44 pts
C4      : 64 pts
C6      : 105 pts
C5      : 99 pts
C2      : 46 pts
outliers: 3 pts
C0  | size  43 | dist   4.10 | Known
C1  | size  46 | dist  63.91 | New Fault
C2  | size  46 | dist  46.20 | New Fault
C3  | size  44 | dist   2.99 | Known
C4  | size  64 | dist   2.41 | Known
C5  | size  99 | dist  11.30 | Known
C6  | size 105 | dist   9.11 | Known
--- Unknown ['5screws', '6screws', '7screws', '3_14screws', '4_146screws'] | mcs 24
C5      : 53 pts
C2      : 42 pts
C1      : 36 pts
C4      : 41 pts
C6      : 94 pts
C3      : 39 pts
C7      : 101 pts
C0      : 43 pts
outliers: 1 pts
C0  | size  43 | dist 836.04 | New Fault
C1  | size  36 | dist   4.28 | Known
C2  | size  42 | dist  64.61 | New Fault
C3  | size  39 | dist  46.29 | New Fault
C4  | size  41 | dist   3.07 | Known
C5  | size  53 | dist   2.48 | Known
C6  | size  94 | dist  11.32 | Known
C7  | size 101 | dist   9.29 | Known
