2026-08-05 15:58:09 | INFO  | Logger initialized
2026-08-05 15:58:09 | INFO  | log_file=/home/albert/Ancestor/logs/Step3_Model_12_TwoStage/2026-08-05-15-58-09.log
2026-08-05 15:58:09 | INFO  | output_dir=/home/albert/Ancestor/output/Step3_Model_12_TwoStage/2026-08-05-15-58-09
[gpu_utils] GPU x1 已啟用：['/physical_device:GPU:0']
自訂 Label Mapping:
8screws: 0
1screws: 1
2screws: 2
3screws: 3
4screws: 4
模型已成功載入。
Model 2 - Layer 0: input_layer | Trainable: False
Model 2 - Layer 1: conv1d | Trainable: False
Model 2 - Layer 2: conv1d_1 | Trainable: False
Model 2 - Layer 3: max_pooling1d | Trainable: False
Model 2 - Layer 4: conv1d_2 | Trainable: False
Model 2 - Layer 5: conv1d_3 | Trainable: False
Model 2 - Layer 6: max_pooling1d_1 | Trainable: False
Model 2 - Layer 7: conv1d_4 | Trainable: False
Model 2 - Layer 8: conv1d_5 | Trainable: False
Model 2 - Layer 9: conv1d_6 | Trainable: False
Model 2 - Layer 10: max_pooling1d_2 | Trainable: False
Model 2 - Layer 11: conv1d_7 | Trainable: False
Model 2 - Layer 12: conv1d_8 | Trainable: False
Model 2 - Layer 13: conv1d_9 | Trainable: True
Model 2 - Layer 14: max_pooling1d_3 | Trainable: True
Model 2 - Layer 15: conv1d_10 | Trainable: True
Model 2 - Layer 16: conv1d_11 | Trainable: True
Model 2 - Layer 17: conv1d_12 | Trainable: True
Model 2 - Layer 18: max_pooling1d_4 | Trainable: True
Model 2 - Layer 19: flatten | Trainable: True
Model 2 - Layer 20: dense | Trainable: True
Model 2 - Layer 21: dropout | Trainable: True
Model 2 - Layer 22: dense_1 | Trainable: True
Model 2 - Layer 23: dropout_1 | Trainable: True
Model 2 - Layer 24: Screw_Number_Output | Trainable: True
[Training] Device: /GPU:0
Epoch 1/100
75/75 50ms/step accuracy=0.1057 loss=4.2344
75/75 76ms/step accuracy=0.1555 loss=3.1406 val_accuracy=0.2857 val_loss=1.5380
Epoch 2/100
75/75 5ms/step accuracy=0.3605 loss=1.5259 val_accuracy=0.5126 val_loss=1.1048
Epoch 3/100
75/75 3ms/step accuracy=0.4804 loss=1.2291
75/75 5ms/step accuracy=0.5050 loss=1.1740 val_accuracy=0.6857 val_loss=0.8894
Epoch 4/100
75/75 6ms/step accuracy=0.5975 loss=1.0033 val_accuracy=0.7529 val_loss=0.7317
Epoch 5/100
75/75 4ms/step accuracy=0.6584 loss=0.8653 val_accuracy=0.8017 val_loss=0.5928
Epoch 6/100
75/75 6ms/step accuracy=0.6983 loss=0.7727 val_accuracy=0.8756 val_loss=0.4943
Epoch 7/100
75/75 5ms/step accuracy=0.7475 loss=0.6781 val_accuracy=0.9042 val_loss=0.4294
Epoch 8/100
75/75 5ms/step accuracy=0.7605 loss=0.6322 val_accuracy=0.9311 val_loss=0.3690
Epoch 9/100
75/75 7ms/step accuracy=0.7882 loss=0.5743 val_accuracy=0.9748 val_loss=0.3097
Epoch 10/100
75/75 4ms/step accuracy=0.8176 loss=0.5344 val_accuracy=0.9798 val_loss=0.2708
Epoch 11/100
75/75 5ms/step accuracy=0.8349 loss=0.4841 val_accuracy=0.9765 val_loss=0.2317
Epoch 12/100
75/75 5ms/step accuracy=0.8458 loss=0.4214 val_accuracy=0.9832 val_loss=0.1912
Epoch 13/100
75/75 5ms/step accuracy=0.8500 loss=0.4200 val_accuracy=0.9849 val_loss=0.1623
Epoch 14/100
75/75 6ms/step accuracy=0.8697 loss=0.3809 val_accuracy=0.9849 val_loss=0.1458
Epoch 15/100
75/75 5ms/step accuracy=0.8731 loss=0.3535 val_accuracy=0.9866 val_loss=0.1310
Epoch 16/100
75/75 5ms/step accuracy=0.8912 loss=0.3281 val_accuracy=0.9882 val_loss=0.1169
Epoch 17/100
75/75 5ms/step accuracy=0.9029 loss=0.3101 val_accuracy=0.9899 val_loss=0.0945
Epoch 18/100
75/75 5ms/step accuracy=0.9139 loss=0.2811 val_accuracy=0.9882 val_loss=0.0806
Epoch 19/100
75/75 5ms/step accuracy=0.9029 loss=0.2701 val_accuracy=0.9899 val_loss=0.0729
Epoch 20/100
75/75 6ms/step accuracy=0.9143 loss=0.2616 val_accuracy=0.9899 val_loss=0.0684
Epoch 21/100
75/75 5ms/step accuracy=0.9168 loss=0.2589 val_accuracy=0.9916 val_loss=0.0589
Epoch 22/100
75/75 4ms/step accuracy=0.9189 loss=0.2314 val_accuracy=0.9916 val_loss=0.0536
Epoch 23/100
75/75 5ms/step accuracy=0.9181 loss=0.2378 val_accuracy=0.9933 val_loss=0.0509
Epoch 24/100
75/75 5ms/step accuracy=0.9286 loss=0.2078 val_accuracy=0.9933 val_loss=0.0419
Epoch 25/100
75/75 5ms/step accuracy=0.9353 loss=0.2033 val_accuracy=0.9933 val_loss=0.0393
Epoch 26/100
75/75 5ms/step accuracy=0.9366 loss=0.1940 val_accuracy=0.9933 val_loss=0.0336
Epoch 27/100
75/75 4ms/step accuracy=0.9412 loss=0.1875 val_accuracy=0.9950 val_loss=0.0348
Epoch 28/100
75/75 4ms/step accuracy=0.9395 loss=0.1798 val_accuracy=0.9933 val_loss=0.0323
Epoch 29/100
75/75 4ms/step accuracy=0.9391 loss=0.1758 val_accuracy=0.9966 val_loss=0.0288
Epoch 30/100
75/75 4ms/step accuracy=0.9412 loss=0.1754 val_accuracy=0.9950 val_loss=0.0272
Epoch 31/100
75/75 4ms/step accuracy=0.9399 loss=0.1652 val_accuracy=0.9966 val_loss=0.0235
Epoch 32/100
75/75 3ms/step accuracy=0.9436 loss=0.1742
75/75 4ms/step accuracy=0.9466 loss=0.1650 val_accuracy=0.9966 val_loss=0.0222
Epoch 33/100
75/75 4ms/step accuracy=0.9437 loss=0.1638 val_accuracy=0.9966 val_loss=0.0198
Epoch 34/100
75/75 4ms/step accuracy=0.9504 loss=0.1473 val_accuracy=0.9966 val_loss=0.0188
Epoch 35/100
75/75 4ms/step accuracy=0.9479 loss=0.1466 val_accuracy=0.9966 val_loss=0.0165
Epoch 36/100
75/75 4ms/step accuracy=0.9424 loss=0.1494 val_accuracy=0.9966 val_loss=0.0154
Epoch 37/100
75/75 4ms/step accuracy=0.9529 loss=0.1427 val_accuracy=0.9966 val_loss=0.0163
Epoch 38/100
75/75 6ms/step accuracy=0.9529 loss=0.1284 val_accuracy=0.9966 val_loss=0.0136
Epoch 39/100
75/75 4ms/step accuracy=0.9563 loss=0.1248 val_accuracy=0.9966 val_loss=0.0137
Epoch 40/100
75/75 5ms/step accuracy=0.9500 loss=0.1283 val_accuracy=0.9966 val_loss=0.0148
Epoch 41/100
75/75 5ms/step accuracy=0.9492 loss=0.1260 val_accuracy=0.9966 val_loss=0.0120
Epoch 42/100
75/75 5ms/step accuracy=0.9462 loss=0.1360 val_accuracy=0.9983 val_loss=0.0099
Epoch 43/100
75/75 5ms/step accuracy=0.9454 loss=0.1374 val_accuracy=0.9983 val_loss=0.0099
Epoch 44/100
75/75 5ms/step accuracy=0.9613 loss=0.1098 val_accuracy=0.9983 val_loss=0.0095
Epoch 45/100
75/75 5ms/step accuracy=0.9584 loss=0.1211 val_accuracy=0.9983 val_loss=0.0088
Epoch 46/100
75/75 5ms/step accuracy=0.9538 loss=0.1206 val_accuracy=0.9983 val_loss=0.0082
Epoch 47/100
75/75 5ms/step accuracy=0.9655 loss=0.1050 val_accuracy=0.9983 val_loss=0.0087
Epoch 48/100
75/75 5ms/step accuracy=0.9622 loss=0.1083 val_accuracy=0.9983 val_loss=0.0078
Epoch 49/100
75/75 7ms/step accuracy=0.9584 loss=0.1185 val_accuracy=0.9983 val_loss=0.0074
Epoch 50/100
75/75 5ms/step accuracy=0.9622 loss=0.1043 val_accuracy=0.9983 val_loss=0.0068
Epoch 51/100
75/75 5ms/step accuracy=0.9597 loss=0.1091 val_accuracy=0.9983 val_loss=0.0092
Epoch 52/100
75/75 7ms/step accuracy=0.9626 loss=0.1041 val_accuracy=0.9983 val_loss=0.0058
Epoch 53/100
75/75 5ms/step accuracy=0.9559 loss=0.1179 val_accuracy=0.9983 val_loss=0.0063
Epoch 54/100
75/75 5ms/step accuracy=0.9605 loss=0.1026 val_accuracy=0.9983 val_loss=0.0065
Epoch 55/100
75/75 5ms/step accuracy=0.9697 loss=0.0991 val_accuracy=0.9983 val_loss=0.0063
Epoch 56/100
75/75 5ms/step accuracy=0.9630 loss=0.1036 val_accuracy=0.9983 val_loss=0.0065
Epoch 57/100
75/75 6ms/step accuracy=0.9618 loss=0.1099 val_accuracy=0.9983 val_loss=0.0060
Epoch 58/100
75/75 5ms/step accuracy=0.9618 loss=0.1027 val_accuracy=0.9983 val_loss=0.0060
Epoch 59/100
75/75 5ms/step accuracy=0.9609 loss=0.0977 val_accuracy=0.9983 val_loss=0.0047
Epoch 60/100
75/75 5ms/step accuracy=0.9681 loss=0.0916 val_accuracy=0.9983 val_loss=0.0067
Epoch 61/100
75/75 5ms/step accuracy=0.9660 loss=0.0942 val_accuracy=0.9983 val_loss=0.0057
Epoch 62/100
75/75 5ms/step accuracy=0.9626 loss=0.1045 val_accuracy=0.9983 val_loss=0.0043
Epoch 63/100
75/75 5ms/step accuracy=0.9605 loss=0.0961 val_accuracy=0.9983 val_loss=0.0054
Epoch 64/100
75/75 5ms/step accuracy=0.9660 loss=0.0894 val_accuracy=0.9983 val_loss=0.0044
Epoch 65/100
75/75 7ms/step accuracy=0.9693 loss=0.0858 val_accuracy=0.9983 val_loss=0.0043
Epoch 66/100
75/75 5ms/step accuracy=0.9681 loss=0.0906 val_accuracy=0.9983 val_loss=0.0020
Epoch 67/100
75/75 5ms/step accuracy=0.9748 loss=0.0759 val_accuracy=0.9983 val_loss=0.0067
Epoch 68/100
75/75 4ms/step accuracy=0.9685 loss=0.0835 val_accuracy=0.9983 val_loss=0.0037
Epoch 69/100
75/75 4ms/step accuracy=0.9723 loss=0.0760 val_accuracy=0.9983 val_loss=0.0037
Epoch 70/100
75/75 4ms/step accuracy=0.9706 loss=0.0819 val_accuracy=0.9983 val_loss=0.0061
Epoch 71/100
75/75 4ms/step accuracy=0.9685 loss=0.0816 val_accuracy=0.9983 val_loss=0.0040
Epoch 72/100
75/75 7ms/step accuracy=0.9702 loss=0.0778 val_accuracy=0.9983 val_loss=0.0043
Epoch 73/100
75/75 4ms/step accuracy=0.9681 loss=0.0867 val_accuracy=0.9983 val_loss=0.0035
Epoch 74/100
75/75 5ms/step accuracy=0.9748 loss=0.0790 val_accuracy=0.9983 val_loss=0.0033
Epoch 75/100
75/75 4ms/step accuracy=0.9622 loss=0.0924 val_accuracy=0.9983 val_loss=0.0020
Epoch 76/100
75/75 5ms/step accuracy=0.9697 loss=0.0836 val_accuracy=0.9983 val_loss=0.0017
Epoch 77/100
75/75 5ms/step accuracy=0.9739 loss=0.0804 val_accuracy=0.9983 val_loss=0.0030
Epoch 78/100
75/75 4ms/step accuracy=0.9697 loss=0.0885 val_accuracy=0.9983 val_loss=0.0039
Epoch 79/100
75/75 3ms/step accuracy=0.9728 loss=0.0800
75/75 6ms/step accuracy=0.9739 loss=0.0780 val_accuracy=0.9983 val_loss=0.0025
Epoch 80/100
75/75 4ms/step accuracy=0.9786 loss=0.0745 val_accuracy=0.9983 val_loss=0.0025
Epoch 81/100
75/75 5ms/step accuracy=0.9744 loss=0.0707 val_accuracy=0.9983 val_loss=0.0014
Epoch 82/100
75/75 5ms/step accuracy=0.9731 loss=0.0749 val_accuracy=0.9983 val_loss=0.0030
Epoch 83/100
75/75 4ms/step accuracy=0.9664 loss=0.0865 val_accuracy=0.9983 val_loss=0.0030
Epoch 84/100
75/75 6ms/step accuracy=0.9706 loss=0.0759 val_accuracy=1.0000 val_loss=8.6613e-04
Epoch 85/100
75/75 5ms/step accuracy=0.9718 loss=0.0837 val_accuracy=0.9983 val_loss=0.0017
Epoch 86/100
75/75 5ms/step accuracy=0.9744 loss=0.0719 val_accuracy=0.9983 val_loss=0.0029
Epoch 87/100
75/75 6ms/step accuracy=0.9697 loss=0.0810 val_accuracy=0.9983 val_loss=0.0031
Epoch 88/100
75/75 5ms/step accuracy=0.9773 loss=0.0734 val_accuracy=1.0000 val_loss=9.1935e-04
Epoch 89/100
75/75 5ms/step accuracy=0.9773 loss=0.0728 val_accuracy=0.9983 val_loss=0.0022
Epoch 90/100
75/75 7ms/step accuracy=0.9761 loss=0.0719 val_accuracy=0.9983 val_loss=0.0028
Epoch 91/100
75/75 5ms/step accuracy=0.9748 loss=0.0792 val_accuracy=0.9983 val_loss=0.0022
Epoch 92/100
75/75 5ms/step accuracy=0.9790 loss=0.0625 val_accuracy=0.9983 val_loss=0.0018
Epoch 93/100
75/75 4ms/step accuracy=0.9836 loss=0.0563 val_accuracy=0.9983 val_loss=0.0027
Epoch 94/100
75/75 4ms/step accuracy=0.9756 loss=0.0716 val_accuracy=1.0000 val_loss=6.5145e-04
Epoch 95/100
75/75 4ms/step accuracy=0.9761 loss=0.0642 val_accuracy=0.9983 val_loss=0.0016
Epoch 96/100
75/75 4ms/step accuracy=0.9794 loss=0.0630 val_accuracy=0.9983 val_loss=0.0014
Epoch 97/100
75/75 4ms/step accuracy=0.9710 loss=0.0789 val_accuracy=0.9983 val_loss=0.0021
Epoch 98/100
75/75 4ms/step accuracy=0.9761 loss=0.0708 val_accuracy=0.9983 val_loss=0.0014
Epoch 99/100
75/75 4ms/step accuracy=0.9840 loss=0.0539 val_accuracy=1.0000 val_loss=9.1367e-04
Epoch 100/100
75/75 4ms/step accuracy=0.9794 loss=0.0650 val_accuracy=0.9983 val_loss=0.0032
19/19 3ms/step accuracy=1.0000 loss=6.5145e-04
Loss: 0.0007, Accuracy: 1.0000
2026-08-05 15:59:04 | INFO  | Saved plot: /home/albert/Ancestor/output/Step3_Model_12_TwoStage/2026-08-05-15-58-09/plot_000.png
2026-08-05 15:59:04 | INFO  | Saved plot: /home/albert/Ancestor/output/Step3_Model_12_TwoStage/2026-08-05-15-58-09/plot_001.png
2026-08-05 15:59:05 | INFO  | Saved plot: /home/albert/Ancestor/output/Step3_Model_12_TwoStage/2026-08-05-15-58-09/plot_002.png
