2026-08-05 16:27:23 | INFO  | Logger initialized
2026-08-05 16:27:23 | INFO  | log_file=/home/albert/Ancestor/logs/Step4_Model_25_Detecting/2026-08-05-16-27-23.log
2026-08-05 16:27:23 | INFO  | output_dir=/home/albert/Ancestor/output/Step4_Model_25_Detecting/2026-08-05-16-27-23
=== 1. Loading training data ===
✔️ Train : (1263, 105)  |  Test : (316, 105)
==============================
▶ mcs = 21 | conf = 0.9 | thr = 14.97
==============================
--- Test‑set validation
outliers: 3screws 7筆，4screws 6筆
C0      : 2screws 68筆
C1      : 1screws 71筆
C2      : 8screws 60筆
C3      : 4screws 50筆
C4      : 3screws 54筆
* C0  | size  68 | dist   2.55 | Known
* C1  | size  71 | dist   2.62 | Known
* C2  | size  60 | dist   2.59 | Known
* C3  | size  50 | dist   2.85 | Known
* C4  | size  54 | dist   2.90 | Known
--- Unknown ['5screws'] | mcs 21
C0      : 68 pts
C1      : 60 pts
C3      : 60 pts
C2      : 71 pts
C5      : 50 pts
C4      : 54 pts
outliers: 13 pts
C0  | size  68 | dist   2.55 | Known
C1  | size  60 | dist  52.78 | New Fault
C2  | size  71 | dist   2.62 | Known
C3  | size  60 | dist   2.59 | Known
C4  | size  54 | dist   2.90 | Known
C5  | size  50 | dist   2.85 | Known
--- Unknown ['5screws', '6screws'] | mcs 21
C3      : 60 pts
C1      : 68 pts
C6      : 54 pts
C4      : 60 pts
C2      : 60 pts
C5      : 50 pts
C0      : 71 pts
outliers: 13 pts
C0  | size  71 | dist   2.62 | Known
C1  | size  68 | dist   2.55 | Known
C2  | size  60 | dist  52.78 | New Fault
C3  | size  60 | dist  51.73 | New Fault
C4  | size  60 | dist   2.59 | Known
C5  | size  50 | dist   2.85 | Known
C6  | size  54 | dist   2.90 | Known
--- Unknown ['5screws', '6screws', '7screws'] | mcs 21
C0      : 52 pts
C7      : 47 pts
C6      : 47 pts
C4      : 57 pts
C1      : 63 pts
C3      : 54 pts
C2      : 63 pts
outliers: 12 pts
C5      : 55 pts
C0  | size  52 | dist  67.68 | New Fault
C1  | size  63 | dist   2.72 | Known
C2  | size  63 | dist   2.67 | Known
C3  | size  54 | dist  52.96 | New Fault
C4  | size  57 | dist  51.70 | New Fault
C5  | size  55 | dist   2.56 | Known
C6  | size  47 | dist   2.91 | Known
C7  | size  47 | dist   2.97 | Known
--- Unknown ['5screws', '6screws', '7screws', '3_14screws'] | mcs 21
C0      : 46 pts
C4      : 58 pts
C1      : 57 pts
C6      : 44 pts
C8      : 44 pts
C5      : 49 pts
C3      : 49 pts
C2      : 48 pts
C7      : 45 pts
outliers: 10 pts
C0  | size  46 | dist  67.43 | New Fault
C1  | size  57 | dist   2.66 | Known
C2  | size  48 | dist  81.42 | New Fault
C3  | size  49 | dist  51.70 | New Fault
C4  | size  58 | dist   2.69 | Known
C5  | size  49 | dist  53.34 | New Fault
C6  | size  44 | dist   2.67 | Known
C7  | size  45 | dist   2.99 | Known
C8  | size  44 | dist   3.14 | Known
--- Unknown ['5screws', '6screws', '7screws', '3_14screws', '4_146screws'] | mcs 21
C3      : 48 pts
C9      : 43 pts
C0      : 44 pts
C8      : 41 pts
C5      : 48 pts
C1      : 41 pts
C7      : 38 pts
C4      : 49 pts
C6      : 44 pts
outliers: 11 pts
C2      : 43 pts
C0  | size  44 | dist 102.30 | New Fault
C1  | size  41 | dist  67.47 | New Fault
C2  | size  43 | dist  83.19 | New Fault
C3  | size  48 | dist   2.97 | Known
C4  | size  49 | dist  53.12 | New Fault
C5  | size  48 | dist   2.80 | Known
C6  | size  44 | dist  52.18 | New Fault
C7  | size  38 | dist   2.72 | Known
C8  | size  41 | dist   3.03 | Known
C9  | size  43 | dist   2.92 | Known
==============================
▶ mcs = 21 | conf = 0.95 | thr = 15.78
==============================
--- Test‑set validation
outliers: 3screws 7筆，4screws 6筆
C0      : 2screws 68筆
C1      : 1screws 71筆
C2      : 8screws 60筆
C3      : 4screws 50筆
C4      : 3screws 54筆
* C0  | size  68 | dist   2.55 | Known
* C1  | size  71 | dist   2.62 | Known
* C2  | size  60 | dist   2.59 | Known
* C3  | size  50 | dist   2.85 | Known
* C4  | size  54 | dist   2.90 | Known
--- Unknown ['5screws'] | mcs 21
C0      : 68 pts
C1      : 60 pts
C3      : 60 pts
C2      : 71 pts
C5      : 50 pts
C4      : 54 pts
outliers: 13 pts
C0  | size  68 | dist   2.55 | Known
C1  | size  60 | dist  52.78 | New Fault
C2  | size  71 | dist   2.62 | Known
C3  | size  60 | dist   2.59 | Known
C4  | size  54 | dist   2.90 | Known
C5  | size  50 | dist   2.85 | Known
--- Unknown ['5screws', '6screws'] | mcs 21
C3      : 60 pts
C1      : 68 pts
C6      : 54 pts
C4      : 60 pts
C2      : 60 pts
C5      : 50 pts
C0      : 71 pts
outliers: 13 pts
C0  | size  71 | dist   2.62 | Known
C1  | size  68 | dist   2.55 | Known
C2  | size  60 | dist  52.78 | New Fault
C3  | size  60 | dist  51.73 | New Fault
C4  | size  60 | dist   2.59 | Known
C5  | size  50 | dist   2.85 | Known
C6  | size  54 | dist   2.90 | Known
--- Unknown ['5screws', '6screws', '7screws'] | mcs 21
C0      : 52 pts
C7      : 47 pts
C6      : 47 pts
C4      : 57 pts
C1      : 63 pts
C3      : 54 pts
C2      : 63 pts
outliers: 12 pts
C5      : 55 pts
C0  | size  52 | dist  67.68 | New Fault
C1  | size  63 | dist   2.72 | Known
C2  | size  63 | dist   2.67 | Known
C3  | size  54 | dist  52.96 | New Fault
C4  | size  57 | dist  51.70 | New Fault
C5  | size  55 | dist   2.56 | Known
C6  | size  47 | dist   2.91 | Known
C7  | size  47 | dist   2.97 | Known
--- Unknown ['5screws', '6screws', '7screws', '3_14screws'] | mcs 21
C0      : 46 pts
C4      : 58 pts
C1      : 57 pts
C6      : 44 pts
C8      : 44 pts
C5      : 49 pts
C3      : 49 pts
C2      : 48 pts
C7      : 45 pts
outliers: 10 pts
C0  | size  46 | dist  67.43 | New Fault
C1  | size  57 | dist   2.66 | Known
C2  | size  48 | dist  81.42 | New Fault
C3  | size  49 | dist  51.70 | New Fault
C4  | size  58 | dist   2.69 | Known
C5  | size  49 | dist  53.34 | New Fault
C6  | size  44 | dist   2.67 | Known
C7  | size  45 | dist   2.99 | Known
C8  | size  44 | dist   3.14 | Known
--- Unknown ['5screws', '6screws', '7screws', '3_14screws', '4_146screws'] | mcs 21
C3      : 48 pts
C9      : 43 pts
C0      : 44 pts
C8      : 41 pts
C5      : 48 pts
C1      : 41 pts
C7      : 38 pts
C4      : 49 pts
C6      : 44 pts
outliers: 11 pts
C2      : 43 pts
C0  | size  44 | dist 102.30 | New Fault
C1  | size  41 | dist  67.47 | New Fault
C2  | size  43 | dist  83.19 | New Fault
C3  | size  48 | dist   2.97 | Known
C4  | size  49 | dist  53.12 | New Fault
C5  | size  48 | dist   2.80 | Known
C6  | size  44 | dist  52.18 | New Fault
C7  | size  38 | dist   2.72 | Known
C8  | size  41 | dist   3.03 | Known
C9  | size  43 | dist   2.92 | Known
==============================
▶ mcs = 21 | conf = 0.99 | thr = 17.47
==============================
--- Test‑set validation
outliers: 3screws 7筆，4screws 6筆
C0      : 2screws 68筆
C1      : 1screws 71筆
C2      : 8screws 60筆
C3      : 4screws 50筆
C4      : 3screws 54筆
* C0  | size  68 | dist   2.55 | Known
* C1  | size  71 | dist   2.62 | Known
* C2  | size  60 | dist   2.59 | Known
* C3  | size  50 | dist   2.85 | Known
* C4  | size  54 | dist   2.90 | Known
--- Unknown ['5screws'] | mcs 21
C0      : 68 pts
C1      : 60 pts
C3      : 60 pts
C2      : 71 pts
C5      : 50 pts
C4      : 54 pts
outliers: 13 pts
C0  | size  68 | dist   2.55 | Known
C1  | size  60 | dist  52.78 | New Fault
C2  | size  71 | dist   2.62 | Known
C3  | size  60 | dist   2.59 | Known
C4  | size  54 | dist   2.90 | Known
C5  | size  50 | dist   2.85 | Known
--- Unknown ['5screws', '6screws'] | mcs 21
C3      : 60 pts
C1      : 68 pts
C6      : 54 pts
C4      : 60 pts
C2      : 60 pts
C5      : 50 pts
C0      : 71 pts
outliers: 13 pts
C0  | size  71 | dist   2.62 | Known
C1  | size  68 | dist   2.55 | Known
C2  | size  60 | dist  52.78 | New Fault
C3  | size  60 | dist  51.73 | New Fault
C4  | size  60 | dist   2.59 | Known
C5  | size  50 | dist   2.85 | Known
C6  | size  54 | dist   2.90 | Known
--- Unknown ['5screws', '6screws', '7screws'] | mcs 21
C0      : 52 pts
C7      : 47 pts
C6      : 47 pts
C4      : 57 pts
C1      : 63 pts
C3      : 54 pts
C2      : 63 pts
outliers: 12 pts
C5      : 55 pts
C0  | size  52 | dist  67.68 | New Fault
C1  | size  63 | dist   2.72 | Known
C2  | size  63 | dist   2.67 | Known
C3  | size  54 | dist  52.96 | New Fault
C4  | size  57 | dist  51.70 | New Fault
C5  | size  55 | dist   2.56 | Known
C6  | size  47 | dist   2.91 | Known
C7  | size  47 | dist   2.97 | Known
--- Unknown ['5screws', '6screws', '7screws', '3_14screws'] | mcs 21
C0      : 46 pts
C4      : 58 pts
C1      : 57 pts
C6      : 44 pts
C8      : 44 pts
C5      : 49 pts
C3      : 49 pts
C2      : 48 pts
C7      : 45 pts
outliers: 10 pts
C0  | size  46 | dist  67.43 | New Fault
C1  | size  57 | dist   2.66 | Known
C2  | size  48 | dist  81.42 | New Fault
C3  | size  49 | dist  51.70 | New Fault
C4  | size  58 | dist   2.69 | Known
C5  | size  49 | dist  53.34 | New Fault
C6  | size  44 | dist   2.67 | Known
C7  | size  45 | dist   2.99 | Known
C8  | size  44 | dist   3.14 | Known
--- Unknown ['5screws', '6screws', '7screws', '3_14screws', '4_146screws'] | mcs 21
C3      : 48 pts
C9      : 43 pts
C0      : 44 pts
C8      : 41 pts
C5      : 48 pts
C1      : 41 pts
C7      : 38 pts
C4      : 49 pts
C6      : 44 pts
outliers: 11 pts
C2      : 43 pts
C0  | size  44 | dist 102.30 | New Fault
C1  | size  41 | dist  67.47 | New Fault
C2  | size  43 | dist  83.19 | New Fault
C3  | size  48 | dist   2.97 | Known
C4  | size  49 | dist  53.12 | New Fault
C5  | size  48 | dist   2.80 | Known
C6  | size  44 | dist  52.18 | New Fault
C7  | size  38 | dist   2.72 | Known
C8  | size  41 | dist   3.03 | Known
C9  | size  43 | dist   2.92 | Known
==============================
▶ mcs = 22 | conf = 0.9 | thr = 14.97
==============================
--- Test‑set validation
outliers: 3screws 7筆，4screws 6筆
C0      : 2screws 68筆
C1      : 1screws 71筆
C2      : 8screws 60筆
C3      : 4screws 50筆
C4      : 3screws 54筆
* C0  | size  68 | dist   2.55 | Known
* C1  | size  71 | dist   2.62 | Known
* C2  | size  60 | dist   2.59 | Known
* C3  | size  50 | dist   2.85 | Known
* C4  | size  54 | dist   2.90 | Known
--- Unknown ['5screws'] | mcs 22
C0      : 68 pts
C1      : 60 pts
C3      : 60 pts
C2      : 71 pts
C5      : 50 pts
C4      : 54 pts
outliers: 13 pts
C0  | size  68 | dist   2.55 | Known
C1  | size  60 | dist  52.78 | New Fault
C2  | size  71 | dist   2.62 | Known
C3  | size  60 | dist   2.59 | Known
C4  | size  54 | dist   2.90 | Known
C5  | size  50 | dist   2.85 | Known
--- Unknown ['5screws', '6screws'] | mcs 22
C3      : 60 pts
C1      : 68 pts
C6      : 54 pts
C4      : 60 pts
C2      : 60 pts
C5      : 50 pts
C0      : 71 pts
outliers: 13 pts
C0  | size  71 | dist   2.62 | Known
C1  | size  68 | dist   2.55 | Known
C2  | size  60 | dist  52.78 | New Fault
C3  | size  60 | dist  51.73 | New Fault
C4  | size  60 | dist   2.59 | Known
C5  | size  50 | dist   2.85 | Known
C6  | size  54 | dist   2.90 | Known
--- Unknown ['5screws', '6screws', '7screws'] | mcs 22
C0      : 52 pts
C7      : 47 pts
C6      : 47 pts
C4      : 57 pts
C1      : 63 pts
C3      : 54 pts
C2      : 63 pts
outliers: 12 pts
C5      : 55 pts
C0  | size  52 | dist  67.68 | New Fault
C1  | size  63 | dist   2.72 | Known
C2  | size  63 | dist   2.67 | Known
C3  | size  54 | dist  52.96 | New Fault
C4  | size  57 | dist  51.70 | New Fault
C5  | size  55 | dist   2.56 | Known
C6  | size  47 | dist   2.91 | Known
C7  | size  47 | dist   2.97 | Known
--- Unknown ['5screws', '6screws', '7screws', '3_14screws'] | mcs 22
C0      : 46 pts
C4      : 58 pts
C1      : 57 pts
C6      : 44 pts
C8      : 44 pts
C5      : 49 pts
C3      : 49 pts
C2      : 48 pts
C7      : 45 pts
outliers: 10 pts
C0  | size  46 | dist  67.43 | New Fault
C1  | size  57 | dist   2.66 | Known
C2  | size  48 | dist  81.42 | New Fault
C3  | size  49 | dist  51.70 | New Fault
C4  | size  58 | dist   2.69 | Known
C5  | size  49 | dist  53.34 | New Fault
C6  | size  44 | dist   2.67 | Known
C7  | size  45 | dist   2.99 | Known
C8  | size  44 | dist   3.14 | Known
--- Unknown ['5screws', '6screws', '7screws', '3_14screws', '4_146screws'] | mcs 22
C3      : 48 pts
C9      : 43 pts
C0      : 44 pts
C8      : 41 pts
C5      : 48 pts
C1      : 41 pts
C7      : 38 pts
C4      : 49 pts
C6      : 44 pts
outliers: 11 pts
C2      : 43 pts
C0  | size  44 | dist 102.30 | New Fault
C1  | size  41 | dist  67.47 | New Fault
C2  | size  43 | dist  83.19 | New Fault
C3  | size  48 | dist   2.97 | Known
C4  | size  49 | dist  53.12 | New Fault
C5  | size  48 | dist   2.80 | Known
C6  | size  44 | dist  52.18 | New Fault
C7  | size  38 | dist   2.72 | Known
C8  | size  41 | dist   3.03 | Known
C9  | size  43 | dist   2.92 | Known
==============================
▶ mcs = 22 | conf = 0.95 | thr = 15.78
==============================
--- Test‑set validation
outliers: 3screws 7筆，4screws 6筆
C0      : 2screws 68筆
C1      : 1screws 71筆
C2      : 8screws 60筆
C3      : 4screws 50筆
C4      : 3screws 54筆
* C0  | size  68 | dist   2.55 | Known
* C1  | size  71 | dist   2.62 | Known
* C2  | size  60 | dist   2.59 | Known
* C3  | size  50 | dist   2.85 | Known
* C4  | size  54 | dist   2.90 | Known
--- Unknown ['5screws'] | mcs 22
C0      : 68 pts
C1      : 60 pts
C3      : 60 pts
C2      : 71 pts
C5      : 50 pts
C4      : 54 pts
outliers: 13 pts
C0  | size  68 | dist   2.55 | Known
C1  | size  60 | dist  52.78 | New Fault
C2  | size  71 | dist   2.62 | Known
C3  | size  60 | dist   2.59 | Known
C4  | size  54 | dist   2.90 | Known
C5  | size  50 | dist   2.85 | Known
--- Unknown ['5screws', '6screws'] | mcs 22
C3      : 60 pts
C1      : 68 pts
C6      : 54 pts
C4      : 60 pts
C2      : 60 pts
C5      : 50 pts
C0      : 71 pts
outliers: 13 pts
C0  | size  71 | dist   2.62 | Known
C1  | size  68 | dist   2.55 | Known
C2  | size  60 | dist  52.78 | New Fault
C3  | size  60 | dist  51.73 | New Fault
C4  | size  60 | dist   2.59 | Known
C5  | size  50 | dist   2.85 | Known
C6  | size  54 | dist   2.90 | Known
--- Unknown ['5screws', '6screws', '7screws'] | mcs 22
C0      : 52 pts
C7      : 47 pts
C6      : 47 pts
C4      : 57 pts
C1      : 63 pts
C3      : 54 pts
C2      : 63 pts
outliers: 12 pts
C5      : 55 pts
C0  | size  52 | dist  67.68 | New Fault
C1  | size  63 | dist   2.72 | Known
C2  | size  63 | dist   2.67 | Known
C3  | size  54 | dist  52.96 | New Fault
C4  | size  57 | dist  51.70 | New Fault
C5  | size  55 | dist   2.56 | Known
C6  | size  47 | dist   2.91 | Known
C7  | size  47 | dist   2.97 | Known
--- Unknown ['5screws', '6screws', '7screws', '3_14screws'] | mcs 22
C0      : 46 pts
C4      : 58 pts
C1      : 57 pts
C6      : 44 pts
C8      : 44 pts
C5      : 49 pts
C3      : 49 pts
C2      : 48 pts
C7      : 45 pts
outliers: 10 pts
C0  | size  46 | dist  67.43 | New Fault
C1  | size  57 | dist   2.66 | Known
C2  | size  48 | dist  81.42 | New Fault
C3  | size  49 | dist  51.70 | New Fault
C4  | size  58 | dist   2.69 | Known
C5  | size  49 | dist  53.34 | New Fault
C6  | size  44 | dist   2.67 | Known
C7  | size  45 | dist   2.99 | Known
C8  | size  44 | dist   3.14 | Known
--- Unknown ['5screws', '6screws', '7screws', '3_14screws', '4_146screws'] | mcs 22
C3      : 48 pts
C9      : 43 pts
C0      : 44 pts
C8      : 41 pts
C5      : 48 pts
C1      : 41 pts
C7      : 38 pts
C4      : 49 pts
C6      : 44 pts
outliers: 11 pts
C2      : 43 pts
C0  | size  44 | dist 102.30 | New Fault
C1  | size  41 | dist  67.47 | New Fault
C2  | size  43 | dist  83.19 | New Fault
C3  | size  48 | dist   2.97 | Known
C4  | size  49 | dist  53.12 | New Fault
C5  | size  48 | dist   2.80 | Known
C6  | size  44 | dist  52.18 | New Fault
C7  | size  38 | dist   2.72 | Known
C8  | size  41 | dist   3.03 | Known
C9  | size  43 | dist   2.92 | Known
==============================
▶ mcs = 22 | conf = 0.99 | thr = 17.47
==============================
--- Test‑set validation
outliers: 3screws 7筆，4screws 6筆
C0      : 2screws 68筆
C1      : 1screws 71筆
C2      : 8screws 60筆
C3      : 4screws 50筆
C4      : 3screws 54筆
* C0  | size  68 | dist   2.55 | Known
* C1  | size  71 | dist   2.62 | Known
* C2  | size  60 | dist   2.59 | Known
* C3  | size  50 | dist   2.85 | Known
* C4  | size  54 | dist   2.90 | Known
--- Unknown ['5screws'] | mcs 22
C0      : 68 pts
C1      : 60 pts
C3      : 60 pts
C2      : 71 pts
C5      : 50 pts
C4      : 54 pts
outliers: 13 pts
C0  | size  68 | dist   2.55 | Known
C1  | size  60 | dist  52.78 | New Fault
C2  | size  71 | dist   2.62 | Known
C3  | size  60 | dist   2.59 | Known
C4  | size  54 | dist   2.90 | Known
C5  | size  50 | dist   2.85 | Known
--- Unknown ['5screws', '6screws'] | mcs 22
C3      : 60 pts
C1      : 68 pts
C6      : 54 pts
C4      : 60 pts
C2      : 60 pts
C5      : 50 pts
C0      : 71 pts
outliers: 13 pts
C0  | size  71 | dist   2.62 | Known
C1  | size  68 | dist   2.55 | Known
C2  | size  60 | dist  52.78 | New Fault
C3  | size  60 | dist  51.73 | New Fault
C4  | size  60 | dist   2.59 | Known
C5  | size  50 | dist   2.85 | Known
C6  | size  54 | dist   2.90 | Known
--- Unknown ['5screws', '6screws', '7screws'] | mcs 22
C0      : 52 pts
C7      : 47 pts
C6      : 47 pts
C4      : 57 pts
C1      : 63 pts
C3      : 54 pts
C2      : 63 pts
outliers: 12 pts
C5      : 55 pts
C0  | size  52 | dist  67.68 | New Fault
C1  | size  63 | dist   2.72 | Known
C2  | size  63 | dist   2.67 | Known
C3  | size  54 | dist  52.96 | New Fault
C4  | size  57 | dist  51.70 | New Fault
C5  | size  55 | dist   2.56 | Known
C6  | size  47 | dist   2.91 | Known
C7  | size  47 | dist   2.97 | Known
--- Unknown ['5screws', '6screws', '7screws', '3_14screws'] | mcs 22
C0      : 46 pts
C4      : 58 pts
C1      : 57 pts
C6      : 44 pts
C8      : 44 pts
C5      : 49 pts
C3      : 49 pts
C2      : 48 pts
C7      : 45 pts
outliers: 10 pts
C0  | size  46 | dist  67.43 | New Fault
C1  | size  57 | dist   2.66 | Known
C2  | size  48 | dist  81.42 | New Fault
C3  | size  49 | dist  51.70 | New Fault
C4  | size  58 | dist   2.69 | Known
C5  | size  49 | dist  53.34 | New Fault
C6  | size  44 | dist   2.67 | Known
C7  | size  45 | dist   2.99 | Known
C8  | size  44 | dist   3.14 | Known
--- Unknown ['5screws', '6screws', '7screws', '3_14screws', '4_146screws'] | mcs 22
C3      : 48 pts
C9      : 43 pts
C0      : 44 pts
C8      : 41 pts
C5      : 48 pts
C1      : 41 pts
C7      : 38 pts
C4      : 49 pts
C6      : 44 pts
outliers: 11 pts
C2      : 43 pts
C0  | size  44 | dist 102.30 | New Fault
C1  | size  41 | dist  67.47 | New Fault
C2  | size  43 | dist  83.19 | New Fault
C3  | size  48 | dist   2.97 | Known
C4  | size  49 | dist  53.12 | New Fault
C5  | size  48 | dist   2.80 | Known
C6  | size  44 | dist  52.18 | New Fault
C7  | size  38 | dist   2.72 | Known
C8  | size  41 | dist   3.03 | Known
C9  | size  43 | dist   2.92 | Known
==============================
▶ mcs = 23 | conf = 0.9 | thr = 14.97
==============================
--- Test‑set validation
outliers: 3screws 7筆，4screws 6筆
C0      : 2screws 68筆
C1      : 1screws 71筆
C2      : 8screws 60筆
C3      : 4screws 50筆
C4      : 3screws 54筆
* C0  | size  68 | dist   2.55 | Known
* C1  | size  71 | dist   2.62 | Known
* C2  | size  60 | dist   2.59 | Known
* C3  | size  50 | dist   2.85 | Known
* C4  | size  54 | dist   2.90 | Known
--- Unknown ['5screws'] | mcs 23
C0      : 68 pts
C1      : 60 pts
C3      : 60 pts
C2      : 71 pts
C5      : 50 pts
C4      : 54 pts
outliers: 13 pts
C0  | size  68 | dist   2.55 | Known
C1  | size  60 | dist  52.78 | New Fault
C2  | size  71 | dist   2.62 | Known
C3  | size  60 | dist   2.59 | Known
C4  | size  54 | dist   2.90 | Known
C5  | size  50 | dist   2.85 | Known
--- Unknown ['5screws', '6screws'] | mcs 23
C3      : 60 pts
C1      : 68 pts
C6      : 54 pts
C4      : 60 pts
C2      : 60 pts
C5      : 50 pts
C0      : 71 pts
outliers: 13 pts
C0  | size  71 | dist   2.62 | Known
C1  | size  68 | dist   2.55 | Known
C2  | size  60 | dist  52.78 | New Fault
C3  | size  60 | dist  51.73 | New Fault
C4  | size  60 | dist   2.59 | Known
C5  | size  50 | dist   2.85 | Known
C6  | size  54 | dist   2.90 | Known
--- Unknown ['5screws', '6screws', '7screws'] | mcs 23
C0      : 52 pts
C7      : 47 pts
C6      : 47 pts
C4      : 57 pts
C1      : 63 pts
C3      : 54 pts
C2      : 63 pts
outliers: 12 pts
C5      : 55 pts
C0  | size  52 | dist  67.68 | New Fault
C1  | size  63 | dist   2.72 | Known
C2  | size  63 | dist   2.67 | Known
C3  | size  54 | dist  52.96 | New Fault
C4  | size  57 | dist  51.70 | New Fault
C5  | size  55 | dist   2.56 | Known
C6  | size  47 | dist   2.91 | Known
C7  | size  47 | dist   2.97 | Known
--- Unknown ['5screws', '6screws', '7screws', '3_14screws'] | mcs 23
C0      : 46 pts
C4      : 58 pts
C1      : 57 pts
C6      : 44 pts
C8      : 44 pts
C5      : 49 pts
C3      : 49 pts
C2      : 48 pts
C7      : 45 pts
outliers: 10 pts
C0  | size  46 | dist  67.43 | New Fault
C1  | size  57 | dist   2.66 | Known
C2  | size  48 | dist  81.42 | New Fault
C3  | size  49 | dist  51.70 | New Fault
C4  | size  58 | dist   2.69 | Known
C5  | size  49 | dist  53.34 | New Fault
C6  | size  44 | dist   2.67 | Known
C7  | size  45 | dist   2.99 | Known
C8  | size  44 | dist   3.14 | Known
--- Unknown ['5screws', '6screws', '7screws', '3_14screws', '4_146screws'] | mcs 23
C3      : 48 pts
C9      : 43 pts
C0      : 44 pts
C8      : 41 pts
C5      : 48 pts
C1      : 41 pts
C7      : 38 pts
C4      : 49 pts
C6      : 44 pts
outliers: 11 pts
C2      : 43 pts
C0  | size  44 | dist 102.30 | New Fault
C1  | size  41 | dist  67.47 | New Fault
C2  | size  43 | dist  83.19 | New Fault
C3  | size  48 | dist   2.97 | Known
C4  | size  49 | dist  53.12 | New Fault
C5  | size  48 | dist   2.80 | Known
C6  | size  44 | dist  52.18 | New Fault
C7  | size  38 | dist   2.72 | Known
C8  | size  41 | dist   3.03 | Known
C9  | size  43 | dist   2.92 | Known
==============================
▶ mcs = 23 | conf = 0.95 | thr = 15.78
==============================
--- Test‑set validation
outliers: 3screws 7筆，4screws 6筆
C0      : 2screws 68筆
C1      : 1screws 71筆
C2      : 8screws 60筆
C3      : 4screws 50筆
C4      : 3screws 54筆
* C0  | size  68 | dist   2.55 | Known
* C1  | size  71 | dist   2.62 | Known
* C2  | size  60 | dist   2.59 | Known
* C3  | size  50 | dist   2.85 | Known
* C4  | size  54 | dist   2.90 | Known
--- Unknown ['5screws'] | mcs 23
C0      : 68 pts
C1      : 60 pts
C3      : 60 pts
C2      : 71 pts
C5      : 50 pts
C4      : 54 pts
outliers: 13 pts
C0  | size  68 | dist   2.55 | Known
C1  | size  60 | dist  52.78 | New Fault
C2  | size  71 | dist   2.62 | Known
C3  | size  60 | dist   2.59 | Known
C4  | size  54 | dist   2.90 | Known
C5  | size  50 | dist   2.85 | Known
--- Unknown ['5screws', '6screws'] | mcs 23
C3      : 60 pts
C1      : 68 pts
C6      : 54 pts
C4      : 60 pts
C2      : 60 pts
C5      : 50 pts
C0      : 71 pts
outliers: 13 pts
C0  | size  71 | dist   2.62 | Known
C1  | size  68 | dist   2.55 | Known
C2  | size  60 | dist  52.78 | New Fault
C3  | size  60 | dist  51.73 | New Fault
C4  | size  60 | dist   2.59 | Known
C5  | size  50 | dist   2.85 | Known
C6  | size  54 | dist   2.90 | Known
--- Unknown ['5screws', '6screws', '7screws'] | mcs 23
C0      : 52 pts
C7      : 47 pts
C6      : 47 pts
C4      : 57 pts
C1      : 63 pts
C3      : 54 pts
C2      : 63 pts
outliers: 12 pts
C5      : 55 pts
C0  | size  52 | dist  67.68 | New Fault
C1  | size  63 | dist   2.72 | Known
C2  | size  63 | dist   2.67 | Known
C3  | size  54 | dist  52.96 | New Fault
C4  | size  57 | dist  51.70 | New Fault
C5  | size  55 | dist   2.56 | Known
C6  | size  47 | dist   2.91 | Known
C7  | size  47 | dist   2.97 | Known
--- Unknown ['5screws', '6screws', '7screws', '3_14screws'] | mcs 23
C0      : 46 pts
C4      : 58 pts
C1      : 57 pts
C6      : 44 pts
C8      : 44 pts
C5      : 49 pts
C3      : 49 pts
C2      : 48 pts
C7      : 45 pts
outliers: 10 pts
C0  | size  46 | dist  67.43 | New Fault
C1  | size  57 | dist   2.66 | Known
C2  | size  48 | dist  81.42 | New Fault
C3  | size  49 | dist  51.70 | New Fault
C4  | size  58 | dist   2.69 | Known
C5  | size  49 | dist  53.34 | New Fault
C6  | size  44 | dist   2.67 | Known
C7  | size  45 | dist   2.99 | Known
C8  | size  44 | dist   3.14 | Known
--- Unknown ['5screws', '6screws', '7screws', '3_14screws', '4_146screws'] | mcs 23
C3      : 48 pts
C9      : 43 pts
C0      : 44 pts
C8      : 41 pts
C5      : 48 pts
C1      : 41 pts
C7      : 38 pts
C4      : 49 pts
C6      : 44 pts
outliers: 11 pts
C2      : 43 pts
C0  | size  44 | dist 102.30 | New Fault
C1  | size  41 | dist  67.47 | New Fault
C2  | size  43 | dist  83.19 | New Fault
C3  | size  48 | dist   2.97 | Known
C4  | size  49 | dist  53.12 | New Fault
C5  | size  48 | dist   2.80 | Known
C6  | size  44 | dist  52.18 | New Fault
C7  | size  38 | dist   2.72 | Known
C8  | size  41 | dist   3.03 | Known
C9  | size  43 | dist   2.92 | Known
==============================
▶ mcs = 23 | conf = 0.99 | thr = 17.47
==============================
--- Test‑set validation
outliers: 3screws 7筆，4screws 6筆
C0      : 2screws 68筆
C1      : 1screws 71筆
C2      : 8screws 60筆
C3      : 4screws 50筆
C4      : 3screws 54筆
* C0  | size  68 | dist   2.55 | Known
* C1  | size  71 | dist   2.62 | Known
* C2  | size  60 | dist   2.59 | Known
* C3  | size  50 | dist   2.85 | Known
* C4  | size  54 | dist   2.90 | Known
--- Unknown ['5screws'] | mcs 23
C0      : 68 pts
C1      : 60 pts
C3      : 60 pts
C2      : 71 pts
C5      : 50 pts
C4      : 54 pts
outliers: 13 pts
C0  | size  68 | dist   2.55 | Known
C1  | size  60 | dist  52.78 | New Fault
C2  | size  71 | dist   2.62 | Known
C3  | size  60 | dist   2.59 | Known
C4  | size  54 | dist   2.90 | Known
C5  | size  50 | dist   2.85 | Known
--- Unknown ['5screws', '6screws'] | mcs 23
C3      : 60 pts
C1      : 68 pts
C6      : 54 pts
C4      : 60 pts
C2      : 60 pts
C5      : 50 pts
C0      : 71 pts
outliers: 13 pts
C0  | size  71 | dist   2.62 | Known
C1  | size  68 | dist   2.55 | Known
C2  | size  60 | dist  52.78 | New Fault
C3  | size  60 | dist  51.73 | New Fault
C4  | size  60 | dist   2.59 | Known
C5  | size  50 | dist   2.85 | Known
C6  | size  54 | dist   2.90 | Known
--- Unknown ['5screws', '6screws', '7screws'] | mcs 23
C0      : 52 pts
C7      : 47 pts
C6      : 47 pts
C4      : 57 pts
C1      : 63 pts
C3      : 54 pts
C2      : 63 pts
outliers: 12 pts
C5      : 55 pts
C0  | size  52 | dist  67.68 | New Fault
C1  | size  63 | dist   2.72 | Known
C2  | size  63 | dist   2.67 | Known
C3  | size  54 | dist  52.96 | New Fault
C4  | size  57 | dist  51.70 | New Fault
C5  | size  55 | dist   2.56 | Known
C6  | size  47 | dist   2.91 | Known
C7  | size  47 | dist   2.97 | Known
--- Unknown ['5screws', '6screws', '7screws', '3_14screws'] | mcs 23
C0      : 46 pts
C4      : 58 pts
C1      : 57 pts
C6      : 44 pts
C8      : 44 pts
C5      : 49 pts
C3      : 49 pts
C2      : 48 pts
C7      : 45 pts
outliers: 10 pts
C0  | size  46 | dist  67.43 | New Fault
C1  | size  57 | dist   2.66 | Known
C2  | size  48 | dist  81.42 | New Fault
C3  | size  49 | dist  51.70 | New Fault
C4  | size  58 | dist   2.69 | Known
C5  | size  49 | dist  53.34 | New Fault
C6  | size  44 | dist   2.67 | Known
C7  | size  45 | dist   2.99 | Known
C8  | size  44 | dist   3.14 | Known
--- Unknown ['5screws', '6screws', '7screws', '3_14screws', '4_146screws'] | mcs 23
C3      : 48 pts
C9      : 43 pts
C0      : 44 pts
C8      : 41 pts
C5      : 48 pts
C1      : 41 pts
C7      : 38 pts
C4      : 49 pts
C6      : 44 pts
outliers: 11 pts
C2      : 43 pts
C0  | size  44 | dist 102.30 | New Fault
C1  | size  41 | dist  67.47 | New Fault
C2  | size  43 | dist  83.19 | New Fault
C3  | size  48 | dist   2.97 | Known
C4  | size  49 | dist  53.12 | New Fault
C5  | size  48 | dist   2.80 | Known
C6  | size  44 | dist  52.18 | New Fault
C7  | size  38 | dist   2.72 | Known
C8  | size  41 | dist   3.03 | Known
C9  | size  43 | dist   2.92 | Known
==============================
▶ mcs = 24 | conf = 0.9 | thr = 14.97
==============================
--- Test‑set validation
outliers: 3screws 7筆，4screws 6筆
C0      : 2screws 68筆
C1      : 1screws 71筆
C2      : 8screws 60筆
C3      : 4screws 50筆
C4      : 3screws 54筆
* C0  | size  68 | dist   2.55 | Known
* C1  | size  71 | dist   2.62 | Known
* C2  | size  60 | dist   2.59 | Known
* C3  | size  50 | dist   2.85 | Known
* C4  | size  54 | dist   2.90 | Known
--- Unknown ['5screws'] | mcs 24
C0      : 68 pts
C1      : 60 pts
C3      : 60 pts
C2      : 71 pts
C5      : 50 pts
C4      : 54 pts
outliers: 13 pts
C0  | size  68 | dist   2.55 | Known
C1  | size  60 | dist  52.78 | New Fault
C2  | size  71 | dist   2.62 | Known
C3  | size  60 | dist   2.59 | Known
C4  | size  54 | dist   2.90 | Known
C5  | size  50 | dist   2.85 | Known
--- Unknown ['5screws', '6screws'] | mcs 24
C3      : 60 pts
C1      : 68 pts
C6      : 54 pts
C4      : 60 pts
C2      : 60 pts
C5      : 50 pts
C0      : 71 pts
outliers: 13 pts
C0  | size  71 | dist   2.62 | Known
C1  | size  68 | dist   2.55 | Known
C2  | size  60 | dist  52.78 | New Fault
C3  | size  60 | dist  51.73 | New Fault
C4  | size  60 | dist   2.59 | Known
C5  | size  50 | dist   2.85 | Known
C6  | size  54 | dist   2.90 | Known
--- Unknown ['5screws', '6screws', '7screws'] | mcs 24
C0      : 52 pts
C7      : 47 pts
C6      : 47 pts
C4      : 57 pts
C1      : 63 pts
C3      : 54 pts
C2      : 63 pts
outliers: 12 pts
C5      : 55 pts
C0  | size  52 | dist  67.68 | New Fault
C1  | size  63 | dist   2.72 | Known
C2  | size  63 | dist   2.67 | Known
C3  | size  54 | dist  52.96 | New Fault
C4  | size  57 | dist  51.70 | New Fault
C5  | size  55 | dist   2.56 | Known
C6  | size  47 | dist   2.91 | Known
C7  | size  47 | dist   2.97 | Known
--- Unknown ['5screws', '6screws', '7screws', '3_14screws'] | mcs 24
C0      : 46 pts
C4      : 58 pts
C1      : 57 pts
C6      : 44 pts
C8      : 44 pts
C5      : 49 pts
C3      : 49 pts
C2      : 48 pts
C7      : 45 pts
outliers: 10 pts
C0  | size  46 | dist  67.43 | New Fault
C1  | size  57 | dist   2.66 | Known
C2  | size  48 | dist  81.42 | New Fault
C3  | size  49 | dist  51.70 | New Fault
C4  | size  58 | dist   2.69 | Known
C5  | size  49 | dist  53.34 | New Fault
C6  | size  44 | dist   2.67 | Known
C7  | size  45 | dist   2.99 | Known
C8  | size  44 | dist   3.14 | Known
--- Unknown ['5screws', '6screws', '7screws', '3_14screws', '4_146screws'] | mcs 24
C3      : 48 pts
C9      : 43 pts
C0      : 44 pts
C8      : 41 pts
C5      : 48 pts
C1      : 41 pts
C7      : 38 pts
C4      : 49 pts
C6      : 44 pts
outliers: 11 pts
C2      : 43 pts
C0  | size  44 | dist 102.30 | New Fault
C1  | size  41 | dist  67.47 | New Fault
C2  | size  43 | dist  83.19 | New Fault
C3  | size  48 | dist   2.97 | Known
C4  | size  49 | dist  53.12 | New Fault
C5  | size  48 | dist   2.80 | Known
C6  | size  44 | dist  52.18 | New Fault
C7  | size  38 | dist   2.72 | Known
C8  | size  41 | dist   3.03 | Known
C9  | size  43 | dist   2.92 | Known
==============================
▶ mcs = 24 | conf = 0.95 | thr = 15.78
==============================
--- Test‑set validation
outliers: 3screws 7筆，4screws 6筆
C0      : 2screws 68筆
C1      : 1screws 71筆
C2      : 8screws 60筆
C3      : 4screws 50筆
C4      : 3screws 54筆
* C0  | size  68 | dist   2.55 | Known
* C1  | size  71 | dist   2.62 | Known
* C2  | size  60 | dist   2.59 | Known
* C3  | size  50 | dist   2.85 | Known
* C4  | size  54 | dist   2.90 | Known
--- Unknown ['5screws'] | mcs 24
C0      : 68 pts
C1      : 60 pts
C3      : 60 pts
C2      : 71 pts
C5      : 50 pts
C4      : 54 pts
outliers: 13 pts
C0  | size  68 | dist   2.55 | Known
C1  | size  60 | dist  52.78 | New Fault
C2  | size  71 | dist   2.62 | Known
C3  | size  60 | dist   2.59 | Known
C4  | size  54 | dist   2.90 | Known
C5  | size  50 | dist   2.85 | Known
--- Unknown ['5screws', '6screws'] | mcs 24
C3      : 60 pts
C1      : 68 pts
C6      : 54 pts
C4      : 60 pts
C2      : 60 pts
C5      : 50 pts
C0      : 71 pts
outliers: 13 pts
C0  | size  71 | dist   2.62 | Known
C1  | size  68 | dist   2.55 | Known
C2  | size  60 | dist  52.78 | New Fault
C3  | size  60 | dist  51.73 | New Fault
C4  | size  60 | dist   2.59 | Known
C5  | size  50 | dist   2.85 | Known
C6  | size  54 | dist   2.90 | Known
--- Unknown ['5screws', '6screws', '7screws'] | mcs 24
C0      : 52 pts
C7      : 47 pts
C6      : 47 pts
C4      : 57 pts
C1      : 63 pts
C3      : 54 pts
C2      : 63 pts
outliers: 12 pts
C5      : 55 pts
C0  | size  52 | dist  67.68 | New Fault
C1  | size  63 | dist   2.72 | Known
C2  | size  63 | dist   2.67 | Known
C3  | size  54 | dist  52.96 | New Fault
C4  | size  57 | dist  51.70 | New Fault
C5  | size  55 | dist   2.56 | Known
C6  | size  47 | dist   2.91 | Known
C7  | size  47 | dist   2.97 | Known
--- Unknown ['5screws', '6screws', '7screws', '3_14screws'] | mcs 24
C0      : 46 pts
C4      : 58 pts
C1      : 57 pts
C6      : 44 pts
C8      : 44 pts
C5      : 49 pts
C3      : 49 pts
C2      : 48 pts
C7      : 45 pts
outliers: 10 pts
C0  | size  46 | dist  67.43 | New Fault
C1  | size  57 | dist   2.66 | Known
C2  | size  48 | dist  81.42 | New Fault
C3  | size  49 | dist  51.70 | New Fault
C4  | size  58 | dist   2.69 | Known
C5  | size  49 | dist  53.34 | New Fault
C6  | size  44 | dist   2.67 | Known
C7  | size  45 | dist   2.99 | Known
C8  | size  44 | dist   3.14 | Known
--- Unknown ['5screws', '6screws', '7screws', '3_14screws', '4_146screws'] | mcs 24
C3      : 48 pts
C9      : 43 pts
C0      : 44 pts
C8      : 41 pts
C5      : 48 pts
C1      : 41 pts
C7      : 38 pts
C4      : 49 pts
C6      : 44 pts
outliers: 11 pts
C2      : 43 pts
C0  | size  44 | dist 102.30 | New Fault
C1  | size  41 | dist  67.47 | New Fault
C2  | size  43 | dist  83.19 | New Fault
C3  | size  48 | dist   2.97 | Known
C4  | size  49 | dist  53.12 | New Fault
C5  | size  48 | dist   2.80 | Known
C6  | size  44 | dist  52.18 | New Fault
C7  | size  38 | dist   2.72 | Known
C8  | size  41 | dist   3.03 | Known
C9  | size  43 | dist   2.92 | Known
==============================
▶ mcs = 24 | conf = 0.99 | thr = 17.47
==============================
--- Test‑set validation
outliers: 3screws 7筆，4screws 6筆
C0      : 2screws 68筆
C1      : 1screws 71筆
C2      : 8screws 60筆
C3      : 4screws 50筆
C4      : 3screws 54筆
* C0  | size  68 | dist   2.55 | Known
* C1  | size  71 | dist   2.62 | Known
* C2  | size  60 | dist   2.59 | Known
* C3  | size  50 | dist   2.85 | Known
* C4  | size  54 | dist   2.90 | Known
--- Unknown ['5screws'] | mcs 24
C0      : 68 pts
C1      : 60 pts
C3      : 60 pts
C2      : 71 pts
C5      : 50 pts
C4      : 54 pts
outliers: 13 pts
C0  | size  68 | dist   2.55 | Known
C1  | size  60 | dist  52.78 | New Fault
C2  | size  71 | dist   2.62 | Known
C3  | size  60 | dist   2.59 | Known
C4  | size  54 | dist   2.90 | Known
C5  | size  50 | dist   2.85 | Known
--- Unknown ['5screws', '6screws'] | mcs 24
C3      : 60 pts
C1      : 68 pts
C6      : 54 pts
C4      : 60 pts
C2      : 60 pts
C5      : 50 pts
C0      : 71 pts
outliers: 13 pts
C0  | size  71 | dist   2.62 | Known
C1  | size  68 | dist   2.55 | Known
C2  | size  60 | dist  52.78 | New Fault
C3  | size  60 | dist  51.73 | New Fault
C4  | size  60 | dist   2.59 | Known
C5  | size  50 | dist   2.85 | Known
C6  | size  54 | dist   2.90 | Known
--- Unknown ['5screws', '6screws', '7screws'] | mcs 24
C0      : 52 pts
C7      : 47 pts
C6      : 47 pts
C4      : 57 pts
C1      : 63 pts
C3      : 54 pts
C2      : 63 pts
outliers: 12 pts
C5      : 55 pts
C0  | size  52 | dist  67.68 | New Fault
C1  | size  63 | dist   2.72 | Known
C2  | size  63 | dist   2.67 | Known
C3  | size  54 | dist  52.96 | New Fault
C4  | size  57 | dist  51.70 | New Fault
C5  | size  55 | dist   2.56 | Known
C6  | size  47 | dist   2.91 | Known
C7  | size  47 | dist   2.97 | Known
--- Unknown ['5screws', '6screws', '7screws', '3_14screws'] | mcs 24
C0      : 46 pts
C4      : 58 pts
C1      : 57 pts
C6      : 44 pts
C8      : 44 pts
C5      : 49 pts
C3      : 49 pts
C2      : 48 pts
C7      : 45 pts
outliers: 10 pts
C0  | size  46 | dist  67.43 | New Fault
C1  | size  57 | dist   2.66 | Known
C2  | size  48 | dist  81.42 | New Fault
C3  | size  49 | dist  51.70 | New Fault
C4  | size  58 | dist   2.69 | Known
C5  | size  49 | dist  53.34 | New Fault
C6  | size  44 | dist   2.67 | Known
C7  | size  45 | dist   2.99 | Known
C8  | size  44 | dist   3.14 | Known
--- Unknown ['5screws', '6screws', '7screws', '3_14screws', '4_146screws'] | mcs 24
C3      : 48 pts
C9      : 43 pts
C0      : 44 pts
C8      : 41 pts
C5      : 48 pts
C1      : 41 pts
C7      : 38 pts
C4      : 49 pts
C6      : 44 pts
outliers: 11 pts
C2      : 43 pts
C0  | size  44 | dist 102.30 | New Fault
C1  | size  41 | dist  67.47 | New Fault
C2  | size  43 | dist  83.19 | New Fault
C3  | size  48 | dist   2.97 | Known
C4  | size  49 | dist  53.12 | New Fault
C5  | size  48 | dist   2.80 | Known
C6  | size  44 | dist  52.18 | New Fault
C7  | size  38 | dist   2.72 | Known
C8  | size  41 | dist   3.03 | Known
C9  | size  43 | dist   2.92 | Known
