2026-08-05 16:18:38 | INFO  | Logger initialized
2026-08-05 16:18:38 | INFO  | log_file=/home/albert/Ancestor/logs/Step4_Model_03_Detecting/2026-08-05-16-18-38.log
2026-08-05 16:18:38 | INFO  | output_dir=/home/albert/Ancestor/output/Step4_Model_03_Detecting/2026-08-05-16-18-38
=== 1. Loading training data ===
✔️ Train : (1182, 105)  |  Test : (296, 105)
==============================
▶ mcs = 25 | conf = 0.9 | thr = 7.79
==============================
--- Test‑set validation
C0      : 1screws 70筆
C1      : 8screws 63筆
C2      : 3screws 48筆
C3      : 2screws 58筆
C4      : 4screws 57筆
* C0  | size  70 | dist   2.02 | Known
* C1  | size  63 | dist   2.05 | Known
* C2  | size  48 | dist   2.85 | Known
* C3  | size  58 | dist   2.19 | Known
* C4  | size  57 | dist   2.22 | Known
--- Unknown ['5screws'] | mcs 25
C5      : 52 pts
C2      : 58 pts
C0      : 70 pts
C3      : 48 pts
outliers: 7 pts
C4      : 58 pts
C1      : 63 pts
C0  | size  70 | dist   2.02 | Known
C1  | size  63 | dist   2.05 | Known
C2  | size  58 | dist   2.19 | Known
C3  | size  48 | dist   2.85 | Known
C4  | size  58 | dist  15.05 | New Fault
C5  | size  52 | dist   2.35 | Known
--- Unknown ['5screws', '6screws'] | mcs 25
C0      : 70 pts
C2      : 58 pts
C4      : 55 pts
C1      : 63 pts
C5      : 53 pts
C3      : 48 pts
C6      : 57 pts
outliers: 12 pts
C0  | size  70 | dist   2.02 | Known
C1  | size  63 | dist   2.05 | Known
C2  | size  58 | dist   2.19 | Known
C3  | size  48 | dist   2.85 | Known
C4  | size  55 | dist  15.95 | New Fault
C5  | size  53 | dist   2.39 | Known
C6  | size  57 | dist  15.16 | New Fault
--- Unknown ['5screws', '6screws', '7screws'] | mcs 25
C2      : 57 pts
C3      : 55 pts
C0      : 68 pts
C1      : 57 pts
C6      : 52 pts
C4      : 46 pts
C7      : 53 pts
C5      : 51 pts
outliers: 11 pts
C0  | size  68 | dist   2.01 | Known
C1  | size  57 | dist   2.06 | Known
C2  | size  57 | dist  41.50 | New Fault
C3  | size  55 | dist   2.16 | Known
C4  | size  46 | dist   2.79 | Known
C5  | size  51 | dist  15.96 | New Fault
C6  | size  52 | dist   2.39 | Known
C7  | size  53 | dist  15.24 | New Fault
--- Unknown ['5screws', '6screws', '7screws', '3_14screws'] | mcs 25
C6      : 40 pts
C0      : 60 pts
C8      : 52 pts
C1      : 48 pts
C5      : 45 pts
C7      : 34 pts
outliers: 34 pts
C2      : 47 pts
C4      : 46 pts
C3      : 44 pts
C0  | size  60 | dist   1.97 | Known
C1  | size  48 | dist   2.08 | Known
C2  | size  47 | dist  41.56 | New Fault
C3  | size  44 | dist   2.98 | Known
C4  | size  46 | dist  16.03 | New Fault
C5  | size  45 | dist  14.94 | New Fault
C6  | size  40 | dist   2.45 | Known
C7  | size  34 | dist  14.03 | New Fault
C8  | size  52 | dist   2.15 | Known
--- Unknown ['5screws', '6screws', '7screws', '3_14screws', '4_146screws'] | mcs 25
C0      : 53 pts
C5      : 88 pts
C2      : 44 pts
C7      : 48 pts
C6      : 41 pts
C3      : 46 pts
C1      : 42 pts
C4      : 39 pts
C8      : 40 pts
outliers: 9 pts
C0  | size  53 | dist   1.99 | Known
C1  | size  42 | dist   2.17 | Known
C2  | size  44 | dist  41.72 | New Fault
C3  | size  46 | dist  45.08 | New Fault
C4  | size  39 | dist   3.15 | Known
C5  | size  88 | dist   7.31 | Known
C6  | size  41 | dist  16.01 | New Fault
C7  | size  48 | dist  15.10 | New Fault
C8  | size  40 | dist   2.47 | Known
==============================
▶ mcs = 25 | conf = 0.95 | thr = 8.62
==============================
--- Test‑set validation
C0      : 1screws 70筆
C1      : 8screws 63筆
C2      : 3screws 48筆
C3      : 2screws 58筆
C4      : 4screws 57筆
* C0  | size  70 | dist   2.02 | Known
* C1  | size  63 | dist   2.05 | Known
* C2  | size  48 | dist   2.85 | Known
* C3  | size  58 | dist   2.19 | Known
* C4  | size  57 | dist   2.22 | Known
--- Unknown ['5screws'] | mcs 25
C5      : 52 pts
C2      : 58 pts
C0      : 70 pts
C3      : 48 pts
outliers: 7 pts
C4      : 58 pts
C1      : 63 pts
C0  | size  70 | dist   2.02 | Known
C1  | size  63 | dist   2.05 | Known
C2  | size  58 | dist   2.19 | Known
C3  | size  48 | dist   2.85 | Known
C4  | size  58 | dist  15.05 | New Fault
C5  | size  52 | dist   2.35 | Known
--- Unknown ['5screws', '6screws'] | mcs 25
C0      : 70 pts
C2      : 58 pts
C4      : 55 pts
C1      : 63 pts
C5      : 53 pts
C3      : 48 pts
C6      : 57 pts
outliers: 12 pts
C0  | size  70 | dist   2.02 | Known
C1  | size  63 | dist   2.05 | Known
C2  | size  58 | dist   2.19 | Known
C3  | size  48 | dist   2.85 | Known
C4  | size  55 | dist  15.95 | New Fault
C5  | size  53 | dist   2.39 | Known
C6  | size  57 | dist  15.16 | New Fault
--- Unknown ['5screws', '6screws', '7screws'] | mcs 25
C2      : 57 pts
C3      : 55 pts
C0      : 68 pts
C1      : 57 pts
C6      : 52 pts
C4      : 46 pts
C7      : 53 pts
C5      : 51 pts
outliers: 11 pts
C0  | size  68 | dist   2.01 | Known
C1  | size  57 | dist   2.06 | Known
C2  | size  57 | dist  41.50 | New Fault
C3  | size  55 | dist   2.16 | Known
C4  | size  46 | dist   2.79 | Known
C5  | size  51 | dist  15.96 | New Fault
C6  | size  52 | dist   2.39 | Known
C7  | size  53 | dist  15.24 | New Fault
--- Unknown ['5screws', '6screws', '7screws', '3_14screws'] | mcs 25
C6      : 40 pts
C0      : 60 pts
C8      : 52 pts
C1      : 48 pts
C5      : 45 pts
C7      : 34 pts
outliers: 34 pts
C2      : 47 pts
C4      : 46 pts
C3      : 44 pts
C0  | size  60 | dist   1.97 | Known
C1  | size  48 | dist   2.08 | Known
C2  | size  47 | dist  41.56 | New Fault
C3  | size  44 | dist   2.98 | Known
C4  | size  46 | dist  16.03 | New Fault
C5  | size  45 | dist  14.94 | New Fault
C6  | size  40 | dist   2.45 | Known
C7  | size  34 | dist  14.03 | New Fault
C8  | size  52 | dist   2.15 | Known
--- Unknown ['5screws', '6screws', '7screws', '3_14screws', '4_146screws'] | mcs 25
C0      : 53 pts
C5      : 88 pts
C2      : 44 pts
C7      : 48 pts
C6      : 41 pts
C3      : 46 pts
C1      : 42 pts
C4      : 39 pts
C8      : 40 pts
outliers: 9 pts
C0  | size  53 | dist   1.99 | Known
C1  | size  42 | dist   2.17 | Known
C2  | size  44 | dist  41.72 | New Fault
C3  | size  46 | dist  45.08 | New Fault
C4  | size  39 | dist   3.15 | Known
C5  | size  88 | dist   7.31 | Known
C6  | size  41 | dist  16.01 | New Fault
C7  | size  48 | dist  15.10 | New Fault
C8  | size  40 | dist   2.47 | Known
==============================
▶ mcs = 25 | conf = 0.99 | thr = 11.27
==============================
--- Test‑set validation
C0      : 1screws 70筆
C1      : 8screws 63筆
C2      : 3screws 48筆
C3      : 2screws 58筆
C4      : 4screws 57筆
* C0  | size  70 | dist   2.02 | Known
* C1  | size  63 | dist   2.05 | Known
* C2  | size  48 | dist   2.85 | Known
* C3  | size  58 | dist   2.19 | Known
* C4  | size  57 | dist   2.22 | Known
--- Unknown ['5screws'] | mcs 25
C5      : 52 pts
C2      : 58 pts
C0      : 70 pts
C3      : 48 pts
outliers: 7 pts
C4      : 58 pts
C1      : 63 pts
C0  | size  70 | dist   2.02 | Known
C1  | size  63 | dist   2.05 | Known
C2  | size  58 | dist   2.19 | Known
C3  | size  48 | dist   2.85 | Known
C4  | size  58 | dist  15.05 | New Fault
C5  | size  52 | dist   2.35 | Known
--- Unknown ['5screws', '6screws'] | mcs 25
C0      : 70 pts
C2      : 58 pts
C4      : 55 pts
C1      : 63 pts
C5      : 53 pts
C3      : 48 pts
C6      : 57 pts
outliers: 12 pts
C0  | size  70 | dist   2.02 | Known
C1  | size  63 | dist   2.05 | Known
C2  | size  58 | dist   2.19 | Known
C3  | size  48 | dist   2.85 | Known
C4  | size  55 | dist  15.95 | New Fault
C5  | size  53 | dist   2.39 | Known
C6  | size  57 | dist  15.16 | New Fault
--- Unknown ['5screws', '6screws', '7screws'] | mcs 25
C2      : 57 pts
C3      : 55 pts
C0      : 68 pts
C1      : 57 pts
C6      : 52 pts
C4      : 46 pts
C7      : 53 pts
C5      : 51 pts
outliers: 11 pts
C0  | size  68 | dist   2.01 | Known
C1  | size  57 | dist   2.06 | Known
C2  | size  57 | dist  41.50 | New Fault
C3  | size  55 | dist   2.16 | Known
C4  | size  46 | dist   2.79 | Known
C5  | size  51 | dist  15.96 | New Fault
C6  | size  52 | dist   2.39 | Known
C7  | size  53 | dist  15.24 | New Fault
--- Unknown ['5screws', '6screws', '7screws', '3_14screws'] | mcs 25
C6      : 40 pts
C0      : 60 pts
C8      : 52 pts
C1      : 48 pts
C5      : 45 pts
C7      : 34 pts
outliers: 34 pts
C2      : 47 pts
C4      : 46 pts
C3      : 44 pts
C0  | size  60 | dist   1.97 | Known
C1  | size  48 | dist   2.08 | Known
C2  | size  47 | dist  41.56 | New Fault
C3  | size  44 | dist   2.98 | Known
C4  | size  46 | dist  16.03 | New Fault
C5  | size  45 | dist  14.94 | New Fault
C6  | size  40 | dist   2.45 | Known
C7  | size  34 | dist  14.03 | New Fault
C8  | size  52 | dist   2.15 | Known
--- Unknown ['5screws', '6screws', '7screws', '3_14screws', '4_146screws'] | mcs 25
C0      : 53 pts
C5      : 88 pts
C2      : 44 pts
C7      : 48 pts
C6      : 41 pts
C3      : 46 pts
C1      : 42 pts
C4      : 39 pts
C8      : 40 pts
outliers: 9 pts
C0  | size  53 | dist   1.99 | Known
C1  | size  42 | dist   2.17 | Known
C2  | size  44 | dist  41.72 | New Fault
C3  | size  46 | dist  45.08 | New Fault
C4  | size  39 | dist   3.15 | Known
C5  | size  88 | dist   7.31 | Known
C6  | size  41 | dist  16.01 | New Fault
C7  | size  48 | dist  15.10 | New Fault
C8  | size  40 | dist   2.47 | Known
