2026-08-05 15:39:46 | INFO  | Logger initialized
2026-08-05 15:39:46 | INFO  | log_file=/home/albert/Ancestor/logs/Step3_Model_10_OneStage/2026-08-05-15-39-46.log
2026-08-05 15:39:46 | INFO  | output_dir=/home/albert/Ancestor/output/Step3_Model_10_OneStage/2026-08-05-15-39-46
[gpu_utils] GPU x1 已啟用：['/physical_device:GPU:0']
自訂 Label Mapping:
8screws: 0
1screws: 1
2screws: 2
3screws: 3
4screws: 4
模型已成功載入。
Model 2 - Layer 0: input_layer | Trainable: False
Model 2 - Layer 1: conv1d | Trainable: False
Model 2 - Layer 2: conv1d_1 | Trainable: False
Model 2 - Layer 3: max_pooling1d | Trainable: False
Model 2 - Layer 4: conv1d_2 | Trainable: False
Model 2 - Layer 5: max_pooling1d_1 | Trainable: False
Model 2 - Layer 6: conv1d_3 | Trainable: True
Model 2 - Layer 7: max_pooling1d_2 | Trainable: True
Model 2 - Layer 8: flatten | Trainable: True
Model 2 - Layer 9: dense | Trainable: True
Model 2 - Layer 10: dropout | Trainable: True
Model 2 - Layer 11: Screw_Number_Output | Trainable: True
[Training] Device: /GPU:0
Epoch 1/100
75/75 31ms/step accuracy=0.0601 loss=9.5001
75/75 53ms/step accuracy=0.0752 loss=7.8315 val_accuracy=0.0706 val_loss=4.1112
Epoch 2/100
75/75 4ms/step accuracy=0.2143 loss=3.2517 val_accuracy=0.3630 val_loss=1.5602
Epoch 3/100
75/75 6ms/step accuracy=0.4092 loss=1.4566 val_accuracy=0.5630 val_loss=0.8549
Epoch 4/100
75/75 4ms/step accuracy=0.5693 loss=0.9819 val_accuracy=0.7210 val_loss=0.6443
Epoch 5/100
75/75 5ms/step accuracy=0.6492 loss=0.8199 val_accuracy=0.8286 val_loss=0.5235
Epoch 6/100
75/75 4ms/step accuracy=0.6824 loss=0.7435 val_accuracy=0.8824 val_loss=0.4452
Epoch 7/100
75/75 5ms/step accuracy=0.7235 loss=0.6807 val_accuracy=0.9126 val_loss=0.3924
Epoch 8/100
75/75 4ms/step accuracy=0.7538 loss=0.6058 val_accuracy=0.9580 val_loss=0.3464
Epoch 9/100
75/75 5ms/step accuracy=0.7655 loss=0.6000 val_accuracy=0.9630 val_loss=0.3130
Epoch 10/100
75/75 4ms/step accuracy=0.7983 loss=0.5480 val_accuracy=0.9664 val_loss=0.2881
Epoch 11/100
75/75 5ms/step accuracy=0.8092 loss=0.4994 val_accuracy=0.9748 val_loss=0.2603
Epoch 12/100
75/75 4ms/step accuracy=0.7958 loss=0.4936 val_accuracy=0.9782 val_loss=0.2398
Epoch 13/100
75/75 5ms/step accuracy=0.8277 loss=0.4642 val_accuracy=0.9849 val_loss=0.2229
Epoch 14/100
75/75 4ms/step accuracy=0.8214 loss=0.4543 val_accuracy=0.9849 val_loss=0.2066
Epoch 15/100
75/75 5ms/step accuracy=0.8206 loss=0.4365 val_accuracy=0.9849 val_loss=0.1905
Epoch 16/100
75/75 4ms/step accuracy=0.8378 loss=0.4040 val_accuracy=0.9866 val_loss=0.1775
Epoch 17/100
75/75 5ms/step accuracy=0.8357 loss=0.3988 val_accuracy=0.9899 val_loss=0.1653
Epoch 18/100
75/75 4ms/step accuracy=0.8420 loss=0.3743 val_accuracy=0.9916 val_loss=0.1520
Epoch 19/100
75/75 5ms/step accuracy=0.8403 loss=0.3623 val_accuracy=0.9916 val_loss=0.1437
Epoch 20/100
75/75 4ms/step accuracy=0.8408 loss=0.3706 val_accuracy=0.9933 val_loss=0.1368
Epoch 21/100
75/75 5ms/step accuracy=0.8462 loss=0.3509 val_accuracy=0.9933 val_loss=0.1283
Epoch 22/100
75/75 4ms/step accuracy=0.8403 loss=0.3379 val_accuracy=0.9933 val_loss=0.1204
Epoch 23/100
75/75 5ms/step accuracy=0.8534 loss=0.3163 val_accuracy=0.9933 val_loss=0.1121
Epoch 24/100
75/75 4ms/step accuracy=0.8458 loss=0.3174 val_accuracy=0.9950 val_loss=0.1053
Epoch 25/100
75/75 5ms/step accuracy=0.8542 loss=0.3021 val_accuracy=0.9933 val_loss=0.1006
Epoch 26/100
75/75 4ms/step accuracy=0.8609 loss=0.3085 val_accuracy=0.9950 val_loss=0.0918
Epoch 27/100
75/75 5ms/step accuracy=0.8710 loss=0.2856 val_accuracy=0.9950 val_loss=0.0843
Epoch 28/100
75/75 4ms/step accuracy=0.8773 loss=0.2833 val_accuracy=0.9950 val_loss=0.0808
Epoch 29/100
75/75 5ms/step accuracy=0.8891 loss=0.2745 val_accuracy=0.9966 val_loss=0.0752
Epoch 30/100
75/75 4ms/step accuracy=0.8924 loss=0.2535 val_accuracy=0.9966 val_loss=0.0713
Epoch 31/100
75/75 5ms/step accuracy=0.8857 loss=0.2661 val_accuracy=0.9966 val_loss=0.0677
Epoch 32/100
75/75 4ms/step accuracy=0.8945 loss=0.2417 val_accuracy=0.9966 val_loss=0.0619
Epoch 33/100
75/75 5ms/step accuracy=0.8933 loss=0.2462 val_accuracy=0.9966 val_loss=0.0585
Epoch 34/100
75/75 4ms/step accuracy=0.8962 loss=0.2425 val_accuracy=0.9983 val_loss=0.0545
Epoch 35/100
75/75 5ms/step accuracy=0.8966 loss=0.2283 val_accuracy=0.9983 val_loss=0.0504
Epoch 36/100
75/75 4ms/step accuracy=0.9000 loss=0.2273 val_accuracy=0.9983 val_loss=0.0478
Epoch 37/100
75/75 5ms/step accuracy=0.8996 loss=0.2282 val_accuracy=0.9983 val_loss=0.0439
Epoch 38/100
75/75 4ms/step accuracy=0.8979 loss=0.2281 val_accuracy=0.9983 val_loss=0.0406
Epoch 39/100
75/75 5ms/step accuracy=0.8937 loss=0.2186 val_accuracy=0.9983 val_loss=0.0395
Epoch 40/100
75/75 4ms/step accuracy=0.9050 loss=0.2108 val_accuracy=0.9983 val_loss=0.0358
Epoch 41/100
75/75 5ms/step accuracy=0.9034 loss=0.2138 val_accuracy=0.9983 val_loss=0.0342
Epoch 42/100
75/75 4ms/step accuracy=0.9118 loss=0.2062 val_accuracy=0.9983 val_loss=0.0325
Epoch 43/100
75/75 5ms/step accuracy=0.9084 loss=0.1990 val_accuracy=0.9983 val_loss=0.0300
Epoch 44/100
75/75 4ms/step accuracy=0.9055 loss=0.2001 val_accuracy=0.9983 val_loss=0.0285
Epoch 45/100
75/75 5ms/step accuracy=0.9113 loss=0.1923 val_accuracy=0.9983 val_loss=0.0262
Epoch 46/100
75/75 4ms/step accuracy=0.9151 loss=0.1808 val_accuracy=0.9983 val_loss=0.0235
Epoch 47/100
75/75 5ms/step accuracy=0.9227 loss=0.1750 val_accuracy=0.9983 val_loss=0.0200
Epoch 48/100
75/75 4ms/step accuracy=0.9340 loss=0.1547 val_accuracy=0.9983 val_loss=0.0180
Epoch 49/100
75/75 5ms/step accuracy=0.9307 loss=0.1625 val_accuracy=1.0000 val_loss=0.0153
Epoch 50/100
75/75 4ms/step accuracy=0.9269 loss=0.1654 val_accuracy=1.0000 val_loss=0.0146
Epoch 51/100
75/75 5ms/step accuracy=0.9307 loss=0.1498 val_accuracy=1.0000 val_loss=0.0129
Epoch 52/100
75/75 4ms/step accuracy=0.9303 loss=0.1482 val_accuracy=0.9983 val_loss=0.0121
Epoch 53/100
75/75 5ms/step accuracy=0.9370 loss=0.1495 val_accuracy=0.9983 val_loss=0.0113
Epoch 54/100
75/75 5ms/step accuracy=0.9412 loss=0.1287 val_accuracy=1.0000 val_loss=0.0093
Epoch 55/100
75/75 4ms/step accuracy=0.9433 loss=0.1301 val_accuracy=1.0000 val_loss=0.0084
Epoch 56/100
75/75 5ms/step accuracy=0.9403 loss=0.1290 val_accuracy=1.0000 val_loss=0.0078
Epoch 57/100
75/75 4ms/step accuracy=0.9408 loss=0.1249 val_accuracy=1.0000 val_loss=0.0068
Epoch 58/100
75/75 5ms/step accuracy=0.9462 loss=0.1221 val_accuracy=1.0000 val_loss=0.0064
Epoch 59/100
75/75 4ms/step accuracy=0.9429 loss=0.1197 val_accuracy=1.0000 val_loss=0.0062
Epoch 60/100
75/75 2ms/step accuracy=0.9468 loss=0.1174
75/75 5ms/step accuracy=0.9403 loss=0.1227 val_accuracy=1.0000 val_loss=0.0057
Epoch 61/100
75/75 4ms/step accuracy=0.9471 loss=0.1119 val_accuracy=1.0000 val_loss=0.0048
Epoch 62/100
75/75 5ms/step accuracy=0.9374 loss=0.1212 val_accuracy=1.0000 val_loss=0.0048
Epoch 63/100
75/75 4ms/step accuracy=0.9521 loss=0.1032 val_accuracy=1.0000 val_loss=0.0047
Epoch 64/100
75/75 5ms/step accuracy=0.9517 loss=0.0996 val_accuracy=1.0000 val_loss=0.0040
Epoch 65/100
75/75 4ms/step accuracy=0.9525 loss=0.1011 val_accuracy=1.0000 val_loss=0.0038
Epoch 66/100
75/75 5ms/step accuracy=0.9626 loss=0.0787 val_accuracy=1.0000 val_loss=0.0034
Epoch 67/100
75/75 4ms/step accuracy=0.9559 loss=0.0905 val_accuracy=1.0000 val_loss=0.0030
Epoch 68/100
75/75 5ms/step accuracy=0.9525 loss=0.0920 val_accuracy=1.0000 val_loss=0.0028
Epoch 69/100
75/75 4ms/step accuracy=0.9496 loss=0.1009 val_accuracy=1.0000 val_loss=0.0025
Epoch 70/100
75/75 5ms/step accuracy=0.9521 loss=0.0957 val_accuracy=1.0000 val_loss=0.0024
Epoch 71/100
75/75 4ms/step accuracy=0.9542 loss=0.0883 val_accuracy=1.0000 val_loss=0.0022
Epoch 72/100
75/75 5ms/step accuracy=0.9462 loss=0.1004 val_accuracy=1.0000 val_loss=0.0021
Epoch 73/100
75/75 4ms/step accuracy=0.9517 loss=0.0915 val_accuracy=1.0000 val_loss=0.0019
Epoch 74/100
75/75 5ms/step accuracy=0.9588 loss=0.0758 val_accuracy=1.0000 val_loss=0.0017
Epoch 75/100
75/75 4ms/step accuracy=0.9504 loss=0.0863 val_accuracy=1.0000 val_loss=0.0015
Epoch 76/100
75/75 5ms/step accuracy=0.9492 loss=0.0881 val_accuracy=1.0000 val_loss=0.0014
Epoch 77/100
75/75 4ms/step accuracy=0.9647 loss=0.0739 val_accuracy=1.0000 val_loss=0.0013
Epoch 78/100
75/75 5ms/step accuracy=0.9630 loss=0.0853 val_accuracy=1.0000 val_loss=0.0013
Epoch 79/100
75/75 4ms/step accuracy=0.9685 loss=0.0779 val_accuracy=1.0000 val_loss=0.0012
Epoch 80/100
75/75 5ms/step accuracy=0.9672 loss=0.0798 val_accuracy=1.0000 val_loss=0.0012
Epoch 81/100
75/75 4ms/step accuracy=0.9723 loss=0.0701 val_accuracy=1.0000 val_loss=9.7792e-04
Epoch 82/100
75/75 5ms/step accuracy=0.9731 loss=0.0712 val_accuracy=1.0000 val_loss=8.6074e-04
Epoch 83/100
75/75 4ms/step accuracy=0.9685 loss=0.0734 val_accuracy=1.0000 val_loss=8.8547e-04
Epoch 84/100
75/75 5ms/step accuracy=0.9664 loss=0.0777 val_accuracy=1.0000 val_loss=8.4460e-04
Epoch 85/100
75/75 4ms/step accuracy=0.9672 loss=0.0783 val_accuracy=1.0000 val_loss=7.9224e-04
Epoch 86/100
75/75 5ms/step accuracy=0.9693 loss=0.0701 val_accuracy=1.0000 val_loss=7.1686e-04
Epoch 87/100
75/75 4ms/step accuracy=0.9761 loss=0.0615 val_accuracy=1.0000 val_loss=6.4814e-04
Epoch 88/100
75/75 5ms/step accuracy=0.9723 loss=0.0635 val_accuracy=1.0000 val_loss=5.8482e-04
Epoch 89/100
75/75 4ms/step accuracy=0.9676 loss=0.0704 val_accuracy=1.0000 val_loss=5.1567e-04
Epoch 90/100
75/75 5ms/step accuracy=0.9710 loss=0.0676 val_accuracy=1.0000 val_loss=4.3483e-04
Epoch 91/100
75/75 4ms/step accuracy=0.9765 loss=0.0603 val_accuracy=1.0000 val_loss=3.8991e-04
Epoch 92/100
75/75 5ms/step accuracy=0.9693 loss=0.0672 val_accuracy=1.0000 val_loss=3.5234e-04
Epoch 93/100
75/75 4ms/step accuracy=0.9739 loss=0.0615 val_accuracy=1.0000 val_loss=3.0739e-04
Epoch 94/100
75/75 5ms/step accuracy=0.9828 loss=0.0531 val_accuracy=1.0000 val_loss=2.8894e-04
Epoch 95/100
75/75 4ms/step accuracy=0.9828 loss=0.0505 val_accuracy=1.0000 val_loss=2.3504e-04
Epoch 96/100
75/75 5ms/step accuracy=0.9777 loss=0.0546 val_accuracy=1.0000 val_loss=2.3141e-04
Epoch 97/100
75/75 4ms/step accuracy=0.9798 loss=0.0492 val_accuracy=1.0000 val_loss=1.9383e-04
Epoch 98/100
75/75 5ms/step accuracy=0.9761 loss=0.0550 val_accuracy=1.0000 val_loss=1.6706e-04
Epoch 99/100
75/75 4ms/step accuracy=0.9819 loss=0.0466 val_accuracy=1.0000 val_loss=1.4800e-04
Epoch 100/100
75/75 4ms/step accuracy=0.9782 loss=0.0457 val_accuracy=1.0000 val_loss=1.4994e-04
19/19 3ms/step accuracy=1.0000 loss=1.4800e-04
Loss: 0.0001, Accuracy: 1.0000
2026-08-05 15:40:31 | INFO  | Saved plot: /home/albert/Ancestor/output/Step3_Model_10_OneStage/2026-08-05-15-39-46/plot_000.png
2026-08-05 15:40:31 | INFO  | Saved plot: /home/albert/Ancestor/output/Step3_Model_10_OneStage/2026-08-05-15-39-46/plot_001.png
2026-08-05 15:40:32 | INFO  | Saved plot: /home/albert/Ancestor/output/Step3_Model_10_OneStage/2026-08-05-15-39-46/plot_002.png
