2026-08-05 17:09:01 | INFO  | Logger initialized
2026-08-05 17:09:01 | INFO  | log_file=/home/albert/Ancestor/logs/Step6_Model_22_Retrain/2026-08-05-17-09-01.log
2026-08-05 17:09:01 | INFO  | output_dir=/home/albert/Ancestor/output/Step6_Model_22_Retrain/2026-08-05-17-09-01
[gpu_utils] GPU x1 已啟用：['/physical_device:GPU:0']
自訂 Label Mapping:
8screws: 0
1screws: 1
2screws: 2
3screws: 3
4screws: 4
5screws: 5
6screws: 6
7screws: 7
3_14screws: 8
4_146screws: 9
[Training] Device: /GPU:0
Epoch 1/100
150/150 25ms/step accuracy=0.1224 loss=2.3122
150/150 35ms/step accuracy=0.1406 loss=2.2893 val_accuracy=0.2352 val_loss=2.2440
Epoch 2/100
150/150 3ms/step accuracy=0.2263 loss=2.1876 val_accuracy=0.3470 val_loss=2.0917
Epoch 3/100
150/150 4ms/step accuracy=0.3308 loss=1.9615 val_accuracy=0.5763 val_loss=1.7179
Epoch 4/100
150/150 4ms/step accuracy=0.4764 loss=1.5986 val_accuracy=0.7173 val_loss=1.2683
Epoch 5/100
150/150 4ms/step accuracy=0.5634 loss=1.3057 val_accuracy=0.8032 val_loss=0.9627
Epoch 6/100
150/150 4ms/step accuracy=0.6435 loss=1.0668 val_accuracy=0.8849 val_loss=0.7002
Epoch 7/100
150/150 4ms/step accuracy=0.7023 loss=0.8808 val_accuracy=0.9274 val_loss=0.5198
Epoch 8/100
150/150 4ms/step accuracy=0.7376 loss=0.7516 val_accuracy=0.9575 val_loss=0.3949
Epoch 9/100
150/150 4ms/step accuracy=0.7801 loss=0.6513 val_accuracy=0.9650 val_loss=0.3113
Epoch 10/100
150/150 4ms/step accuracy=0.8004 loss=0.5757 val_accuracy=0.9783 val_loss=0.2502
Epoch 11/100
150/150 4ms/step accuracy=0.8248 loss=0.5165 val_accuracy=0.9817 val_loss=0.2041
Epoch 12/100
150/150 4ms/step accuracy=0.8356 loss=0.4660 val_accuracy=0.9908 val_loss=0.1662
Epoch 13/100
150/150 4ms/step accuracy=0.8561 loss=0.4212 val_accuracy=0.9908 val_loss=0.1334
Epoch 14/100
150/150 4ms/step accuracy=0.8577 loss=0.3994 val_accuracy=0.9900 val_loss=0.1184
Epoch 15/100
150/150 4ms/step accuracy=0.8667 loss=0.3767 val_accuracy=0.9908 val_loss=0.1011
Epoch 16/100
150/150 4ms/step accuracy=0.8780 loss=0.3453 val_accuracy=0.9917 val_loss=0.0834
Epoch 17/100
150/150 4ms/step accuracy=0.8719 loss=0.3530 val_accuracy=0.9917 val_loss=0.0762
Epoch 18/100
150/150 4ms/step accuracy=0.8771 loss=0.3385 val_accuracy=0.9933 val_loss=0.0668
Epoch 19/100
150/150 4ms/step accuracy=0.8846 loss=0.3105 val_accuracy=0.9933 val_loss=0.0592
Epoch 20/100
150/150 4ms/step accuracy=0.8861 loss=0.3042 val_accuracy=0.9950 val_loss=0.0548
Epoch 21/100
150/150 4ms/step accuracy=0.8974 loss=0.2790 val_accuracy=0.9942 val_loss=0.0503
Epoch 22/100
150/150 4ms/step accuracy=0.8963 loss=0.2674 val_accuracy=0.9950 val_loss=0.0428
Epoch 23/100
150/150 4ms/step accuracy=0.8930 loss=0.2725 val_accuracy=0.9958 val_loss=0.0411
Epoch 24/100
150/150 4ms/step accuracy=0.9013 loss=0.2581 val_accuracy=0.9967 val_loss=0.0384
Epoch 25/100
150/150 4ms/step accuracy=0.9082 loss=0.2418 val_accuracy=0.9950 val_loss=0.0353
Epoch 26/100
150/150 4ms/step accuracy=0.9034 loss=0.2390 val_accuracy=0.9950 val_loss=0.0305
Epoch 27/100
150/150 4ms/step accuracy=0.9143 loss=0.2251 val_accuracy=0.9950 val_loss=0.0290
Epoch 28/100
150/150 4ms/step accuracy=0.9078 loss=0.2411 val_accuracy=0.9967 val_loss=0.0274
Epoch 29/100
150/150 4ms/step accuracy=0.9045 loss=0.2390 val_accuracy=0.9967 val_loss=0.0251
Epoch 30/100
150/150 4ms/step accuracy=0.9170 loss=0.2131 val_accuracy=0.9967 val_loss=0.0227
Epoch 31/100
150/150 4ms/step accuracy=0.9168 loss=0.2083 val_accuracy=0.9967 val_loss=0.0221
Epoch 32/100
150/150 4ms/step accuracy=0.9299 loss=0.1896 val_accuracy=0.9967 val_loss=0.0189
Epoch 33/100
150/150 4ms/step accuracy=0.9255 loss=0.1933 val_accuracy=0.9967 val_loss=0.0211
Epoch 34/100
150/150 4ms/step accuracy=0.9316 loss=0.1847 val_accuracy=0.9975 val_loss=0.0155
Epoch 35/100
150/150 4ms/step accuracy=0.9216 loss=0.2071 val_accuracy=0.9958 val_loss=0.0186
Epoch 36/100
150/150 4ms/step accuracy=0.9320 loss=0.1835 val_accuracy=0.9967 val_loss=0.0151
Epoch 37/100
150/150 4ms/step accuracy=0.9255 loss=0.1891 val_accuracy=0.9975 val_loss=0.0149
Epoch 38/100
150/150 4ms/step accuracy=0.9276 loss=0.1849 val_accuracy=0.9992 val_loss=0.0132
Epoch 39/100
150/150 4ms/step accuracy=0.9259 loss=0.1905 val_accuracy=0.9975 val_loss=0.0136
Epoch 40/100
150/150 4ms/step accuracy=0.9320 loss=0.1858 val_accuracy=0.9975 val_loss=0.0139
Epoch 41/100
150/150 4ms/step accuracy=0.9347 loss=0.1745 val_accuracy=0.9992 val_loss=0.0104
Epoch 42/100
150/150 4ms/step accuracy=0.9389 loss=0.1561 val_accuracy=0.9983 val_loss=0.0097
Epoch 43/100
150/150 4ms/step accuracy=0.9380 loss=0.1576 val_accuracy=0.9975 val_loss=0.0107
Epoch 44/100
150/150 4ms/step accuracy=0.9368 loss=0.1606 val_accuracy=0.9983 val_loss=0.0091
Epoch 45/100
150/150 4ms/step accuracy=0.9408 loss=0.1605 val_accuracy=0.9975 val_loss=0.0112
Epoch 46/100
150/150 4ms/step accuracy=0.9410 loss=0.1516 val_accuracy=0.9975 val_loss=0.0088
Epoch 47/100
150/150 4ms/step accuracy=0.9428 loss=0.1438 val_accuracy=0.9975 val_loss=0.0096
Epoch 48/100
150/150 4ms/step accuracy=0.9395 loss=0.1477 val_accuracy=0.9975 val_loss=0.0079
Epoch 49/100
150/150 4ms/step accuracy=0.9418 loss=0.1500 val_accuracy=0.9992 val_loss=0.0067
Epoch 50/100
150/150 4ms/step accuracy=0.9431 loss=0.1488 val_accuracy=0.9975 val_loss=0.0071
Epoch 51/100
150/150 4ms/step accuracy=0.9410 loss=0.1416 val_accuracy=0.9983 val_loss=0.0068
Epoch 52/100
150/150 4ms/step accuracy=0.9393 loss=0.1532 val_accuracy=0.9983 val_loss=0.0069
Epoch 53/100
150/150 4ms/step accuracy=0.9445 loss=0.1411 val_accuracy=0.9967 val_loss=0.0090
Epoch 54/100
150/150 4ms/step accuracy=0.9470 loss=0.1406 val_accuracy=0.9992 val_loss=0.0057
Epoch 55/100
150/150 4ms/step accuracy=0.9416 loss=0.1485 val_accuracy=0.9975 val_loss=0.0064
Epoch 56/100
150/150 4ms/step accuracy=0.9533 loss=0.1210 val_accuracy=0.9992 val_loss=0.0050
Epoch 57/100
150/150 4ms/step accuracy=0.9428 loss=0.1434 val_accuracy=0.9983 val_loss=0.0060
Epoch 58/100
150/150 4ms/step accuracy=0.9481 loss=0.1331 val_accuracy=0.9992 val_loss=0.0051
Epoch 59/100
150/150 4ms/step accuracy=0.9518 loss=0.1308 val_accuracy=0.9975 val_loss=0.0064
Epoch 60/100
150/150 4ms/step accuracy=0.9483 loss=0.1372 val_accuracy=0.9983 val_loss=0.0055
Epoch 61/100
150/150 4ms/step accuracy=0.9501 loss=0.1227 val_accuracy=0.9992 val_loss=0.0045
Epoch 62/100
150/150 4ms/step accuracy=0.9504 loss=0.1265 val_accuracy=0.9992 val_loss=0.0050
Epoch 63/100
150/150 4ms/step accuracy=0.9504 loss=0.1273 val_accuracy=0.9992 val_loss=0.0037
Epoch 64/100
150/150 4ms/step accuracy=0.9499 loss=0.1257 val_accuracy=0.9992 val_loss=0.0035
Epoch 65/100
150/150 4ms/step accuracy=0.9556 loss=0.1147 val_accuracy=0.9967 val_loss=0.0051
Epoch 66/100
150/150 4ms/step accuracy=0.9458 loss=0.1331 val_accuracy=0.9975 val_loss=0.0049
Epoch 67/100
150/150 4ms/step accuracy=0.9581 loss=0.1107 val_accuracy=0.9992 val_loss=0.0030
Epoch 68/100
150/150 4ms/step accuracy=0.9522 loss=0.1221 val_accuracy=0.9975 val_loss=0.0039
Epoch 69/100
150/150 4ms/step accuracy=0.9568 loss=0.1135 val_accuracy=0.9983 val_loss=0.0044
Epoch 70/100
150/150 4ms/step accuracy=0.9554 loss=0.1147 val_accuracy=0.9992 val_loss=0.0022
Epoch 71/100
150/150 4ms/step accuracy=0.9524 loss=0.1251 val_accuracy=0.9992 val_loss=0.0029
Epoch 72/100
150/150 4ms/step accuracy=0.9543 loss=0.1136 val_accuracy=0.9992 val_loss=0.0033
Epoch 73/100
150/150 4ms/step accuracy=0.9545 loss=0.1164 val_accuracy=0.9992 val_loss=0.0037
Epoch 74/100
150/150 4ms/step accuracy=0.9574 loss=0.1116 val_accuracy=0.9983 val_loss=0.0037
Epoch 75/100
150/150 4ms/step accuracy=0.9618 loss=0.1049 val_accuracy=0.9992 val_loss=0.0023
Epoch 76/100
150/150 4ms/step accuracy=0.9537 loss=0.1144 val_accuracy=0.9992 val_loss=0.0018
Epoch 77/100
150/150 4ms/step accuracy=0.9556 loss=0.1136 val_accuracy=0.9992 val_loss=0.0022
Epoch 78/100
150/150 4ms/step accuracy=0.9545 loss=0.1103 val_accuracy=0.9992 val_loss=0.0024
Epoch 79/100
150/150 4ms/step accuracy=0.9591 loss=0.1032 val_accuracy=0.9992 val_loss=0.0021
Epoch 80/100
150/150 4ms/step accuracy=0.9568 loss=0.1076 val_accuracy=0.9992 val_loss=0.0024
Epoch 81/100
150/150 4ms/step accuracy=0.9537 loss=0.1178 val_accuracy=0.9992 val_loss=0.0023
Epoch 82/100
150/150 4ms/step accuracy=0.9620 loss=0.1030 val_accuracy=0.9992 val_loss=0.0019
Epoch 83/100
150/150 4ms/step accuracy=0.9599 loss=0.1004 val_accuracy=0.9992 val_loss=0.0018
Epoch 84/100
150/150 4ms/step accuracy=0.9552 loss=0.1096 val_accuracy=0.9992 val_loss=0.0021
Epoch 85/100
150/150 4ms/step accuracy=0.9554 loss=0.1163 val_accuracy=0.9983 val_loss=0.0023
Epoch 86/100
150/150 4ms/step accuracy=0.9597 loss=0.1021 val_accuracy=0.9992 val_loss=0.0019
38/38 3ms/step accuracy=0.9992 loss=0.0018
Screw Number Loss: 0.0018, Screw Number Accuracy: 0.9992
2026-08-05 17:10:12 | INFO  | Saved plot: /home/albert/Ancestor/output/Step6_Model_22_Retrain/2026-08-05-17-09-01/plot_000.png
2026-08-05 17:10:12 | INFO  | Saved plot: /home/albert/Ancestor/output/Step6_Model_22_Retrain/2026-08-05-17-09-01/plot_001.png
2026-08-05 17:10:13 | INFO  | Saved plot: /home/albert/Ancestor/output/Step6_Model_22_Retrain/2026-08-05-17-09-01/plot_002.png
重訓練模型已儲存：/home/albert/Ancestor/data/Step-3/model/CNN_A6000_retrained.keras
