2026-08-05 16:24:58 | INFO  | Logger initialized
2026-08-05 16:24:58 | INFO  | log_file=/home/albert/Ancestor/logs/Step4_Model_19_Detecting/2026-08-05-16-24-58.log
2026-08-05 16:24:58 | INFO  | output_dir=/home/albert/Ancestor/output/Step4_Model_19_Detecting/2026-08-05-16-24-58
=== 1. Loading training data ===
✔️ Train : (1247, 105)  |  Test : (312, 105)
==============================
▶ mcs = 21 | conf = 0.9 | thr = 16.63
==============================
--- Test‑set validation
outliers: 3screws 10筆，2screws 8筆，4screws 4筆
C0      : 1screws 59筆
C1      : 8screws 54筆
C2      : 4screws 51筆
C3      : 3screws 61筆
C4      : 2screws 65筆
* C0  | size  59 | dist   3.37 | Known
* C1  | size  54 | dist   2.93 | Known
* C2  | size  51 | dist   2.81 | Known
* C3  | size  61 | dist   2.68 | Known
* C4  | size  65 | dist   2.53 | Known
--- Unknown ['5screws'] | mcs 21
C4      : 53 pts
C2      : 61 pts
C3      : 65 pts
outliers: 47 pts
C5      : 33 pts
C1      : 54 pts
C0      : 59 pts
C0  | size  59 | dist   3.37 | Known
C1  | size  54 | dist   2.93 | Known
C2  | size  61 | dist   2.68 | Known
C3  | size  65 | dist   2.53 | Known
C4  | size  53 | dist  18.38 | New Fault
C5  | size  33 | dist   3.35 | Known
--- Unknown ['5screws', '6screws'] | mcs 21
C1      : 60 pts
C4      : 65 pts
outliers: 47 pts
C5      : 33 pts
C0      : 59 pts
C3      : 61 pts
C6      : 53 pts
C2      : 54 pts
C0  | size  59 | dist   3.37 | Known
C1  | size  60 | dist  51.84 | New Fault
C2  | size  54 | dist   2.93 | Known
C3  | size  61 | dist   2.68 | Known
C4  | size  65 | dist   2.53 | Known
C5  | size  33 | dist   3.35 | Known
C6  | size  53 | dist  18.38 | New Fault
--- Unknown ['5screws', '6screws', '7screws'] | mcs 21
C1      : 49 pts
C0      : 58 pts
C5      : 57 pts
C6      : 29 pts
C3      : 53 pts
C7      : 47 pts
C4      : 54 pts
outliers: 46 pts
C2      : 57 pts
C0  | size  58 | dist   3.38 | Known
C1  | size  49 | dist   2.98 | Known
C2  | size  57 | dist  51.49 | New Fault
C3  | size  53 | dist  82.10 | New Fault
C4  | size  54 | dist   2.70 | Known
C5  | size  57 | dist   2.55 | Known
C6  | size  29 | dist   3.51 | Known
C7  | size  47 | dist  18.30 | New Fault
--- Unknown ['5screws', '6screws', '7screws', '3_14screws'] | mcs 21
C1      : 47 pts
C7      : 29 pts
C0      : 49 pts
C5      : 51 pts
C6      : 50 pts
C8      : 43 pts
C3      : 46 pts
C2      : 41 pts
outliers: 45 pts
C4      : 49 pts
C0  | size  49 | dist   3.50 | Known
C1  | size  47 | dist  65.44 | New Fault
C2  | size  41 | dist   3.01 | Known
C3  | size  46 | dist  82.93 | New Fault
C4  | size  49 | dist  52.53 | New Fault
C5  | size  51 | dist   2.91 | Known
C6  | size  50 | dist   2.76 | Known
C7  | size  29 | dist   3.50 | Known
C8  | size  43 | dist  18.13 | New Fault
--- Unknown ['5screws', '6screws', '7screws', '3_14screws', '4_146screws'] | mcs 21
C8      : 26 pts
C1      : 27 pts
C0      : 44 pts
C5      : 54 pts
C7      : 43 pts
C4      : 42 pts
outliers: 42 pts
C3      : 45 pts
C9      : 41 pts
C2      : 45 pts
C6      : 41 pts
C0  | size  44 | dist   3.77 | Known
C1  | size  27 | dist   4.13 | Known
C2  | size  45 | dist  66.62 | New Fault
C3  | size  45 | dist  51.99 | New Fault
C4  | size  42 | dist  81.51 | New Fault
C5  | size  54 | dist  21.95 | New Fault
C6  | size  41 | dist   2.89 | Known
C7  | size  43 | dist   2.86 | Known
C8  | size  26 | dist   3.71 | Known
C9  | size  41 | dist  18.04 | New Fault
==============================
▶ mcs = 21 | conf = 0.95 | thr = 18.40
==============================
--- Test‑set validation
outliers: 3screws 10筆，2screws 8筆，4screws 4筆
C0      : 1screws 59筆
C1      : 8screws 54筆
C2      : 4screws 51筆
C3      : 3screws 61筆
C4      : 2screws 65筆
* C0  | size  59 | dist   3.37 | Known
* C1  | size  54 | dist   2.93 | Known
* C2  | size  51 | dist   2.81 | Known
* C3  | size  61 | dist   2.68 | Known
* C4  | size  65 | dist   2.53 | Known
--- Unknown ['5screws'] | mcs 21
C4      : 53 pts
C2      : 61 pts
C3      : 65 pts
outliers: 47 pts
C5      : 33 pts
C1      : 54 pts
C0      : 59 pts
C0  | size  59 | dist   3.37 | Known
C1  | size  54 | dist   2.93 | Known
C2  | size  61 | dist   2.68 | Known
C3  | size  65 | dist   2.53 | Known
C4  | size  53 | dist  18.38 | Known
C5  | size  33 | dist   3.35 | Known
--- Unknown ['5screws', '6screws'] | mcs 21
C1      : 60 pts
C4      : 65 pts
outliers: 47 pts
C5      : 33 pts
C0      : 59 pts
C3      : 61 pts
C6      : 53 pts
C2      : 54 pts
C0  | size  59 | dist   3.37 | Known
C1  | size  60 | dist  51.84 | New Fault
C2  | size  54 | dist   2.93 | Known
C3  | size  61 | dist   2.68 | Known
C4  | size  65 | dist   2.53 | Known
C5  | size  33 | dist   3.35 | Known
C6  | size  53 | dist  18.38 | Known
--- Unknown ['5screws', '6screws', '7screws'] | mcs 21
C1      : 49 pts
C0      : 58 pts
C5      : 57 pts
C6      : 29 pts
C3      : 53 pts
C7      : 47 pts
C4      : 54 pts
outliers: 46 pts
C2      : 57 pts
C0  | size  58 | dist   3.38 | Known
C1  | size  49 | dist   2.98 | Known
C2  | size  57 | dist  51.49 | New Fault
C3  | size  53 | dist  82.10 | New Fault
C4  | size  54 | dist   2.70 | Known
C5  | size  57 | dist   2.55 | Known
C6  | size  29 | dist   3.51 | Known
C7  | size  47 | dist  18.30 | Known
--- Unknown ['5screws', '6screws', '7screws', '3_14screws'] | mcs 21
C1      : 47 pts
C7      : 29 pts
C0      : 49 pts
C5      : 51 pts
C6      : 50 pts
C8      : 43 pts
C3      : 46 pts
C2      : 41 pts
outliers: 45 pts
C4      : 49 pts
C0  | size  49 | dist   3.50 | Known
C1  | size  47 | dist  65.44 | New Fault
C2  | size  41 | dist   3.01 | Known
C3  | size  46 | dist  82.93 | New Fault
C4  | size  49 | dist  52.53 | New Fault
C5  | size  51 | dist   2.91 | Known
C6  | size  50 | dist   2.76 | Known
C7  | size  29 | dist   3.50 | Known
C8  | size  43 | dist  18.13 | Known
--- Unknown ['5screws', '6screws', '7screws', '3_14screws', '4_146screws'] | mcs 21
C8      : 26 pts
C1      : 27 pts
C0      : 44 pts
C5      : 54 pts
C7      : 43 pts
C4      : 42 pts
outliers: 42 pts
C3      : 45 pts
C9      : 41 pts
C2      : 45 pts
C6      : 41 pts
C0  | size  44 | dist   3.77 | Known
C1  | size  27 | dist   4.13 | Known
C2  | size  45 | dist  66.62 | New Fault
C3  | size  45 | dist  51.99 | New Fault
C4  | size  42 | dist  81.51 | New Fault
C5  | size  54 | dist  21.95 | New Fault
C6  | size  41 | dist   2.89 | Known
C7  | size  43 | dist   2.86 | Known
C8  | size  26 | dist   3.71 | Known
C9  | size  41 | dist  18.04 | Known
==============================
▶ mcs = 21 | conf = 0.99 | thr = 21.56
==============================
--- Test‑set validation
outliers: 3screws 10筆，2screws 8筆，4screws 4筆
C0      : 1screws 59筆
C1      : 8screws 54筆
C2      : 4screws 51筆
C3      : 3screws 61筆
C4      : 2screws 65筆
* C0  | size  59 | dist   3.37 | Known
* C1  | size  54 | dist   2.93 | Known
* C2  | size  51 | dist   2.81 | Known
* C3  | size  61 | dist   2.68 | Known
* C4  | size  65 | dist   2.53 | Known
--- Unknown ['5screws'] | mcs 21
C4      : 53 pts
C2      : 61 pts
C3      : 65 pts
outliers: 47 pts
C5      : 33 pts
C1      : 54 pts
C0      : 59 pts
C0  | size  59 | dist   3.37 | Known
C1  | size  54 | dist   2.93 | Known
C2  | size  61 | dist   2.68 | Known
C3  | size  65 | dist   2.53 | Known
C4  | size  53 | dist  18.38 | Known
C5  | size  33 | dist   3.35 | Known
--- Unknown ['5screws', '6screws'] | mcs 21
C1      : 60 pts
C4      : 65 pts
outliers: 47 pts
C5      : 33 pts
C0      : 59 pts
C3      : 61 pts
C6      : 53 pts
C2      : 54 pts
C0  | size  59 | dist   3.37 | Known
C1  | size  60 | dist  51.84 | New Fault
C2  | size  54 | dist   2.93 | Known
C3  | size  61 | dist   2.68 | Known
C4  | size  65 | dist   2.53 | Known
C5  | size  33 | dist   3.35 | Known
C6  | size  53 | dist  18.38 | Known
--- Unknown ['5screws', '6screws', '7screws'] | mcs 21
C1      : 49 pts
C0      : 58 pts
C5      : 57 pts
C6      : 29 pts
C3      : 53 pts
C7      : 47 pts
C4      : 54 pts
outliers: 46 pts
C2      : 57 pts
C0  | size  58 | dist   3.38 | Known
C1  | size  49 | dist   2.98 | Known
C2  | size  57 | dist  51.49 | New Fault
C3  | size  53 | dist  82.10 | New Fault
C4  | size  54 | dist   2.70 | Known
C5  | size  57 | dist   2.55 | Known
C6  | size  29 | dist   3.51 | Known
C7  | size  47 | dist  18.30 | Known
--- Unknown ['5screws', '6screws', '7screws', '3_14screws'] | mcs 21
C1      : 47 pts
C7      : 29 pts
C0      : 49 pts
C5      : 51 pts
C6      : 50 pts
C8      : 43 pts
C3      : 46 pts
C2      : 41 pts
outliers: 45 pts
C4      : 49 pts
C0  | size  49 | dist   3.50 | Known
C1  | size  47 | dist  65.44 | New Fault
C2  | size  41 | dist   3.01 | Known
C3  | size  46 | dist  82.93 | New Fault
C4  | size  49 | dist  52.53 | New Fault
C5  | size  51 | dist   2.91 | Known
C6  | size  50 | dist   2.76 | Known
C7  | size  29 | dist   3.50 | Known
C8  | size  43 | dist  18.13 | Known
--- Unknown ['5screws', '6screws', '7screws', '3_14screws', '4_146screws'] | mcs 21
C8      : 26 pts
C1      : 27 pts
C0      : 44 pts
C5      : 54 pts
C7      : 43 pts
C4      : 42 pts
outliers: 42 pts
C3      : 45 pts
C9      : 41 pts
C2      : 45 pts
C6      : 41 pts
C0  | size  44 | dist   3.77 | Known
C1  | size  27 | dist   4.13 | Known
C2  | size  45 | dist  66.62 | New Fault
C3  | size  45 | dist  51.99 | New Fault
C4  | size  42 | dist  81.51 | New Fault
C5  | size  54 | dist  21.95 | New Fault
C6  | size  41 | dist   2.89 | Known
C7  | size  43 | dist   2.86 | Known
C8  | size  26 | dist   3.71 | Known
C9  | size  41 | dist  18.04 | Known
==============================
▶ mcs = 22 | conf = 0.9 | thr = 16.63
==============================
--- Test‑set validation
outliers: 3screws 10筆，2screws 8筆，4screws 4筆
C0      : 1screws 59筆
C1      : 8screws 54筆
C2      : 4screws 51筆
C3      : 3screws 61筆
C4      : 2screws 65筆
* C0  | size  59 | dist   3.37 | Known
* C1  | size  54 | dist   2.93 | Known
* C2  | size  51 | dist   2.81 | Known
* C3  | size  61 | dist   2.68 | Known
* C4  | size  65 | dist   2.53 | Known
--- Unknown ['5screws'] | mcs 22
C4      : 53 pts
C2      : 61 pts
C3      : 65 pts
outliers: 47 pts
C5      : 33 pts
C1      : 54 pts
C0      : 59 pts
C0  | size  59 | dist   3.37 | Known
C1  | size  54 | dist   2.93 | Known
C2  | size  61 | dist   2.68 | Known
C3  | size  65 | dist   2.53 | Known
C4  | size  53 | dist  18.38 | New Fault
C5  | size  33 | dist   3.35 | Known
--- Unknown ['5screws', '6screws'] | mcs 22
C1      : 60 pts
C4      : 65 pts
outliers: 47 pts
C5      : 33 pts
C0      : 59 pts
C3      : 61 pts
C6      : 53 pts
C2      : 54 pts
C0  | size  59 | dist   3.37 | Known
C1  | size  60 | dist  51.84 | New Fault
C2  | size  54 | dist   2.93 | Known
C3  | size  61 | dist   2.68 | Known
C4  | size  65 | dist   2.53 | Known
C5  | size  33 | dist   3.35 | Known
C6  | size  53 | dist  18.38 | New Fault
--- Unknown ['5screws', '6screws', '7screws'] | mcs 22
C1      : 49 pts
C0      : 58 pts
C5      : 57 pts
C6      : 29 pts
C3      : 53 pts
C7      : 47 pts
C4      : 54 pts
outliers: 46 pts
C2      : 57 pts
C0  | size  58 | dist   3.38 | Known
C1  | size  49 | dist   2.98 | Known
C2  | size  57 | dist  51.49 | New Fault
C3  | size  53 | dist  82.10 | New Fault
C4  | size  54 | dist   2.70 | Known
C5  | size  57 | dist   2.55 | Known
C6  | size  29 | dist   3.51 | Known
C7  | size  47 | dist  18.30 | New Fault
--- Unknown ['5screws', '6screws', '7screws', '3_14screws'] | mcs 22
C1      : 47 pts
C7      : 29 pts
C0      : 49 pts
C5      : 51 pts
C6      : 50 pts
C8      : 43 pts
C3      : 46 pts
C2      : 41 pts
outliers: 45 pts
C4      : 49 pts
C0  | size  49 | dist   3.50 | Known
C1  | size  47 | dist  65.44 | New Fault
C2  | size  41 | dist   3.01 | Known
C3  | size  46 | dist  82.93 | New Fault
C4  | size  49 | dist  52.53 | New Fault
C5  | size  51 | dist   2.91 | Known
C6  | size  50 | dist   2.76 | Known
C7  | size  29 | dist   3.50 | Known
C8  | size  43 | dist  18.13 | New Fault
--- Unknown ['5screws', '6screws', '7screws', '3_14screws', '4_146screws'] | mcs 22
C8      : 26 pts
C1      : 27 pts
C0      : 44 pts
C5      : 54 pts
C7      : 43 pts
C4      : 42 pts
outliers: 42 pts
C3      : 45 pts
C9      : 41 pts
C2      : 45 pts
C6      : 41 pts
C0  | size  44 | dist   3.77 | Known
C1  | size  27 | dist   4.13 | Known
C2  | size  45 | dist  66.62 | New Fault
C3  | size  45 | dist  51.99 | New Fault
C4  | size  42 | dist  81.51 | New Fault
C5  | size  54 | dist  21.95 | New Fault
C6  | size  41 | dist   2.89 | Known
C7  | size  43 | dist   2.86 | Known
C8  | size  26 | dist   3.71 | Known
C9  | size  41 | dist  18.04 | New Fault
==============================
▶ mcs = 22 | conf = 0.95 | thr = 18.40
==============================
--- Test‑set validation
outliers: 3screws 10筆，2screws 8筆，4screws 4筆
C0      : 1screws 59筆
C1      : 8screws 54筆
C2      : 4screws 51筆
C3      : 3screws 61筆
C4      : 2screws 65筆
* C0  | size  59 | dist   3.37 | Known
* C1  | size  54 | dist   2.93 | Known
* C2  | size  51 | dist   2.81 | Known
* C3  | size  61 | dist   2.68 | Known
* C4  | size  65 | dist   2.53 | Known
--- Unknown ['5screws'] | mcs 22
C4      : 53 pts
C2      : 61 pts
C3      : 65 pts
outliers: 47 pts
C5      : 33 pts
C1      : 54 pts
C0      : 59 pts
C0  | size  59 | dist   3.37 | Known
C1  | size  54 | dist   2.93 | Known
C2  | size  61 | dist   2.68 | Known
C3  | size  65 | dist   2.53 | Known
C4  | size  53 | dist  18.38 | Known
C5  | size  33 | dist   3.35 | Known
--- Unknown ['5screws', '6screws'] | mcs 22
C1      : 60 pts
C4      : 65 pts
outliers: 47 pts
C5      : 33 pts
C0      : 59 pts
C3      : 61 pts
C6      : 53 pts
C2      : 54 pts
C0  | size  59 | dist   3.37 | Known
C1  | size  60 | dist  51.84 | New Fault
C2  | size  54 | dist   2.93 | Known
C3  | size  61 | dist   2.68 | Known
C4  | size  65 | dist   2.53 | Known
C5  | size  33 | dist   3.35 | Known
C6  | size  53 | dist  18.38 | Known
--- Unknown ['5screws', '6screws', '7screws'] | mcs 22
C1      : 49 pts
C0      : 58 pts
C5      : 57 pts
C6      : 29 pts
C3      : 53 pts
C7      : 47 pts
C4      : 54 pts
outliers: 46 pts
C2      : 57 pts
C0  | size  58 | dist   3.38 | Known
C1  | size  49 | dist   2.98 | Known
C2  | size  57 | dist  51.49 | New Fault
C3  | size  53 | dist  82.10 | New Fault
C4  | size  54 | dist   2.70 | Known
C5  | size  57 | dist   2.55 | Known
C6  | size  29 | dist   3.51 | Known
C7  | size  47 | dist  18.30 | Known
--- Unknown ['5screws', '6screws', '7screws', '3_14screws'] | mcs 22
C1      : 47 pts
C7      : 29 pts
C0      : 49 pts
C5      : 51 pts
C6      : 50 pts
C8      : 43 pts
C3      : 46 pts
C2      : 41 pts
outliers: 45 pts
C4      : 49 pts
C0  | size  49 | dist   3.50 | Known
C1  | size  47 | dist  65.44 | New Fault
C2  | size  41 | dist   3.01 | Known
C3  | size  46 | dist  82.93 | New Fault
C4  | size  49 | dist  52.53 | New Fault
C5  | size  51 | dist   2.91 | Known
C6  | size  50 | dist   2.76 | Known
C7  | size  29 | dist   3.50 | Known
C8  | size  43 | dist  18.13 | Known
--- Unknown ['5screws', '6screws', '7screws', '3_14screws', '4_146screws'] | mcs 22
C8      : 26 pts
C1      : 27 pts
C0      : 44 pts
C5      : 54 pts
C7      : 43 pts
C4      : 42 pts
outliers: 42 pts
C3      : 45 pts
C9      : 41 pts
C2      : 45 pts
C6      : 41 pts
C0  | size  44 | dist   3.77 | Known
C1  | size  27 | dist   4.13 | Known
C2  | size  45 | dist  66.62 | New Fault
C3  | size  45 | dist  51.99 | New Fault
C4  | size  42 | dist  81.51 | New Fault
C5  | size  54 | dist  21.95 | New Fault
C6  | size  41 | dist   2.89 | Known
C7  | size  43 | dist   2.86 | Known
C8  | size  26 | dist   3.71 | Known
C9  | size  41 | dist  18.04 | Known
==============================
▶ mcs = 22 | conf = 0.99 | thr = 21.56
==============================
--- Test‑set validation
outliers: 3screws 10筆，2screws 8筆，4screws 4筆
C0      : 1screws 59筆
C1      : 8screws 54筆
C2      : 4screws 51筆
C3      : 3screws 61筆
C4      : 2screws 65筆
* C0  | size  59 | dist   3.37 | Known
* C1  | size  54 | dist   2.93 | Known
* C2  | size  51 | dist   2.81 | Known
* C3  | size  61 | dist   2.68 | Known
* C4  | size  65 | dist   2.53 | Known
--- Unknown ['5screws'] | mcs 22
C4      : 53 pts
C2      : 61 pts
C3      : 65 pts
outliers: 47 pts
C5      : 33 pts
C1      : 54 pts
C0      : 59 pts
C0  | size  59 | dist   3.37 | Known
C1  | size  54 | dist   2.93 | Known
C2  | size  61 | dist   2.68 | Known
C3  | size  65 | dist   2.53 | Known
C4  | size  53 | dist  18.38 | Known
C5  | size  33 | dist   3.35 | Known
--- Unknown ['5screws', '6screws'] | mcs 22
C1      : 60 pts
C4      : 65 pts
outliers: 47 pts
C5      : 33 pts
C0      : 59 pts
C3      : 61 pts
C6      : 53 pts
C2      : 54 pts
C0  | size  59 | dist   3.37 | Known
C1  | size  60 | dist  51.84 | New Fault
C2  | size  54 | dist   2.93 | Known
C3  | size  61 | dist   2.68 | Known
C4  | size  65 | dist   2.53 | Known
C5  | size  33 | dist   3.35 | Known
C6  | size  53 | dist  18.38 | Known
--- Unknown ['5screws', '6screws', '7screws'] | mcs 22
C1      : 49 pts
C0      : 58 pts
C5      : 57 pts
C6      : 29 pts
C3      : 53 pts
C7      : 47 pts
C4      : 54 pts
outliers: 46 pts
C2      : 57 pts
C0  | size  58 | dist   3.38 | Known
C1  | size  49 | dist   2.98 | Known
C2  | size  57 | dist  51.49 | New Fault
C3  | size  53 | dist  82.10 | New Fault
C4  | size  54 | dist   2.70 | Known
C5  | size  57 | dist   2.55 | Known
C6  | size  29 | dist   3.51 | Known
C7  | size  47 | dist  18.30 | Known
--- Unknown ['5screws', '6screws', '7screws', '3_14screws'] | mcs 22
C1      : 47 pts
C7      : 29 pts
C0      : 49 pts
C5      : 51 pts
C6      : 50 pts
C8      : 43 pts
C3      : 46 pts
C2      : 41 pts
outliers: 45 pts
C4      : 49 pts
C0  | size  49 | dist   3.50 | Known
C1  | size  47 | dist  65.44 | New Fault
C2  | size  41 | dist   3.01 | Known
C3  | size  46 | dist  82.93 | New Fault
C4  | size  49 | dist  52.53 | New Fault
C5  | size  51 | dist   2.91 | Known
C6  | size  50 | dist   2.76 | Known
C7  | size  29 | dist   3.50 | Known
C8  | size  43 | dist  18.13 | Known
--- Unknown ['5screws', '6screws', '7screws', '3_14screws', '4_146screws'] | mcs 22
C8      : 26 pts
C1      : 27 pts
C0      : 44 pts
C5      : 54 pts
C7      : 43 pts
C4      : 42 pts
outliers: 42 pts
C3      : 45 pts
C9      : 41 pts
C2      : 45 pts
C6      : 41 pts
C0  | size  44 | dist   3.77 | Known
C1  | size  27 | dist   4.13 | Known
C2  | size  45 | dist  66.62 | New Fault
C3  | size  45 | dist  51.99 | New Fault
C4  | size  42 | dist  81.51 | New Fault
C5  | size  54 | dist  21.95 | New Fault
C6  | size  41 | dist   2.89 | Known
C7  | size  43 | dist   2.86 | Known
C8  | size  26 | dist   3.71 | Known
C9  | size  41 | dist  18.04 | Known
==============================
▶ mcs = 23 | conf = 0.9 | thr = 16.63
==============================
--- Test‑set validation
outliers: 3screws 10筆，2screws 8筆，4screws 4筆
C0      : 1screws 59筆
C1      : 8screws 54筆
C2      : 4screws 51筆
C3      : 3screws 61筆
C4      : 2screws 65筆
* C0  | size  59 | dist   3.37 | Known
* C1  | size  54 | dist   2.93 | Known
* C2  | size  51 | dist   2.81 | Known
* C3  | size  61 | dist   2.68 | Known
* C4  | size  65 | dist   2.53 | Known
--- Unknown ['5screws'] | mcs 23
C4      : 53 pts
C2      : 61 pts
C3      : 65 pts
outliers: 47 pts
C5      : 33 pts
C1      : 54 pts
C0      : 59 pts
C0  | size  59 | dist   3.37 | Known
C1  | size  54 | dist   2.93 | Known
C2  | size  61 | dist   2.68 | Known
C3  | size  65 | dist   2.53 | Known
C4  | size  53 | dist  18.38 | New Fault
C5  | size  33 | dist   3.35 | Known
--- Unknown ['5screws', '6screws'] | mcs 23
C1      : 60 pts
C4      : 65 pts
outliers: 47 pts
C5      : 33 pts
C0      : 59 pts
C3      : 61 pts
C6      : 53 pts
C2      : 54 pts
C0  | size  59 | dist   3.37 | Known
C1  | size  60 | dist  51.84 | New Fault
C2  | size  54 | dist   2.93 | Known
C3  | size  61 | dist   2.68 | Known
C4  | size  65 | dist   2.53 | Known
C5  | size  33 | dist   3.35 | Known
C6  | size  53 | dist  18.38 | New Fault
--- Unknown ['5screws', '6screws', '7screws'] | mcs 23
C1      : 49 pts
C0      : 58 pts
C5      : 57 pts
C6      : 29 pts
C3      : 53 pts
C7      : 47 pts
C4      : 54 pts
outliers: 46 pts
C2      : 57 pts
C0  | size  58 | dist   3.38 | Known
C1  | size  49 | dist   2.98 | Known
C2  | size  57 | dist  51.49 | New Fault
C3  | size  53 | dist  82.10 | New Fault
C4  | size  54 | dist   2.70 | Known
C5  | size  57 | dist   2.55 | Known
C6  | size  29 | dist   3.51 | Known
C7  | size  47 | dist  18.30 | New Fault
--- Unknown ['5screws', '6screws', '7screws', '3_14screws'] | mcs 23
C1      : 47 pts
C7      : 29 pts
C0      : 49 pts
C5      : 51 pts
C6      : 50 pts
C8      : 43 pts
C3      : 46 pts
C2      : 41 pts
outliers: 45 pts
C4      : 49 pts
C0  | size  49 | dist   3.50 | Known
C1  | size  47 | dist  65.44 | New Fault
C2  | size  41 | dist   3.01 | Known
C3  | size  46 | dist  82.93 | New Fault
C4  | size  49 | dist  52.53 | New Fault
C5  | size  51 | dist   2.91 | Known
C6  | size  50 | dist   2.76 | Known
C7  | size  29 | dist   3.50 | Known
C8  | size  43 | dist  18.13 | New Fault
--- Unknown ['5screws', '6screws', '7screws', '3_14screws', '4_146screws'] | mcs 23
C8      : 26 pts
C1      : 27 pts
C0      : 44 pts
C5      : 54 pts
C7      : 43 pts
C4      : 42 pts
outliers: 42 pts
C3      : 45 pts
C9      : 41 pts
C2      : 45 pts
C6      : 41 pts
C0  | size  44 | dist   3.77 | Known
C1  | size  27 | dist   4.13 | Known
C2  | size  45 | dist  66.62 | New Fault
C3  | size  45 | dist  51.99 | New Fault
C4  | size  42 | dist  81.51 | New Fault
C5  | size  54 | dist  21.95 | New Fault
C6  | size  41 | dist   2.89 | Known
C7  | size  43 | dist   2.86 | Known
C8  | size  26 | dist   3.71 | Known
C9  | size  41 | dist  18.04 | New Fault
==============================
▶ mcs = 23 | conf = 0.95 | thr = 18.40
==============================
--- Test‑set validation
outliers: 3screws 10筆，2screws 8筆，4screws 4筆
C0      : 1screws 59筆
C1      : 8screws 54筆
C2      : 4screws 51筆
C3      : 3screws 61筆
C4      : 2screws 65筆
* C0  | size  59 | dist   3.37 | Known
* C1  | size  54 | dist   2.93 | Known
* C2  | size  51 | dist   2.81 | Known
* C3  | size  61 | dist   2.68 | Known
* C4  | size  65 | dist   2.53 | Known
--- Unknown ['5screws'] | mcs 23
C4      : 53 pts
C2      : 61 pts
C3      : 65 pts
outliers: 47 pts
C5      : 33 pts
C1      : 54 pts
C0      : 59 pts
C0  | size  59 | dist   3.37 | Known
C1  | size  54 | dist   2.93 | Known
C2  | size  61 | dist   2.68 | Known
C3  | size  65 | dist   2.53 | Known
C4  | size  53 | dist  18.38 | Known
C5  | size  33 | dist   3.35 | Known
--- Unknown ['5screws', '6screws'] | mcs 23
C1      : 60 pts
C4      : 65 pts
outliers: 47 pts
C5      : 33 pts
C0      : 59 pts
C3      : 61 pts
C6      : 53 pts
C2      : 54 pts
C0  | size  59 | dist   3.37 | Known
C1  | size  60 | dist  51.84 | New Fault
C2  | size  54 | dist   2.93 | Known
C3  | size  61 | dist   2.68 | Known
C4  | size  65 | dist   2.53 | Known
C5  | size  33 | dist   3.35 | Known
C6  | size  53 | dist  18.38 | Known
--- Unknown ['5screws', '6screws', '7screws'] | mcs 23
C1      : 49 pts
C0      : 58 pts
C5      : 57 pts
C6      : 29 pts
C3      : 53 pts
C7      : 47 pts
C4      : 54 pts
outliers: 46 pts
C2      : 57 pts
C0  | size  58 | dist   3.38 | Known
C1  | size  49 | dist   2.98 | Known
C2  | size  57 | dist  51.49 | New Fault
C3  | size  53 | dist  82.10 | New Fault
C4  | size  54 | dist   2.70 | Known
C5  | size  57 | dist   2.55 | Known
C6  | size  29 | dist   3.51 | Known
C7  | size  47 | dist  18.30 | Known
--- Unknown ['5screws', '6screws', '7screws', '3_14screws'] | mcs 23
C1      : 47 pts
C7      : 29 pts
C0      : 49 pts
C5      : 51 pts
C6      : 50 pts
C8      : 43 pts
C3      : 46 pts
C2      : 41 pts
outliers: 45 pts
C4      : 49 pts
C0  | size  49 | dist   3.50 | Known
C1  | size  47 | dist  65.44 | New Fault
C2  | size  41 | dist   3.01 | Known
C3  | size  46 | dist  82.93 | New Fault
C4  | size  49 | dist  52.53 | New Fault
C5  | size  51 | dist   2.91 | Known
C6  | size  50 | dist   2.76 | Known
C7  | size  29 | dist   3.50 | Known
C8  | size  43 | dist  18.13 | Known
--- Unknown ['5screws', '6screws', '7screws', '3_14screws', '4_146screws'] | mcs 23
C8      : 26 pts
C1      : 27 pts
C0      : 44 pts
C5      : 54 pts
C7      : 43 pts
C4      : 42 pts
outliers: 42 pts
C3      : 45 pts
C9      : 41 pts
C2      : 45 pts
C6      : 41 pts
C0  | size  44 | dist   3.77 | Known
C1  | size  27 | dist   4.13 | Known
C2  | size  45 | dist  66.62 | New Fault
C3  | size  45 | dist  51.99 | New Fault
C4  | size  42 | dist  81.51 | New Fault
C5  | size  54 | dist  21.95 | New Fault
C6  | size  41 | dist   2.89 | Known
C7  | size  43 | dist   2.86 | Known
C8  | size  26 | dist   3.71 | Known
C9  | size  41 | dist  18.04 | Known
==============================
▶ mcs = 23 | conf = 0.99 | thr = 21.56
==============================
--- Test‑set validation
outliers: 3screws 10筆，2screws 8筆，4screws 4筆
C0      : 1screws 59筆
C1      : 8screws 54筆
C2      : 4screws 51筆
C3      : 3screws 61筆
C4      : 2screws 65筆
* C0  | size  59 | dist   3.37 | Known
* C1  | size  54 | dist   2.93 | Known
* C2  | size  51 | dist   2.81 | Known
* C3  | size  61 | dist   2.68 | Known
* C4  | size  65 | dist   2.53 | Known
--- Unknown ['5screws'] | mcs 23
C4      : 53 pts
C2      : 61 pts
C3      : 65 pts
outliers: 47 pts
C5      : 33 pts
C1      : 54 pts
C0      : 59 pts
C0  | size  59 | dist   3.37 | Known
C1  | size  54 | dist   2.93 | Known
C2  | size  61 | dist   2.68 | Known
C3  | size  65 | dist   2.53 | Known
C4  | size  53 | dist  18.38 | Known
C5  | size  33 | dist   3.35 | Known
--- Unknown ['5screws', '6screws'] | mcs 23
C1      : 60 pts
C4      : 65 pts
outliers: 47 pts
C5      : 33 pts
C0      : 59 pts
C3      : 61 pts
C6      : 53 pts
C2      : 54 pts
C0  | size  59 | dist   3.37 | Known
C1  | size  60 | dist  51.84 | New Fault
C2  | size  54 | dist   2.93 | Known
C3  | size  61 | dist   2.68 | Known
C4  | size  65 | dist   2.53 | Known
C5  | size  33 | dist   3.35 | Known
C6  | size  53 | dist  18.38 | Known
--- Unknown ['5screws', '6screws', '7screws'] | mcs 23
C1      : 49 pts
C0      : 58 pts
C5      : 57 pts
C6      : 29 pts
C3      : 53 pts
C7      : 47 pts
C4      : 54 pts
outliers: 46 pts
C2      : 57 pts
C0  | size  58 | dist   3.38 | Known
C1  | size  49 | dist   2.98 | Known
C2  | size  57 | dist  51.49 | New Fault
C3  | size  53 | dist  82.10 | New Fault
C4  | size  54 | dist   2.70 | Known
C5  | size  57 | dist   2.55 | Known
C6  | size  29 | dist   3.51 | Known
C7  | size  47 | dist  18.30 | Known
--- Unknown ['5screws', '6screws', '7screws', '3_14screws'] | mcs 23
C1      : 47 pts
C7      : 29 pts
C0      : 49 pts
C5      : 51 pts
C6      : 50 pts
C8      : 43 pts
C3      : 46 pts
C2      : 41 pts
outliers: 45 pts
C4      : 49 pts
C0  | size  49 | dist   3.50 | Known
C1  | size  47 | dist  65.44 | New Fault
C2  | size  41 | dist   3.01 | Known
C3  | size  46 | dist  82.93 | New Fault
C4  | size  49 | dist  52.53 | New Fault
C5  | size  51 | dist   2.91 | Known
C6  | size  50 | dist   2.76 | Known
C7  | size  29 | dist   3.50 | Known
C8  | size  43 | dist  18.13 | Known
--- Unknown ['5screws', '6screws', '7screws', '3_14screws', '4_146screws'] | mcs 23
C8      : 26 pts
C1      : 27 pts
C0      : 44 pts
C5      : 54 pts
C7      : 43 pts
C4      : 42 pts
outliers: 42 pts
C3      : 45 pts
C9      : 41 pts
C2      : 45 pts
C6      : 41 pts
C0  | size  44 | dist   3.77 | Known
C1  | size  27 | dist   4.13 | Known
C2  | size  45 | dist  66.62 | New Fault
C3  | size  45 | dist  51.99 | New Fault
C4  | size  42 | dist  81.51 | New Fault
C5  | size  54 | dist  21.95 | New Fault
C6  | size  41 | dist   2.89 | Known
C7  | size  43 | dist   2.86 | Known
C8  | size  26 | dist   3.71 | Known
C9  | size  41 | dist  18.04 | Known
==============================
▶ mcs = 24 | conf = 0.9 | thr = 16.63
==============================
--- Test‑set validation
outliers: 3screws 10筆，2screws 8筆，4screws 4筆
C0      : 1screws 59筆
C1      : 8screws 54筆
C2      : 4screws 51筆
C3      : 3screws 61筆
C4      : 2screws 65筆
* C0  | size  59 | dist   3.37 | Known
* C1  | size  54 | dist   2.93 | Known
* C2  | size  51 | dist   2.81 | Known
* C3  | size  61 | dist   2.68 | Known
* C4  | size  65 | dist   2.53 | Known
--- Unknown ['5screws'] | mcs 24
C4      : 53 pts
C2      : 61 pts
C3      : 65 pts
outliers: 47 pts
C5      : 33 pts
C1      : 54 pts
C0      : 59 pts
C0  | size  59 | dist   3.37 | Known
C1  | size  54 | dist   2.93 | Known
C2  | size  61 | dist   2.68 | Known
C3  | size  65 | dist   2.53 | Known
C4  | size  53 | dist  18.38 | New Fault
C5  | size  33 | dist   3.35 | Known
--- Unknown ['5screws', '6screws'] | mcs 24
C1      : 60 pts
C4      : 65 pts
outliers: 47 pts
C5      : 33 pts
C0      : 59 pts
C3      : 61 pts
C6      : 53 pts
C2      : 54 pts
C0  | size  59 | dist   3.37 | Known
C1  | size  60 | dist  51.84 | New Fault
C2  | size  54 | dist   2.93 | Known
C3  | size  61 | dist   2.68 | Known
C4  | size  65 | dist   2.53 | Known
C5  | size  33 | dist   3.35 | Known
C6  | size  53 | dist  18.38 | New Fault
--- Unknown ['5screws', '6screws', '7screws'] | mcs 24
C1      : 49 pts
C0      : 58 pts
C5      : 57 pts
C6      : 29 pts
C3      : 53 pts
C7      : 47 pts
C4      : 54 pts
outliers: 46 pts
C2      : 57 pts
C0  | size  58 | dist   3.38 | Known
C1  | size  49 | dist   2.98 | Known
C2  | size  57 | dist  51.49 | New Fault
C3  | size  53 | dist  82.10 | New Fault
C4  | size  54 | dist   2.70 | Known
C5  | size  57 | dist   2.55 | Known
C6  | size  29 | dist   3.51 | Known
C7  | size  47 | dist  18.30 | New Fault
--- Unknown ['5screws', '6screws', '7screws', '3_14screws'] | mcs 24
C1      : 47 pts
C7      : 29 pts
C0      : 49 pts
C5      : 51 pts
C6      : 50 pts
C8      : 43 pts
C3      : 46 pts
C2      : 41 pts
outliers: 45 pts
C4      : 49 pts
C0  | size  49 | dist   3.50 | Known
C1  | size  47 | dist  65.44 | New Fault
C2  | size  41 | dist   3.01 | Known
C3  | size  46 | dist  82.93 | New Fault
C4  | size  49 | dist  52.53 | New Fault
C5  | size  51 | dist   2.91 | Known
C6  | size  50 | dist   2.76 | Known
C7  | size  29 | dist   3.50 | Known
C8  | size  43 | dist  18.13 | New Fault
--- Unknown ['5screws', '6screws', '7screws', '3_14screws', '4_146screws'] | mcs 24
C8      : 26 pts
C1      : 27 pts
C0      : 44 pts
C5      : 54 pts
C7      : 43 pts
C4      : 42 pts
outliers: 42 pts
C3      : 45 pts
C9      : 41 pts
C2      : 45 pts
C6      : 41 pts
C0  | size  44 | dist   3.77 | Known
C1  | size  27 | dist   4.13 | Known
C2  | size  45 | dist  66.62 | New Fault
C3  | size  45 | dist  51.99 | New Fault
C4  | size  42 | dist  81.51 | New Fault
C5  | size  54 | dist  21.95 | New Fault
C6  | size  41 | dist   2.89 | Known
C7  | size  43 | dist   2.86 | Known
C8  | size  26 | dist   3.71 | Known
C9  | size  41 | dist  18.04 | New Fault
==============================
▶ mcs = 24 | conf = 0.95 | thr = 18.40
==============================
--- Test‑set validation
outliers: 3screws 10筆，2screws 8筆，4screws 4筆
C0      : 1screws 59筆
C1      : 8screws 54筆
C2      : 4screws 51筆
C3      : 3screws 61筆
C4      : 2screws 65筆
* C0  | size  59 | dist   3.37 | Known
* C1  | size  54 | dist   2.93 | Known
* C2  | size  51 | dist   2.81 | Known
* C3  | size  61 | dist   2.68 | Known
* C4  | size  65 | dist   2.53 | Known
--- Unknown ['5screws'] | mcs 24
C4      : 53 pts
C2      : 61 pts
C3      : 65 pts
outliers: 47 pts
C5      : 33 pts
C1      : 54 pts
C0      : 59 pts
C0  | size  59 | dist   3.37 | Known
C1  | size  54 | dist   2.93 | Known
C2  | size  61 | dist   2.68 | Known
C3  | size  65 | dist   2.53 | Known
C4  | size  53 | dist  18.38 | Known
C5  | size  33 | dist   3.35 | Known
--- Unknown ['5screws', '6screws'] | mcs 24
C1      : 60 pts
C4      : 65 pts
outliers: 47 pts
C5      : 33 pts
C0      : 59 pts
C3      : 61 pts
C6      : 53 pts
C2      : 54 pts
C0  | size  59 | dist   3.37 | Known
C1  | size  60 | dist  51.84 | New Fault
C2  | size  54 | dist   2.93 | Known
C3  | size  61 | dist   2.68 | Known
C4  | size  65 | dist   2.53 | Known
C5  | size  33 | dist   3.35 | Known
C6  | size  53 | dist  18.38 | Known
--- Unknown ['5screws', '6screws', '7screws'] | mcs 24
C1      : 49 pts
C0      : 58 pts
C5      : 57 pts
C6      : 29 pts
C3      : 53 pts
C7      : 47 pts
C4      : 54 pts
outliers: 46 pts
C2      : 57 pts
C0  | size  58 | dist   3.38 | Known
C1  | size  49 | dist   2.98 | Known
C2  | size  57 | dist  51.49 | New Fault
C3  | size  53 | dist  82.10 | New Fault
C4  | size  54 | dist   2.70 | Known
C5  | size  57 | dist   2.55 | Known
C6  | size  29 | dist   3.51 | Known
C7  | size  47 | dist  18.30 | Known
--- Unknown ['5screws', '6screws', '7screws', '3_14screws'] | mcs 24
C1      : 47 pts
C7      : 29 pts
C0      : 49 pts
C5      : 51 pts
C6      : 50 pts
C8      : 43 pts
C3      : 46 pts
C2      : 41 pts
outliers: 45 pts
C4      : 49 pts
C0  | size  49 | dist   3.50 | Known
C1  | size  47 | dist  65.44 | New Fault
C2  | size  41 | dist   3.01 | Known
C3  | size  46 | dist  82.93 | New Fault
C4  | size  49 | dist  52.53 | New Fault
C5  | size  51 | dist   2.91 | Known
C6  | size  50 | dist   2.76 | Known
C7  | size  29 | dist   3.50 | Known
C8  | size  43 | dist  18.13 | Known
--- Unknown ['5screws', '6screws', '7screws', '3_14screws', '4_146screws'] | mcs 24
C8      : 26 pts
C1      : 27 pts
C0      : 44 pts
C5      : 54 pts
C7      : 43 pts
C4      : 42 pts
outliers: 42 pts
C3      : 45 pts
C9      : 41 pts
C2      : 45 pts
C6      : 41 pts
C0  | size  44 | dist   3.77 | Known
C1  | size  27 | dist   4.13 | Known
C2  | size  45 | dist  66.62 | New Fault
C3  | size  45 | dist  51.99 | New Fault
C4  | size  42 | dist  81.51 | New Fault
C5  | size  54 | dist  21.95 | New Fault
C6  | size  41 | dist   2.89 | Known
C7  | size  43 | dist   2.86 | Known
C8  | size  26 | dist   3.71 | Known
C9  | size  41 | dist  18.04 | Known
==============================
▶ mcs = 24 | conf = 0.99 | thr = 21.56
==============================
--- Test‑set validation
outliers: 3screws 10筆，2screws 8筆，4screws 4筆
C0      : 1screws 59筆
C1      : 8screws 54筆
C2      : 4screws 51筆
C3      : 3screws 61筆
C4      : 2screws 65筆
* C0  | size  59 | dist   3.37 | Known
* C1  | size  54 | dist   2.93 | Known
* C2  | size  51 | dist   2.81 | Known
* C3  | size  61 | dist   2.68 | Known
* C4  | size  65 | dist   2.53 | Known
--- Unknown ['5screws'] | mcs 24
C4      : 53 pts
C2      : 61 pts
C3      : 65 pts
outliers: 47 pts
C5      : 33 pts
C1      : 54 pts
C0      : 59 pts
C0  | size  59 | dist   3.37 | Known
C1  | size  54 | dist   2.93 | Known
C2  | size  61 | dist   2.68 | Known
C3  | size  65 | dist   2.53 | Known
C4  | size  53 | dist  18.38 | Known
C5  | size  33 | dist   3.35 | Known
--- Unknown ['5screws', '6screws'] | mcs 24
C1      : 60 pts
C4      : 65 pts
outliers: 47 pts
C5      : 33 pts
C0      : 59 pts
C3      : 61 pts
C6      : 53 pts
C2      : 54 pts
C0  | size  59 | dist   3.37 | Known
C1  | size  60 | dist  51.84 | New Fault
C2  | size  54 | dist   2.93 | Known
C3  | size  61 | dist   2.68 | Known
C4  | size  65 | dist   2.53 | Known
C5  | size  33 | dist   3.35 | Known
C6  | size  53 | dist  18.38 | Known
--- Unknown ['5screws', '6screws', '7screws'] | mcs 24
C1      : 49 pts
C0      : 58 pts
C5      : 57 pts
C6      : 29 pts
C3      : 53 pts
C7      : 47 pts
C4      : 54 pts
outliers: 46 pts
C2      : 57 pts
C0  | size  58 | dist   3.38 | Known
C1  | size  49 | dist   2.98 | Known
C2  | size  57 | dist  51.49 | New Fault
C3  | size  53 | dist  82.10 | New Fault
C4  | size  54 | dist   2.70 | Known
C5  | size  57 | dist   2.55 | Known
C6  | size  29 | dist   3.51 | Known
C7  | size  47 | dist  18.30 | Known
--- Unknown ['5screws', '6screws', '7screws', '3_14screws'] | mcs 24
C1      : 47 pts
C7      : 29 pts
C0      : 49 pts
C5      : 51 pts
C6      : 50 pts
C8      : 43 pts
C3      : 46 pts
C2      : 41 pts
outliers: 45 pts
C4      : 49 pts
C0  | size  49 | dist   3.50 | Known
C1  | size  47 | dist  65.44 | New Fault
C2  | size  41 | dist   3.01 | Known
C3  | size  46 | dist  82.93 | New Fault
C4  | size  49 | dist  52.53 | New Fault
C5  | size  51 | dist   2.91 | Known
C6  | size  50 | dist   2.76 | Known
C7  | size  29 | dist   3.50 | Known
C8  | size  43 | dist  18.13 | Known
--- Unknown ['5screws', '6screws', '7screws', '3_14screws', '4_146screws'] | mcs 24
C8      : 26 pts
C1      : 27 pts
C0      : 44 pts
C5      : 54 pts
C7      : 43 pts
C4      : 42 pts
outliers: 42 pts
C3      : 45 pts
C9      : 41 pts
C2      : 45 pts
C6      : 41 pts
C0  | size  44 | dist   3.77 | Known
C1  | size  27 | dist   4.13 | Known
C2  | size  45 | dist  66.62 | New Fault
C3  | size  45 | dist  51.99 | New Fault
C4  | size  42 | dist  81.51 | New Fault
C5  | size  54 | dist  21.95 | New Fault
C6  | size  41 | dist   2.89 | Known
C7  | size  43 | dist   2.86 | Known
C8  | size  26 | dist   3.71 | Known
C9  | size  41 | dist  18.04 | Known
