2026-08-05 15:44:27 | INFO  | Logger initialized
2026-08-05 15:44:27 | INFO  | log_file=/home/albert/Ancestor/logs/Step3_Model_15_OneStage/2026-08-05-15-44-27.log
2026-08-05 15:44:27 | INFO  | output_dir=/home/albert/Ancestor/output/Step3_Model_15_OneStage/2026-08-05-15-44-27
[gpu_utils] GPU x1 已啟用：['/physical_device:GPU:0']
自訂 Label Mapping:
8screws: 0
1screws: 1
2screws: 2
3screws: 3
4screws: 4
模型已成功載入。
Model 2 - Layer 0: input_layer | Trainable: False
Model 2 - Layer 1: conv1d | Trainable: False
Model 2 - Layer 2: conv1d_1 | Trainable: False
Model 2 - Layer 3: max_pooling1d | Trainable: False
Model 2 - Layer 4: conv1d_2 | Trainable: False
Model 2 - Layer 5: conv1d_3 | Trainable: False
Model 2 - Layer 6: max_pooling1d_1 | Trainable: False
Model 2 - Layer 7: conv1d_4 | Trainable: False
Model 2 - Layer 8: conv1d_5 | Trainable: False
Model 2 - Layer 9: conv1d_6 | Trainable: False
Model 2 - Layer 10: max_pooling1d_2 | Trainable: False
Model 2 - Layer 11: conv1d_7 | Trainable: False
Model 2 - Layer 12: conv1d_8 | Trainable: False
Model 2 - Layer 13: conv1d_9 | Trainable: True
Model 2 - Layer 14: max_pooling1d_3 | Trainable: True
Model 2 - Layer 15: conv1d_10 | Trainable: True
Model 2 - Layer 16: conv1d_11 | Trainable: True
Model 2 - Layer 17: conv1d_12 | Trainable: True
Model 2 - Layer 18: max_pooling1d_4 | Trainable: True
Model 2 - Layer 19: flatten | Trainable: True
Model 2 - Layer 20: dense | Trainable: True
Model 2 - Layer 21: dropout | Trainable: True
Model 2 - Layer 22: dense_1 | Trainable: True
Model 2 - Layer 23: dropout_1 | Trainable: True
Model 2 - Layer 24: Screw_Number_Output | Trainable: True
[Training] Device: /GPU:0
Epoch 1/100
75/75 48ms/step accuracy=0.4081 loss=2.8648
75/75 73ms/step accuracy=0.4503 loss=2.2639 val_accuracy=0.6528 val_loss=1.3767
Epoch 2/100
75/75 4ms/step accuracy=0.5605 loss=1.3484 val_accuracy=0.7112 val_loss=1.0323
Epoch 3/100
75/75 3ms/step accuracy=0.6173 loss=1.1229
75/75 4ms/step accuracy=0.6336 loss=1.0767 val_accuracy=0.7396 val_loss=0.8273
Epoch 4/100
75/75 4ms/step accuracy=0.6507 loss=0.9499 val_accuracy=0.7563 val_loss=0.7219
Epoch 5/100
75/75 4ms/step accuracy=0.6786 loss=0.8921 val_accuracy=0.7629 val_loss=0.6432
Epoch 6/100
75/75 6ms/step accuracy=0.7024 loss=0.8113 val_accuracy=0.7846 val_loss=0.5681
Epoch 7/100
75/75 4ms/step accuracy=0.7154 loss=0.7658 val_accuracy=0.8180 val_loss=0.5006
Epoch 8/100
75/75 4ms/step accuracy=0.7400 loss=0.7241 val_accuracy=0.8598 val_loss=0.4492
Epoch 9/100
75/75 3ms/step accuracy=0.7463 loss=0.6653
75/75 4ms/step accuracy=0.7538 loss=0.6514 val_accuracy=0.9015 val_loss=0.4004
Epoch 10/100
75/75 4ms/step accuracy=0.7692 loss=0.6285 val_accuracy=0.9182 val_loss=0.3567
Epoch 11/100
75/75 4ms/step accuracy=0.7955 loss=0.5823 val_accuracy=0.9349 val_loss=0.3074
Epoch 12/100
75/75 4ms/step accuracy=0.7980 loss=0.5430 val_accuracy=0.9432 val_loss=0.2731
Epoch 13/100
75/75 4ms/step accuracy=0.8189 loss=0.5127 val_accuracy=0.9416 val_loss=0.2526
Epoch 14/100
75/75 4ms/step accuracy=0.8189 loss=0.4878 val_accuracy=0.9516 val_loss=0.2260
Epoch 15/100
75/75 4ms/step accuracy=0.8493 loss=0.4523 val_accuracy=0.9666 val_loss=0.1978
Epoch 16/100
75/75 4ms/step accuracy=0.8427 loss=0.4463 val_accuracy=0.9633 val_loss=0.1766
Epoch 17/100
75/75 4ms/step accuracy=0.8418 loss=0.4324 val_accuracy=0.9733 val_loss=0.1590
Epoch 18/100
75/75 4ms/step accuracy=0.8660 loss=0.3788 val_accuracy=0.9783 val_loss=0.1334
Epoch 19/100
75/75 4ms/step accuracy=0.8635 loss=0.3987 val_accuracy=0.9783 val_loss=0.1312
Epoch 20/100
75/75 4ms/step accuracy=0.8769 loss=0.3637 val_accuracy=0.9816 val_loss=0.1164
Epoch 21/100
75/75 4ms/step accuracy=0.8781 loss=0.3466 val_accuracy=0.9850 val_loss=0.1036
Epoch 22/100
75/75 4ms/step accuracy=0.8927 loss=0.3341 val_accuracy=0.9900 val_loss=0.0900
Epoch 23/100
75/75 6ms/step accuracy=0.8907 loss=0.3227 val_accuracy=0.9866 val_loss=0.0866
Epoch 24/100
75/75 4ms/step accuracy=0.8831 loss=0.3134 val_accuracy=0.9917 val_loss=0.0749
Epoch 25/100
75/75 4ms/step accuracy=0.8936 loss=0.2981 val_accuracy=0.9933 val_loss=0.0632
Epoch 26/100
75/75 4ms/step accuracy=0.9007 loss=0.2764 val_accuracy=0.9933 val_loss=0.0585
Epoch 27/100
75/75 4ms/step accuracy=0.8919 loss=0.3008 val_accuracy=0.9933 val_loss=0.0553
Epoch 28/100
75/75 3ms/step accuracy=0.8939 loss=0.3099
75/75 4ms/step accuracy=0.8973 loss=0.2889 val_accuracy=0.9950 val_loss=0.0455
Epoch 29/100
75/75 4ms/step accuracy=0.9128 loss=0.2597 val_accuracy=0.9950 val_loss=0.0448
Epoch 30/100
75/75 4ms/step accuracy=0.9149 loss=0.2456 val_accuracy=0.9967 val_loss=0.0353
Epoch 31/100
75/75 4ms/step accuracy=0.9232 loss=0.2347 val_accuracy=0.9950 val_loss=0.0339
Epoch 32/100
75/75 4ms/step accuracy=0.9240 loss=0.2335 val_accuracy=0.9950 val_loss=0.0297
Epoch 33/100
75/75 4ms/step accuracy=0.9224 loss=0.2268 val_accuracy=0.9950 val_loss=0.0277
Epoch 34/100
75/75 5ms/step accuracy=0.9207 loss=0.2379 val_accuracy=0.9950 val_loss=0.0275
Epoch 35/100
75/75 4ms/step accuracy=0.9391 loss=0.2009 val_accuracy=0.9967 val_loss=0.0217
Epoch 36/100
75/75 4ms/step accuracy=0.9299 loss=0.2047 val_accuracy=0.9967 val_loss=0.0218
Epoch 37/100
75/75 4ms/step accuracy=0.9353 loss=0.1923 val_accuracy=0.9967 val_loss=0.0181
Epoch 38/100
75/75 4ms/step accuracy=0.9324 loss=0.1954 val_accuracy=0.9967 val_loss=0.0225
Epoch 39/100
75/75 4ms/step accuracy=0.9290 loss=0.2011 val_accuracy=0.9967 val_loss=0.0161
Epoch 40/100
75/75 4ms/step accuracy=0.9370 loss=0.1963 val_accuracy=0.9967 val_loss=0.0154
Epoch 41/100
75/75 4ms/step accuracy=0.9361 loss=0.1830 val_accuracy=0.9983 val_loss=0.0156
Epoch 42/100
75/75 4ms/step accuracy=0.9357 loss=0.1805 val_accuracy=0.9967 val_loss=0.0136
Epoch 43/100
75/75 4ms/step accuracy=0.9336 loss=0.1907 val_accuracy=0.9967 val_loss=0.0131
Epoch 44/100
75/75 4ms/step accuracy=0.9353 loss=0.1735 val_accuracy=0.9967 val_loss=0.0120
Epoch 45/100
75/75 4ms/step accuracy=0.9370 loss=0.1676 val_accuracy=0.9967 val_loss=0.0103
Epoch 46/100
75/75 4ms/step accuracy=0.9424 loss=0.1607 val_accuracy=0.9983 val_loss=0.0112
Epoch 47/100
75/75 4ms/step accuracy=0.9470 loss=0.1474 val_accuracy=0.9983 val_loss=0.0112
Epoch 48/100
75/75 4ms/step accuracy=0.9487 loss=0.1456 val_accuracy=0.9967 val_loss=0.0092
Epoch 49/100
75/75 4ms/step accuracy=0.9466 loss=0.1501 val_accuracy=0.9983 val_loss=0.0096
Epoch 50/100
75/75 3ms/step accuracy=0.9648 loss=0.1249
75/75 4ms/step accuracy=0.9616 loss=0.1280 val_accuracy=0.9967 val_loss=0.0081
Epoch 51/100
75/75 4ms/step accuracy=0.9437 loss=0.1512 val_accuracy=0.9983 val_loss=0.0099
Epoch 52/100
75/75 3ms/step accuracy=0.9442 loss=0.1510
75/75 4ms/step accuracy=0.9512 loss=0.1373 val_accuracy=0.9983 val_loss=0.0081
Epoch 53/100
75/75 5ms/step accuracy=0.9516 loss=0.1351 val_accuracy=0.9983 val_loss=0.0065
Epoch 54/100
75/75 3ms/step accuracy=0.9488 loss=0.1423
75/75 4ms/step accuracy=0.9495 loss=0.1400 val_accuracy=0.9983 val_loss=0.0063
Epoch 55/100
75/75 4ms/step accuracy=0.9537 loss=0.1344 val_accuracy=0.9967 val_loss=0.0090
Epoch 56/100
75/75 4ms/step accuracy=0.9608 loss=0.1392 val_accuracy=0.9983 val_loss=0.0065
Epoch 57/100
75/75 5ms/step accuracy=0.9533 loss=0.1322 val_accuracy=0.9983 val_loss=0.0058
Epoch 58/100
75/75 4ms/step accuracy=0.9437 loss=0.1506 val_accuracy=0.9967 val_loss=0.0101
Epoch 59/100
75/75 4ms/step accuracy=0.9595 loss=0.1163 val_accuracy=0.9983 val_loss=0.0049
Epoch 60/100
75/75 4ms/step accuracy=0.9537 loss=0.1238 val_accuracy=0.9983 val_loss=0.0064
Epoch 61/100
75/75 4ms/step accuracy=0.9520 loss=0.1319 val_accuracy=0.9983 val_loss=0.0041
Epoch 62/100
75/75 4ms/step accuracy=0.9616 loss=0.1168 val_accuracy=0.9983 val_loss=0.0047
Epoch 63/100
75/75 4ms/step accuracy=0.9549 loss=0.1277 val_accuracy=0.9983 val_loss=0.0072
Epoch 64/100
75/75 4ms/step accuracy=0.9574 loss=0.1182 val_accuracy=0.9983 val_loss=0.0036
Epoch 65/100
75/75 4ms/step accuracy=0.9704 loss=0.1056 val_accuracy=0.9983 val_loss=0.0060
Epoch 66/100
75/75 4ms/step accuracy=0.9512 loss=0.1231 val_accuracy=1.0000 val_loss=0.0030
Epoch 67/100
75/75 4ms/step accuracy=0.9624 loss=0.1125 val_accuracy=0.9983 val_loss=0.0031
Epoch 68/100
75/75 4ms/step accuracy=0.9583 loss=0.1114 val_accuracy=0.9983 val_loss=0.0041
Epoch 69/100
75/75 4ms/step accuracy=0.9612 loss=0.1087 val_accuracy=0.9983 val_loss=0.0048
Epoch 70/100
75/75 4ms/step accuracy=0.9562 loss=0.1127 val_accuracy=0.9983 val_loss=0.0059
Epoch 71/100
75/75 4ms/step accuracy=0.9670 loss=0.1037 val_accuracy=0.9983 val_loss=0.0053
Epoch 72/100
75/75 4ms/step accuracy=0.9633 loss=0.1002 val_accuracy=0.9983 val_loss=0.0040
Epoch 73/100
75/75 4ms/step accuracy=0.9616 loss=0.1106 val_accuracy=0.9983 val_loss=0.0049
Epoch 74/100
75/75 3ms/step accuracy=0.9657 loss=0.1025
75/75 4ms/step accuracy=0.9658 loss=0.1010 val_accuracy=0.9983 val_loss=0.0033
Epoch 75/100
75/75 4ms/step accuracy=0.9683 loss=0.0935 val_accuracy=0.9983 val_loss=0.0049
Epoch 76/100
75/75 4ms/step accuracy=0.9616 loss=0.1007 val_accuracy=0.9983 val_loss=0.0052
19/19 3ms/step accuracy=1.0000 loss=0.0030
Screw Number Loss: 0.0030, Screw Number Accuracy: 1.0000
2026-08-05 15:45:08 | INFO  | Saved plot: /home/albert/Ancestor/output/Step3_Model_15_OneStage/2026-08-05-15-44-27/plot_000.png
2026-08-05 15:45:08 | INFO  | Saved plot: /home/albert/Ancestor/output/Step3_Model_15_OneStage/2026-08-05-15-44-27/plot_001.png
2026-08-05 15:45:09 | INFO  | Saved plot: /home/albert/Ancestor/output/Step3_Model_15_OneStage/2026-08-05-15-44-27/plot_002.png
