2026-08-05 16:43:28 | INFO  | Logger initialized
2026-08-05 16:43:28 | INFO  | log_file=/home/albert/Ancestor/logs/Step6_Model_04_Retrain/2026-08-05-16-43-28.log
2026-08-05 16:43:28 | INFO  | output_dir=/home/albert/Ancestor/output/Step6_Model_04_Retrain/2026-08-05-16-43-28
[gpu_utils] GPU x1 已啟用：['/physical_device:GPU:0']
自訂 Label Mapping:
8screws: 0
1screws: 1
2screws: 2
3screws: 3
4screws: 4
5screws: 5
6screws: 6
7screws: 7
3_14screws: 8
4_146screws: 9
[Training] Device: /GPU:0
Epoch 1/100
149/149 27ms/step accuracy=0.1341 loss=2.2655
149/149 38ms/step accuracy=0.1622 loss=2.2195 val_accuracy=0.2429 val_loss=2.1165
Epoch 2/100
149/149 5ms/step accuracy=0.2767 loss=2.0096 val_accuracy=0.4361 val_loss=1.8503
Epoch 3/100
149/149 4ms/step accuracy=0.4116 loss=1.7401 val_accuracy=0.6202 val_loss=1.5032
Epoch 4/100
149/149 4ms/step accuracy=0.5296 loss=1.3916 val_accuracy=0.8261 val_loss=1.0238
Epoch 5/100
149/149 4ms/step accuracy=0.6452 loss=1.0163 val_accuracy=0.9202 val_loss=0.5868
Epoch 6/100
149/149 4ms/step accuracy=0.7374 loss=0.7486 val_accuracy=0.9739 val_loss=0.3398
Epoch 7/100
149/149 4ms/step accuracy=0.7817 loss=0.6128 val_accuracy=0.9924 val_loss=0.2125
Epoch 8/100
149/149 4ms/step accuracy=0.8105 loss=0.5222 val_accuracy=0.9983 val_loss=0.1375
Epoch 9/100
149/149 4ms/step accuracy=0.8294 loss=0.4594 val_accuracy=0.9992 val_loss=0.0942
Epoch 10/100
149/149 4ms/step accuracy=0.8473 loss=0.4081 val_accuracy=0.9992 val_loss=0.0697
Epoch 11/100
149/149 3ms/step accuracy=0.8458 loss=0.4171
149/149 4ms/step accuracy=0.8555 loss=0.3903 val_accuracy=0.9992 val_loss=0.0502
Epoch 12/100
149/149 4ms/step accuracy=0.8683 loss=0.3481 val_accuracy=1.0000 val_loss=0.0390
Epoch 13/100
149/149 4ms/step accuracy=0.8733 loss=0.3325 val_accuracy=1.0000 val_loss=0.0301
Epoch 14/100
149/149 4ms/step accuracy=0.8803 loss=0.3077 val_accuracy=1.0000 val_loss=0.0245
Epoch 15/100
149/149 4ms/step accuracy=0.8863 loss=0.2858 val_accuracy=0.9992 val_loss=0.0182
Epoch 16/100
149/149 4ms/step accuracy=0.8924 loss=0.2743 val_accuracy=1.0000 val_loss=0.0152
Epoch 17/100
149/149 4ms/step accuracy=0.9050 loss=0.2493 val_accuracy=1.0000 val_loss=0.0118
Epoch 18/100
149/149 4ms/step accuracy=0.8971 loss=0.2583 val_accuracy=1.0000 val_loss=0.0112
Epoch 19/100
149/149 4ms/step accuracy=0.9023 loss=0.2485 val_accuracy=1.0000 val_loss=0.0099
Epoch 20/100
149/149 4ms/step accuracy=0.9097 loss=0.2383 val_accuracy=1.0000 val_loss=0.0083
Epoch 21/100
149/149 4ms/step accuracy=0.9105 loss=0.2316 val_accuracy=1.0000 val_loss=0.0063
Epoch 22/100
149/149 4ms/step accuracy=0.9038 loss=0.2285 val_accuracy=1.0000 val_loss=0.0054
Epoch 23/100
149/149 4ms/step accuracy=0.9132 loss=0.2131 val_accuracy=1.0000 val_loss=0.0061
Epoch 24/100
149/149 4ms/step accuracy=0.9160 loss=0.2113 val_accuracy=1.0000 val_loss=0.0054
Epoch 25/100
149/149 4ms/step accuracy=0.9145 loss=0.2065 val_accuracy=1.0000 val_loss=0.0044
Epoch 26/100
149/149 4ms/step accuracy=0.9273 loss=0.1862 val_accuracy=1.0000 val_loss=0.0038
Epoch 27/100
149/149 4ms/step accuracy=0.9235 loss=0.2076 val_accuracy=1.0000 val_loss=0.0030
Epoch 28/100
149/149 3ms/step accuracy=0.9201 loss=0.2145
149/149 4ms/step accuracy=0.9296 loss=0.1948 val_accuracy=1.0000 val_loss=0.0031
Epoch 29/100
149/149 4ms/step accuracy=0.9263 loss=0.1965 val_accuracy=1.0000 val_loss=0.0031
Epoch 30/100
149/149 4ms/step accuracy=0.9307 loss=0.1823 val_accuracy=1.0000 val_loss=0.0021
Epoch 31/100
149/149 4ms/step accuracy=0.9292 loss=0.1851 val_accuracy=1.0000 val_loss=0.0024
Epoch 32/100
149/149 4ms/step accuracy=0.9347 loss=0.1782 val_accuracy=1.0000 val_loss=0.0021
Epoch 33/100
149/149 4ms/step accuracy=0.9288 loss=0.1843 val_accuracy=1.0000 val_loss=0.0017
Epoch 34/100
149/149 4ms/step accuracy=0.9239 loss=0.1870 val_accuracy=1.0000 val_loss=0.0017
Epoch 35/100
149/149 4ms/step accuracy=0.9359 loss=0.1673 val_accuracy=1.0000 val_loss=0.0014
Epoch 36/100
149/149 4ms/step accuracy=0.9315 loss=0.1718 val_accuracy=1.0000 val_loss=0.0016
Epoch 37/100
149/149 3ms/step accuracy=0.9387 loss=0.1659
149/149 4ms/step accuracy=0.9326 loss=0.1762 val_accuracy=1.0000 val_loss=0.0015
Epoch 38/100
149/149 4ms/step accuracy=0.9309 loss=0.1770 val_accuracy=1.0000 val_loss=0.0014
Epoch 39/100
149/149 4ms/step accuracy=0.9418 loss=0.1557 val_accuracy=1.0000 val_loss=0.0013
Epoch 40/100
149/149 5ms/step accuracy=0.9380 loss=0.1648 val_accuracy=1.0000 val_loss=0.0010
Epoch 41/100
149/149 5ms/step accuracy=0.9374 loss=0.1582 val_accuracy=1.0000 val_loss=0.0012
Epoch 42/100
149/149 4ms/step accuracy=0.9408 loss=0.1526 val_accuracy=1.0000 val_loss=7.0795e-04
Epoch 43/100
149/149 4ms/step accuracy=0.9401 loss=0.1525 val_accuracy=1.0000 val_loss=7.6204e-04
Epoch 44/100
149/149 4ms/step accuracy=0.9307 loss=0.1654 val_accuracy=1.0000 val_loss=0.0018
Epoch 45/100
149/149 4ms/step accuracy=0.9363 loss=0.1508 val_accuracy=1.0000 val_loss=8.8130e-04
Epoch 46/100
149/149 5ms/step accuracy=0.9424 loss=0.1454 val_accuracy=1.0000 val_loss=9.9513e-04
Epoch 47/100
149/149 4ms/step accuracy=0.9366 loss=0.1576 val_accuracy=1.0000 val_loss=6.5716e-04
Epoch 48/100
149/149 4ms/step accuracy=0.9418 loss=0.1509 val_accuracy=1.0000 val_loss=8.9227e-04
Epoch 49/100
149/149 3ms/step accuracy=0.9426 loss=0.1423
149/149 4ms/step accuracy=0.9372 loss=0.1513 val_accuracy=1.0000 val_loss=6.0934e-04
Epoch 50/100
149/149 4ms/step accuracy=0.9399 loss=0.1501 val_accuracy=1.0000 val_loss=0.0012
Epoch 51/100
149/149 4ms/step accuracy=0.9368 loss=0.1565 val_accuracy=1.0000 val_loss=8.8205e-04
Epoch 52/100
149/149 4ms/step accuracy=0.9408 loss=0.1419 val_accuracy=1.0000 val_loss=5.1856e-04
Epoch 53/100
149/149 4ms/step accuracy=0.9403 loss=0.1399 val_accuracy=1.0000 val_loss=6.2931e-04
Epoch 54/100
149/149 4ms/step accuracy=0.9395 loss=0.1447 val_accuracy=1.0000 val_loss=5.3686e-04
Epoch 55/100
149/149 4ms/step accuracy=0.9357 loss=0.1531 val_accuracy=1.0000 val_loss=6.3502e-04
Epoch 56/100
149/149 4ms/step accuracy=0.9384 loss=0.1461 val_accuracy=1.0000 val_loss=4.8087e-04
Epoch 57/100
149/149 4ms/step accuracy=0.9458 loss=0.1331 val_accuracy=1.0000 val_loss=6.9810e-04
Epoch 58/100
149/149 4ms/step accuracy=0.9387 loss=0.1405 val_accuracy=1.0000 val_loss=5.3306e-04
Epoch 59/100
149/149 4ms/step accuracy=0.9412 loss=0.1404 val_accuracy=1.0000 val_loss=8.4225e-04
Epoch 60/100
149/149 4ms/step accuracy=0.9445 loss=0.1315 val_accuracy=1.0000 val_loss=3.3399e-04
Epoch 61/100
149/149 4ms/step accuracy=0.9395 loss=0.1418 val_accuracy=1.0000 val_loss=6.1752e-04
Epoch 62/100
149/149 4ms/step accuracy=0.9456 loss=0.1269 val_accuracy=1.0000 val_loss=5.0369e-04
Epoch 63/100
149/149 4ms/step accuracy=0.9370 loss=0.1437 val_accuracy=1.0000 val_loss=5.1340e-04
Epoch 64/100
149/149 4ms/step accuracy=0.9384 loss=0.1431 val_accuracy=1.0000 val_loss=5.9151e-04
Epoch 65/100
149/149 4ms/step accuracy=0.9380 loss=0.1430 val_accuracy=1.0000 val_loss=4.1218e-04
Epoch 66/100
149/149 4ms/step accuracy=0.9466 loss=0.1219 val_accuracy=1.0000 val_loss=4.2835e-04
Epoch 67/100
149/149 4ms/step accuracy=0.9384 loss=0.1421 val_accuracy=1.0000 val_loss=6.1383e-04
Epoch 68/100
149/149 5ms/step accuracy=0.9416 loss=0.1337 val_accuracy=1.0000 val_loss=5.7811e-04
Epoch 69/100
149/149 4ms/step accuracy=0.9471 loss=0.1274 val_accuracy=1.0000 val_loss=3.8482e-04
Epoch 70/100
149/149 4ms/step accuracy=0.9426 loss=0.1369 val_accuracy=1.0000 val_loss=5.4194e-04
38/38 3ms/step accuracy=1.0000 loss=3.3399e-04
Screw Number Loss: 0.0003, Screw Number Accuracy: 1.0000
2026-08-05 16:44:29 | INFO  | Saved plot: /home/albert/Ancestor/output/Step6_Model_04_Retrain/2026-08-05-16-43-28/plot_000.png
2026-08-05 16:44:29 | INFO  | Saved plot: /home/albert/Ancestor/output/Step6_Model_04_Retrain/2026-08-05-16-43-28/plot_001.png
2026-08-05 16:44:30 | INFO  | Saved plot: /home/albert/Ancestor/output/Step6_Model_04_Retrain/2026-08-05-16-43-28/plot_002.png
重訓練模型已儲存：/home/albert/Ancestor/data/Step-1/model/CNN_C6000_retrained.keras
