2026-08-05 15:15:49 | INFO  | Logger initialized
2026-08-05 15:15:49 | INFO  | log_file=/home/albert/Ancestor/logs/Step2_Feature_Extraction_11000_2/2026-08-05-15-15-49.log
2026-08-05 15:15:49 | INFO  | output_dir=/home/albert/Ancestor/output/Step2_Feature_Extraction_11000_2/2026-08-05-15-15-49
開始處理群組 T2，螺絲數量: 8screws...
2026-08-05 15:15:53 | INFO  | Saved plot: /home/albert/Ancestor/output/Step2_Feature_Extraction_11000_2/2026-08-05-15-15-49/plot_000.png
2026-08-05 15:15:53 | INFO  | Saved plot: /home/albert/Ancestor/output/Step2_Feature_Extraction_11000_2/2026-08-05-15-15-49/plot_001.png
2026-08-05 15:15:53 | INFO  | Saved plot: /home/albert/Ancestor/output/Step2_Feature_Extraction_11000_2/2026-08-05-15-15-49/plot_002.png
特徵數據已保存為 CSV 文件: /home/albert/Ancestor/data/Step-2/myfeature/T2/11000rpm/8screws/T2_Group_feature_data.csv
乾淨特徵數據已保存為 CSV 文件: /home/albert/Ancestor/data/Step-2/myfeature/T2/11000rpm/8screws/T2_Group_feature_data_clean.csv (599 -> 253 列)
開始處理群組 T2，螺絲數量: 7screws...
2026-08-05 15:16:01 | INFO  | Saved plot: /home/albert/Ancestor/output/Step2_Feature_Extraction_11000_2/2026-08-05-15-15-49/plot_003.png
2026-08-05 15:16:02 | INFO  | Saved plot: /home/albert/Ancestor/output/Step2_Feature_Extraction_11000_2/2026-08-05-15-15-49/plot_004.png
2026-08-05 15:16:02 | INFO  | Saved plot: /home/albert/Ancestor/output/Step2_Feature_Extraction_11000_2/2026-08-05-15-15-49/plot_005.png
特徵數據已保存為 CSV 文件: /home/albert/Ancestor/data/Step-2/myfeature/T2/11000rpm/7screws/T2_Group_feature_data.csv
乾淨特徵數據已保存為 CSV 文件: /home/albert/Ancestor/data/Step-2/myfeature/T2/11000rpm/7screws/T2_Group_feature_data_clean.csv (599 -> 374 列)
開始處理群組 T2，螺絲數量: 6screws...
2026-08-05 15:16:10 | INFO  | Saved plot: /home/albert/Ancestor/output/Step2_Feature_Extraction_11000_2/2026-08-05-15-15-49/plot_006.png
2026-08-05 15:16:11 | INFO  | Saved plot: /home/albert/Ancestor/output/Step2_Feature_Extraction_11000_2/2026-08-05-15-15-49/plot_007.png
2026-08-05 15:16:11 | INFO  | Saved plot: /home/albert/Ancestor/output/Step2_Feature_Extraction_11000_2/2026-08-05-15-15-49/plot_008.png
特徵數據已保存為 CSV 文件: /home/albert/Ancestor/data/Step-2/myfeature/T2/11000rpm/6screws/T2_Group_feature_data.csv
乾淨特徵數據已保存為 CSV 文件: /home/albert/Ancestor/data/Step-2/myfeature/T2/11000rpm/6screws/T2_Group_feature_data_clean.csv (599 -> 359 列)
開始處理群組 T2，螺絲數量: 5screws...
2026-08-05 15:16:19 | INFO  | Saved plot: /home/albert/Ancestor/output/Step2_Feature_Extraction_11000_2/2026-08-05-15-15-49/plot_009.png
2026-08-05 15:16:20 | INFO  | Saved plot: /home/albert/Ancestor/output/Step2_Feature_Extraction_11000_2/2026-08-05-15-15-49/plot_010.png
2026-08-05 15:16:20 | INFO  | Saved plot: /home/albert/Ancestor/output/Step2_Feature_Extraction_11000_2/2026-08-05-15-15-49/plot_011.png
特徵數據已保存為 CSV 文件: /home/albert/Ancestor/data/Step-2/myfeature/T2/11000rpm/5screws/T2_Group_feature_data.csv
乾淨特徵數據已保存為 CSV 文件: /home/albert/Ancestor/data/Step-2/myfeature/T2/11000rpm/5screws/T2_Group_feature_data_clean.csv (599 -> 355 列)
開始處理群組 T2，螺絲數量: 4screws...
2026-08-05 15:16:28 | INFO  | Saved plot: /home/albert/Ancestor/output/Step2_Feature_Extraction_11000_2/2026-08-05-15-15-49/plot_012.png
2026-08-05 15:16:29 | INFO  | Saved plot: /home/albert/Ancestor/output/Step2_Feature_Extraction_11000_2/2026-08-05-15-15-49/plot_013.png
2026-08-05 15:16:29 | INFO  | Saved plot: /home/albert/Ancestor/output/Step2_Feature_Extraction_11000_2/2026-08-05-15-15-49/plot_014.png
特徵數據已保存為 CSV 文件: /home/albert/Ancestor/data/Step-2/myfeature/T2/11000rpm/4screws/T2_Group_feature_data.csv
乾淨特徵數據已保存為 CSV 文件: /home/albert/Ancestor/data/Step-2/myfeature/T2/11000rpm/4screws/T2_Group_feature_data_clean.csv (599 -> 254 列)
開始處理群組 T2，螺絲數量: 3screws...
2026-08-05 15:16:37 | INFO  | Saved plot: /home/albert/Ancestor/output/Step2_Feature_Extraction_11000_2/2026-08-05-15-15-49/plot_015.png
2026-08-05 15:16:38 | INFO  | Saved plot: /home/albert/Ancestor/output/Step2_Feature_Extraction_11000_2/2026-08-05-15-15-49/plot_016.png
2026-08-05 15:16:38 | INFO  | Saved plot: /home/albert/Ancestor/output/Step2_Feature_Extraction_11000_2/2026-08-05-15-15-49/plot_017.png
特徵數據已保存為 CSV 文件: /home/albert/Ancestor/data/Step-2/myfeature/T2/11000rpm/3screws/T2_Group_feature_data.csv
乾淨特徵數據已保存為 CSV 文件: /home/albert/Ancestor/data/Step-2/myfeature/T2/11000rpm/3screws/T2_Group_feature_data_clean.csv (599 -> 384 列)
開始處理群組 T2，螺絲數量: 2screws...
2026-08-05 15:16:46 | INFO  | Saved plot: /home/albert/Ancestor/output/Step2_Feature_Extraction_11000_2/2026-08-05-15-15-49/plot_018.png
2026-08-05 15:16:47 | INFO  | Saved plot: /home/albert/Ancestor/output/Step2_Feature_Extraction_11000_2/2026-08-05-15-15-49/plot_019.png
2026-08-05 15:16:47 | INFO  | Saved plot: /home/albert/Ancestor/output/Step2_Feature_Extraction_11000_2/2026-08-05-15-15-49/plot_020.png
特徵數據已保存為 CSV 文件: /home/albert/Ancestor/data/Step-2/myfeature/T2/11000rpm/2screws/T2_Group_feature_data.csv
乾淨特徵數據已保存為 CSV 文件: /home/albert/Ancestor/data/Step-2/myfeature/T2/11000rpm/2screws/T2_Group_feature_data_clean.csv (599 -> 333 列)
開始處理群組 T2，螺絲數量: 1screws...
2026-08-05 15:16:55 | INFO  | Saved plot: /home/albert/Ancestor/output/Step2_Feature_Extraction_11000_2/2026-08-05-15-15-49/plot_021.png
2026-08-05 15:16:55 | INFO  | Saved plot: /home/albert/Ancestor/output/Step2_Feature_Extraction_11000_2/2026-08-05-15-15-49/plot_022.png
2026-08-05 15:16:56 | INFO  | Saved plot: /home/albert/Ancestor/output/Step2_Feature_Extraction_11000_2/2026-08-05-15-15-49/plot_023.png
特徵數據已保存為 CSV 文件: /home/albert/Ancestor/data/Step-2/myfeature/T2/11000rpm/1screws/T2_Group_feature_data.csv
乾淨特徵數據已保存為 CSV 文件: /home/albert/Ancestor/data/Step-2/myfeature/T2/11000rpm/1screws/T2_Group_feature_data_clean.csv (599 -> 387 列)
開始處理群組 T2，螺絲數量: 3_14screws...
2026-08-05 15:17:04 | INFO  | Saved plot: /home/albert/Ancestor/output/Step2_Feature_Extraction_11000_2/2026-08-05-15-15-49/plot_024.png
2026-08-05 15:17:04 | INFO  | Saved plot: /home/albert/Ancestor/output/Step2_Feature_Extraction_11000_2/2026-08-05-15-15-49/plot_025.png
2026-08-05 15:17:05 | INFO  | Saved plot: /home/albert/Ancestor/output/Step2_Feature_Extraction_11000_2/2026-08-05-15-15-49/plot_026.png
特徵數據已保存為 CSV 文件: /home/albert/Ancestor/data/Step-2/myfeature/T2/11000rpm/3_14screws/T2_Group_feature_data.csv
乾淨特徵數據已保存為 CSV 文件: /home/albert/Ancestor/data/Step-2/myfeature/T2/11000rpm/3_14screws/T2_Group_feature_data_clean.csv (599 -> 344 列)
開始處理群組 T2，螺絲數量: 4_146screws...
2026-08-05 15:17:13 | INFO  | Saved plot: /home/albert/Ancestor/output/Step2_Feature_Extraction_11000_2/2026-08-05-15-15-49/plot_027.png
2026-08-05 15:17:13 | INFO  | Saved plot: /home/albert/Ancestor/output/Step2_Feature_Extraction_11000_2/2026-08-05-15-15-49/plot_028.png
2026-08-05 15:17:13 | INFO  | Saved plot: /home/albert/Ancestor/output/Step2_Feature_Extraction_11000_2/2026-08-05-15-15-49/plot_029.png
特徵數據已保存為 CSV 文件: /home/albert/Ancestor/data/Step-2/myfeature/T2/11000rpm/4_146screws/T2_Group_feature_data.csv
乾淨特徵數據已保存為 CSV 文件: /home/albert/Ancestor/data/Step-2/myfeature/T2/11000rpm/4_146screws/T2_Group_feature_data_clean.csv (599 -> 374 列)
