2026-08-05 17:01:53 | INFO  | Logger initialized
2026-08-05 17:01:53 | INFO  | log_file=/home/albert/Ancestor/logs/Step6_Model_17_Retrain/2026-08-05-17-01-53.log
2026-08-05 17:01:53 | INFO  | output_dir=/home/albert/Ancestor/output/Step6_Model_17_Retrain/2026-08-05-17-01-53
[gpu_utils] GPU x1 已啟用：['/physical_device:GPU:0']
自訂 Label Mapping:
8screws: 0
1screws: 1
2screws: 2
3screws: 3
4screws: 4
5screws: 5
6screws: 6
7screws: 7
3_14screws: 8
4_146screws: 9
[Training] Device: /GPU:0
Epoch 1/100
150/150 76ms/step accuracy=0.6688 loss=1.2193
150/150 95ms/step accuracy=0.8562 loss=0.6538 val_accuracy=0.7638 val_loss=1.3769
Epoch 2/100
150/150 7ms/step accuracy=0.9952 loss=0.0537 val_accuracy=0.9983 val_loss=0.0615
Epoch 3/100
150/150 6ms/step accuracy=0.9975 loss=0.0222 val_accuracy=0.9992 val_loss=0.0085
Epoch 4/100
150/150 6ms/step accuracy=0.9983 loss=0.0147 val_accuracy=1.0000 val_loss=0.0044
Epoch 5/100
150/150 6ms/step accuracy=0.9990 loss=0.0106 val_accuracy=0.9992 val_loss=0.0032
Epoch 6/100
150/150 6ms/step accuracy=0.9994 loss=0.0077 val_accuracy=0.9992 val_loss=0.0033
Epoch 7/100
150/150 6ms/step accuracy=0.9985 loss=0.0067 val_accuracy=0.9992 val_loss=0.0041
Epoch 8/100
150/150 6ms/step accuracy=0.9992 loss=0.0054 val_accuracy=0.9992 val_loss=0.0034
Epoch 9/100
150/150 6ms/step accuracy=0.9998 loss=0.0022 val_accuracy=0.9992 val_loss=0.0022
Epoch 10/100
150/150 7ms/step accuracy=0.9996 loss=0.0028 val_accuracy=0.9992 val_loss=0.0014
Epoch 11/100
150/150 6ms/step accuracy=1.0000 loss=0.0018 val_accuracy=0.9992 val_loss=0.0015
Epoch 12/100
150/150 6ms/step accuracy=1.0000 loss=0.0017 val_accuracy=1.0000 val_loss=9.9612e-04
Epoch 13/100
150/150 6ms/step accuracy=0.9998 loss=0.0025 val_accuracy=0.9992 val_loss=0.0019
Epoch 14/100
150/150 6ms/step accuracy=1.0000 loss=0.0011 val_accuracy=0.9992 val_loss=0.0015
Epoch 15/100
150/150 7ms/step accuracy=0.9996 loss=0.0016 val_accuracy=0.9992 val_loss=0.0014
Epoch 16/100
150/150 6ms/step accuracy=0.9998 loss=0.0016 val_accuracy=0.9992 val_loss=0.0010
Epoch 17/100
150/150 7ms/step accuracy=0.9998 loss=0.0014 val_accuracy=0.9992 val_loss=9.6812e-04
Epoch 18/100
150/150 6ms/step accuracy=1.0000 loss=6.5006e-04 val_accuracy=0.9992 val_loss=0.0010
Epoch 19/100
150/150 6ms/step accuracy=0.9998 loss=0.0011 val_accuracy=0.9992 val_loss=9.0501e-04
Epoch 20/100
150/150 5ms/step accuracy=0.9998 loss=0.0013
150/150 7ms/step accuracy=0.9998 loss=0.0013 val_accuracy=0.9992 val_loss=0.0024
Epoch 21/100
150/150 6ms/step accuracy=1.0000 loss=7.0153e-04 val_accuracy=0.9992 val_loss=0.0021
Epoch 22/100
150/150 7ms/step accuracy=1.0000 loss=4.6817e-04 val_accuracy=0.9992 val_loss=0.0024
Epoch 23/100
150/150 4ms/step accuracy=1.0000 loss=4.9547e-04
150/150 6ms/step accuracy=1.0000 loss=4.6479e-04 val_accuracy=0.9992 val_loss=0.0018
Epoch 24/100
150/150 6ms/step accuracy=1.0000 loss=4.7441e-04 val_accuracy=0.9992 val_loss=0.0017
Epoch 25/100
150/150 5ms/step accuracy=1.0000 loss=8.1334e-04
150/150 6ms/step accuracy=1.0000 loss=5.0082e-04 val_accuracy=0.9992 val_loss=0.0018
Epoch 26/100
150/150 6ms/step accuracy=1.0000 loss=2.4465e-04 val_accuracy=0.9992 val_loss=0.0016
Epoch 27/100
150/150 6ms/step accuracy=1.0000 loss=3.4757e-04 val_accuracy=0.9992 val_loss=0.0014
Epoch 28/100
150/150 6ms/step accuracy=1.0000 loss=4.1706e-04 val_accuracy=0.9992 val_loss=8.3411e-04
Epoch 29/100
150/150 6ms/step accuracy=1.0000 loss=2.0819e-04 val_accuracy=1.0000 val_loss=5.7402e-04
Epoch 30/100
150/150 6ms/step accuracy=1.0000 loss=3.3609e-04 val_accuracy=0.9992 val_loss=8.0008e-04
Epoch 31/100
150/150 7ms/step accuracy=0.9998 loss=9.7225e-04 val_accuracy=1.0000 val_loss=0.0021
Epoch 32/100
150/150 6ms/step accuracy=0.9987 loss=0.0043 val_accuracy=1.0000 val_loss=1.4603e-04
Epoch 33/100
150/150 7ms/step accuracy=1.0000 loss=7.9296e-04 val_accuracy=1.0000 val_loss=6.8292e-05
Epoch 34/100
150/150 5ms/step accuracy=1.0000 loss=5.7664e-04
150/150 6ms/step accuracy=1.0000 loss=5.5509e-04 val_accuracy=1.0000 val_loss=5.8796e-05
Epoch 35/100
150/150 6ms/step accuracy=1.0000 loss=2.9245e-04 val_accuracy=1.0000 val_loss=7.9774e-05
Epoch 36/100
150/150 6ms/step accuracy=1.0000 loss=3.0022e-04 val_accuracy=1.0000 val_loss=5.4096e-05
Epoch 37/100
150/150 6ms/step accuracy=1.0000 loss=2.2272e-04 val_accuracy=1.0000 val_loss=4.4272e-05
Epoch 38/100
150/150 6ms/step accuracy=1.0000 loss=3.8733e-04 val_accuracy=1.0000 val_loss=6.1393e-05
Epoch 39/100
150/150 7ms/step accuracy=1.0000 loss=4.5678e-04 val_accuracy=1.0000 val_loss=3.3230e-05
Epoch 40/100
150/150 5ms/step accuracy=1.0000 loss=1.7283e-04
150/150 6ms/step accuracy=1.0000 loss=2.1879e-04 val_accuracy=1.0000 val_loss=6.9316e-05
Epoch 41/100
150/150 7ms/step accuracy=0.9992 loss=0.0019 val_accuracy=1.0000 val_loss=2.4995e-04
Epoch 42/100
150/150 6ms/step accuracy=0.9998 loss=4.3957e-04 val_accuracy=1.0000 val_loss=1.3641e-04
Epoch 43/100
150/150 6ms/step accuracy=1.0000 loss=2.4457e-04 val_accuracy=1.0000 val_loss=1.0024e-04
Epoch 44/100
150/150 6ms/step accuracy=1.0000 loss=1.7697e-04 val_accuracy=1.0000 val_loss=7.3233e-05
Epoch 45/100
150/150 6ms/step accuracy=1.0000 loss=2.0315e-04 val_accuracy=1.0000 val_loss=1.0485e-04
Epoch 46/100
150/150 6ms/step accuracy=1.0000 loss=9.6860e-05 val_accuracy=1.0000 val_loss=5.3512e-05
Epoch 47/100
150/150 6ms/step accuracy=1.0000 loss=9.0310e-05 val_accuracy=1.0000 val_loss=5.1374e-05
Epoch 48/100
150/150 6ms/step accuracy=0.9998 loss=5.4163e-04 val_accuracy=1.0000 val_loss=4.9537e-04
Epoch 49/100
150/150 6ms/step accuracy=0.9994 loss=0.0037 val_accuracy=1.0000 val_loss=3.7707e-04
38/38 3ms/step accuracy=1.0000 loss=3.3230e-05
Screw Number Loss: 0.0000, Screw Number Accuracy: 1.0000
2026-08-05 17:03:13 | INFO  | Saved plot: /home/albert/Ancestor/output/Step6_Model_17_Retrain/2026-08-05-17-01-53/plot_000.png
2026-08-05 17:03:13 | INFO  | Saved plot: /home/albert/Ancestor/output/Step6_Model_17_Retrain/2026-08-05-17-01-53/plot_001.png
2026-08-05 17:03:16 | INFO  | Saved plot: /home/albert/Ancestor/output/Step6_Model_17_Retrain/2026-08-05-17-01-53/plot_002.png
重訓練模型已儲存：/home/albert/Ancestor/data/Step-2/model/ResNet_B11000_retrained.keras
