2026-08-05 16:26:36 | INFO  | Logger initialized
2026-08-05 16:26:36 | INFO  | log_file=/home/albert/Ancestor/logs/Step4_Model_23_Detecting/2026-08-05-16-26-36.log
2026-08-05 16:26:36 | INFO  | output_dir=/home/albert/Ancestor/output/Step4_Model_23_Detecting/2026-08-05-16-26-36
=== 1. Loading training data ===
✔️ Train : (1217, 105)  |  Test : (305, 105)
==============================
▶ mcs = 22 | conf = 0.9 | thr = 13.00
==============================
--- Test‑set validation
C0      : 1screws 60筆
C1      : 8screws 63筆
C2      : 2screws 57筆
C3      : 4screws 59筆
C4      : 3screws 66筆
* C0  | size  60 | dist   2.59 | Known
* C1  | size  63 | dist   2.74 | Known
* C2  | size  57 | dist   2.66 | Known
* C3  | size  59 | dist   2.38 | Known
* C4  | size  66 | dist   2.47 | Known
--- Unknown ['5screws'] | mcs 22
C1      : 55 pts
C5      : 56 pts
C2      : 56 pts
outliers: 38 pts
C0      : 59 pts
C4      : 49 pts
C3      : 52 pts
C0  | size  59 | dist   2.38 | Known
C1  | size  55 | dist   2.80 | Known
C2  | size  56 | dist   2.67 | Known
C3  | size  52 | dist   2.73 | Known
C4  | size  49 | dist   9.26 | Known
C5  | size  56 | dist   2.64 | Known
--- Unknown ['5screws', '6screws'] | mcs 22
C4      : 104 pts
C2      : 56 pts
outliers: 60 pts
C1      : 55 pts
C0      : 59 pts
C5      : 57 pts
C3      : 34 pts
C0  | size  59 | dist   2.38 | Known
C1  | size  55 | dist   2.80 | Known
C2  | size  56 | dist   2.67 | Known
C3  | size  34 | dist   3.36 | Known
C4  | size 104 | dist   7.99 | Known
C5  | size  57 | dist   2.59 | Known
--- Unknown ['5screws', '6screws', '7screws'] | mcs 22
C5      : 97 pts
C0      : 55 pts
C1      : 55 pts
C6      : 50 pts
outliers: 57 pts
C2      : 53 pts
C3      : 51 pts
C4      : 32 pts
C0  | size  55 | dist  41.63 | New Fault
C1  | size  55 | dist   2.40 | Known
C2  | size  53 | dist   2.87 | Known
C3  | size  51 | dist   2.68 | Known
C4  | size  32 | dist   3.39 | Known
C5  | size  97 | dist   8.00 | Known
C6  | size  50 | dist   2.67 | Known
--- Unknown ['5screws', '6screws', '7screws', '3_14screws'] | mcs 22
C6      : 86 pts
C5      : 28 pts
C7      : 46 pts
C3      : 40 pts
outliers: 63 pts
C4      : 46 pts
C0      : 47 pts
C2      : 45 pts
C1      : 49 pts
C0  | size  47 | dist  41.24 | New Fault
C1  | size  49 | dist   2.48 | Known
C2  | size  45 | dist   2.93 | Known
C3  | size  40 | dist  13.88 | New Fault
C4  | size  46 | dist   2.72 | Known
C5  | size  28 | dist   3.48 | Known
C6  | size  86 | dist   8.05 | Known
C7  | size  46 | dist   2.64 | Known
--- Unknown ['5screws', '6screws', '7screws', '3_14screws', '4_146screws'] | mcs 22
C6      : 89 pts
C1      : 42 pts
C2      : 82 pts
C7      : 26 pts
outliers: 51 pts
C0      : 43 pts
C3      : 40 pts
C4      : 36 pts
C5      : 41 pts
C0  | size  43 | dist  41.27 | New Fault
C1  | size  42 | dist   2.47 | Known
C2  | size  82 | dist   7.14 | Known
C3  | size  40 | dist   2.86 | Known
C4  | size  36 | dist  14.05 | New Fault
C5  | size  41 | dist   2.65 | Known
C6  | size  89 | dist   7.16 | Known
C7  | size  26 | dist   3.53 | Known
==============================
▶ mcs = 22 | conf = 0.95 | thr = 13.44
==============================
--- Test‑set validation
C0      : 1screws 60筆
C1      : 8screws 63筆
C2      : 2screws 57筆
C3      : 4screws 59筆
C4      : 3screws 66筆
* C0  | size  60 | dist   2.59 | Known
* C1  | size  63 | dist   2.74 | Known
* C2  | size  57 | dist   2.66 | Known
* C3  | size  59 | dist   2.38 | Known
* C4  | size  66 | dist   2.47 | Known
--- Unknown ['5screws'] | mcs 22
C1      : 55 pts
C5      : 56 pts
C2      : 56 pts
outliers: 38 pts
C0      : 59 pts
C4      : 49 pts
C3      : 52 pts
C0  | size  59 | dist   2.38 | Known
C1  | size  55 | dist   2.80 | Known
C2  | size  56 | dist   2.67 | Known
C3  | size  52 | dist   2.73 | Known
C4  | size  49 | dist   9.26 | Known
C5  | size  56 | dist   2.64 | Known
--- Unknown ['5screws', '6screws'] | mcs 22
C4      : 104 pts
C2      : 56 pts
outliers: 60 pts
C1      : 55 pts
C0      : 59 pts
C5      : 57 pts
C3      : 34 pts
C0  | size  59 | dist   2.38 | Known
C1  | size  55 | dist   2.80 | Known
C2  | size  56 | dist   2.67 | Known
C3  | size  34 | dist   3.36 | Known
C4  | size 104 | dist   7.99 | Known
C5  | size  57 | dist   2.59 | Known
--- Unknown ['5screws', '6screws', '7screws'] | mcs 22
C5      : 97 pts
C0      : 55 pts
C1      : 55 pts
C6      : 50 pts
outliers: 57 pts
C2      : 53 pts
C3      : 51 pts
C4      : 32 pts
C0  | size  55 | dist  41.63 | New Fault
C1  | size  55 | dist   2.40 | Known
C2  | size  53 | dist   2.87 | Known
C3  | size  51 | dist   2.68 | Known
C4  | size  32 | dist   3.39 | Known
C5  | size  97 | dist   8.00 | Known
C6  | size  50 | dist   2.67 | Known
--- Unknown ['5screws', '6screws', '7screws', '3_14screws'] | mcs 22
C6      : 86 pts
C5      : 28 pts
C7      : 46 pts
C3      : 40 pts
outliers: 63 pts
C4      : 46 pts
C0      : 47 pts
C2      : 45 pts
C1      : 49 pts
C0  | size  47 | dist  41.24 | New Fault
C1  | size  49 | dist   2.48 | Known
C2  | size  45 | dist   2.93 | Known
C3  | size  40 | dist  13.88 | New Fault
C4  | size  46 | dist   2.72 | Known
C5  | size  28 | dist   3.48 | Known
C6  | size  86 | dist   8.05 | Known
C7  | size  46 | dist   2.64 | Known
--- Unknown ['5screws', '6screws', '7screws', '3_14screws', '4_146screws'] | mcs 22
C6      : 89 pts
C1      : 42 pts
C2      : 82 pts
C7      : 26 pts
outliers: 51 pts
C0      : 43 pts
C3      : 40 pts
C4      : 36 pts
C5      : 41 pts
C0  | size  43 | dist  41.27 | New Fault
C1  | size  42 | dist   2.47 | Known
C2  | size  82 | dist   7.14 | Known
C3  | size  40 | dist   2.86 | Known
C4  | size  36 | dist  14.05 | New Fault
C5  | size  41 | dist   2.65 | Known
C6  | size  89 | dist   7.16 | Known
C7  | size  26 | dist   3.53 | Known
==============================
▶ mcs = 22 | conf = 0.99 | thr = 15.08
==============================
--- Test‑set validation
C0      : 1screws 60筆
C1      : 8screws 63筆
C2      : 2screws 57筆
C3      : 4screws 59筆
C4      : 3screws 66筆
* C0  | size  60 | dist   2.59 | Known
* C1  | size  63 | dist   2.74 | Known
* C2  | size  57 | dist   2.66 | Known
* C3  | size  59 | dist   2.38 | Known
* C4  | size  66 | dist   2.47 | Known
--- Unknown ['5screws'] | mcs 22
C1      : 55 pts
C5      : 56 pts
C2      : 56 pts
outliers: 38 pts
C0      : 59 pts
C4      : 49 pts
C3      : 52 pts
C0  | size  59 | dist   2.38 | Known
C1  | size  55 | dist   2.80 | Known
C2  | size  56 | dist   2.67 | Known
C3  | size  52 | dist   2.73 | Known
C4  | size  49 | dist   9.26 | Known
C5  | size  56 | dist   2.64 | Known
--- Unknown ['5screws', '6screws'] | mcs 22
C4      : 104 pts
C2      : 56 pts
outliers: 60 pts
C1      : 55 pts
C0      : 59 pts
C5      : 57 pts
C3      : 34 pts
C0  | size  59 | dist   2.38 | Known
C1  | size  55 | dist   2.80 | Known
C2  | size  56 | dist   2.67 | Known
C3  | size  34 | dist   3.36 | Known
C4  | size 104 | dist   7.99 | Known
C5  | size  57 | dist   2.59 | Known
--- Unknown ['5screws', '6screws', '7screws'] | mcs 22
C5      : 97 pts
C0      : 55 pts
C1      : 55 pts
C6      : 50 pts
outliers: 57 pts
C2      : 53 pts
C3      : 51 pts
C4      : 32 pts
C0  | size  55 | dist  41.63 | New Fault
C1  | size  55 | dist   2.40 | Known
C2  | size  53 | dist   2.87 | Known
C3  | size  51 | dist   2.68 | Known
C4  | size  32 | dist   3.39 | Known
C5  | size  97 | dist   8.00 | Known
C6  | size  50 | dist   2.67 | Known
--- Unknown ['5screws', '6screws', '7screws', '3_14screws'] | mcs 22
C6      : 86 pts
C5      : 28 pts
C7      : 46 pts
C3      : 40 pts
outliers: 63 pts
C4      : 46 pts
C0      : 47 pts
C2      : 45 pts
C1      : 49 pts
C0  | size  47 | dist  41.24 | New Fault
C1  | size  49 | dist   2.48 | Known
C2  | size  45 | dist   2.93 | Known
C3  | size  40 | dist  13.88 | Known
C4  | size  46 | dist   2.72 | Known
C5  | size  28 | dist   3.48 | Known
C6  | size  86 | dist   8.05 | Known
C7  | size  46 | dist   2.64 | Known
--- Unknown ['5screws', '6screws', '7screws', '3_14screws', '4_146screws'] | mcs 22
C6      : 89 pts
C1      : 42 pts
C2      : 82 pts
C7      : 26 pts
outliers: 51 pts
C0      : 43 pts
C3      : 40 pts
C4      : 36 pts
C5      : 41 pts
C0  | size  43 | dist  41.27 | New Fault
C1  | size  42 | dist   2.47 | Known
C2  | size  82 | dist   7.14 | Known
C3  | size  40 | dist   2.86 | Known
C4  | size  36 | dist  14.05 | Known
C5  | size  41 | dist   2.65 | Known
C6  | size  89 | dist   7.16 | Known
C7  | size  26 | dist   3.53 | Known
==============================
▶ mcs = 23 | conf = 0.9 | thr = 13.00
==============================
--- Test‑set validation
C0      : 1screws 60筆
C1      : 8screws 63筆
C2      : 2screws 57筆
C3      : 4screws 59筆
C4      : 3screws 66筆
* C0  | size  60 | dist   2.59 | Known
* C1  | size  63 | dist   2.74 | Known
* C2  | size  57 | dist   2.66 | Known
* C3  | size  59 | dist   2.38 | Known
* C4  | size  66 | dist   2.47 | Known
--- Unknown ['5screws'] | mcs 23
C1      : 55 pts
C5      : 56 pts
C2      : 56 pts
outliers: 38 pts
C0      : 59 pts
C4      : 49 pts
C3      : 52 pts
C0  | size  59 | dist   2.38 | Known
C1  | size  55 | dist   2.80 | Known
C2  | size  56 | dist   2.67 | Known
C3  | size  52 | dist   2.73 | Known
C4  | size  49 | dist   9.26 | Known
C5  | size  56 | dist   2.64 | Known
--- Unknown ['5screws', '6screws'] | mcs 23
C4      : 104 pts
C2      : 56 pts
outliers: 60 pts
C1      : 55 pts
C0      : 59 pts
C5      : 57 pts
C3      : 34 pts
C0  | size  59 | dist   2.38 | Known
C1  | size  55 | dist   2.80 | Known
C2  | size  56 | dist   2.67 | Known
C3  | size  34 | dist   3.36 | Known
C4  | size 104 | dist   7.99 | Known
C5  | size  57 | dist   2.59 | Known
--- Unknown ['5screws', '6screws', '7screws'] | mcs 23
C5      : 97 pts
C0      : 55 pts
C1      : 55 pts
C6      : 50 pts
outliers: 57 pts
C2      : 53 pts
C3      : 51 pts
C4      : 32 pts
C0  | size  55 | dist  41.63 | New Fault
C1  | size  55 | dist   2.40 | Known
C2  | size  53 | dist   2.87 | Known
C3  | size  51 | dist   2.68 | Known
C4  | size  32 | dist   3.39 | Known
C5  | size  97 | dist   8.00 | Known
C6  | size  50 | dist   2.67 | Known
--- Unknown ['5screws', '6screws', '7screws', '3_14screws'] | mcs 23
C6      : 86 pts
C5      : 28 pts
C7      : 46 pts
C3      : 40 pts
outliers: 63 pts
C4      : 46 pts
C0      : 47 pts
C2      : 45 pts
C1      : 49 pts
C0  | size  47 | dist  41.24 | New Fault
C1  | size  49 | dist   2.48 | Known
C2  | size  45 | dist   2.93 | Known
C3  | size  40 | dist  13.88 | New Fault
C4  | size  46 | dist   2.72 | Known
C5  | size  28 | dist   3.48 | Known
C6  | size  86 | dist   8.05 | Known
C7  | size  46 | dist   2.64 | Known
--- Unknown ['5screws', '6screws', '7screws', '3_14screws', '4_146screws'] | mcs 23
C6      : 89 pts
C1      : 42 pts
C2      : 82 pts
C7      : 26 pts
outliers: 51 pts
C0      : 43 pts
C3      : 40 pts
C4      : 36 pts
C5      : 41 pts
C0  | size  43 | dist  41.27 | New Fault
C1  | size  42 | dist   2.47 | Known
C2  | size  82 | dist   7.14 | Known
C3  | size  40 | dist   2.86 | Known
C4  | size  36 | dist  14.05 | New Fault
C5  | size  41 | dist   2.65 | Known
C6  | size  89 | dist   7.16 | Known
C7  | size  26 | dist   3.53 | Known
==============================
▶ mcs = 23 | conf = 0.95 | thr = 13.44
==============================
--- Test‑set validation
C0      : 1screws 60筆
C1      : 8screws 63筆
C2      : 2screws 57筆
C3      : 4screws 59筆
C4      : 3screws 66筆
* C0  | size  60 | dist   2.59 | Known
* C1  | size  63 | dist   2.74 | Known
* C2  | size  57 | dist   2.66 | Known
* C3  | size  59 | dist   2.38 | Known
* C4  | size  66 | dist   2.47 | Known
--- Unknown ['5screws'] | mcs 23
C1      : 55 pts
C5      : 56 pts
C2      : 56 pts
outliers: 38 pts
C0      : 59 pts
C4      : 49 pts
C3      : 52 pts
C0  | size  59 | dist   2.38 | Known
C1  | size  55 | dist   2.80 | Known
C2  | size  56 | dist   2.67 | Known
C3  | size  52 | dist   2.73 | Known
C4  | size  49 | dist   9.26 | Known
C5  | size  56 | dist   2.64 | Known
--- Unknown ['5screws', '6screws'] | mcs 23
C4      : 104 pts
C2      : 56 pts
outliers: 60 pts
C1      : 55 pts
C0      : 59 pts
C5      : 57 pts
C3      : 34 pts
C0  | size  59 | dist   2.38 | Known
C1  | size  55 | dist   2.80 | Known
C2  | size  56 | dist   2.67 | Known
C3  | size  34 | dist   3.36 | Known
C4  | size 104 | dist   7.99 | Known
C5  | size  57 | dist   2.59 | Known
--- Unknown ['5screws', '6screws', '7screws'] | mcs 23
C5      : 97 pts
C0      : 55 pts
C1      : 55 pts
C6      : 50 pts
outliers: 57 pts
C2      : 53 pts
C3      : 51 pts
C4      : 32 pts
C0  | size  55 | dist  41.63 | New Fault
C1  | size  55 | dist   2.40 | Known
C2  | size  53 | dist   2.87 | Known
C3  | size  51 | dist   2.68 | Known
C4  | size  32 | dist   3.39 | Known
C5  | size  97 | dist   8.00 | Known
C6  | size  50 | dist   2.67 | Known
--- Unknown ['5screws', '6screws', '7screws', '3_14screws'] | mcs 23
C6      : 86 pts
C5      : 28 pts
C7      : 46 pts
C3      : 40 pts
outliers: 63 pts
C4      : 46 pts
C0      : 47 pts
C2      : 45 pts
C1      : 49 pts
C0  | size  47 | dist  41.24 | New Fault
C1  | size  49 | dist   2.48 | Known
C2  | size  45 | dist   2.93 | Known
C3  | size  40 | dist  13.88 | New Fault
C4  | size  46 | dist   2.72 | Known
C5  | size  28 | dist   3.48 | Known
C6  | size  86 | dist   8.05 | Known
C7  | size  46 | dist   2.64 | Known
--- Unknown ['5screws', '6screws', '7screws', '3_14screws', '4_146screws'] | mcs 23
C6      : 89 pts
C1      : 42 pts
C2      : 82 pts
C7      : 26 pts
outliers: 51 pts
C0      : 43 pts
C3      : 40 pts
C4      : 36 pts
C5      : 41 pts
C0  | size  43 | dist  41.27 | New Fault
C1  | size  42 | dist   2.47 | Known
C2  | size  82 | dist   7.14 | Known
C3  | size  40 | dist   2.86 | Known
C4  | size  36 | dist  14.05 | New Fault
C5  | size  41 | dist   2.65 | Known
C6  | size  89 | dist   7.16 | Known
C7  | size  26 | dist   3.53 | Known
==============================
▶ mcs = 23 | conf = 0.99 | thr = 15.08
==============================
--- Test‑set validation
C0      : 1screws 60筆
C1      : 8screws 63筆
C2      : 2screws 57筆
C3      : 4screws 59筆
C4      : 3screws 66筆
* C0  | size  60 | dist   2.59 | Known
* C1  | size  63 | dist   2.74 | Known
* C2  | size  57 | dist   2.66 | Known
* C3  | size  59 | dist   2.38 | Known
* C4  | size  66 | dist   2.47 | Known
--- Unknown ['5screws'] | mcs 23
C1      : 55 pts
C5      : 56 pts
C2      : 56 pts
outliers: 38 pts
C0      : 59 pts
C4      : 49 pts
C3      : 52 pts
C0  | size  59 | dist   2.38 | Known
C1  | size  55 | dist   2.80 | Known
C2  | size  56 | dist   2.67 | Known
C3  | size  52 | dist   2.73 | Known
C4  | size  49 | dist   9.26 | Known
C5  | size  56 | dist   2.64 | Known
--- Unknown ['5screws', '6screws'] | mcs 23
C4      : 104 pts
C2      : 56 pts
outliers: 60 pts
C1      : 55 pts
C0      : 59 pts
C5      : 57 pts
C3      : 34 pts
C0  | size  59 | dist   2.38 | Known
C1  | size  55 | dist   2.80 | Known
C2  | size  56 | dist   2.67 | Known
C3  | size  34 | dist   3.36 | Known
C4  | size 104 | dist   7.99 | Known
C5  | size  57 | dist   2.59 | Known
--- Unknown ['5screws', '6screws', '7screws'] | mcs 23
C5      : 97 pts
C0      : 55 pts
C1      : 55 pts
C6      : 50 pts
outliers: 57 pts
C2      : 53 pts
C3      : 51 pts
C4      : 32 pts
C0  | size  55 | dist  41.63 | New Fault
C1  | size  55 | dist   2.40 | Known
C2  | size  53 | dist   2.87 | Known
C3  | size  51 | dist   2.68 | Known
C4  | size  32 | dist   3.39 | Known
C5  | size  97 | dist   8.00 | Known
C6  | size  50 | dist   2.67 | Known
--- Unknown ['5screws', '6screws', '7screws', '3_14screws'] | mcs 23
C6      : 86 pts
C5      : 28 pts
C7      : 46 pts
C3      : 40 pts
outliers: 63 pts
C4      : 46 pts
C0      : 47 pts
C2      : 45 pts
C1      : 49 pts
C0  | size  47 | dist  41.24 | New Fault
C1  | size  49 | dist   2.48 | Known
C2  | size  45 | dist   2.93 | Known
C3  | size  40 | dist  13.88 | Known
C4  | size  46 | dist   2.72 | Known
C5  | size  28 | dist   3.48 | Known
C6  | size  86 | dist   8.05 | Known
C7  | size  46 | dist   2.64 | Known
--- Unknown ['5screws', '6screws', '7screws', '3_14screws', '4_146screws'] | mcs 23
C6      : 89 pts
C1      : 42 pts
C2      : 82 pts
C7      : 26 pts
outliers: 51 pts
C0      : 43 pts
C3      : 40 pts
C4      : 36 pts
C5      : 41 pts
C0  | size  43 | dist  41.27 | New Fault
C1  | size  42 | dist   2.47 | Known
C2  | size  82 | dist   7.14 | Known
C3  | size  40 | dist   2.86 | Known
C4  | size  36 | dist  14.05 | Known
C5  | size  41 | dist   2.65 | Known
C6  | size  89 | dist   7.16 | Known
C7  | size  26 | dist   3.53 | Known
==============================
▶ mcs = 24 | conf = 0.9 | thr = 13.00
==============================
--- Test‑set validation
C0      : 1screws 60筆
C1      : 8screws 63筆
C2      : 2screws 57筆
C3      : 4screws 59筆
C4      : 3screws 66筆
* C0  | size  60 | dist   2.59 | Known
* C1  | size  63 | dist   2.74 | Known
* C2  | size  57 | dist   2.66 | Known
* C3  | size  59 | dist   2.38 | Known
* C4  | size  66 | dist   2.47 | Known
--- Unknown ['5screws'] | mcs 24
C1      : 55 pts
C5      : 56 pts
C2      : 56 pts
outliers: 38 pts
C0      : 59 pts
C4      : 49 pts
C3      : 52 pts
C0  | size  59 | dist   2.38 | Known
C1  | size  55 | dist   2.80 | Known
C2  | size  56 | dist   2.67 | Known
C3  | size  52 | dist   2.73 | Known
C4  | size  49 | dist   9.26 | Known
C5  | size  56 | dist   2.64 | Known
--- Unknown ['5screws', '6screws'] | mcs 24
C4      : 104 pts
C2      : 56 pts
outliers: 60 pts
C1      : 55 pts
C0      : 59 pts
C5      : 57 pts
C3      : 34 pts
C0  | size  59 | dist   2.38 | Known
C1  | size  55 | dist   2.80 | Known
C2  | size  56 | dist   2.67 | Known
C3  | size  34 | dist   3.36 | Known
C4  | size 104 | dist   7.99 | Known
C5  | size  57 | dist   2.59 | Known
--- Unknown ['5screws', '6screws', '7screws'] | mcs 24
C5      : 97 pts
C0      : 55 pts
C1      : 55 pts
C6      : 50 pts
outliers: 57 pts
C2      : 53 pts
C3      : 51 pts
C4      : 32 pts
C0  | size  55 | dist  41.63 | New Fault
C1  | size  55 | dist   2.40 | Known
C2  | size  53 | dist   2.87 | Known
C3  | size  51 | dist   2.68 | Known
C4  | size  32 | dist   3.39 | Known
C5  | size  97 | dist   8.00 | Known
C6  | size  50 | dist   2.67 | Known
--- Unknown ['5screws', '6screws', '7screws', '3_14screws'] | mcs 24
C6      : 86 pts
C5      : 28 pts
C7      : 46 pts
C3      : 40 pts
outliers: 63 pts
C4      : 46 pts
C0      : 47 pts
C2      : 45 pts
C1      : 49 pts
C0  | size  47 | dist  41.24 | New Fault
C1  | size  49 | dist   2.48 | Known
C2  | size  45 | dist   2.93 | Known
C3  | size  40 | dist  13.88 | New Fault
C4  | size  46 | dist   2.72 | Known
C5  | size  28 | dist   3.48 | Known
C6  | size  86 | dist   8.05 | Known
C7  | size  46 | dist   2.64 | Known
--- Unknown ['5screws', '6screws', '7screws', '3_14screws', '4_146screws'] | mcs 24
C6      : 89 pts
C1      : 42 pts
C2      : 82 pts
C7      : 26 pts
outliers: 51 pts
C0      : 43 pts
C3      : 40 pts
C4      : 36 pts
C5      : 41 pts
C0  | size  43 | dist  41.27 | New Fault
C1  | size  42 | dist   2.47 | Known
C2  | size  82 | dist   7.14 | Known
C3  | size  40 | dist   2.86 | Known
C4  | size  36 | dist  14.05 | New Fault
C5  | size  41 | dist   2.65 | Known
C6  | size  89 | dist   7.16 | Known
C7  | size  26 | dist   3.53 | Known
==============================
▶ mcs = 24 | conf = 0.95 | thr = 13.44
==============================
--- Test‑set validation
C0      : 1screws 60筆
C1      : 8screws 63筆
C2      : 2screws 57筆
C3      : 4screws 59筆
C4      : 3screws 66筆
* C0  | size  60 | dist   2.59 | Known
* C1  | size  63 | dist   2.74 | Known
* C2  | size  57 | dist   2.66 | Known
* C3  | size  59 | dist   2.38 | Known
* C4  | size  66 | dist   2.47 | Known
--- Unknown ['5screws'] | mcs 24
C1      : 55 pts
C5      : 56 pts
C2      : 56 pts
outliers: 38 pts
C0      : 59 pts
C4      : 49 pts
C3      : 52 pts
C0  | size  59 | dist   2.38 | Known
C1  | size  55 | dist   2.80 | Known
C2  | size  56 | dist   2.67 | Known
C3  | size  52 | dist   2.73 | Known
C4  | size  49 | dist   9.26 | Known
C5  | size  56 | dist   2.64 | Known
--- Unknown ['5screws', '6screws'] | mcs 24
C4      : 104 pts
C2      : 56 pts
outliers: 60 pts
C1      : 55 pts
C0      : 59 pts
C5      : 57 pts
C3      : 34 pts
C0  | size  59 | dist   2.38 | Known
C1  | size  55 | dist   2.80 | Known
C2  | size  56 | dist   2.67 | Known
C3  | size  34 | dist   3.36 | Known
C4  | size 104 | dist   7.99 | Known
C5  | size  57 | dist   2.59 | Known
--- Unknown ['5screws', '6screws', '7screws'] | mcs 24
C5      : 97 pts
C0      : 55 pts
C1      : 55 pts
C6      : 50 pts
outliers: 57 pts
C2      : 53 pts
C3      : 51 pts
C4      : 32 pts
C0  | size  55 | dist  41.63 | New Fault
C1  | size  55 | dist   2.40 | Known
C2  | size  53 | dist   2.87 | Known
C3  | size  51 | dist   2.68 | Known
C4  | size  32 | dist   3.39 | Known
C5  | size  97 | dist   8.00 | Known
C6  | size  50 | dist   2.67 | Known
--- Unknown ['5screws', '6screws', '7screws', '3_14screws'] | mcs 24
C6      : 86 pts
C5      : 28 pts
C7      : 46 pts
C3      : 40 pts
outliers: 63 pts
C4      : 46 pts
C0      : 47 pts
C2      : 45 pts
C1      : 49 pts
C0  | size  47 | dist  41.24 | New Fault
C1  | size  49 | dist   2.48 | Known
C2  | size  45 | dist   2.93 | Known
C3  | size  40 | dist  13.88 | New Fault
C4  | size  46 | dist   2.72 | Known
C5  | size  28 | dist   3.48 | Known
C6  | size  86 | dist   8.05 | Known
C7  | size  46 | dist   2.64 | Known
--- Unknown ['5screws', '6screws', '7screws', '3_14screws', '4_146screws'] | mcs 24
C6      : 89 pts
C1      : 42 pts
C2      : 82 pts
C7      : 26 pts
outliers: 51 pts
C0      : 43 pts
C3      : 40 pts
C4      : 36 pts
C5      : 41 pts
C0  | size  43 | dist  41.27 | New Fault
C1  | size  42 | dist   2.47 | Known
C2  | size  82 | dist   7.14 | Known
C3  | size  40 | dist   2.86 | Known
C4  | size  36 | dist  14.05 | New Fault
C5  | size  41 | dist   2.65 | Known
C6  | size  89 | dist   7.16 | Known
C7  | size  26 | dist   3.53 | Known
==============================
▶ mcs = 24 | conf = 0.99 | thr = 15.08
==============================
--- Test‑set validation
C0      : 1screws 60筆
C1      : 8screws 63筆
C2      : 2screws 57筆
C3      : 4screws 59筆
C4      : 3screws 66筆
* C0  | size  60 | dist   2.59 | Known
* C1  | size  63 | dist   2.74 | Known
* C2  | size  57 | dist   2.66 | Known
* C3  | size  59 | dist   2.38 | Known
* C4  | size  66 | dist   2.47 | Known
--- Unknown ['5screws'] | mcs 24
C1      : 55 pts
C5      : 56 pts
C2      : 56 pts
outliers: 38 pts
C0      : 59 pts
C4      : 49 pts
C3      : 52 pts
C0  | size  59 | dist   2.38 | Known
C1  | size  55 | dist   2.80 | Known
C2  | size  56 | dist   2.67 | Known
C3  | size  52 | dist   2.73 | Known
C4  | size  49 | dist   9.26 | Known
C5  | size  56 | dist   2.64 | Known
--- Unknown ['5screws', '6screws'] | mcs 24
C4      : 104 pts
C2      : 56 pts
outliers: 60 pts
C1      : 55 pts
C0      : 59 pts
C5      : 57 pts
C3      : 34 pts
C0  | size  59 | dist   2.38 | Known
C1  | size  55 | dist   2.80 | Known
C2  | size  56 | dist   2.67 | Known
C3  | size  34 | dist   3.36 | Known
C4  | size 104 | dist   7.99 | Known
C5  | size  57 | dist   2.59 | Known
--- Unknown ['5screws', '6screws', '7screws'] | mcs 24
C5      : 97 pts
C0      : 55 pts
C1      : 55 pts
C6      : 50 pts
outliers: 57 pts
C2      : 53 pts
C3      : 51 pts
C4      : 32 pts
C0  | size  55 | dist  41.63 | New Fault
C1  | size  55 | dist   2.40 | Known
C2  | size  53 | dist   2.87 | Known
C3  | size  51 | dist   2.68 | Known
C4  | size  32 | dist   3.39 | Known
C5  | size  97 | dist   8.00 | Known
C6  | size  50 | dist   2.67 | Known
--- Unknown ['5screws', '6screws', '7screws', '3_14screws'] | mcs 24
C6      : 86 pts
C5      : 28 pts
C7      : 46 pts
C3      : 40 pts
outliers: 63 pts
C4      : 46 pts
C0      : 47 pts
C2      : 45 pts
C1      : 49 pts
C0  | size  47 | dist  41.24 | New Fault
C1  | size  49 | dist   2.48 | Known
C2  | size  45 | dist   2.93 | Known
C3  | size  40 | dist  13.88 | Known
C4  | size  46 | dist   2.72 | Known
C5  | size  28 | dist   3.48 | Known
C6  | size  86 | dist   8.05 | Known
C7  | size  46 | dist   2.64 | Known
--- Unknown ['5screws', '6screws', '7screws', '3_14screws', '4_146screws'] | mcs 24
C6      : 89 pts
C1      : 42 pts
C2      : 82 pts
C7      : 26 pts
outliers: 51 pts
C0      : 43 pts
C3      : 40 pts
C4      : 36 pts
C5      : 41 pts
C0  | size  43 | dist  41.27 | New Fault
C1  | size  42 | dist   2.47 | Known
C2  | size  82 | dist   7.14 | Known
C3  | size  40 | dist   2.86 | Known
C4  | size  36 | dist  14.05 | Known
C5  | size  41 | dist   2.65 | Known
C6  | size  89 | dist   7.16 | Known
C7  | size  26 | dist   3.53 | Known
