2026-08-05 16:47:54 | INFO  | Logger initialized
2026-08-05 16:47:54 | INFO  | log_file=/home/albert/Ancestor/logs/Step6_Model_07_Retrain/2026-08-05-16-47-54.log
2026-08-05 16:47:54 | INFO  | output_dir=/home/albert/Ancestor/output/Step6_Model_07_Retrain/2026-08-05-16-47-54
[gpu_utils] GPU x1 已啟用：['/physical_device:GPU:0']
自訂 Label Mapping:
8screws: 0
1screws: 1
2screws: 2
3screws: 3
4screws: 4
5screws: 5
6screws: 6
7screws: 7
3_14screws: 8
4_146screws: 9
[Training] Device: /GPU:0
Epoch 1/100
145/145 15ms/step accuracy=0.1769 loss=2.2349 val_accuracy=0.4353 val_loss=2.1357
Epoch 2/100
145/145 5ms/step accuracy=0.3511 loss=1.9882 val_accuracy=0.5078 val_loss=1.7434
Epoch 3/100
145/145 4ms/step accuracy=0.4172 loss=1.6321 val_accuracy=0.5741 val_loss=1.3326
Epoch 4/100
145/145 5ms/step accuracy=0.5315 loss=1.3122 val_accuracy=0.7612 val_loss=0.9814
Epoch 5/100
145/145 5ms/step accuracy=0.6629 loss=1.0084 val_accuracy=0.8690 val_loss=0.6622
Epoch 6/100
145/145 5ms/step accuracy=0.7362 loss=0.7664 val_accuracy=0.9474 val_loss=0.3936
Epoch 7/100
145/145 5ms/step accuracy=0.8004 loss=0.5699 val_accuracy=0.9922 val_loss=0.2267
Epoch 8/100
145/145 3ms/step accuracy=0.8375 loss=0.4870
145/145 4ms/step accuracy=0.8478 loss=0.4606 val_accuracy=0.9974 val_loss=0.1378
Epoch 9/100
145/145 4ms/step accuracy=0.8692 loss=0.3812 val_accuracy=0.9991 val_loss=0.0895
Epoch 10/100
145/145 5ms/step accuracy=0.8877 loss=0.3271 val_accuracy=1.0000 val_loss=0.0598
Epoch 11/100
145/145 5ms/step accuracy=0.8991 loss=0.2903 val_accuracy=1.0000 val_loss=0.0387
Epoch 12/100
145/145 4ms/step accuracy=0.9071 loss=0.2636 val_accuracy=1.0000 val_loss=0.0286
Epoch 13/100
145/145 4ms/step accuracy=0.9140 loss=0.2412 val_accuracy=1.0000 val_loss=0.0200
Epoch 14/100
145/145 4ms/step accuracy=0.9123 loss=0.2352 val_accuracy=1.0000 val_loss=0.0177
Epoch 15/100
145/145 5ms/step accuracy=0.9151 loss=0.2212 val_accuracy=1.0000 val_loss=0.0121
Epoch 16/100
145/145 5ms/step accuracy=0.9187 loss=0.2092 val_accuracy=1.0000 val_loss=0.0110
Epoch 17/100
145/145 5ms/step accuracy=0.9267 loss=0.1902 val_accuracy=1.0000 val_loss=0.0090
Epoch 18/100
145/145 4ms/step accuracy=0.9291 loss=0.1841 val_accuracy=1.0000 val_loss=0.0058
Epoch 19/100
145/145 4ms/step accuracy=0.9362 loss=0.1615 val_accuracy=1.0000 val_loss=0.0052
Epoch 20/100
145/145 5ms/step accuracy=0.9362 loss=0.1708 val_accuracy=1.0000 val_loss=0.0045
Epoch 21/100
145/145 5ms/step accuracy=0.9304 loss=0.1683 val_accuracy=1.0000 val_loss=0.0033
Epoch 22/100
145/145 5ms/step accuracy=0.9366 loss=0.1634 val_accuracy=1.0000 val_loss=0.0032
Epoch 23/100
145/145 4ms/step accuracy=0.9375 loss=0.1559 val_accuracy=1.0000 val_loss=0.0029
Epoch 24/100
145/145 4ms/step accuracy=0.9429 loss=0.1431 val_accuracy=1.0000 val_loss=0.0034
Epoch 25/100
145/145 5ms/step accuracy=0.9444 loss=0.1409 val_accuracy=1.0000 val_loss=0.0022
Epoch 26/100
145/145 4ms/step accuracy=0.9491 loss=0.1365 val_accuracy=1.0000 val_loss=0.0022
Epoch 27/100
145/145 4ms/step accuracy=0.9476 loss=0.1359 val_accuracy=1.0000 val_loss=0.0021
Epoch 28/100
145/145 5ms/step accuracy=0.9489 loss=0.1342 val_accuracy=1.0000 val_loss=0.0017
Epoch 29/100
145/145 5ms/step accuracy=0.9489 loss=0.1299 val_accuracy=1.0000 val_loss=0.0012
Epoch 30/100
145/145 4ms/step accuracy=0.9500 loss=0.1310 val_accuracy=1.0000 val_loss=0.0013
Epoch 31/100
145/145 4ms/step accuracy=0.9550 loss=0.1222 val_accuracy=1.0000 val_loss=0.0012
Epoch 32/100
145/145 5ms/step accuracy=0.9506 loss=0.1207 val_accuracy=1.0000 val_loss=7.6376e-04
Epoch 33/100
145/145 5ms/step accuracy=0.9565 loss=0.1135 val_accuracy=1.0000 val_loss=8.1119e-04
Epoch 34/100
145/145 5ms/step accuracy=0.9547 loss=0.1110 val_accuracy=1.0000 val_loss=9.2433e-04
Epoch 35/100
145/145 5ms/step accuracy=0.9608 loss=0.1024 val_accuracy=1.0000 val_loss=5.8268e-04
Epoch 36/100
145/145 4ms/step accuracy=0.9578 loss=0.1103 val_accuracy=1.0000 val_loss=6.2134e-04
Epoch 37/100
145/145 4ms/step accuracy=0.9588 loss=0.1106 val_accuracy=1.0000 val_loss=6.9080e-04
Epoch 38/100
145/145 5ms/step accuracy=0.9595 loss=0.1039 val_accuracy=1.0000 val_loss=5.1211e-04
Epoch 39/100
145/145 5ms/step accuracy=0.9657 loss=0.0931 val_accuracy=1.0000 val_loss=4.8816e-04
Epoch 40/100
145/145 5ms/step accuracy=0.9625 loss=0.0943 val_accuracy=1.0000 val_loss=4.2737e-04
Epoch 41/100
145/145 4ms/step accuracy=0.9638 loss=0.1006 val_accuracy=1.0000 val_loss=3.0289e-04
Epoch 42/100
145/145 4ms/step accuracy=0.9612 loss=0.0978 val_accuracy=1.0000 val_loss=3.8303e-04
Epoch 43/100
145/145 5ms/step accuracy=0.9582 loss=0.1114 val_accuracy=1.0000 val_loss=5.1075e-04
Epoch 44/100
145/145 4ms/step accuracy=0.9629 loss=0.0928 val_accuracy=1.0000 val_loss=3.8056e-04
Epoch 45/100
145/145 5ms/step accuracy=0.9649 loss=0.0908 val_accuracy=1.0000 val_loss=2.8923e-04
Epoch 46/100
145/145 5ms/step accuracy=0.9672 loss=0.0879 val_accuracy=1.0000 val_loss=2.5627e-04
Epoch 47/100
145/145 5ms/step accuracy=0.9655 loss=0.0965 val_accuracy=1.0000 val_loss=2.5370e-04
Epoch 48/100
145/145 5ms/step accuracy=0.9694 loss=0.0870 val_accuracy=1.0000 val_loss=3.5295e-04
Epoch 49/100
145/145 4ms/step accuracy=0.9651 loss=0.0895 val_accuracy=1.0000 val_loss=2.8783e-04
Epoch 50/100
145/145 5ms/step accuracy=0.9692 loss=0.0824 val_accuracy=1.0000 val_loss=1.9956e-04
Epoch 51/100
145/145 4ms/step accuracy=0.9703 loss=0.0779 val_accuracy=1.0000 val_loss=1.6494e-04
Epoch 52/100
145/145 5ms/step accuracy=0.9685 loss=0.0811 val_accuracy=1.0000 val_loss=2.0931e-04
Epoch 53/100
145/145 4ms/step accuracy=0.9752 loss=0.0731 val_accuracy=1.0000 val_loss=1.4846e-04
Epoch 54/100
145/145 5ms/step accuracy=0.9698 loss=0.0786 val_accuracy=1.0000 val_loss=1.5782e-04
Epoch 55/100
145/145 5ms/step accuracy=0.9690 loss=0.0776 val_accuracy=1.0000 val_loss=1.6545e-04
Epoch 56/100
145/145 5ms/step accuracy=0.9670 loss=0.0803 val_accuracy=1.0000 val_loss=1.4082e-04
Epoch 57/100
145/145 5ms/step accuracy=0.9700 loss=0.0742 val_accuracy=1.0000 val_loss=1.0477e-04
Epoch 58/100
145/145 4ms/step accuracy=0.9690 loss=0.0783 val_accuracy=1.0000 val_loss=1.7463e-04
Epoch 59/100
145/145 5ms/step accuracy=0.9705 loss=0.0788 val_accuracy=1.0000 val_loss=2.2039e-04
Epoch 60/100
145/145 5ms/step accuracy=0.9690 loss=0.0804 val_accuracy=1.0000 val_loss=1.1174e-04
Epoch 61/100
145/145 5ms/step accuracy=0.9752 loss=0.0672 val_accuracy=1.0000 val_loss=1.2833e-04
Epoch 62/100
145/145 5ms/step accuracy=0.9700 loss=0.0792 val_accuracy=1.0000 val_loss=1.8458e-04
Epoch 63/100
145/145 4ms/step accuracy=0.9744 loss=0.0692 val_accuracy=1.0000 val_loss=1.5517e-04
Epoch 64/100
145/145 4ms/step accuracy=0.9735 loss=0.0715 val_accuracy=1.0000 val_loss=1.4670e-04
Epoch 65/100
145/145 5ms/step accuracy=0.9677 loss=0.0800 val_accuracy=1.0000 val_loss=7.7503e-05
Epoch 66/100
145/145 5ms/step accuracy=0.9718 loss=0.0716 val_accuracy=1.0000 val_loss=1.2299e-04
Epoch 67/100
145/145 4ms/step accuracy=0.9763 loss=0.0607 val_accuracy=1.0000 val_loss=5.9517e-05
Epoch 68/100
145/145 4ms/step accuracy=0.9750 loss=0.0682 val_accuracy=1.0000 val_loss=9.7346e-05
Epoch 69/100
145/145 5ms/step accuracy=0.9716 loss=0.0684 val_accuracy=1.0000 val_loss=6.5121e-05
Epoch 70/100
145/145 4ms/step accuracy=0.9709 loss=0.0734 val_accuracy=1.0000 val_loss=7.7806e-05
Epoch 71/100
145/145 5ms/step accuracy=0.9756 loss=0.0592 val_accuracy=1.0000 val_loss=6.1873e-05
Epoch 72/100
145/145 5ms/step accuracy=0.9737 loss=0.0657 val_accuracy=1.0000 val_loss=7.7254e-05
Epoch 73/100
145/145 4ms/step accuracy=0.9750 loss=0.0654 val_accuracy=1.0000 val_loss=1.6789e-04
Epoch 74/100
145/145 5ms/step accuracy=0.9748 loss=0.0644 val_accuracy=1.0000 val_loss=1.2859e-04
Epoch 75/100
145/145 4ms/step accuracy=0.9724 loss=0.0685 val_accuracy=1.0000 val_loss=6.9449e-05
Epoch 76/100
145/145 5ms/step accuracy=0.9707 loss=0.0695 val_accuracy=1.0000 val_loss=5.2893e-05
Epoch 77/100
145/145 4ms/step accuracy=0.9713 loss=0.0689 val_accuracy=1.0000 val_loss=6.9117e-05
Epoch 78/100
145/145 5ms/step accuracy=0.9754 loss=0.0588 val_accuracy=1.0000 val_loss=8.3859e-05
Epoch 79/100
145/145 4ms/step accuracy=0.9722 loss=0.0643 val_accuracy=1.0000 val_loss=7.3971e-05
Epoch 80/100
145/145 4ms/step accuracy=0.9728 loss=0.0663 val_accuracy=1.0000 val_loss=5.3624e-05
Epoch 81/100
145/145 5ms/step accuracy=0.9744 loss=0.0658 val_accuracy=1.0000 val_loss=7.9343e-05
Epoch 82/100
145/145 5ms/step accuracy=0.9739 loss=0.0636 val_accuracy=1.0000 val_loss=4.9222e-05
Epoch 83/100
145/145 4ms/step accuracy=0.9731 loss=0.0629 val_accuracy=1.0000 val_loss=4.4231e-05
Epoch 84/100
145/145 4ms/step accuracy=0.9761 loss=0.0593 val_accuracy=1.0000 val_loss=7.2759e-05
Epoch 85/100
145/145 5ms/step accuracy=0.9756 loss=0.0626 val_accuracy=1.0000 val_loss=5.6820e-05
Epoch 86/100
145/145 4ms/step accuracy=0.9735 loss=0.0633 val_accuracy=1.0000 val_loss=8.4011e-05
Epoch 87/100
145/145 5ms/step accuracy=0.9752 loss=0.0623 val_accuracy=1.0000 val_loss=9.8966e-05
Epoch 88/100
145/145 4ms/step accuracy=0.9806 loss=0.0508 val_accuracy=1.0000 val_loss=6.6993e-05
Epoch 89/100
145/145 5ms/step accuracy=0.9748 loss=0.0588 val_accuracy=1.0000 val_loss=2.3769e-05
Epoch 90/100
145/145 5ms/step accuracy=0.9782 loss=0.0535 val_accuracy=1.0000 val_loss=3.3439e-05
Epoch 91/100
145/145 5ms/step accuracy=0.9793 loss=0.0558 val_accuracy=1.0000 val_loss=2.8623e-05
Epoch 92/100
145/145 5ms/step accuracy=0.9780 loss=0.0538 val_accuracy=1.0000 val_loss=2.5156e-05
Epoch 93/100
145/145 3ms/step accuracy=0.9778 loss=0.0543
145/145 4ms/step accuracy=0.9815 loss=0.0458 val_accuracy=1.0000 val_loss=2.4144e-05
Epoch 94/100
145/145 5ms/step accuracy=0.9728 loss=0.0624 val_accuracy=1.0000 val_loss=6.3306e-05
Epoch 95/100
145/145 4ms/step accuracy=0.9733 loss=0.0636 val_accuracy=1.0000 val_loss=6.7087e-05
Epoch 96/100
145/145 5ms/step accuracy=0.9802 loss=0.0502 val_accuracy=1.0000 val_loss=5.4879e-05
Epoch 97/100
145/145 5ms/step accuracy=0.9804 loss=0.0471 val_accuracy=1.0000 val_loss=3.7015e-05
Epoch 98/100
145/145 4ms/step accuracy=0.9748 loss=0.0544 val_accuracy=1.0000 val_loss=2.7230e-05
Epoch 99/100
145/145 5ms/step accuracy=0.9748 loss=0.0595 val_accuracy=1.0000 val_loss=3.0388e-05
37/37 3ms/step accuracy=1.0000 loss=2.3769e-05
Screw Number Loss: 0.0000, Screw Number Accuracy: 1.0000
2026-08-05 16:49:11 | INFO  | Saved plot: /home/albert/Ancestor/output/Step6_Model_07_Retrain/2026-08-05-16-47-54/plot_000.png
2026-08-05 16:49:11 | INFO  | Saved plot: /home/albert/Ancestor/output/Step6_Model_07_Retrain/2026-08-05-16-47-54/plot_001.png
2026-08-05 16:49:12 | INFO  | Saved plot: /home/albert/Ancestor/output/Step6_Model_07_Retrain/2026-08-05-16-47-54/plot_002.png
重訓練模型已儲存：/home/albert/Ancestor/data/Step-1/model/CNN_C11000_retrained.keras
