2026-08-05 16:52:15 | INFO  | Logger initialized
2026-08-05 16:52:15 | INFO  | log_file=/home/albert/Ancestor/logs/Step6_Model_10_Retrain/2026-08-05-16-52-15.log
2026-08-05 16:52:15 | INFO  | output_dir=/home/albert/Ancestor/output/Step6_Model_10_Retrain/2026-08-05-16-52-15
[gpu_utils] GPU x1 已啟用：['/physical_device:GPU:0']
自訂 Label Mapping:
8screws: 0
1screws: 1
2screws: 2
3screws: 3
4screws: 4
5screws: 5
6screws: 6
7screws: 7
3_14screws: 8
4_146screws: 9
[Training] Device: /GPU:0
Epoch 1/100
150/150 26ms/step accuracy=0.2326 loss=2.2482
150/150 41ms/step accuracy=0.3798 loss=1.8671 val_accuracy=0.4657 val_loss=1.9750
Epoch 2/100
150/150 3ms/step accuracy=0.6648 loss=1.1426
150/150 4ms/step accuracy=0.6970 loss=1.0375 val_accuracy=0.8794 val_loss=1.2217
Epoch 3/100
150/150 4ms/step accuracy=0.7998 loss=0.7281 val_accuracy=0.9765 val_loss=0.5899
Epoch 4/100
150/150 4ms/step accuracy=0.8543 loss=0.5478 val_accuracy=0.9975 val_loss=0.2985
Epoch 5/100
150/150 4ms/step accuracy=0.8863 loss=0.4352 val_accuracy=0.9983 val_loss=0.1892
Epoch 6/100
150/150 4ms/step accuracy=0.9131 loss=0.3608 val_accuracy=0.9992 val_loss=0.1281
Epoch 7/100
150/150 4ms/step accuracy=0.9320 loss=0.3086 val_accuracy=0.9992 val_loss=0.1106
Epoch 8/100
150/150 4ms/step accuracy=0.9351 loss=0.2786 val_accuracy=0.9992 val_loss=0.0863
Epoch 9/100
150/150 4ms/step accuracy=0.9424 loss=0.2540 val_accuracy=0.9992 val_loss=0.0773
Epoch 10/100
150/150 4ms/step accuracy=0.9481 loss=0.2300 val_accuracy=0.9992 val_loss=0.0702
Epoch 11/100
150/150 4ms/step accuracy=0.9533 loss=0.2051 val_accuracy=0.9992 val_loss=0.0682
Epoch 12/100
150/150 4ms/step accuracy=0.9485 loss=0.2063 val_accuracy=0.9992 val_loss=0.0631
Epoch 13/100
150/150 4ms/step accuracy=0.9533 loss=0.1897 val_accuracy=0.9992 val_loss=0.0618
Epoch 14/100
150/150 4ms/step accuracy=0.9541 loss=0.1832 val_accuracy=0.9992 val_loss=0.0591
Epoch 15/100
150/150 4ms/step accuracy=0.9573 loss=0.1805 val_accuracy=0.9992 val_loss=0.0581
Epoch 16/100
150/150 4ms/step accuracy=0.9592 loss=0.1677 val_accuracy=0.9992 val_loss=0.0574
Epoch 17/100
150/150 4ms/step accuracy=0.9629 loss=0.1584 val_accuracy=0.9992 val_loss=0.0565
Epoch 18/100
150/150 3ms/step accuracy=0.9619 loss=0.1613 val_accuracy=0.9992 val_loss=0.0558
Epoch 19/100
150/150 4ms/step accuracy=0.9663 loss=0.1493 val_accuracy=0.9992 val_loss=0.0555
Epoch 20/100
150/150 4ms/step accuracy=0.9663 loss=0.1497 val_accuracy=0.9992 val_loss=0.0552
Epoch 21/100
150/150 4ms/step accuracy=0.9696 loss=0.1361 val_accuracy=0.9992 val_loss=0.0544
Epoch 22/100
150/150 4ms/step accuracy=0.9650 loss=0.1475 val_accuracy=0.9992 val_loss=0.0541
Epoch 23/100
150/150 4ms/step accuracy=0.9663 loss=0.1361 val_accuracy=0.9992 val_loss=0.0540
Epoch 24/100
150/150 4ms/step accuracy=0.9694 loss=0.1362 val_accuracy=0.9992 val_loss=0.0536
Epoch 25/100
150/150 4ms/step accuracy=0.9711 loss=0.1305 val_accuracy=0.9992 val_loss=0.0531
Epoch 26/100
150/150 4ms/step accuracy=0.9736 loss=0.1287 val_accuracy=0.9992 val_loss=0.0526
Epoch 27/100
150/150 4ms/step accuracy=0.9696 loss=0.1301 val_accuracy=0.9992 val_loss=0.0525
Epoch 28/100
150/150 4ms/step accuracy=0.9728 loss=0.1235 val_accuracy=0.9992 val_loss=0.0520
Epoch 29/100
150/150 4ms/step accuracy=0.9740 loss=0.1185 val_accuracy=0.9992 val_loss=0.0517
Epoch 30/100
150/150 4ms/step accuracy=0.9751 loss=0.1147 val_accuracy=0.9992 val_loss=0.0512
Epoch 31/100
150/150 4ms/step accuracy=0.9770 loss=0.1152 val_accuracy=0.9992 val_loss=0.0510
Epoch 32/100
150/150 4ms/step accuracy=0.9799 loss=0.1094 val_accuracy=0.9992 val_loss=0.0505
Epoch 33/100
150/150 2ms/step accuracy=0.9780 loss=0.1050
150/150 4ms/step accuracy=0.9770 loss=0.1091 val_accuracy=0.9992 val_loss=0.0501
Epoch 34/100
150/150 4ms/step accuracy=0.9772 loss=0.1097 val_accuracy=0.9992 val_loss=0.0497
Epoch 35/100
150/150 2ms/step accuracy=0.9740 loss=0.1147
150/150 4ms/step accuracy=0.9740 loss=0.1135 val_accuracy=0.9992 val_loss=0.0493
Epoch 36/100
150/150 2ms/step accuracy=0.9768 loss=0.1099
150/150 4ms/step accuracy=0.9795 loss=0.1055 val_accuracy=0.9992 val_loss=0.0488
Epoch 37/100
150/150 4ms/step accuracy=0.9791 loss=0.1074 val_accuracy=0.9992 val_loss=0.0484
Epoch 38/100
150/150 4ms/step accuracy=0.9780 loss=0.1088 val_accuracy=0.9992 val_loss=0.0480
Epoch 39/100
150/150 4ms/step accuracy=0.9747 loss=0.1116 val_accuracy=0.9992 val_loss=0.0474
Epoch 40/100
150/150 4ms/step accuracy=0.9801 loss=0.1022 val_accuracy=0.9992 val_loss=0.0470
Epoch 41/100
150/150 4ms/step accuracy=0.9763 loss=0.1064 val_accuracy=0.9992 val_loss=0.0465
Epoch 42/100
150/150 4ms/step accuracy=0.9795 loss=0.1024 val_accuracy=0.9992 val_loss=0.0461
Epoch 43/100
150/150 4ms/step accuracy=0.9789 loss=0.0998 val_accuracy=0.9992 val_loss=0.0457
Epoch 44/100
150/150 4ms/step accuracy=0.9851 loss=0.0910 val_accuracy=0.9992 val_loss=0.0455
Epoch 45/100
150/150 4ms/step accuracy=0.9809 loss=0.0991 val_accuracy=0.9992 val_loss=0.0452
Epoch 46/100
150/150 4ms/step accuracy=0.9793 loss=0.0990 val_accuracy=0.9992 val_loss=0.0448
Epoch 47/100
150/150 4ms/step accuracy=0.9816 loss=0.0953 val_accuracy=0.9992 val_loss=0.0442
Epoch 48/100
150/150 4ms/step accuracy=0.9805 loss=0.0961 val_accuracy=0.9992 val_loss=0.0437
Epoch 49/100
150/150 4ms/step accuracy=0.9801 loss=0.0940 val_accuracy=0.9992 val_loss=0.0432
Epoch 50/100
150/150 4ms/step accuracy=0.9801 loss=0.0956 val_accuracy=0.9992 val_loss=0.0428
Epoch 51/100
150/150 5ms/step accuracy=0.9814 loss=0.0914 val_accuracy=1.0000 val_loss=0.0422
Epoch 52/100
150/150 2ms/step accuracy=0.9773 loss=0.1005
150/150 4ms/step accuracy=0.9807 loss=0.0911 val_accuracy=0.9992 val_loss=0.0418
Epoch 53/100
150/150 4ms/step accuracy=0.9812 loss=0.0888 val_accuracy=0.9992 val_loss=0.0414
Epoch 54/100
150/150 4ms/step accuracy=0.9828 loss=0.0890 val_accuracy=0.9992 val_loss=0.0411
Epoch 55/100
150/150 4ms/step accuracy=0.9812 loss=0.0869 val_accuracy=0.9992 val_loss=0.0407
Epoch 56/100
150/150 4ms/step accuracy=0.9820 loss=0.0860 val_accuracy=0.9992 val_loss=0.0404
Epoch 57/100
150/150 4ms/step accuracy=0.9818 loss=0.0875 val_accuracy=0.9992 val_loss=0.0399
Epoch 58/100
150/150 4ms/step accuracy=0.9862 loss=0.0789 val_accuracy=0.9992 val_loss=0.0394
Epoch 59/100
150/150 4ms/step accuracy=0.9832 loss=0.0801 val_accuracy=0.9992 val_loss=0.0390
Epoch 60/100
150/150 4ms/step accuracy=0.9849 loss=0.0793 val_accuracy=0.9992 val_loss=0.0384
Epoch 61/100
150/150 4ms/step accuracy=0.9839 loss=0.0823 val_accuracy=1.0000 val_loss=0.0379
Epoch 62/100
150/150 2ms/step accuracy=0.9800 loss=0.0785
150/150 4ms/step accuracy=0.9818 loss=0.0781 val_accuracy=1.0000 val_loss=0.0374
Epoch 63/100
150/150 4ms/step accuracy=0.9849 loss=0.0773 val_accuracy=1.0000 val_loss=0.0371
Epoch 64/100
150/150 4ms/step accuracy=0.9847 loss=0.0763 val_accuracy=1.0000 val_loss=0.0366
Epoch 65/100
150/150 4ms/step accuracy=0.9849 loss=0.0766 val_accuracy=1.0000 val_loss=0.0361
Epoch 66/100
150/150 2ms/step accuracy=0.9858 loss=0.0741
150/150 4ms/step accuracy=0.9828 loss=0.0802 val_accuracy=1.0000 val_loss=0.0358
Epoch 67/100
150/150 2ms/step accuracy=0.9826 loss=0.0783
150/150 4ms/step accuracy=0.9830 loss=0.0767 val_accuracy=1.0000 val_loss=0.0353
Epoch 68/100
150/150 4ms/step accuracy=0.9826 loss=0.0787 val_accuracy=1.0000 val_loss=0.0350
Epoch 69/100
150/150 4ms/step accuracy=0.9837 loss=0.0744 val_accuracy=1.0000 val_loss=0.0345
Epoch 70/100
150/150 4ms/step accuracy=0.9818 loss=0.0801 val_accuracy=1.0000 val_loss=0.0340
Epoch 71/100
150/150 4ms/step accuracy=0.9839 loss=0.0739 val_accuracy=1.0000 val_loss=0.0337
Epoch 72/100
150/150 4ms/step accuracy=0.9832 loss=0.0777 val_accuracy=1.0000 val_loss=0.0333
Epoch 73/100
150/150 4ms/step accuracy=0.9835 loss=0.0799 val_accuracy=1.0000 val_loss=0.0329
Epoch 74/100
150/150 4ms/step accuracy=0.9843 loss=0.0719 val_accuracy=1.0000 val_loss=0.0325
Epoch 75/100
150/150 4ms/step accuracy=0.9839 loss=0.0732 val_accuracy=1.0000 val_loss=0.0322
Epoch 76/100
150/150 4ms/step accuracy=0.9826 loss=0.0747 val_accuracy=1.0000 val_loss=0.0318
Epoch 77/100
150/150 4ms/step accuracy=0.9824 loss=0.0775 val_accuracy=1.0000 val_loss=0.0315
Epoch 78/100
150/150 4ms/step accuracy=0.9791 loss=0.0790 val_accuracy=1.0000 val_loss=0.0313
Epoch 79/100
150/150 4ms/step accuracy=0.9816 loss=0.0771 val_accuracy=1.0000 val_loss=0.0310
Epoch 80/100
150/150 4ms/step accuracy=0.9812 loss=0.0780 val_accuracy=1.0000 val_loss=0.0306
Epoch 81/100
150/150 4ms/step accuracy=0.9824 loss=0.0732 val_accuracy=1.0000 val_loss=0.0303
Epoch 82/100
150/150 4ms/step accuracy=0.9843 loss=0.0670 val_accuracy=1.0000 val_loss=0.0299
Epoch 83/100
150/150 4ms/step accuracy=0.9851 loss=0.0680 val_accuracy=1.0000 val_loss=0.0297
Epoch 84/100
150/150 4ms/step accuracy=0.9824 loss=0.0757 val_accuracy=1.0000 val_loss=0.0293
Epoch 85/100
150/150 4ms/step accuracy=0.9835 loss=0.0713 val_accuracy=1.0000 val_loss=0.0290
Epoch 86/100
150/150 4ms/step accuracy=0.9826 loss=0.0692 val_accuracy=1.0000 val_loss=0.0288
Epoch 87/100
150/150 4ms/step accuracy=0.9805 loss=0.0736 val_accuracy=1.0000 val_loss=0.0285
Epoch 88/100
150/150 4ms/step accuracy=0.9839 loss=0.0681 val_accuracy=1.0000 val_loss=0.0282
Epoch 89/100
150/150 4ms/step accuracy=0.9822 loss=0.0711 val_accuracy=1.0000 val_loss=0.0279
Epoch 90/100
150/150 4ms/step accuracy=0.9849 loss=0.0639 val_accuracy=1.0000 val_loss=0.0276
Epoch 91/100
150/150 4ms/step accuracy=0.9862 loss=0.0656 val_accuracy=1.0000 val_loss=0.0274
Epoch 92/100
150/150 4ms/step accuracy=0.9822 loss=0.0663 val_accuracy=1.0000 val_loss=0.0270
Epoch 93/100
150/150 4ms/step accuracy=0.9853 loss=0.0646 val_accuracy=1.0000 val_loss=0.0267
Epoch 94/100
150/150 4ms/step accuracy=0.9835 loss=0.0662 val_accuracy=1.0000 val_loss=0.0264
Epoch 95/100
150/150 4ms/step accuracy=0.9841 loss=0.0663 val_accuracy=1.0000 val_loss=0.0261
Epoch 96/100
150/150 2ms/step accuracy=0.9865 loss=0.0604
150/150 4ms/step accuracy=0.9839 loss=0.0655 val_accuracy=1.0000 val_loss=0.0258
Epoch 97/100
150/150 4ms/step accuracy=0.9837 loss=0.0652 val_accuracy=1.0000 val_loss=0.0256
Epoch 98/100
150/150 4ms/step accuracy=0.9866 loss=0.0598 val_accuracy=1.0000 val_loss=0.0253
Epoch 99/100
150/150 4ms/step accuracy=0.9837 loss=0.0654 val_accuracy=1.0000 val_loss=0.0250
Epoch 100/100
150/150 4ms/step accuracy=0.9847 loss=0.0617 val_accuracy=1.0000 val_loss=0.0248
38/38 3ms/step accuracy=1.0000 loss=0.0248
Screw Number Loss: 0.0248, Screw Number Accuracy: 1.0000
2026-08-05 16:53:38 | INFO  | Saved plot: /home/albert/Ancestor/output/Step6_Model_10_Retrain/2026-08-05-16-52-15/plot_000.png
2026-08-05 16:53:38 | INFO  | Saved plot: /home/albert/Ancestor/output/Step6_Model_10_Retrain/2026-08-05-16-52-15/plot_001.png
2026-08-05 16:53:39 | INFO  | Saved plot: /home/albert/Ancestor/output/Step6_Model_10_Retrain/2026-08-05-16-52-15/plot_002.png
重訓練模型已儲存：/home/albert/Ancestor/data/Step-2/model/CNN_B8000_retrained.keras
