2026-10-08 21:55:01 | INFO    | Logger initialized: branch_integration
2026-10-08 21:55:01 | INFO    | log_file=logs\branch_integration\2026-10-08-21-55-00.log
2026-10-08 21:55:01 | INFO    | output_dir=output\branch_integration\2026-10-08-21-55-00
2026-10-08 21:55:04 | INFO    | 工作進行中，拒絕重複操作
2026-10-08 21:55:04 | INFO    | 請先選資料並建立健康基準
2026-10-08 21:55:05 | INFO    | 沒有可確認候選，或候選ID已過期
2026-10-08 21:55:08 | INFO    | 劇本窗口播畢，已暫停；這是劇本結果，不是物理時間
2026-10-08 21:55:08 | INFO    | 串流錯誤，已暫停：測試
2026-10-08 21:55:17 | INFO    | 實驗頁串流 exp1 {} rate=10.0
2026-10-08 21:55:17 | INFO    | 實驗頁串流 exp1 被瀏覽器中斷
2026-10-08 21:55:17 | ERROR   | 串流產生器關閉失敗；仍釋放執行鎖
Traceback (most recent call last):

  File "D:\schoolshit\專題\src\lineage_integration_20261008\tests\test_stream_integration.py", line 115, in stream
    yield {"event": "scores", "scores": [1]}, 1

GeneratorExit


During handling of the above exception, another exception occurred:


Traceback (most recent call last):

  File "C:\Users\andy0\AppData\Roaming\uv\python\cpython-3.10.19-windows-x86_64-none\lib\runpy.py", line 196, in _run_module_as_main
    return _run_code(code, main_globals, None,
           │         │     └ {'__name__': '__main__', '__doc__': '主線整合的測試證據入口；不訓練研究模型。', '__package__': 'tests', '__loader__': <_frozen_importlib_external...
           │         └ <code object <module> at 0x000001D8AEDEB940, file "D:\schoolshit\專題\src\lineage_integration_20261008\tests\integration_eviden...
           └ <function _run_code at 0x000001D8AEBCC4C0>

  File "C:\Users\andy0\AppData\Roaming\uv\python\cpython-3.10.19-windows-x86_64-none\lib\runpy.py", line 86, in _run_code
    exec(code, run_globals)
         │     └ {'__name__': '__main__', '__doc__': '主線整合的測試證據入口；不訓練研究模型。', '__package__': 'tests', '__loader__': <_frozen_importlib_external...
         └ <code object <module> at 0x000001D8AEDEB940, file "D:\schoolshit\專題\src\lineage_integration_20261008\tests\integration_eviden...

  File "D:\schoolshit\專題\src\lineage_integration_20261008\tests\integration_evidence.py", line 97, in <module>
    main()
    └ <function main at 0x000001D8B12627A0>

  File "D:\schoolshit\專題\src\lineage_integration_20261008\tests\integration_evidence.py", line 90, in main
    result = run(args.phase, args.data_root)
             │   │    │      │    └ 'D:/schoolshit/專題/src/Lineage/data'
             │   │    │      └ Namespace(phase='candidate', data_root='D:/schoolshit/專題/src/Lineage/data')
             │   │    └ 'candidate'
             │   └ Namespace(phase='candidate', data_root='D:/schoolshit/專題/src/Lineage/data')
             └ <function run at 0x000001D8B12629E0>

  File "D:\schoolshit\專題\src\lineage_integration_20261008\tests\integration_evidence.py", line 58, in run
    result = unittest.TextTestRunner(stream=stream, verbosity=2).run(suite)
             │        │                     │                        └ <unittest.suite.TestSuite tests=[None, None, None, None, None, None, None, None, None, None, None, None, None, None, None, No...
             │        │                     └ <_io.StringIO object at 0x000001D8B1263EB0>
             │        └ <class 'unittest.runner.TextTestRunner'>
             └ <module 'unittest' from 'C:\\Users\\andy0\\AppData\\Roaming\\uv\\python\\cpython-3.10.19-windows-x86_64-none\\lib\\unittest\\...

  File "C:\Users\andy0\AppData\Roaming\uv\python\cpython-3.10.19-windows-x86_64-none\lib\unittest\runner.py", line 184, in run
    test(result)
    │    └ <unittest.runner.TextTestResult run=95 errors=0 failures=1>
    └ <unittest.suite.TestSuite tests=[None, None, None, None, None, None, None, None, None, None, None, None, None, None, None, No...

  File "C:\Users\andy0\AppData\Roaming\uv\python\cpython-3.10.19-windows-x86_64-none\lib\unittest\suite.py", line 84, in __call__
    return self.run(*args, **kwds)
           │    │    │       └ {}
           │    │    └ (<unittest.runner.TextTestResult run=95 errors=0 failures=1>,)
           │    └ <function TestSuite.run at 0x000001D8B0AF7250>
           └ <unittest.suite.TestSuite tests=[None, None, None, None, None, None, None, None, None, None, None, None, None, None, None, No...

  File "C:\Users\andy0\AppData\Roaming\uv\python\cpython-3.10.19-windows-x86_64-none\lib\unittest\suite.py", line 122, in run
    test(result)
    │    └ <unittest.runner.TextTestResult run=95 errors=0 failures=1>
    └ <unittest.suite.TestSuite tests=[None, None, <unittest.suite.TestSuite tests=[None, None, <test_stream_integration.StreamHTTP...

  File "C:\Users\andy0\AppData\Roaming\uv\python\cpython-3.10.19-windows-x86_64-none\lib\unittest\suite.py", line 84, in __call__
    return self.run(*args, **kwds)
           │    │    │       └ {}
           │    │    └ (<unittest.runner.TextTestResult run=95 errors=0 failures=1>,)
           │    └ <function TestSuite.run at 0x000001D8B0AF7250>
           └ <unittest.suite.TestSuite tests=[None, None, <unittest.suite.TestSuite tests=[None, None, <test_stream_integration.StreamHTTP...

  File "C:\Users\andy0\AppData\Roaming\uv\python\cpython-3.10.19-windows-x86_64-none\lib\unittest\suite.py", line 122, in run
    test(result)
    │    └ <unittest.runner.TextTestResult run=95 errors=0 failures=1>
    └ <unittest.suite.TestSuite tests=[None, None, <test_stream_integration.StreamHTTPTests testMethod=test_close_exception_still_r...

  File "C:\Users\andy0\AppData\Roaming\uv\python\cpython-3.10.19-windows-x86_64-none\lib\unittest\suite.py", line 84, in __call__
    return self.run(*args, **kwds)
           │    │    │       └ {}
           │    │    └ (<unittest.runner.TextTestResult run=95 errors=0 failures=1>,)
           │    └ <function TestSuite.run at 0x000001D8B0AF7250>
           └ <unittest.suite.TestSuite tests=[None, None, <test_stream_integration.StreamHTTPTests testMethod=test_close_exception_still_r...

  File "C:\Users\andy0\AppData\Roaming\uv\python\cpython-3.10.19-windows-x86_64-none\lib\unittest\suite.py", line 122, in run
    test(result)
    │    └ <unittest.runner.TextTestResult run=95 errors=0 failures=1>
    └ <test_stream_integration.StreamHTTPTests testMethod=test_close_exception_still_releases_lock>

  File "C:\Users\andy0\AppData\Roaming\uv\python\cpython-3.10.19-windows-x86_64-none\lib\unittest\case.py", line 650, in __call__
    return self.run(*args, **kwds)
           │    │    │       └ {}
           │    │    └ (<unittest.runner.TextTestResult run=95 errors=0 failures=1>,)
           │    └ <function AsyncTestCase.run at 0x000001D8B67C45E0>
           └ <test_stream_integration.StreamHTTPTests testMethod=test_close_exception_still_releases_lock>

  File "D:\schoolshit\專題\src\tmp\lineage_integration310\lib\site-packages\tornado\testing.py", line 245, in run
    ret = super().run(result)
                      └ <unittest.runner.TextTestResult run=95 errors=0 failures=1>

  File "C:\Users\andy0\AppData\Roaming\uv\python\cpython-3.10.19-windows-x86_64-none\lib\unittest\case.py", line 591, in run
    self._callTestMethod(testMethod)
    │    │               └ <bound method StreamHTTPTests.test_close_exception_still_releases_lock of <test_stream_integration.StreamHTTPTests testMethod...
    │    └ <function AsyncTestCase._callTestMethod at 0x000001D8B67C4670>
    └ <test_stream_integration.StreamHTTPTests testMethod=test_close_exception_still_releases_lock>

  File "D:\schoolshit\專題\src\tmp\lineage_integration310\lib\site-packages\tornado\testing.py", line 268, in _callTestMethod
    result = method()
             └ <bound method StreamHTTPTests.test_close_exception_still_releases_lock of <test_stream_integration.StreamHTTPTests testMethod...

  File "D:\schoolshit\專題\src\tmp\lineage_integration310\lib\site-packages\tornado\testing.py", line 604, in post_coroutine
    return self.io_loop.run_sync(
           │    │       └ <function IOLoop.run_sync at 0x000001D8B554C9D0>
           │    └ <tornado.platform.asyncio.AsyncIOLoop object at 0x000001D8B54534C0>
           └ <test_stream_integration.StreamHTTPTests testMethod=test_close_exception_still_releases_lock>

  File "D:\schoolshit\專題\src\tmp\lineage_integration310\lib\site-packages\tornado\ioloop.py", line 536, in run_sync
    self.start()
    │    └ <function BaseAsyncIOLoop.start at 0x000001D8B679ED40>
    └ <tornado.platform.asyncio.AsyncIOLoop object at 0x000001D8B54534C0>

  File "D:\schoolshit\專題\src\tmp\lineage_integration310\lib\site-packages\tornado\platform\asyncio.py", line 211, in start
    self.asyncio_loop.run_forever()
    │    │            └ <function ProactorEventLoop.run_forever at 0x000001D8B0D751B0>
    │    └ <ProactorEventLoop running=True closed=False debug=False>
    └ <tornado.platform.asyncio.AsyncIOLoop object at 0x000001D8B54534C0>

  File "C:\Users\andy0\AppData\Roaming\uv\python\cpython-3.10.19-windows-x86_64-none\lib\asyncio\windows_events.py", line 321, in run_forever
    super().run_forever()

  File "C:\Users\andy0\AppData\Roaming\uv\python\cpython-3.10.19-windows-x86_64-none\lib\asyncio\base_events.py", line 603, in run_forever
    self._run_once()
    │    └ <function BaseEventLoop._run_once at 0x000001D8B0D1CA60>
    └ <ProactorEventLoop running=True closed=False debug=False>

  File "C:\Users\andy0\AppData\Roaming\uv\python\cpython-3.10.19-windows-x86_64-none\lib\asyncio\base_events.py", line 1909, in _run_once
    handle._run()
    │      └ <function Handle._run at 0x000001D8B0C84280>
    └ <Handle Task.task_wakeup(<Future finis...or.close 失敗')>)>

  File "C:\Users\andy0\AppData\Roaming\uv\python\cpython-3.10.19-windows-x86_64-none\lib\asyncio\events.py", line 80, in _run
    self._context.run(self._callback, *self._args)
    │    │            │    │           │    └ <member '_args' of 'Handle' objects>
    │    │            │    │           └ <Handle Task.task_wakeup(<Future finis...or.close 失敗')>)>
    │    │            │    └ <member '_callback' of 'Handle' objects>
    │    │            └ <Handle Task.task_wakeup(<Future finis...or.close 失敗')>)>
    │    └ <member '_context' of 'Handle' objects>
    └ <Handle Task.task_wakeup(<Future finis...or.close 失敗')>)>

  File "D:\schoolshit\專題\src\tmp\lineage_integration310\lib\site-packages\tornado\web.py", line 1887, in _execute
    result = await result
                   └ <coroutine object StreamHandler.get at 0x000001D8BA9BCCF0>

> File "D:\schoolshit\專題\src\lineage_integration_20261008\web\server.py", line 247, in get
    await loop.run_in_executor(JOBS.executor, gen.close)
          │    │               │    │         │   └ <method 'close' of 'generator' objects>
          │    │               │    │         └ <generator object FakeRunner.stream at 0x000001D8BA9BCC10>
          │    │               │    └ <concurrent.futures.thread.ThreadPoolExecutor object at 0x000001D8BA9671F0>
          │    │               └ <web.server.ExperimentJobs object at 0x000001D8BA966E60>
          │    └ <function BaseAsyncIOLoop.run_in_executor at 0x000001D8B679F0A0>
          └ <tornado.platform.asyncio.AsyncIOLoop object at 0x000001D8B54534C0>

  File "C:\Users\andy0\AppData\Roaming\uv\python\cpython-3.10.19-windows-x86_64-none\lib\concurrent\futures\thread.py", line 58, in run
    result = self.fn(*self.args, **self.kwargs)
             │        │            └ None
             │        └ None
             └ None

  File "D:\schoolshit\專題\src\lineage_integration_20261008\tests\test_stream_integration.py", line 120, in stream
    raise RuntimeError("測試 generator.close 失敗")

RuntimeError: 測試 generator.close 失敗
2026-10-08 21:55:17 | INFO    | 實驗頁串流 exp1 {} rate=10.0
2026-10-08 21:55:18 | INFO    | 實驗頁串流 exp1 被瀏覽器中斷
2026-10-08 21:55:18 | INFO    | 實驗頁串流 exp1 {} rate=40.0
2026-10-08 21:55:18 | INFO    | 實驗頁串流完成 exp1 → None
2026-10-08 21:55:18 | INFO    | 實驗頁執行 exp1 {}
2026-10-08 21:55:18 | INFO    | 實驗頁完成 exp1（0 秒）→ None
2026-10-08 21:55:18 | INFO    | 實驗頁串流 exp1 {} rate=40.0
2026-10-08 21:55:30 | INFO    | candidate：112 passed／1 failed／0 errors／0 skipped；output\branch_integration\2026-10-08-21-55-00
