2026-10-08 13:35:16 | INFO    | Logger initialized: branch_integration
2026-10-08 13:35:16 | INFO    | log_file=logs\branch_integration\2026-10-08-13-35-16.log
2026-10-08 13:35:16 | INFO    | output_dir=output\branch_integration\2026-10-08-13-35-16
2026-10-08 13:35:17 | INFO    | 工作進行中，拒絕重複操作
2026-10-08 13:35:18 | INFO    | 請先選資料並建立健康基準
2026-10-08 13:35:18 | INFO    | 沒有可確認候選，或候選ID已過期
2026-10-08 13:35:20 | INFO    | 劇本窗口播畢，已暫停；這是劇本結果，不是物理時間
2026-10-08 13:35:20 | INFO    | 串流錯誤，已暫停：測試
2026-10-08 13:35:22 | INFO    | 實驗頁串流 exp1 {} rate=10.0
2026-10-08 13:35:22 | INFO    | 實驗頁串流 exp1 被瀏覽器中斷
2026-10-08 13:35:23 | INFO    | 實驗頁串流 exp1 {} rate=10.0
2026-10-08 13:35:23 | INFO    | 實驗頁串流 exp1 被瀏覽器中斷
2026-10-08 13:35:23 | INFO    | 實驗頁串流 exp1 {} rate=40.0
2026-10-08 13:35:23 | INFO    | 實驗頁串流完成 exp1 → None
2026-10-08 13:35:23 | INFO    | 實驗頁執行 exp1 {}
2026-10-08 13:35:23 | INFO    | 實驗頁完成 exp1（0 秒）→ None
2026-10-08 13:35:23 | INFO    | 實驗頁串流 exp1 {} rate=40.0
2026-10-08 13:35:23 | INFO    | 實驗頁串流 exp1 [1] rate=40.0
2026-10-08 13:35:23 | INFO    | 實驗頁串流完成 exp1 → None
2026-10-08 13:35:23 | INFO    | 實驗頁串流 exp1 {} rate=1000.0
2026-10-08 13:35:23 | INFO    | 實驗頁串流完成 exp1 → None
2026-10-08 13:35:23 | INFO    | 實驗頁串流 exp1 {} rate=1000.0
2026-10-08 13:35:23 | INFO    | 實驗頁串流完成 exp1 → None
2026-10-08 13:35:29 | INFO    | candidate：105 passed／5 failed／0 errors／0 skipped；output\branch_integration\2026-10-08-13-35-16
