2026-08-05 16:58:14 | INFO  | Logger initialized
2026-08-05 16:58:14 | INFO  | log_file=/home/albert/Ancestor/logs/Step6_Model_14_Retrain/2026-08-05-16-58-14.log
2026-08-05 16:58:14 | INFO  | output_dir=/home/albert/Ancestor/output/Step6_Model_14_Retrain/2026-08-05-16-58-14
[gpu_utils] GPU x1 已啟用：['/physical_device:GPU:0']
自訂 Label Mapping:
8screws: 0
1screws: 1
2screws: 2
3screws: 3
4screws: 4
5screws: 5
6screws: 6
7screws: 7
3_14screws: 8
4_146screws: 9
[Training] Device: /GPU:0
Epoch 1/100
150/150 72ms/step accuracy=0.6507 loss=1.1734
150/150 91ms/step accuracy=0.8560 loss=0.5878 val_accuracy=0.2045 val_loss=2.0058
Epoch 2/100
150/150 6ms/step accuracy=0.9969 loss=0.0464 val_accuracy=0.9833 val_loss=0.1391
Epoch 3/100
150/150 5ms/step accuracy=0.9976 loss=0.0223
150/150 6ms/step accuracy=0.9983 loss=0.0178 val_accuracy=1.0000 val_loss=0.0060
Epoch 4/100
150/150 6ms/step accuracy=0.9996 loss=0.0089 val_accuracy=1.0000 val_loss=0.0021
Epoch 5/100
150/150 6ms/step accuracy=0.9998 loss=0.0054 val_accuracy=1.0000 val_loss=0.0012
Epoch 6/100
150/150 6ms/step accuracy=0.9987 loss=0.0072 val_accuracy=1.0000 val_loss=8.3892e-04
Epoch 7/100
150/150 6ms/step accuracy=0.9996 loss=0.0041 val_accuracy=1.0000 val_loss=5.5321e-04
Epoch 8/100
150/150 6ms/step accuracy=1.0000 loss=0.0027 val_accuracy=0.9992 val_loss=0.0012
Epoch 9/100
150/150 6ms/step accuracy=0.9994 loss=0.0033 val_accuracy=1.0000 val_loss=3.6169e-04
Epoch 10/100
150/150 6ms/step accuracy=0.9998 loss=0.0019 val_accuracy=1.0000 val_loss=2.8814e-04
Epoch 11/100
150/150 6ms/step accuracy=1.0000 loss=0.0014 val_accuracy=1.0000 val_loss=2.3693e-04
Epoch 12/100
150/150 6ms/step accuracy=1.0000 loss=0.0013 val_accuracy=1.0000 val_loss=2.0206e-04
Epoch 13/100
150/150 7ms/step accuracy=0.9998 loss=0.0013 val_accuracy=1.0000 val_loss=1.6461e-04
Epoch 14/100
150/150 6ms/step accuracy=1.0000 loss=0.0010 val_accuracy=1.0000 val_loss=1.4290e-04
Epoch 15/100
150/150 7ms/step accuracy=1.0000 loss=8.6352e-04 val_accuracy=1.0000 val_loss=1.1830e-04
Epoch 16/100
150/150 6ms/step accuracy=0.9996 loss=0.0018 val_accuracy=1.0000 val_loss=1.1120e-04
Epoch 17/100
150/150 6ms/step accuracy=1.0000 loss=6.6942e-04 val_accuracy=1.0000 val_loss=9.4475e-05
Epoch 18/100
150/150 7ms/step accuracy=1.0000 loss=7.9431e-04 val_accuracy=1.0000 val_loss=8.5959e-05
Epoch 19/100
150/150 6ms/step accuracy=0.9998 loss=9.0911e-04 val_accuracy=1.0000 val_loss=9.2008e-05
Epoch 20/100
150/150 7ms/step accuracy=1.0000 loss=4.8340e-04 val_accuracy=1.0000 val_loss=6.7022e-05
Epoch 21/100
150/150 6ms/step accuracy=1.0000 loss=5.5220e-04 val_accuracy=1.0000 val_loss=5.6842e-05
Epoch 22/100
150/150 6ms/step accuracy=0.9998 loss=0.0010 val_accuracy=1.0000 val_loss=6.0320e-05
Epoch 23/100
150/150 7ms/step accuracy=1.0000 loss=3.7849e-04 val_accuracy=1.0000 val_loss=4.7760e-05
Epoch 24/100
150/150 6ms/step accuracy=1.0000 loss=4.7173e-04 val_accuracy=1.0000 val_loss=4.4033e-05
Epoch 25/100
150/150 7ms/step accuracy=1.0000 loss=2.8549e-04 val_accuracy=1.0000 val_loss=3.7210e-05
Epoch 26/100
150/150 6ms/step accuracy=1.0000 loss=2.3944e-04 val_accuracy=1.0000 val_loss=3.3157e-05
Epoch 27/100
150/150 6ms/step accuracy=1.0000 loss=1.9193e-04 val_accuracy=1.0000 val_loss=3.0630e-05
Epoch 28/100
150/150 5ms/step accuracy=1.0000 loss=1.8669e-04
150/150 7ms/step accuracy=1.0000 loss=2.2175e-04 val_accuracy=1.0000 val_loss=2.7844e-05
Epoch 29/100
150/150 6ms/step accuracy=1.0000 loss=1.6522e-04 val_accuracy=1.0000 val_loss=2.4215e-05
Epoch 30/100
150/150 6ms/step accuracy=0.9994 loss=0.0013 val_accuracy=1.0000 val_loss=5.9904e-05
Epoch 31/100
150/150 6ms/step accuracy=1.0000 loss=3.6070e-04 val_accuracy=1.0000 val_loss=3.1569e-05
Epoch 32/100
150/150 6ms/step accuracy=1.0000 loss=4.9597e-04 val_accuracy=1.0000 val_loss=2.4511e-05
Epoch 33/100
150/150 6ms/step accuracy=1.0000 loss=2.5918e-04 val_accuracy=1.0000 val_loss=2.4971e-05
Epoch 34/100
150/150 6ms/step accuracy=1.0000 loss=1.7867e-04 val_accuracy=1.0000 val_loss=1.9113e-05
Epoch 35/100
150/150 6ms/step accuracy=1.0000 loss=2.2449e-04 val_accuracy=1.0000 val_loss=1.6841e-05
Epoch 36/100
150/150 6ms/step accuracy=1.0000 loss=1.0954e-04 val_accuracy=1.0000 val_loss=1.5351e-05
Epoch 37/100
150/150 6ms/step accuracy=1.0000 loss=1.8110e-04 val_accuracy=1.0000 val_loss=1.2899e-05
Epoch 38/100
150/150 6ms/step accuracy=0.9998 loss=3.1891e-04 val_accuracy=1.0000 val_loss=1.1603e-05
Epoch 39/100
150/150 5ms/step accuracy=1.0000 loss=1.2448e-04
150/150 6ms/step accuracy=1.0000 loss=1.4731e-04 val_accuracy=1.0000 val_loss=1.3745e-05
Epoch 40/100
150/150 6ms/step accuracy=1.0000 loss=1.1661e-04 val_accuracy=1.0000 val_loss=1.1957e-05
Epoch 41/100
150/150 7ms/step accuracy=1.0000 loss=1.1698e-04 val_accuracy=1.0000 val_loss=1.0448e-05
Epoch 42/100
150/150 6ms/step accuracy=1.0000 loss=8.0158e-05 val_accuracy=1.0000 val_loss=9.0358e-06
Epoch 43/100
150/150 6ms/step accuracy=1.0000 loss=9.6586e-05 val_accuracy=1.0000 val_loss=9.4633e-06
Epoch 44/100
150/150 6ms/step accuracy=1.0000 loss=1.1682e-04 val_accuracy=1.0000 val_loss=8.8283e-06
Epoch 45/100
150/150 6ms/step accuracy=1.0000 loss=8.9359e-05 val_accuracy=1.0000 val_loss=6.6511e-06
Epoch 46/100
150/150 6ms/step accuracy=1.0000 loss=6.6660e-05 val_accuracy=1.0000 val_loss=6.4146e-06
Epoch 47/100
150/150 6ms/step accuracy=1.0000 loss=4.2071e-05 val_accuracy=1.0000 val_loss=5.7843e-06
Epoch 48/100
150/150 6ms/step accuracy=1.0000 loss=5.7153e-05 val_accuracy=1.0000 val_loss=5.3995e-06
Epoch 49/100
150/150 6ms/step accuracy=1.0000 loss=5.5499e-05 val_accuracy=1.0000 val_loss=4.5974e-06
Epoch 50/100
150/150 6ms/step accuracy=1.0000 loss=5.6800e-05 val_accuracy=1.0000 val_loss=4.8406e-06
Epoch 51/100
150/150 6ms/step accuracy=1.0000 loss=6.0384e-05 val_accuracy=1.0000 val_loss=3.9520e-06
Epoch 52/100
150/150 6ms/step accuracy=1.0000 loss=6.5246e-05 val_accuracy=1.0000 val_loss=4.4216e-06
Epoch 53/100
150/150 6ms/step accuracy=1.0000 loss=3.4896e-05 val_accuracy=1.0000 val_loss=3.6160e-06
Epoch 54/100
150/150 6ms/step accuracy=1.0000 loss=2.7235e-05 val_accuracy=1.0000 val_loss=3.5119e-06
Epoch 55/100
150/150 6ms/step accuracy=1.0000 loss=3.3279e-05 val_accuracy=1.0000 val_loss=2.8522e-06
Epoch 56/100
150/150 7ms/step accuracy=1.0000 loss=4.6010e-05 val_accuracy=1.0000 val_loss=2.5285e-06
Epoch 57/100
150/150 6ms/step accuracy=1.0000 loss=3.1634e-05 val_accuracy=1.0000 val_loss=2.3144e-06
Epoch 58/100
150/150 6ms/step accuracy=1.0000 loss=2.2336e-05 val_accuracy=1.0000 val_loss=2.3185e-06
Epoch 59/100
150/150 6ms/step accuracy=1.0000 loss=2.4703e-05 val_accuracy=1.0000 val_loss=2.0992e-06
Epoch 60/100
150/150 6ms/step accuracy=1.0000 loss=1.9145e-05 val_accuracy=1.0000 val_loss=1.9246e-06
Epoch 61/100
150/150 5ms/step accuracy=1.0000 loss=2.0915e-05
150/150 7ms/step accuracy=1.0000 loss=1.9540e-05 val_accuracy=1.0000 val_loss=1.6391e-06
Epoch 62/100
150/150 6ms/step accuracy=1.0000 loss=1.5808e-05 val_accuracy=1.0000 val_loss=1.5097e-06
Epoch 63/100
150/150 6ms/step accuracy=1.0000 loss=1.3822e-05 val_accuracy=1.0000 val_loss=1.4191e-06
Epoch 64/100
150/150 6ms/step accuracy=1.0000 loss=1.7374e-05 val_accuracy=1.0000 val_loss=1.3404e-06
Epoch 65/100
150/150 6ms/step accuracy=1.0000 loss=1.8602e-05 val_accuracy=1.0000 val_loss=1.3307e-06
Epoch 66/100
150/150 7ms/step accuracy=1.0000 loss=1.0315e-05 val_accuracy=1.0000 val_loss=1.2046e-06
Epoch 67/100
150/150 6ms/step accuracy=1.0000 loss=1.2284e-05 val_accuracy=1.0000 val_loss=1.0953e-06
Epoch 68/100
150/150 7ms/step accuracy=1.0000 loss=1.2031e-05 val_accuracy=1.0000 val_loss=1.0912e-06
Epoch 69/100
150/150 6ms/step accuracy=1.0000 loss=9.7984e-06 val_accuracy=1.0000 val_loss=9.6550e-07
Epoch 70/100
150/150 6ms/step accuracy=1.0000 loss=1.3321e-05 val_accuracy=1.0000 val_loss=8.3476e-07
Epoch 71/100
150/150 6ms/step accuracy=1.0000 loss=1.8057e-05 val_accuracy=1.0000 val_loss=7.6590e-07
Epoch 72/100
150/150 6ms/step accuracy=1.0000 loss=2.1925e-05 val_accuracy=1.0000 val_loss=8.5606e-07
Epoch 73/100
150/150 6ms/step accuracy=1.0000 loss=1.1744e-05 val_accuracy=1.0000 val_loss=7.1774e-07
Epoch 74/100
150/150 6ms/step accuracy=1.0000 loss=8.3372e-06 val_accuracy=1.0000 val_loss=6.7784e-07
Epoch 75/100
150/150 6ms/step accuracy=1.0000 loss=6.7673e-06 val_accuracy=1.0000 val_loss=6.0649e-07
Epoch 76/100
150/150 7ms/step accuracy=1.0000 loss=7.7428e-06 val_accuracy=1.0000 val_loss=5.6619e-07
Epoch 77/100
150/150 6ms/step accuracy=1.0000 loss=5.3132e-06 val_accuracy=1.0000 val_loss=4.9753e-07
Epoch 78/100
150/150 6ms/step accuracy=1.0000 loss=2.9267e-04 val_accuracy=0.9975 val_loss=0.0055
Epoch 79/100
150/150 6ms/step accuracy=0.9987 loss=0.0064 val_accuracy=1.0000 val_loss=9.1537e-05
Epoch 80/100
150/150 6ms/step accuracy=1.0000 loss=2.2620e-04 val_accuracy=1.0000 val_loss=1.3699e-05
Epoch 81/100
150/150 6ms/step accuracy=1.0000 loss=1.2064e-04 val_accuracy=1.0000 val_loss=9.1279e-06
Epoch 82/100
150/150 6ms/step accuracy=1.0000 loss=5.9856e-05 val_accuracy=1.0000 val_loss=6.5758e-06
Epoch 83/100
150/150 6ms/step accuracy=1.0000 loss=5.9897e-05 val_accuracy=1.0000 val_loss=4.7004e-06
Epoch 84/100
150/150 6ms/step accuracy=1.0000 loss=1.5428e-04 val_accuracy=1.0000 val_loss=6.9620e-06
Epoch 85/100
150/150 6ms/step accuracy=1.0000 loss=4.2808e-05 val_accuracy=1.0000 val_loss=3.8399e-06
Epoch 86/100
150/150 4ms/step accuracy=1.0000 loss=6.6711e-05
150/150 6ms/step accuracy=1.0000 loss=5.6359e-05 val_accuracy=1.0000 val_loss=2.5589e-06
Epoch 87/100
150/150 6ms/step accuracy=1.0000 loss=6.4336e-05 val_accuracy=1.0000 val_loss=2.0128e-06
38/38 3ms/step accuracy=1.0000 loss=4.6462e-07
38/38 3ms/step accuracy=1.0000 loss=4.9753e-07
Screw Number Loss: 0.0000, Screw Number Accuracy: 1.0000
2026-08-05 17:00:09 | INFO  | Saved plot: /home/albert/Ancestor/output/Step6_Model_14_Retrain/2026-08-05-16-58-14/plot_000.png
2026-08-05 17:00:09 | INFO  | Saved plot: /home/albert/Ancestor/output/Step6_Model_14_Retrain/2026-08-05-16-58-14/plot_001.png
2026-08-05 17:00:11 | INFO  | Saved plot: /home/albert/Ancestor/output/Step6_Model_14_Retrain/2026-08-05-16-58-14/plot_002.png
重訓練模型已儲存：/home/albert/Ancestor/data/Step-2/model/ResNet_B6000_retrained.keras
