2026-08-05 15:40:35 | INFO  | Logger initialized
2026-08-05 15:40:35 | INFO  | log_file=/home/albert/Ancestor/logs/Step3_Model_11_OneStage/2026-08-05-15-40-35.log
2026-08-05 15:40:35 | INFO  | output_dir=/home/albert/Ancestor/output/Step3_Model_11_OneStage/2026-08-05-15-40-35
[gpu_utils] GPU x1 已啟用：['/physical_device:GPU:0']
自訂 Label Mapping:
8screws: 0
1screws: 1
2screws: 2
3screws: 3
4screws: 4
模型已成功載入。
Model 2 - Layer 0: input_layer | Trainable: False
Model 2 - Layer 1: conv1d | Trainable: False
Model 2 - Layer 2: batch_normalization | Trainable: False
Model 2 - Layer 3: activation | Trainable: False
Model 2 - Layer 4: max_pooling1d | Trainable: False
Model 2 - Layer 5: conv1d_1 | Trainable: False
Model 2 - Layer 6: batch_normalization_1 | Trainable: False
Model 2 - Layer 7: activation_1 | Trainable: False
Model 2 - Layer 8: conv1d_2 | Trainable: False
Model 2 - Layer 9: batch_normalization_2 | Trainable: False
Model 2 - Layer 10: add | Trainable: False
Model 2 - Layer 11: activation_2 | Trainable: False
Model 2 - Layer 12: conv1d_3 | Trainable: False
Model 2 - Layer 13: batch_normalization_3 | Trainable: False
Model 2 - Layer 14: activation_3 | Trainable: False
Model 2 - Layer 15: conv1d_4 | Trainable: False
Model 2 - Layer 16: batch_normalization_4 | Trainable: False
Model 2 - Layer 17: add_1 | Trainable: False
Model 2 - Layer 18: activation_4 | Trainable: False
Model 2 - Layer 19: conv1d_5 | Trainable: False
Model 2 - Layer 20: batch_normalization_5 | Trainable: False
Model 2 - Layer 21: activation_5 | Trainable: False
Model 2 - Layer 22: conv1d_6 | Trainable: False
Model 2 - Layer 23: conv1d_7 | Trainable: False
Model 2 - Layer 24: batch_normalization_6 | Trainable: False
Model 2 - Layer 25: batch_normalization_7 | Trainable: False
Model 2 - Layer 26: add_2 | Trainable: False
Model 2 - Layer 27: activation_6 | Trainable: False
Model 2 - Layer 28: conv1d_8 | Trainable: False
Model 2 - Layer 29: batch_normalization_8 | Trainable: False
Model 2 - Layer 30: activation_7 | Trainable: False
Model 2 - Layer 31: conv1d_9 | Trainable: False
Model 2 - Layer 32: batch_normalization_9 | Trainable: False
Model 2 - Layer 33: add_3 | Trainable: False
Model 2 - Layer 34: activation_8 | Trainable: False
Model 2 - Layer 35: conv1d_10 | Trainable: True
Model 2 - Layer 36: batch_normalization_10 | Trainable: False
Model 2 - Layer 37: activation_9 | Trainable: True
Model 2 - Layer 38: conv1d_11 | Trainable: True
Model 2 - Layer 39: conv1d_12 | Trainable: True
Model 2 - Layer 40: batch_normalization_11 | Trainable: False
Model 2 - Layer 41: batch_normalization_12 | Trainable: False
Model 2 - Layer 42: add_4 | Trainable: True
Model 2 - Layer 43: activation_10 | Trainable: True
Model 2 - Layer 44: conv1d_13 | Trainable: True
Model 2 - Layer 45: batch_normalization_13 | Trainable: False
Model 2 - Layer 46: activation_11 | Trainable: True
Model 2 - Layer 47: conv1d_14 | Trainable: True
Model 2 - Layer 48: batch_normalization_14 | Trainable: False
Model 2 - Layer 49: add_5 | Trainable: True
Model 2 - Layer 50: activation_12 | Trainable: True
Model 2 - Layer 51: conv1d_15 | Trainable: True
Model 2 - Layer 52: batch_normalization_15 | Trainable: False
Model 2 - Layer 53: activation_13 | Trainable: True
Model 2 - Layer 54: conv1d_16 | Trainable: True
Model 2 - Layer 55: conv1d_17 | Trainable: True
Model 2 - Layer 56: batch_normalization_16 | Trainable: False
Model 2 - Layer 57: batch_normalization_17 | Trainable: False
Model 2 - Layer 58: add_6 | Trainable: True
Model 2 - Layer 59: activation_14 | Trainable: True
Model 2 - Layer 60: conv1d_18 | Trainable: True
Model 2 - Layer 61: batch_normalization_18 | Trainable: False
Model 2 - Layer 62: activation_15 | Trainable: True
Model 2 - Layer 63: conv1d_19 | Trainable: True
Model 2 - Layer 64: batch_normalization_19 | Trainable: False
Model 2 - Layer 65: add_7 | Trainable: True
Model 2 - Layer 66: activation_16 | Trainable: True
Model 2 - Layer 67: global_average_pooling1d | Trainable: True
Model 2 - Layer 68: Screw_Number_Output | Trainable: True
[Training] Device: /GPU:0
Epoch 1/100
75/75 52ms/step accuracy=0.4867 loss=2.2868
75/75 88ms/step accuracy=0.7849 loss=0.9057 val_accuracy=0.9983 val_loss=0.0333
Epoch 2/100
75/75 7ms/step accuracy=0.9971 loss=0.0220 val_accuracy=1.0000 val_loss=0.0098
Epoch 3/100
75/75 5ms/step accuracy=0.9992 loss=0.0086 val_accuracy=1.0000 val_loss=0.0052
Epoch 4/100
75/75 5ms/step accuracy=1.0000 loss=0.0046 val_accuracy=1.0000 val_loss=0.0029
Epoch 5/100
75/75 7ms/step accuracy=1.0000 loss=0.0027 val_accuracy=1.0000 val_loss=0.0019
Epoch 6/100
75/75 5ms/step accuracy=1.0000 loss=0.0017 val_accuracy=1.0000 val_loss=0.0014
Epoch 7/100
75/75 5ms/step accuracy=1.0000 loss=0.0012 val_accuracy=1.0000 val_loss=0.0011
Epoch 8/100
75/75 7ms/step accuracy=1.0000 loss=8.8970e-04 val_accuracy=1.0000 val_loss=8.9574e-04
Epoch 9/100
75/75 5ms/step accuracy=1.0000 loss=6.9083e-04 val_accuracy=1.0000 val_loss=7.8574e-04
Epoch 10/100
75/75 5ms/step accuracy=1.0000 loss=5.4856e-04 val_accuracy=1.0000 val_loss=6.2007e-04
Epoch 11/100
75/75 6ms/step accuracy=1.0000 loss=4.5057e-04 val_accuracy=1.0000 val_loss=5.7920e-04
Epoch 12/100
75/75 5ms/step accuracy=1.0000 loss=3.7495e-04 val_accuracy=1.0000 val_loss=4.7417e-04
Epoch 13/100
75/75 5ms/step accuracy=1.0000 loss=3.1463e-04 val_accuracy=1.0000 val_loss=4.2991e-04
Epoch 14/100
75/75 7ms/step accuracy=1.0000 loss=2.6809e-04 val_accuracy=1.0000 val_loss=3.8646e-04
Epoch 15/100
75/75 5ms/step accuracy=1.0000 loss=2.3205e-04 val_accuracy=1.0000 val_loss=3.5969e-04
Epoch 16/100
75/75 5ms/step accuracy=1.0000 loss=2.0194e-04 val_accuracy=1.0000 val_loss=3.0538e-04
Epoch 17/100
75/75 7ms/step accuracy=1.0000 loss=1.7697e-04 val_accuracy=1.0000 val_loss=2.7700e-04
Epoch 18/100
75/75 5ms/step accuracy=1.0000 loss=1.5654e-04 val_accuracy=1.0000 val_loss=2.5215e-04
Epoch 19/100
75/75 5ms/step accuracy=1.0000 loss=1.3831e-04 val_accuracy=1.0000 val_loss=2.3881e-04
Epoch 20/100
75/75 7ms/step accuracy=1.0000 loss=1.2364e-04 val_accuracy=1.0000 val_loss=2.1544e-04
Epoch 21/100
75/75 5ms/step accuracy=1.0000 loss=1.1134e-04 val_accuracy=1.0000 val_loss=2.0857e-04
Epoch 22/100
75/75 5ms/step accuracy=1.0000 loss=9.9972e-05 val_accuracy=1.0000 val_loss=1.8338e-04
Epoch 23/100
75/75 5ms/step accuracy=1.0000 loss=9.1195e-05 val_accuracy=1.0000 val_loss=1.6867e-04
Epoch 24/100
75/75 5ms/step accuracy=1.0000 loss=8.2215e-05 val_accuracy=1.0000 val_loss=1.5438e-04
Epoch 25/100
75/75 5ms/step accuracy=1.0000 loss=7.4902e-05 val_accuracy=1.0000 val_loss=1.4472e-04
Epoch 26/100
75/75 5ms/step accuracy=1.0000 loss=6.8391e-05 val_accuracy=1.0000 val_loss=1.4153e-04
Epoch 27/100
75/75 5ms/step accuracy=1.0000 loss=6.2569e-05 val_accuracy=1.0000 val_loss=1.3354e-04
Epoch 28/100
75/75 5ms/step accuracy=1.0000 loss=5.7567e-05 val_accuracy=1.0000 val_loss=1.2724e-04
Epoch 29/100
75/75 5ms/step accuracy=1.0000 loss=5.2797e-05 val_accuracy=1.0000 val_loss=1.1598e-04
Epoch 30/100
75/75 7ms/step accuracy=1.0000 loss=4.8860e-05 val_accuracy=1.0000 val_loss=1.0833e-04
Epoch 31/100
75/75 5ms/step accuracy=1.0000 loss=4.5136e-05 val_accuracy=1.0000 val_loss=1.0495e-04
Epoch 32/100
75/75 5ms/step accuracy=1.0000 loss=4.1567e-05 val_accuracy=1.0000 val_loss=9.5836e-05
Epoch 33/100
75/75 7ms/step accuracy=1.0000 loss=3.8644e-05 val_accuracy=1.0000 val_loss=9.5801e-05
Epoch 34/100
75/75 5ms/step accuracy=1.0000 loss=3.5894e-05 val_accuracy=1.0000 val_loss=8.8079e-05
Epoch 35/100
75/75 5ms/step accuracy=1.0000 loss=3.3391e-05 val_accuracy=1.0000 val_loss=8.1003e-05
Epoch 36/100
75/75 7ms/step accuracy=1.0000 loss=3.1096e-05 val_accuracy=1.0000 val_loss=7.8080e-05
Epoch 37/100
75/75 5ms/step accuracy=1.0000 loss=2.9002e-05 val_accuracy=1.0000 val_loss=7.3540e-05
Epoch 38/100
75/75 5ms/step accuracy=1.0000 loss=2.7063e-05 val_accuracy=1.0000 val_loss=6.9924e-05
Epoch 39/100
75/75 7ms/step accuracy=1.0000 loss=2.5291e-05 val_accuracy=1.0000 val_loss=6.9104e-05
Epoch 40/100
75/75 5ms/step accuracy=1.0000 loss=2.3661e-05 val_accuracy=1.0000 val_loss=6.5461e-05
Epoch 41/100
75/75 5ms/step accuracy=1.0000 loss=2.2244e-05 val_accuracy=1.0000 val_loss=6.2109e-05
Epoch 42/100
75/75 7ms/step accuracy=1.0000 loss=2.0777e-05 val_accuracy=1.0000 val_loss=5.9354e-05
Epoch 43/100
75/75 5ms/step accuracy=1.0000 loss=1.9465e-05 val_accuracy=1.0000 val_loss=5.6788e-05
Epoch 44/100
75/75 5ms/step accuracy=1.0000 loss=1.8329e-05 val_accuracy=1.0000 val_loss=5.4832e-05
Epoch 45/100
75/75 7ms/step accuracy=1.0000 loss=1.7239e-05 val_accuracy=1.0000 val_loss=5.2335e-05
Epoch 46/100
75/75 5ms/step accuracy=1.0000 loss=1.6251e-05 val_accuracy=1.0000 val_loss=4.9405e-05
Epoch 47/100
75/75 5ms/step accuracy=1.0000 loss=1.5266e-05 val_accuracy=1.0000 val_loss=4.7373e-05
Epoch 48/100
75/75 7ms/step accuracy=1.0000 loss=1.4412e-05 val_accuracy=1.0000 val_loss=4.4632e-05
Epoch 49/100
75/75 5ms/step accuracy=1.0000 loss=1.3597e-05 val_accuracy=1.0000 val_loss=4.2526e-05
Epoch 50/100
75/75 5ms/step accuracy=1.0000 loss=1.2785e-05 val_accuracy=1.0000 val_loss=4.2279e-05
Epoch 51/100
75/75 7ms/step accuracy=1.0000 loss=1.2105e-05 val_accuracy=1.0000 val_loss=4.1399e-05
Epoch 52/100
75/75 5ms/step accuracy=1.0000 loss=1.1424e-05 val_accuracy=1.0000 val_loss=3.8300e-05
Epoch 53/100
75/75 5ms/step accuracy=1.0000 loss=1.0813e-05 val_accuracy=1.0000 val_loss=3.6812e-05
Epoch 54/100
75/75 7ms/step accuracy=1.0000 loss=1.0211e-05 val_accuracy=1.0000 val_loss=3.6081e-05
Epoch 55/100
75/75 5ms/step accuracy=1.0000 loss=9.6616e-06 val_accuracy=1.0000 val_loss=3.5092e-05
Epoch 56/100
75/75 5ms/step accuracy=1.0000 loss=9.1339e-06 val_accuracy=1.0000 val_loss=3.4301e-05
Epoch 57/100
75/75 7ms/step accuracy=1.0000 loss=8.6819e-06 val_accuracy=1.0000 val_loss=3.2200e-05
Epoch 58/100
75/75 5ms/step accuracy=1.0000 loss=8.1963e-06 val_accuracy=1.0000 val_loss=3.1498e-05
Epoch 59/100
75/75 5ms/step accuracy=1.0000 loss=7.7892e-06 val_accuracy=1.0000 val_loss=2.9793e-05
Epoch 60/100
75/75 7ms/step accuracy=1.0000 loss=7.3744e-06 val_accuracy=1.0000 val_loss=2.8821e-05
Epoch 61/100
75/75 5ms/step accuracy=1.0000 loss=7.0079e-06 val_accuracy=1.0000 val_loss=2.7320e-05
Epoch 62/100
75/75 5ms/step accuracy=1.0000 loss=6.6406e-06 val_accuracy=1.0000 val_loss=2.6945e-05
Epoch 63/100
75/75 7ms/step accuracy=1.0000 loss=6.3173e-06 val_accuracy=1.0000 val_loss=2.6654e-05
Epoch 64/100
75/75 5ms/step accuracy=1.0000 loss=5.9957e-06 val_accuracy=1.0000 val_loss=2.5020e-05
Epoch 65/100
75/75 5ms/step accuracy=1.0000 loss=5.6814e-06 val_accuracy=1.0000 val_loss=2.4222e-05
Epoch 66/100
75/75 7ms/step accuracy=1.0000 loss=5.4028e-06 val_accuracy=1.0000 val_loss=2.3540e-05
Epoch 67/100
75/75 5ms/step accuracy=1.0000 loss=5.1385e-06 val_accuracy=1.0000 val_loss=2.2930e-05
Epoch 68/100
75/75 5ms/step accuracy=1.0000 loss=4.8856e-06 val_accuracy=1.0000 val_loss=2.1733e-05
Epoch 69/100
75/75 7ms/step accuracy=1.0000 loss=4.6378e-06 val_accuracy=1.0000 val_loss=2.1472e-05
Epoch 70/100
75/75 5ms/step accuracy=1.0000 loss=4.4173e-06 val_accuracy=1.0000 val_loss=2.0661e-05
Epoch 71/100
75/75 5ms/step accuracy=1.0000 loss=4.2056e-06 val_accuracy=1.0000 val_loss=1.9982e-05
Epoch 72/100
75/75 7ms/step accuracy=1.0000 loss=3.9879e-06 val_accuracy=1.0000 val_loss=1.9366e-05
Epoch 73/100
75/75 5ms/step accuracy=1.0000 loss=3.8017e-06 val_accuracy=1.0000 val_loss=1.8762e-05
Epoch 74/100
75/75 5ms/step accuracy=1.0000 loss=3.6214e-06 val_accuracy=1.0000 val_loss=1.8464e-05
Epoch 75/100
75/75 7ms/step accuracy=1.0000 loss=3.4440e-06 val_accuracy=1.0000 val_loss=1.7491e-05
Epoch 76/100
75/75 5ms/step accuracy=1.0000 loss=3.2787e-06 val_accuracy=1.0000 val_loss=1.7063e-05
Epoch 77/100
75/75 5ms/step accuracy=1.0000 loss=3.1237e-06 val_accuracy=1.0000 val_loss=1.6513e-05
Epoch 78/100
75/75 7ms/step accuracy=1.0000 loss=2.9723e-06 val_accuracy=1.0000 val_loss=1.5987e-05
Epoch 79/100
75/75 5ms/step accuracy=1.0000 loss=2.8392e-06 val_accuracy=1.0000 val_loss=1.5683e-05
Epoch 80/100
75/75 5ms/step accuracy=1.0000 loss=2.6990e-06 val_accuracy=1.0000 val_loss=1.4421e-05
Epoch 81/100
75/75 6ms/step accuracy=1.0000 loss=2.5840e-06 val_accuracy=1.0000 val_loss=1.4641e-05
Epoch 82/100
75/75 5ms/step accuracy=1.0000 loss=2.4562e-06 val_accuracy=1.0000 val_loss=1.4269e-05
Epoch 83/100
75/75 5ms/step accuracy=1.0000 loss=2.3377e-06 val_accuracy=1.0000 val_loss=1.3805e-05
Epoch 84/100
75/75 7ms/step accuracy=1.0000 loss=2.2273e-06 val_accuracy=1.0000 val_loss=1.3253e-05
Epoch 85/100
75/75 5ms/step accuracy=1.0000 loss=2.1234e-06 val_accuracy=1.0000 val_loss=1.3091e-05
Epoch 86/100
75/75 5ms/step accuracy=1.0000 loss=2.0309e-06 val_accuracy=1.0000 val_loss=1.2320e-05
Epoch 87/100
75/75 7ms/step accuracy=1.0000 loss=1.9368e-06 val_accuracy=1.0000 val_loss=1.2136e-05
Epoch 88/100
75/75 5ms/step accuracy=1.0000 loss=1.8527e-06 val_accuracy=1.0000 val_loss=1.1402e-05
Epoch 89/100
75/75 5ms/step accuracy=1.0000 loss=1.7642e-06 val_accuracy=1.0000 val_loss=1.1498e-05
Epoch 90/100
75/75 7ms/step accuracy=1.0000 loss=1.6822e-06 val_accuracy=1.0000 val_loss=1.1001e-05
Epoch 91/100
75/75 5ms/step accuracy=1.0000 loss=1.6028e-06 val_accuracy=1.0000 val_loss=1.0775e-05
Epoch 92/100
75/75 5ms/step accuracy=1.0000 loss=1.5312e-06 val_accuracy=1.0000 val_loss=1.0597e-05
Epoch 93/100
75/75 7ms/step accuracy=1.0000 loss=1.4635e-06 val_accuracy=1.0000 val_loss=9.9014e-06
Epoch 94/100
75/75 5ms/step accuracy=1.0000 loss=1.3975e-06 val_accuracy=1.0000 val_loss=9.7801e-06
Epoch 95/100
75/75 5ms/step accuracy=1.0000 loss=1.3352e-06 val_accuracy=1.0000 val_loss=9.5228e-06
Epoch 96/100
75/75 7ms/step accuracy=1.0000 loss=1.2756e-06 val_accuracy=1.0000 val_loss=8.9979e-06
Epoch 97/100
75/75 5ms/step accuracy=1.0000 loss=1.2194e-06 val_accuracy=1.0000 val_loss=9.1686e-06
Epoch 98/100
75/75 5ms/step accuracy=1.0000 loss=1.1642e-06 val_accuracy=1.0000 val_loss=8.8965e-06
Epoch 99/100
75/75 7ms/step accuracy=1.0000 loss=1.1114e-06 val_accuracy=1.0000 val_loss=8.6687e-06
Epoch 100/100
75/75 5ms/step accuracy=1.0000 loss=1.0649e-06 val_accuracy=1.0000 val_loss=8.4154e-06
19/19 4ms/step accuracy=1.0000 loss=8.4154e-06
Loss: 0.0000, Accuracy: 1.0000
2026-08-05 15:41:39 | INFO  | Saved plot: /home/albert/Ancestor/output/Step3_Model_11_OneStage/2026-08-05-15-40-35/plot_000.png
2026-08-05 15:41:39 | INFO  | Saved plot: /home/albert/Ancestor/output/Step3_Model_11_OneStage/2026-08-05-15-40-35/plot_001.png
2026-08-05 15:41:41 | INFO  | Saved plot: /home/albert/Ancestor/output/Step3_Model_11_OneStage/2026-08-05-15-40-35/plot_002.png
