2026-08-05 16:24:36 | INFO  | Logger initialized
2026-08-05 16:24:36 | INFO  | log_file=/home/albert/Ancestor/logs/Step4_Model_18_Detecting/2026-08-05-16-24-36.log
2026-08-05 16:24:36 | INFO  | output_dir=/home/albert/Ancestor/output/Step4_Model_18_Detecting/2026-08-05-16-24-36
=== 1. Loading training data ===
✔️ Train : (1288, 105)  |  Test : (323, 105)
==============================
▶ mcs = 21 | conf = 0.9 | thr = 7.85
==============================
--- Test‑set validation
C0      : 8screws 51筆
C1      : 2screws 59筆
C2      : 1screws 77筆
C3      : 3screws 77筆，2screws 8筆
C4      : 4screws 51筆
* C0  | size  51 | dist   2.51 | Known
* C1  | size  59 | dist   2.34 | Known
* C2  | size  77 | dist   1.83 | Known
* C3  | size  85 | dist   1.78 | Known
* C4  | size  51 | dist   2.44 | Known
--- Unknown ['5screws'] | mcs 21
C3      : 51 pts
C0      : 51 pts
C4      : 53 pts
C2      : 77 pts
outliers: 40 pts
C5      : 52 pts
C1      : 59 pts
C0  | size  51 | dist   2.51 | Known
C1  | size  59 | dist   2.34 | Known
C2  | size  77 | dist   1.83 | Known
C3  | size  51 | dist   2.44 | Known
C4  | size  53 | dist   7.76 | Known
C5  | size  52 | dist   2.39 | Known
--- Unknown ['5screws', '6screws'] | mcs 21
C5      : 52 pts
C2      : 118 pts
outliers: 41 pts
C0      : 51 pts
C4      : 53 pts
C3      : 51 pts
C1      : 77 pts
C0  | size  51 | dist   2.51 | Known
C1  | size  77 | dist   1.83 | Known
C2  | size 118 | dist   3.45 | Known
C3  | size  51 | dist   2.44 | Known
C4  | size  53 | dist   2.34 | Known
C5  | size  52 | dist   7.88 | New Fault
--- Unknown ['5screws', '6screws', '7screws'] | mcs 21
C2      : 46 pts
C3      : 103 pts
C1      : 69 pts
C5      : 52 pts
C0      : 44 pts
outliers: 45 pts
C4      : 44 pts
C6      : 47 pts
C0  | size  44 | dist   2.57 | Known
C1  | size  69 | dist   1.83 | Known
C2  | size  46 | dist   2.36 | Known
C3  | size 103 | dist   3.58 | Known
C4  | size  44 | dist   9.82 | New Fault
C5  | size  52 | dist   2.36 | Known
C6  | size  47 | dist   7.79 | Known
--- Unknown ['5screws', '6screws', '7screws', '3_14screws'] | mcs 21
C0      : 43 pts
C2      : 47 pts
C3      : 44 pts
C1      : 64 pts
C7      : 39 pts
C4      : 89 pts
C5      : 44 pts
outliers: 36 pts
C6      : 44 pts
C0  | size  43 | dist   2.53 | Known
C1  | size  64 | dist   1.87 | Known
C2  | size  47 | dist  23.75 | New Fault
C3  | size  44 | dist   2.41 | Known
C4  | size  89 | dist   3.55 | Known
C5  | size  44 | dist   9.67 | New Fault
C6  | size  44 | dist   2.22 | Known
C7  | size  39 | dist   7.87 | New Fault
--- Unknown ['5screws', '6screws', '7screws', '3_14screws', '4_146screws'] | mcs 21
C2      : 53 pts
C4      : 43 pts
C1      : 36 pts
C3      : 47 pts
C5      : 85 pts
C6      : 37 pts
C7      : 41 pts
outliers: 25 pts
C8      : 40 pts
C0      : 43 pts
C0  | size  43 | dist 315.06 | New Fault
C1  | size  36 | dist   2.61 | Known
C2  | size  53 | dist   1.85 | Known
C3  | size  47 | dist   2.15 | Known
C4  | size  43 | dist  24.08 | New Fault
C5  | size  85 | dist   3.49 | Known
C6  | size  37 | dist   9.91 | New Fault
C7  | size  41 | dist   7.71 | Known
C8  | size  40 | dist   2.26 | Known
==============================
▶ mcs = 21 | conf = 0.95 | thr = 8.66
==============================
--- Test‑set validation
C0      : 8screws 51筆
C1      : 2screws 59筆
C2      : 1screws 77筆
C3      : 3screws 77筆，2screws 8筆
C4      : 4screws 51筆
* C0  | size  51 | dist   2.51 | Known
* C1  | size  59 | dist   2.34 | Known
* C2  | size  77 | dist   1.83 | Known
* C3  | size  85 | dist   1.78 | Known
* C4  | size  51 | dist   2.44 | Known
--- Unknown ['5screws'] | mcs 21
C3      : 51 pts
C0      : 51 pts
C4      : 53 pts
C2      : 77 pts
outliers: 40 pts
C5      : 52 pts
C1      : 59 pts
C0  | size  51 | dist   2.51 | Known
C1  | size  59 | dist   2.34 | Known
C2  | size  77 | dist   1.83 | Known
C3  | size  51 | dist   2.44 | Known
C4  | size  53 | dist   7.76 | Known
C5  | size  52 | dist   2.39 | Known
--- Unknown ['5screws', '6screws'] | mcs 21
C5      : 52 pts
C2      : 118 pts
outliers: 41 pts
C0      : 51 pts
C4      : 53 pts
C3      : 51 pts
C1      : 77 pts
C0  | size  51 | dist   2.51 | Known
C1  | size  77 | dist   1.83 | Known
C2  | size 118 | dist   3.45 | Known
C3  | size  51 | dist   2.44 | Known
C4  | size  53 | dist   2.34 | Known
C5  | size  52 | dist   7.88 | Known
--- Unknown ['5screws', '6screws', '7screws'] | mcs 21
C2      : 46 pts
C3      : 103 pts
C1      : 69 pts
C5      : 52 pts
C0      : 44 pts
outliers: 45 pts
C4      : 44 pts
C6      : 47 pts
C0  | size  44 | dist   2.57 | Known
C1  | size  69 | dist   1.83 | Known
C2  | size  46 | dist   2.36 | Known
C3  | size 103 | dist   3.58 | Known
C4  | size  44 | dist   9.82 | New Fault
C5  | size  52 | dist   2.36 | Known
C6  | size  47 | dist   7.79 | Known
--- Unknown ['5screws', '6screws', '7screws', '3_14screws'] | mcs 21
C0      : 43 pts
C2      : 47 pts
C3      : 44 pts
C1      : 64 pts
C7      : 39 pts
C4      : 89 pts
C5      : 44 pts
outliers: 36 pts
C6      : 44 pts
C0  | size  43 | dist   2.53 | Known
C1  | size  64 | dist   1.87 | Known
C2  | size  47 | dist  23.75 | New Fault
C3  | size  44 | dist   2.41 | Known
C4  | size  89 | dist   3.55 | Known
C5  | size  44 | dist   9.67 | New Fault
C6  | size  44 | dist   2.22 | Known
C7  | size  39 | dist   7.87 | Known
--- Unknown ['5screws', '6screws', '7screws', '3_14screws', '4_146screws'] | mcs 21
C2      : 53 pts
C4      : 43 pts
C1      : 36 pts
C3      : 47 pts
C5      : 85 pts
C6      : 37 pts
C7      : 41 pts
outliers: 25 pts
C8      : 40 pts
C0      : 43 pts
C0  | size  43 | dist 315.06 | New Fault
C1  | size  36 | dist   2.61 | Known
C2  | size  53 | dist   1.85 | Known
C3  | size  47 | dist   2.15 | Known
C4  | size  43 | dist  24.08 | New Fault
C5  | size  85 | dist   3.49 | Known
C6  | size  37 | dist   9.91 | New Fault
C7  | size  41 | dist   7.71 | Known
C8  | size  40 | dist   2.26 | Known
==============================
▶ mcs = 21 | conf = 0.99 | thr = 10.86
==============================
--- Test‑set validation
C0      : 8screws 51筆
C1      : 2screws 59筆
C2      : 1screws 77筆
C3      : 3screws 77筆，2screws 8筆
C4      : 4screws 51筆
* C0  | size  51 | dist   2.51 | Known
* C1  | size  59 | dist   2.34 | Known
* C2  | size  77 | dist   1.83 | Known
* C3  | size  85 | dist   1.78 | Known
* C4  | size  51 | dist   2.44 | Known
--- Unknown ['5screws'] | mcs 21
C3      : 51 pts
C0      : 51 pts
C4      : 53 pts
C2      : 77 pts
outliers: 40 pts
C5      : 52 pts
C1      : 59 pts
C0  | size  51 | dist   2.51 | Known
C1  | size  59 | dist   2.34 | Known
C2  | size  77 | dist   1.83 | Known
C3  | size  51 | dist   2.44 | Known
C4  | size  53 | dist   7.76 | Known
C5  | size  52 | dist   2.39 | Known
--- Unknown ['5screws', '6screws'] | mcs 21
C5      : 52 pts
C2      : 118 pts
outliers: 41 pts
C0      : 51 pts
C4      : 53 pts
C3      : 51 pts
C1      : 77 pts
C0  | size  51 | dist   2.51 | Known
C1  | size  77 | dist   1.83 | Known
C2  | size 118 | dist   3.45 | Known
C3  | size  51 | dist   2.44 | Known
C4  | size  53 | dist   2.34 | Known
C5  | size  52 | dist   7.88 | Known
--- Unknown ['5screws', '6screws', '7screws'] | mcs 21
C2      : 46 pts
C3      : 103 pts
C1      : 69 pts
C5      : 52 pts
C0      : 44 pts
outliers: 45 pts
C4      : 44 pts
C6      : 47 pts
C0  | size  44 | dist   2.57 | Known
C1  | size  69 | dist   1.83 | Known
C2  | size  46 | dist   2.36 | Known
C3  | size 103 | dist   3.58 | Known
C4  | size  44 | dist   9.82 | Known
C5  | size  52 | dist   2.36 | Known
C6  | size  47 | dist   7.79 | Known
--- Unknown ['5screws', '6screws', '7screws', '3_14screws'] | mcs 21
C0      : 43 pts
C2      : 47 pts
C3      : 44 pts
C1      : 64 pts
C7      : 39 pts
C4      : 89 pts
C5      : 44 pts
outliers: 36 pts
C6      : 44 pts
C0  | size  43 | dist   2.53 | Known
C1  | size  64 | dist   1.87 | Known
C2  | size  47 | dist  23.75 | New Fault
C3  | size  44 | dist   2.41 | Known
C4  | size  89 | dist   3.55 | Known
C5  | size  44 | dist   9.67 | Known
C6  | size  44 | dist   2.22 | Known
C7  | size  39 | dist   7.87 | Known
--- Unknown ['5screws', '6screws', '7screws', '3_14screws', '4_146screws'] | mcs 21
C2      : 53 pts
C4      : 43 pts
C1      : 36 pts
C3      : 47 pts
C5      : 85 pts
C6      : 37 pts
C7      : 41 pts
outliers: 25 pts
C8      : 40 pts
C0      : 43 pts
C0  | size  43 | dist 315.06 | New Fault
C1  | size  36 | dist   2.61 | Known
C2  | size  53 | dist   1.85 | Known
C3  | size  47 | dist   2.15 | Known
C4  | size  43 | dist  24.08 | New Fault
C5  | size  85 | dist   3.49 | Known
C6  | size  37 | dist   9.91 | Known
C7  | size  41 | dist   7.71 | Known
C8  | size  40 | dist   2.26 | Known
==============================
▶ mcs = 22 | conf = 0.9 | thr = 7.85
==============================
--- Test‑set validation
C0      : 8screws 51筆
C1      : 2screws 59筆
C2      : 1screws 77筆
C3      : 3screws 77筆，2screws 8筆
C4      : 4screws 51筆
* C0  | size  51 | dist   2.51 | Known
* C1  | size  59 | dist   2.34 | Known
* C2  | size  77 | dist   1.83 | Known
* C3  | size  85 | dist   1.78 | Known
* C4  | size  51 | dist   2.44 | Known
--- Unknown ['5screws'] | mcs 22
C3      : 51 pts
C0      : 51 pts
C4      : 53 pts
C2      : 77 pts
outliers: 40 pts
C5      : 52 pts
C1      : 59 pts
C0  | size  51 | dist   2.51 | Known
C1  | size  59 | dist   2.34 | Known
C2  | size  77 | dist   1.83 | Known
C3  | size  51 | dist   2.44 | Known
C4  | size  53 | dist   7.76 | Known
C5  | size  52 | dist   2.39 | Known
--- Unknown ['5screws', '6screws'] | mcs 22
C5      : 52 pts
C2      : 118 pts
outliers: 41 pts
C0      : 51 pts
C4      : 53 pts
C3      : 51 pts
C1      : 77 pts
C0  | size  51 | dist   2.51 | Known
C1  | size  77 | dist   1.83 | Known
C2  | size 118 | dist   3.45 | Known
C3  | size  51 | dist   2.44 | Known
C4  | size  53 | dist   2.34 | Known
C5  | size  52 | dist   7.88 | New Fault
--- Unknown ['5screws', '6screws', '7screws'] | mcs 22
C2      : 46 pts
C3      : 103 pts
C1      : 69 pts
C5      : 52 pts
C0      : 44 pts
outliers: 45 pts
C4      : 44 pts
C6      : 47 pts
C0  | size  44 | dist   2.57 | Known
C1  | size  69 | dist   1.83 | Known
C2  | size  46 | dist   2.36 | Known
C3  | size 103 | dist   3.58 | Known
C4  | size  44 | dist   9.82 | New Fault
C5  | size  52 | dist   2.36 | Known
C6  | size  47 | dist   7.79 | Known
--- Unknown ['5screws', '6screws', '7screws', '3_14screws'] | mcs 22
C0      : 43 pts
C2      : 47 pts
C3      : 44 pts
C1      : 64 pts
C7      : 39 pts
C4      : 89 pts
C5      : 44 pts
outliers: 36 pts
C6      : 44 pts
C0  | size  43 | dist   2.53 | Known
C1  | size  64 | dist   1.87 | Known
C2  | size  47 | dist  23.75 | New Fault
C3  | size  44 | dist   2.41 | Known
C4  | size  89 | dist   3.55 | Known
C5  | size  44 | dist   9.67 | New Fault
C6  | size  44 | dist   2.22 | Known
C7  | size  39 | dist   7.87 | New Fault
--- Unknown ['5screws', '6screws', '7screws', '3_14screws', '4_146screws'] | mcs 22
C2      : 53 pts
C4      : 43 pts
C1      : 36 pts
C3      : 47 pts
C5      : 85 pts
C6      : 37 pts
C7      : 41 pts
outliers: 25 pts
C8      : 40 pts
C0      : 43 pts
C0  | size  43 | dist 315.06 | New Fault
C1  | size  36 | dist   2.61 | Known
C2  | size  53 | dist   1.85 | Known
C3  | size  47 | dist   2.15 | Known
C4  | size  43 | dist  24.08 | New Fault
C5  | size  85 | dist   3.49 | Known
C6  | size  37 | dist   9.91 | New Fault
C7  | size  41 | dist   7.71 | Known
C8  | size  40 | dist   2.26 | Known
==============================
▶ mcs = 22 | conf = 0.95 | thr = 8.66
==============================
--- Test‑set validation
C0      : 8screws 51筆
C1      : 2screws 59筆
C2      : 1screws 77筆
C3      : 3screws 77筆，2screws 8筆
C4      : 4screws 51筆
* C0  | size  51 | dist   2.51 | Known
* C1  | size  59 | dist   2.34 | Known
* C2  | size  77 | dist   1.83 | Known
* C3  | size  85 | dist   1.78 | Known
* C4  | size  51 | dist   2.44 | Known
--- Unknown ['5screws'] | mcs 22
C3      : 51 pts
C0      : 51 pts
C4      : 53 pts
C2      : 77 pts
outliers: 40 pts
C5      : 52 pts
C1      : 59 pts
C0  | size  51 | dist   2.51 | Known
C1  | size  59 | dist   2.34 | Known
C2  | size  77 | dist   1.83 | Known
C3  | size  51 | dist   2.44 | Known
C4  | size  53 | dist   7.76 | Known
C5  | size  52 | dist   2.39 | Known
--- Unknown ['5screws', '6screws'] | mcs 22
C5      : 52 pts
C2      : 118 pts
outliers: 41 pts
C0      : 51 pts
C4      : 53 pts
C3      : 51 pts
C1      : 77 pts
C0  | size  51 | dist   2.51 | Known
C1  | size  77 | dist   1.83 | Known
C2  | size 118 | dist   3.45 | Known
C3  | size  51 | dist   2.44 | Known
C4  | size  53 | dist   2.34 | Known
C5  | size  52 | dist   7.88 | Known
--- Unknown ['5screws', '6screws', '7screws'] | mcs 22
C2      : 46 pts
C3      : 103 pts
C1      : 69 pts
C5      : 52 pts
C0      : 44 pts
outliers: 45 pts
C4      : 44 pts
C6      : 47 pts
C0  | size  44 | dist   2.57 | Known
C1  | size  69 | dist   1.83 | Known
C2  | size  46 | dist   2.36 | Known
C3  | size 103 | dist   3.58 | Known
C4  | size  44 | dist   9.82 | New Fault
C5  | size  52 | dist   2.36 | Known
C6  | size  47 | dist   7.79 | Known
--- Unknown ['5screws', '6screws', '7screws', '3_14screws'] | mcs 22
C0      : 43 pts
C2      : 47 pts
C3      : 44 pts
C1      : 64 pts
C7      : 39 pts
C4      : 89 pts
C5      : 44 pts
outliers: 36 pts
C6      : 44 pts
C0  | size  43 | dist   2.53 | Known
C1  | size  64 | dist   1.87 | Known
C2  | size  47 | dist  23.75 | New Fault
C3  | size  44 | dist   2.41 | Known
C4  | size  89 | dist   3.55 | Known
C5  | size  44 | dist   9.67 | New Fault
C6  | size  44 | dist   2.22 | Known
C7  | size  39 | dist   7.87 | Known
--- Unknown ['5screws', '6screws', '7screws', '3_14screws', '4_146screws'] | mcs 22
C2      : 53 pts
C4      : 43 pts
C1      : 36 pts
C3      : 47 pts
C5      : 85 pts
C6      : 37 pts
C7      : 41 pts
outliers: 25 pts
C8      : 40 pts
C0      : 43 pts
C0  | size  43 | dist 315.06 | New Fault
C1  | size  36 | dist   2.61 | Known
C2  | size  53 | dist   1.85 | Known
C3  | size  47 | dist   2.15 | Known
C4  | size  43 | dist  24.08 | New Fault
C5  | size  85 | dist   3.49 | Known
C6  | size  37 | dist   9.91 | New Fault
C7  | size  41 | dist   7.71 | Known
C8  | size  40 | dist   2.26 | Known
==============================
▶ mcs = 22 | conf = 0.99 | thr = 10.86
==============================
--- Test‑set validation
C0      : 8screws 51筆
C1      : 2screws 59筆
C2      : 1screws 77筆
C3      : 3screws 77筆，2screws 8筆
C4      : 4screws 51筆
* C0  | size  51 | dist   2.51 | Known
* C1  | size  59 | dist   2.34 | Known
* C2  | size  77 | dist   1.83 | Known
* C3  | size  85 | dist   1.78 | Known
* C4  | size  51 | dist   2.44 | Known
--- Unknown ['5screws'] | mcs 22
C3      : 51 pts
C0      : 51 pts
C4      : 53 pts
C2      : 77 pts
outliers: 40 pts
C5      : 52 pts
C1      : 59 pts
C0  | size  51 | dist   2.51 | Known
C1  | size  59 | dist   2.34 | Known
C2  | size  77 | dist   1.83 | Known
C3  | size  51 | dist   2.44 | Known
C4  | size  53 | dist   7.76 | Known
C5  | size  52 | dist   2.39 | Known
--- Unknown ['5screws', '6screws'] | mcs 22
C5      : 52 pts
C2      : 118 pts
outliers: 41 pts
C0      : 51 pts
C4      : 53 pts
C3      : 51 pts
C1      : 77 pts
C0  | size  51 | dist   2.51 | Known
C1  | size  77 | dist   1.83 | Known
C2  | size 118 | dist   3.45 | Known
C3  | size  51 | dist   2.44 | Known
C4  | size  53 | dist   2.34 | Known
C5  | size  52 | dist   7.88 | Known
--- Unknown ['5screws', '6screws', '7screws'] | mcs 22
C2      : 46 pts
C3      : 103 pts
C1      : 69 pts
C5      : 52 pts
C0      : 44 pts
outliers: 45 pts
C4      : 44 pts
C6      : 47 pts
C0  | size  44 | dist   2.57 | Known
C1  | size  69 | dist   1.83 | Known
C2  | size  46 | dist   2.36 | Known
C3  | size 103 | dist   3.58 | Known
C4  | size  44 | dist   9.82 | Known
C5  | size  52 | dist   2.36 | Known
C6  | size  47 | dist   7.79 | Known
--- Unknown ['5screws', '6screws', '7screws', '3_14screws'] | mcs 22
C0      : 43 pts
C2      : 47 pts
C3      : 44 pts
C1      : 64 pts
C7      : 39 pts
C4      : 89 pts
C5      : 44 pts
outliers: 36 pts
C6      : 44 pts
C0  | size  43 | dist   2.53 | Known
C1  | size  64 | dist   1.87 | Known
C2  | size  47 | dist  23.75 | New Fault
C3  | size  44 | dist   2.41 | Known
C4  | size  89 | dist   3.55 | Known
C5  | size  44 | dist   9.67 | Known
C6  | size  44 | dist   2.22 | Known
C7  | size  39 | dist   7.87 | Known
--- Unknown ['5screws', '6screws', '7screws', '3_14screws', '4_146screws'] | mcs 22
C2      : 53 pts
C4      : 43 pts
C1      : 36 pts
C3      : 47 pts
C5      : 85 pts
C6      : 37 pts
C7      : 41 pts
outliers: 25 pts
C8      : 40 pts
C0      : 43 pts
C0  | size  43 | dist 315.06 | New Fault
C1  | size  36 | dist   2.61 | Known
C2  | size  53 | dist   1.85 | Known
C3  | size  47 | dist   2.15 | Known
C4  | size  43 | dist  24.08 | New Fault
C5  | size  85 | dist   3.49 | Known
C6  | size  37 | dist   9.91 | Known
C7  | size  41 | dist   7.71 | Known
C8  | size  40 | dist   2.26 | Known
==============================
▶ mcs = 23 | conf = 0.9 | thr = 7.85
==============================
--- Test‑set validation
C0      : 8screws 51筆
C1      : 2screws 59筆
C2      : 1screws 77筆
C3      : 3screws 77筆，2screws 8筆
C4      : 4screws 51筆
* C0  | size  51 | dist   2.51 | Known
* C1  | size  59 | dist   2.34 | Known
* C2  | size  77 | dist   1.83 | Known
* C3  | size  85 | dist   1.78 | Known
* C4  | size  51 | dist   2.44 | Known
--- Unknown ['5screws'] | mcs 23
C3      : 51 pts
C0      : 51 pts
C4      : 53 pts
C2      : 77 pts
outliers: 40 pts
C5      : 52 pts
C1      : 59 pts
C0  | size  51 | dist   2.51 | Known
C1  | size  59 | dist   2.34 | Known
C2  | size  77 | dist   1.83 | Known
C3  | size  51 | dist   2.44 | Known
C4  | size  53 | dist   7.76 | Known
C5  | size  52 | dist   2.39 | Known
--- Unknown ['5screws', '6screws'] | mcs 23
C5      : 52 pts
C2      : 118 pts
outliers: 41 pts
C0      : 51 pts
C4      : 53 pts
C3      : 51 pts
C1      : 77 pts
C0  | size  51 | dist   2.51 | Known
C1  | size  77 | dist   1.83 | Known
C2  | size 118 | dist   3.45 | Known
C3  | size  51 | dist   2.44 | Known
C4  | size  53 | dist   2.34 | Known
C5  | size  52 | dist   7.88 | New Fault
--- Unknown ['5screws', '6screws', '7screws'] | mcs 23
C2      : 46 pts
C3      : 103 pts
C1      : 69 pts
C5      : 52 pts
C0      : 44 pts
outliers: 45 pts
C4      : 44 pts
C6      : 47 pts
C0  | size  44 | dist   2.57 | Known
C1  | size  69 | dist   1.83 | Known
C2  | size  46 | dist   2.36 | Known
C3  | size 103 | dist   3.58 | Known
C4  | size  44 | dist   9.82 | New Fault
C5  | size  52 | dist   2.36 | Known
C6  | size  47 | dist   7.79 | Known
--- Unknown ['5screws', '6screws', '7screws', '3_14screws'] | mcs 23
C0      : 43 pts
C2      : 47 pts
C3      : 44 pts
C1      : 64 pts
C7      : 39 pts
C4      : 89 pts
C5      : 44 pts
outliers: 36 pts
C6      : 44 pts
C0  | size  43 | dist   2.53 | Known
C1  | size  64 | dist   1.87 | Known
C2  | size  47 | dist  23.75 | New Fault
C3  | size  44 | dist   2.41 | Known
C4  | size  89 | dist   3.55 | Known
C5  | size  44 | dist   9.67 | New Fault
C6  | size  44 | dist   2.22 | Known
C7  | size  39 | dist   7.87 | New Fault
--- Unknown ['5screws', '6screws', '7screws', '3_14screws', '4_146screws'] | mcs 23
C2      : 53 pts
C4      : 43 pts
C1      : 36 pts
C3      : 47 pts
C5      : 85 pts
C6      : 37 pts
C7      : 41 pts
outliers: 25 pts
C8      : 40 pts
C0      : 43 pts
C0  | size  43 | dist 315.06 | New Fault
C1  | size  36 | dist   2.61 | Known
C2  | size  53 | dist   1.85 | Known
C3  | size  47 | dist   2.15 | Known
C4  | size  43 | dist  24.08 | New Fault
C5  | size  85 | dist   3.49 | Known
C6  | size  37 | dist   9.91 | New Fault
C7  | size  41 | dist   7.71 | Known
C8  | size  40 | dist   2.26 | Known
==============================
▶ mcs = 23 | conf = 0.95 | thr = 8.66
==============================
--- Test‑set validation
C0      : 8screws 51筆
C1      : 2screws 59筆
C2      : 1screws 77筆
C3      : 3screws 77筆，2screws 8筆
C4      : 4screws 51筆
* C0  | size  51 | dist   2.51 | Known
* C1  | size  59 | dist   2.34 | Known
* C2  | size  77 | dist   1.83 | Known
* C3  | size  85 | dist   1.78 | Known
* C4  | size  51 | dist   2.44 | Known
--- Unknown ['5screws'] | mcs 23
C3      : 51 pts
C0      : 51 pts
C4      : 53 pts
C2      : 77 pts
outliers: 40 pts
C5      : 52 pts
C1      : 59 pts
C0  | size  51 | dist   2.51 | Known
C1  | size  59 | dist   2.34 | Known
C2  | size  77 | dist   1.83 | Known
C3  | size  51 | dist   2.44 | Known
C4  | size  53 | dist   7.76 | Known
C5  | size  52 | dist   2.39 | Known
--- Unknown ['5screws', '6screws'] | mcs 23
C5      : 52 pts
C2      : 118 pts
outliers: 41 pts
C0      : 51 pts
C4      : 53 pts
C3      : 51 pts
C1      : 77 pts
C0  | size  51 | dist   2.51 | Known
C1  | size  77 | dist   1.83 | Known
C2  | size 118 | dist   3.45 | Known
C3  | size  51 | dist   2.44 | Known
C4  | size  53 | dist   2.34 | Known
C5  | size  52 | dist   7.88 | Known
--- Unknown ['5screws', '6screws', '7screws'] | mcs 23
C2      : 46 pts
C3      : 103 pts
C1      : 69 pts
C5      : 52 pts
C0      : 44 pts
outliers: 45 pts
C4      : 44 pts
C6      : 47 pts
C0  | size  44 | dist   2.57 | Known
C1  | size  69 | dist   1.83 | Known
C2  | size  46 | dist   2.36 | Known
C3  | size 103 | dist   3.58 | Known
C4  | size  44 | dist   9.82 | New Fault
C5  | size  52 | dist   2.36 | Known
C6  | size  47 | dist   7.79 | Known
--- Unknown ['5screws', '6screws', '7screws', '3_14screws'] | mcs 23
C0      : 43 pts
C2      : 47 pts
C3      : 44 pts
C1      : 64 pts
C7      : 39 pts
C4      : 89 pts
C5      : 44 pts
outliers: 36 pts
C6      : 44 pts
C0  | size  43 | dist   2.53 | Known
C1  | size  64 | dist   1.87 | Known
C2  | size  47 | dist  23.75 | New Fault
C3  | size  44 | dist   2.41 | Known
C4  | size  89 | dist   3.55 | Known
C5  | size  44 | dist   9.67 | New Fault
C6  | size  44 | dist   2.22 | Known
C7  | size  39 | dist   7.87 | Known
--- Unknown ['5screws', '6screws', '7screws', '3_14screws', '4_146screws'] | mcs 23
C2      : 53 pts
C4      : 43 pts
C1      : 36 pts
C3      : 47 pts
C5      : 85 pts
C6      : 37 pts
C7      : 41 pts
outliers: 25 pts
C8      : 40 pts
C0      : 43 pts
C0  | size  43 | dist 315.06 | New Fault
C1  | size  36 | dist   2.61 | Known
C2  | size  53 | dist   1.85 | Known
C3  | size  47 | dist   2.15 | Known
C4  | size  43 | dist  24.08 | New Fault
C5  | size  85 | dist   3.49 | Known
C6  | size  37 | dist   9.91 | New Fault
C7  | size  41 | dist   7.71 | Known
C8  | size  40 | dist   2.26 | Known
==============================
▶ mcs = 23 | conf = 0.99 | thr = 10.86
==============================
--- Test‑set validation
C0      : 8screws 51筆
C1      : 2screws 59筆
C2      : 1screws 77筆
C3      : 3screws 77筆，2screws 8筆
C4      : 4screws 51筆
* C0  | size  51 | dist   2.51 | Known
* C1  | size  59 | dist   2.34 | Known
* C2  | size  77 | dist   1.83 | Known
* C3  | size  85 | dist   1.78 | Known
* C4  | size  51 | dist   2.44 | Known
--- Unknown ['5screws'] | mcs 23
C3      : 51 pts
C0      : 51 pts
C4      : 53 pts
C2      : 77 pts
outliers: 40 pts
C5      : 52 pts
C1      : 59 pts
C0  | size  51 | dist   2.51 | Known
C1  | size  59 | dist   2.34 | Known
C2  | size  77 | dist   1.83 | Known
C3  | size  51 | dist   2.44 | Known
C4  | size  53 | dist   7.76 | Known
C5  | size  52 | dist   2.39 | Known
--- Unknown ['5screws', '6screws'] | mcs 23
C5      : 52 pts
C2      : 118 pts
outliers: 41 pts
C0      : 51 pts
C4      : 53 pts
C3      : 51 pts
C1      : 77 pts
C0  | size  51 | dist   2.51 | Known
C1  | size  77 | dist   1.83 | Known
C2  | size 118 | dist   3.45 | Known
C3  | size  51 | dist   2.44 | Known
C4  | size  53 | dist   2.34 | Known
C5  | size  52 | dist   7.88 | Known
--- Unknown ['5screws', '6screws', '7screws'] | mcs 23
C2      : 46 pts
C3      : 103 pts
C1      : 69 pts
C5      : 52 pts
C0      : 44 pts
outliers: 45 pts
C4      : 44 pts
C6      : 47 pts
C0  | size  44 | dist   2.57 | Known
C1  | size  69 | dist   1.83 | Known
C2  | size  46 | dist   2.36 | Known
C3  | size 103 | dist   3.58 | Known
C4  | size  44 | dist   9.82 | Known
C5  | size  52 | dist   2.36 | Known
C6  | size  47 | dist   7.79 | Known
--- Unknown ['5screws', '6screws', '7screws', '3_14screws'] | mcs 23
C0      : 43 pts
C2      : 47 pts
C3      : 44 pts
C1      : 64 pts
C7      : 39 pts
C4      : 89 pts
C5      : 44 pts
outliers: 36 pts
C6      : 44 pts
C0  | size  43 | dist   2.53 | Known
C1  | size  64 | dist   1.87 | Known
C2  | size  47 | dist  23.75 | New Fault
C3  | size  44 | dist   2.41 | Known
C4  | size  89 | dist   3.55 | Known
C5  | size  44 | dist   9.67 | Known
C6  | size  44 | dist   2.22 | Known
C7  | size  39 | dist   7.87 | Known
--- Unknown ['5screws', '6screws', '7screws', '3_14screws', '4_146screws'] | mcs 23
C2      : 53 pts
C4      : 43 pts
C1      : 36 pts
C3      : 47 pts
C5      : 85 pts
C6      : 37 pts
C7      : 41 pts
outliers: 25 pts
C8      : 40 pts
C0      : 43 pts
C0  | size  43 | dist 315.06 | New Fault
C1  | size  36 | dist   2.61 | Known
C2  | size  53 | dist   1.85 | Known
C3  | size  47 | dist   2.15 | Known
C4  | size  43 | dist  24.08 | New Fault
C5  | size  85 | dist   3.49 | Known
C6  | size  37 | dist   9.91 | Known
C7  | size  41 | dist   7.71 | Known
C8  | size  40 | dist   2.26 | Known
==============================
▶ mcs = 24 | conf = 0.9 | thr = 7.85
==============================
--- Test‑set validation
C0      : 8screws 51筆
C1      : 2screws 59筆
C2      : 1screws 77筆
C3      : 3screws 77筆，2screws 8筆
C4      : 4screws 51筆
* C0  | size  51 | dist   2.51 | Known
* C1  | size  59 | dist   2.34 | Known
* C2  | size  77 | dist   1.83 | Known
* C3  | size  85 | dist   1.78 | Known
* C4  | size  51 | dist   2.44 | Known
--- Unknown ['5screws'] | mcs 24
C3      : 51 pts
C0      : 51 pts
C4      : 53 pts
C2      : 77 pts
outliers: 40 pts
C5      : 52 pts
C1      : 59 pts
C0  | size  51 | dist   2.51 | Known
C1  | size  59 | dist   2.34 | Known
C2  | size  77 | dist   1.83 | Known
C3  | size  51 | dist   2.44 | Known
C4  | size  53 | dist   7.76 | Known
C5  | size  52 | dist   2.39 | Known
--- Unknown ['5screws', '6screws'] | mcs 24
C5      : 52 pts
C2      : 118 pts
outliers: 41 pts
C0      : 51 pts
C4      : 53 pts
C3      : 51 pts
C1      : 77 pts
C0  | size  51 | dist   2.51 | Known
C1  | size  77 | dist   1.83 | Known
C2  | size 118 | dist   3.45 | Known
C3  | size  51 | dist   2.44 | Known
C4  | size  53 | dist   2.34 | Known
C5  | size  52 | dist   7.88 | New Fault
--- Unknown ['5screws', '6screws', '7screws'] | mcs 24
C2      : 46 pts
C3      : 103 pts
C1      : 69 pts
C5      : 52 pts
C0      : 44 pts
outliers: 45 pts
C4      : 44 pts
C6      : 47 pts
C0  | size  44 | dist   2.57 | Known
C1  | size  69 | dist   1.83 | Known
C2  | size  46 | dist   2.36 | Known
C3  | size 103 | dist   3.58 | Known
C4  | size  44 | dist   9.82 | New Fault
C5  | size  52 | dist   2.36 | Known
C6  | size  47 | dist   7.79 | Known
--- Unknown ['5screws', '6screws', '7screws', '3_14screws'] | mcs 24
C0      : 43 pts
C2      : 47 pts
C3      : 44 pts
C1      : 64 pts
C7      : 39 pts
C4      : 89 pts
C5      : 44 pts
outliers: 36 pts
C6      : 44 pts
C0  | size  43 | dist   2.53 | Known
C1  | size  64 | dist   1.87 | Known
C2  | size  47 | dist  23.75 | New Fault
C3  | size  44 | dist   2.41 | Known
C4  | size  89 | dist   3.55 | Known
C5  | size  44 | dist   9.67 | New Fault
C6  | size  44 | dist   2.22 | Known
C7  | size  39 | dist   7.87 | New Fault
--- Unknown ['5screws', '6screws', '7screws', '3_14screws', '4_146screws'] | mcs 24
C2      : 53 pts
C4      : 43 pts
C1      : 36 pts
C3      : 47 pts
C5      : 85 pts
C6      : 37 pts
C7      : 41 pts
outliers: 25 pts
C8      : 40 pts
C0      : 43 pts
C0  | size  43 | dist 315.06 | New Fault
C1  | size  36 | dist   2.61 | Known
C2  | size  53 | dist   1.85 | Known
C3  | size  47 | dist   2.15 | Known
C4  | size  43 | dist  24.08 | New Fault
C5  | size  85 | dist   3.49 | Known
C6  | size  37 | dist   9.91 | New Fault
C7  | size  41 | dist   7.71 | Known
C8  | size  40 | dist   2.26 | Known
==============================
▶ mcs = 24 | conf = 0.95 | thr = 8.66
==============================
--- Test‑set validation
C0      : 8screws 51筆
C1      : 2screws 59筆
C2      : 1screws 77筆
C3      : 3screws 77筆，2screws 8筆
C4      : 4screws 51筆
* C0  | size  51 | dist   2.51 | Known
* C1  | size  59 | dist   2.34 | Known
* C2  | size  77 | dist   1.83 | Known
* C3  | size  85 | dist   1.78 | Known
* C4  | size  51 | dist   2.44 | Known
--- Unknown ['5screws'] | mcs 24
C3      : 51 pts
C0      : 51 pts
C4      : 53 pts
C2      : 77 pts
outliers: 40 pts
C5      : 52 pts
C1      : 59 pts
C0  | size  51 | dist   2.51 | Known
C1  | size  59 | dist   2.34 | Known
C2  | size  77 | dist   1.83 | Known
C3  | size  51 | dist   2.44 | Known
C4  | size  53 | dist   7.76 | Known
C5  | size  52 | dist   2.39 | Known
--- Unknown ['5screws', '6screws'] | mcs 24
C5      : 52 pts
C2      : 118 pts
outliers: 41 pts
C0      : 51 pts
C4      : 53 pts
C3      : 51 pts
C1      : 77 pts
C0  | size  51 | dist   2.51 | Known
C1  | size  77 | dist   1.83 | Known
C2  | size 118 | dist   3.45 | Known
C3  | size  51 | dist   2.44 | Known
C4  | size  53 | dist   2.34 | Known
C5  | size  52 | dist   7.88 | Known
--- Unknown ['5screws', '6screws', '7screws'] | mcs 24
C2      : 46 pts
C3      : 103 pts
C1      : 69 pts
C5      : 52 pts
C0      : 44 pts
outliers: 45 pts
C4      : 44 pts
C6      : 47 pts
C0  | size  44 | dist   2.57 | Known
C1  | size  69 | dist   1.83 | Known
C2  | size  46 | dist   2.36 | Known
C3  | size 103 | dist   3.58 | Known
C4  | size  44 | dist   9.82 | New Fault
C5  | size  52 | dist   2.36 | Known
C6  | size  47 | dist   7.79 | Known
--- Unknown ['5screws', '6screws', '7screws', '3_14screws'] | mcs 24
C0      : 43 pts
C2      : 47 pts
C3      : 44 pts
C1      : 64 pts
C7      : 39 pts
C4      : 89 pts
C5      : 44 pts
outliers: 36 pts
C6      : 44 pts
C0  | size  43 | dist   2.53 | Known
C1  | size  64 | dist   1.87 | Known
C2  | size  47 | dist  23.75 | New Fault
C3  | size  44 | dist   2.41 | Known
C4  | size  89 | dist   3.55 | Known
C5  | size  44 | dist   9.67 | New Fault
C6  | size  44 | dist   2.22 | Known
C7  | size  39 | dist   7.87 | Known
--- Unknown ['5screws', '6screws', '7screws', '3_14screws', '4_146screws'] | mcs 24
C2      : 53 pts
C4      : 43 pts
C1      : 36 pts
C3      : 47 pts
C5      : 85 pts
C6      : 37 pts
C7      : 41 pts
outliers: 25 pts
C8      : 40 pts
C0      : 43 pts
C0  | size  43 | dist 315.06 | New Fault
C1  | size  36 | dist   2.61 | Known
C2  | size  53 | dist   1.85 | Known
C3  | size  47 | dist   2.15 | Known
C4  | size  43 | dist  24.08 | New Fault
C5  | size  85 | dist   3.49 | Known
C6  | size  37 | dist   9.91 | New Fault
C7  | size  41 | dist   7.71 | Known
C8  | size  40 | dist   2.26 | Known
==============================
▶ mcs = 24 | conf = 0.99 | thr = 10.86
==============================
--- Test‑set validation
C0      : 8screws 51筆
C1      : 2screws 59筆
C2      : 1screws 77筆
C3      : 3screws 77筆，2screws 8筆
C4      : 4screws 51筆
* C0  | size  51 | dist   2.51 | Known
* C1  | size  59 | dist   2.34 | Known
* C2  | size  77 | dist   1.83 | Known
* C3  | size  85 | dist   1.78 | Known
* C4  | size  51 | dist   2.44 | Known
--- Unknown ['5screws'] | mcs 24
C3      : 51 pts
C0      : 51 pts
C4      : 53 pts
C2      : 77 pts
outliers: 40 pts
C5      : 52 pts
C1      : 59 pts
C0  | size  51 | dist   2.51 | Known
C1  | size  59 | dist   2.34 | Known
C2  | size  77 | dist   1.83 | Known
C3  | size  51 | dist   2.44 | Known
C4  | size  53 | dist   7.76 | Known
C5  | size  52 | dist   2.39 | Known
--- Unknown ['5screws', '6screws'] | mcs 24
C5      : 52 pts
C2      : 118 pts
outliers: 41 pts
C0      : 51 pts
C4      : 53 pts
C3      : 51 pts
C1      : 77 pts
C0  | size  51 | dist   2.51 | Known
C1  | size  77 | dist   1.83 | Known
C2  | size 118 | dist   3.45 | Known
C3  | size  51 | dist   2.44 | Known
C4  | size  53 | dist   2.34 | Known
C5  | size  52 | dist   7.88 | Known
--- Unknown ['5screws', '6screws', '7screws'] | mcs 24
C2      : 46 pts
C3      : 103 pts
C1      : 69 pts
C5      : 52 pts
C0      : 44 pts
outliers: 45 pts
C4      : 44 pts
C6      : 47 pts
C0  | size  44 | dist   2.57 | Known
C1  | size  69 | dist   1.83 | Known
C2  | size  46 | dist   2.36 | Known
C3  | size 103 | dist   3.58 | Known
C4  | size  44 | dist   9.82 | Known
C5  | size  52 | dist   2.36 | Known
C6  | size  47 | dist   7.79 | Known
--- Unknown ['5screws', '6screws', '7screws', '3_14screws'] | mcs 24
C0      : 43 pts
C2      : 47 pts
C3      : 44 pts
C1      : 64 pts
C7      : 39 pts
C4      : 89 pts
C5      : 44 pts
outliers: 36 pts
C6      : 44 pts
C0  | size  43 | dist   2.53 | Known
C1  | size  64 | dist   1.87 | Known
C2  | size  47 | dist  23.75 | New Fault
C3  | size  44 | dist   2.41 | Known
C4  | size  89 | dist   3.55 | Known
C5  | size  44 | dist   9.67 | Known
C6  | size  44 | dist   2.22 | Known
C7  | size  39 | dist   7.87 | Known
--- Unknown ['5screws', '6screws', '7screws', '3_14screws', '4_146screws'] | mcs 24
C2      : 53 pts
C4      : 43 pts
C1      : 36 pts
C3      : 47 pts
C5      : 85 pts
C6      : 37 pts
C7      : 41 pts
outliers: 25 pts
C8      : 40 pts
C0      : 43 pts
C0  | size  43 | dist 315.06 | New Fault
C1  | size  36 | dist   2.61 | Known
C2  | size  53 | dist   1.85 | Known
C3  | size  47 | dist   2.15 | Known
C4  | size  43 | dist  24.08 | New Fault
C5  | size  85 | dist   3.49 | Known
C6  | size  37 | dist   9.91 | Known
C7  | size  41 | dist   7.71 | Known
C8  | size  40 | dist   2.26 | Known
