2026-08-05 16:44:33 | INFO  | Logger initialized
2026-08-05 16:44:33 | INFO  | log_file=/home/albert/Ancestor/logs/Step6_Model_05_Retrain/2026-08-05-16-44-33.log
2026-08-05 16:44:33 | INFO  | output_dir=/home/albert/Ancestor/output/Step6_Model_05_Retrain/2026-08-05-16-44-33
[gpu_utils] GPU x1 已啟用：['/physical_device:GPU:0']
自訂 Label Mapping:
8screws: 0
1screws: 1
2screws: 2
3screws: 3
4screws: 4
5screws: 5
6screws: 6
7screws: 7
3_14screws: 8
4_146screws: 9
[Training] Device: /GPU:0
Epoch 1/100
149/149 76ms/step accuracy=0.5966 loss=1.3504
149/149 96ms/step accuracy=0.8290 loss=0.7093 val_accuracy=0.1571 val_loss=2.8147
Epoch 2/100
149/149 5ms/step accuracy=0.9966 loss=0.0655
149/149 7ms/step accuracy=0.9981 loss=0.0485 val_accuracy=0.6563 val_loss=1.0560
Epoch 3/100
149/149 7ms/step accuracy=0.9992 loss=0.0199 val_accuracy=0.9966 val_loss=0.0323
Epoch 4/100
149/149 7ms/step accuracy=1.0000 loss=0.0097 val_accuracy=1.0000 val_loss=0.0039
Epoch 5/100
149/149 7ms/step accuracy=0.9998 loss=0.0069 val_accuracy=1.0000 val_loss=0.0019
Epoch 6/100
149/149 8ms/step accuracy=0.9994 loss=0.0063 val_accuracy=1.0000 val_loss=0.0013
Epoch 7/100
149/149 5ms/step accuracy=1.0000 loss=0.0042
149/149 8ms/step accuracy=1.0000 loss=0.0041 val_accuracy=1.0000 val_loss=9.5961e-04
Epoch 8/100
149/149 6ms/step accuracy=1.0000 loss=0.0027 val_accuracy=1.0000 val_loss=7.2549e-04
Epoch 9/100
149/149 6ms/step accuracy=1.0000 loss=0.0022 val_accuracy=1.0000 val_loss=5.8511e-04
Epoch 10/100
149/149 6ms/step accuracy=1.0000 loss=0.0021 val_accuracy=1.0000 val_loss=4.4956e-04
Epoch 11/100
149/149 6ms/step accuracy=1.0000 loss=0.0018 val_accuracy=1.0000 val_loss=3.7627e-04
Epoch 12/100
149/149 6ms/step accuracy=1.0000 loss=0.0015 val_accuracy=1.0000 val_loss=2.9842e-04
Epoch 13/100
149/149 6ms/step accuracy=1.0000 loss=0.0013 val_accuracy=1.0000 val_loss=2.5303e-04
Epoch 14/100
149/149 6ms/step accuracy=1.0000 loss=9.1304e-04 val_accuracy=1.0000 val_loss=2.1791e-04
Epoch 15/100
149/149 7ms/step accuracy=1.0000 loss=8.1653e-04 val_accuracy=1.0000 val_loss=1.9935e-04
Epoch 16/100
149/149 6ms/step accuracy=1.0000 loss=8.0013e-04 val_accuracy=1.0000 val_loss=1.6848e-04
Epoch 17/100
149/149 7ms/step accuracy=1.0000 loss=6.2245e-04 val_accuracy=1.0000 val_loss=1.4917e-04
Epoch 18/100
149/149 5ms/step accuracy=1.0000 loss=5.1582e-04
149/149 6ms/step accuracy=1.0000 loss=5.4285e-04 val_accuracy=1.0000 val_loss=1.3063e-04
Epoch 19/100
149/149 6ms/step accuracy=1.0000 loss=4.5474e-04 val_accuracy=1.0000 val_loss=1.1446e-04
Epoch 20/100
149/149 7ms/step accuracy=1.0000 loss=4.8770e-04 val_accuracy=1.0000 val_loss=9.8370e-05
Epoch 21/100
149/149 5ms/step accuracy=1.0000 loss=4.0176e-04
149/149 6ms/step accuracy=1.0000 loss=4.5487e-04 val_accuracy=1.0000 val_loss=9.2978e-05
Epoch 22/100
149/149 7ms/step accuracy=1.0000 loss=4.3807e-04 val_accuracy=1.0000 val_loss=8.3988e-05
Epoch 23/100
149/149 5ms/step accuracy=1.0000 loss=3.7290e-04
149/149 6ms/step accuracy=1.0000 loss=3.7154e-04 val_accuracy=1.0000 val_loss=7.0789e-05
Epoch 24/100
149/149 6ms/step accuracy=1.0000 loss=3.3032e-04 val_accuracy=1.0000 val_loss=6.6828e-05
Epoch 25/100
149/149 7ms/step accuracy=1.0000 loss=2.8597e-04 val_accuracy=1.0000 val_loss=5.7062e-05
Epoch 26/100
149/149 6ms/step accuracy=1.0000 loss=3.5052e-04 val_accuracy=1.0000 val_loss=5.6167e-05
Epoch 27/100
149/149 7ms/step accuracy=1.0000 loss=2.6696e-04 val_accuracy=1.0000 val_loss=4.9677e-05
Epoch 28/100
149/149 6ms/step accuracy=1.0000 loss=2.7092e-04 val_accuracy=1.0000 val_loss=4.5404e-05
Epoch 29/100
149/149 7ms/step accuracy=1.0000 loss=1.5085e-04 val_accuracy=1.0000 val_loss=4.1336e-05
Epoch 30/100
149/149 6ms/step accuracy=1.0000 loss=1.6781e-04 val_accuracy=1.0000 val_loss=3.7384e-05
Epoch 31/100
149/149 5ms/step accuracy=1.0000 loss=2.4124e-04
149/149 7ms/step accuracy=1.0000 loss=2.1820e-04 val_accuracy=1.0000 val_loss=3.3241e-05
Epoch 32/100
149/149 6ms/step accuracy=1.0000 loss=1.4075e-04 val_accuracy=1.0000 val_loss=3.0127e-05
Epoch 33/100
149/149 7ms/step accuracy=1.0000 loss=1.1482e-04 val_accuracy=1.0000 val_loss=2.6101e-05
Epoch 34/100
149/149 5ms/step accuracy=1.0000 loss=1.1442e-04
149/149 6ms/step accuracy=1.0000 loss=1.4255e-04 val_accuracy=1.0000 val_loss=2.4649e-05
Epoch 35/100
149/149 7ms/step accuracy=1.0000 loss=1.0468e-04 val_accuracy=1.0000 val_loss=2.1754e-05
Epoch 36/100
149/149 6ms/step accuracy=1.0000 loss=1.2823e-04 val_accuracy=1.0000 val_loss=2.0763e-05
Epoch 37/100
149/149 7ms/step accuracy=1.0000 loss=1.4348e-04 val_accuracy=1.0000 val_loss=1.9299e-05
Epoch 38/100
149/149 6ms/step accuracy=1.0000 loss=1.2279e-04 val_accuracy=1.0000 val_loss=2.1692e-05
Epoch 39/100
149/149 7ms/step accuracy=1.0000 loss=9.3424e-05 val_accuracy=1.0000 val_loss=1.9468e-05
Epoch 40/100
149/149 7ms/step accuracy=1.0000 loss=7.8922e-05 val_accuracy=1.0000 val_loss=1.6452e-05
Epoch 41/100
149/149 7ms/step accuracy=1.0000 loss=7.4675e-05 val_accuracy=1.0000 val_loss=1.4755e-05
Epoch 42/100
149/149 6ms/step accuracy=1.0000 loss=7.9946e-05 val_accuracy=1.0000 val_loss=1.3243e-05
Epoch 43/100
149/149 7ms/step accuracy=1.0000 loss=6.0671e-05 val_accuracy=1.0000 val_loss=1.2200e-05
Epoch 44/100
149/149 7ms/step accuracy=1.0000 loss=6.5374e-05 val_accuracy=1.0000 val_loss=1.1517e-05
Epoch 45/100
149/149 8ms/step accuracy=1.0000 loss=1.1916e-04 val_accuracy=1.0000 val_loss=1.2267e-05
Epoch 46/100
149/149 7ms/step accuracy=1.0000 loss=5.5520e-05 val_accuracy=1.0000 val_loss=1.0077e-05
Epoch 47/100
149/149 7ms/step accuracy=1.0000 loss=6.5057e-05 val_accuracy=1.0000 val_loss=9.2554e-06
Epoch 48/100
149/149 7ms/step accuracy=1.0000 loss=6.4966e-05 val_accuracy=1.0000 val_loss=9.8736e-06
Epoch 49/100
149/149 7ms/step accuracy=1.0000 loss=5.2201e-05 val_accuracy=1.0000 val_loss=7.0114e-06
Epoch 50/100
149/149 8ms/step accuracy=1.0000 loss=2.8691e-05 val_accuracy=1.0000 val_loss=6.6432e-06
Epoch 51/100
149/149 7ms/step accuracy=1.0000 loss=3.3649e-05 val_accuracy=1.0000 val_loss=5.9342e-06
Epoch 52/100
149/149 7ms/step accuracy=1.0000 loss=5.3453e-05 val_accuracy=1.0000 val_loss=6.4110e-06
Epoch 53/100
149/149 7ms/step accuracy=1.0000 loss=3.1229e-05 val_accuracy=1.0000 val_loss=5.0711e-06
Epoch 54/100
149/149 6ms/step accuracy=1.0000 loss=3.5856e-05 val_accuracy=1.0000 val_loss=5.6331e-06
Epoch 55/100
149/149 6ms/step accuracy=1.0000 loss=2.6234e-05 val_accuracy=1.0000 val_loss=4.9911e-06
Epoch 56/100
149/149 6ms/step accuracy=1.0000 loss=2.6320e-05 val_accuracy=1.0000 val_loss=4.4316e-06
Epoch 57/100
149/149 6ms/step accuracy=1.0000 loss=2.7092e-05 val_accuracy=1.0000 val_loss=3.6829e-06
Epoch 58/100
149/149 6ms/step accuracy=1.0000 loss=1.8653e-05 val_accuracy=1.0000 val_loss=3.4760e-06
Epoch 59/100
149/149 6ms/step accuracy=1.0000 loss=1.8930e-05 val_accuracy=1.0000 val_loss=3.4789e-06
Epoch 60/100
149/149 6ms/step accuracy=1.0000 loss=1.6066e-05 val_accuracy=1.0000 val_loss=2.7987e-06
Epoch 61/100
149/149 6ms/step accuracy=1.0000 loss=1.5988e-05 val_accuracy=1.0000 val_loss=2.6691e-06
Epoch 62/100
149/149 6ms/step accuracy=1.0000 loss=1.7763e-05 val_accuracy=1.0000 val_loss=2.2470e-06
Epoch 63/100
149/149 7ms/step accuracy=1.0000 loss=1.6580e-05 val_accuracy=1.0000 val_loss=1.9564e-06
Epoch 64/100
149/149 7ms/step accuracy=1.0000 loss=1.5374e-05 val_accuracy=1.0000 val_loss=1.7235e-06
Epoch 65/100
149/149 7ms/step accuracy=1.0000 loss=1.0345e-05 val_accuracy=1.0000 val_loss=1.6185e-06
Epoch 66/100
149/149 7ms/step accuracy=1.0000 loss=1.0468e-05 val_accuracy=1.0000 val_loss=1.4617e-06
Epoch 67/100
149/149 5ms/step accuracy=1.0000 loss=1.2894e-05
149/149 7ms/step accuracy=1.0000 loss=1.2225e-05 val_accuracy=1.0000 val_loss=1.3291e-06
Epoch 68/100
149/149 6ms/step accuracy=1.0000 loss=9.1336e-06 val_accuracy=1.0000 val_loss=1.2185e-06
Epoch 69/100
149/149 7ms/step accuracy=1.0000 loss=1.1244e-05 val_accuracy=1.0000 val_loss=1.5044e-06
Epoch 70/100
149/149 6ms/step accuracy=1.0000 loss=9.5425e-06 val_accuracy=1.0000 val_loss=1.2381e-06
Epoch 71/100
149/149 7ms/step accuracy=1.0000 loss=8.7158e-06 val_accuracy=1.0000 val_loss=1.0406e-06
Epoch 72/100
149/149 6ms/step accuracy=1.0000 loss=8.2133e-06 val_accuracy=1.0000 val_loss=8.9457e-07
Epoch 73/100
149/149 6ms/step accuracy=1.0000 loss=6.4261e-06 val_accuracy=1.0000 val_loss=8.2985e-07
Epoch 74/100
149/149 7ms/step accuracy=1.0000 loss=5.8328e-06 val_accuracy=1.0000 val_loss=8.0160e-07
Epoch 75/100
149/149 6ms/step accuracy=1.0000 loss=4.9651e-06 val_accuracy=1.0000 val_loss=7.3358e-07
Epoch 76/100
149/149 6ms/step accuracy=1.0000 loss=3.0757e-05 val_accuracy=1.0000 val_loss=2.6128e-06
Epoch 77/100
149/149 6ms/step accuracy=1.0000 loss=2.8539e-05 val_accuracy=1.0000 val_loss=1.9709e-06
Epoch 78/100
149/149 6ms/step accuracy=1.0000 loss=1.2345e-05 val_accuracy=1.0000 val_loss=1.8858e-06
Epoch 79/100
149/149 6ms/step accuracy=1.0000 loss=1.0903e-05 val_accuracy=1.0000 val_loss=2.7303e-06
Epoch 80/100
149/149 5ms/step accuracy=1.0000 loss=6.2056e-06
149/149 6ms/step accuracy=1.0000 loss=5.9890e-06 val_accuracy=1.0000 val_loss=1.7055e-06
Epoch 81/100
149/149 6ms/step accuracy=1.0000 loss=6.2325e-06 val_accuracy=1.0000 val_loss=9.7380e-07
Epoch 82/100
149/149 5ms/step accuracy=1.0000 loss=5.0543e-06
149/149 6ms/step accuracy=1.0000 loss=5.1411e-06 val_accuracy=1.0000 val_loss=6.4742e-07
Epoch 83/100
149/149 6ms/step accuracy=1.0000 loss=4.5691e-06 val_accuracy=1.0000 val_loss=5.5696e-07
Epoch 84/100
149/149 6ms/step accuracy=1.0000 loss=3.8176e-06 val_accuracy=1.0000 val_loss=5.1569e-07
Epoch 85/100
149/149 5ms/step accuracy=1.0000 loss=3.6163e-06
149/149 7ms/step accuracy=1.0000 loss=3.9525e-06 val_accuracy=1.0000 val_loss=4.4077e-07
Epoch 86/100
149/149 6ms/step accuracy=1.0000 loss=3.5846e-06 val_accuracy=1.0000 val_loss=3.8707e-07
Epoch 87/100
149/149 7ms/step accuracy=1.0000 loss=2.8866e-06 val_accuracy=1.0000 val_loss=3.5662e-07
Epoch 88/100
149/149 6ms/step accuracy=1.0000 loss=4.2368e-06 val_accuracy=1.0000 val_loss=4.2443e-07
Epoch 89/100
149/149 6ms/step accuracy=1.0000 loss=3.0233e-06 val_accuracy=1.0000 val_loss=3.3999e-07
Epoch 90/100
149/149 5ms/step accuracy=1.0000 loss=2.7951e-06
149/149 7ms/step accuracy=1.0000 loss=2.7412e-06 val_accuracy=1.0000 val_loss=3.1504e-07
Epoch 91/100
149/149 5ms/step accuracy=1.0000 loss=2.9807e-06
149/149 6ms/step accuracy=1.0000 loss=3.1659e-06 val_accuracy=1.0000 val_loss=2.6877e-07
Epoch 92/100
149/149 7ms/step accuracy=1.0000 loss=2.1298e-06 val_accuracy=1.0000 val_loss=2.5665e-07
Epoch 93/100
149/149 6ms/step accuracy=1.0000 loss=1.8568e-06 val_accuracy=1.0000 val_loss=2.2770e-07
Epoch 94/100
149/149 7ms/step accuracy=1.0000 loss=2.1726e-06 val_accuracy=1.0000 val_loss=1.4666e-07
Epoch 95/100
149/149 7ms/step accuracy=1.0000 loss=1.8599e-06 val_accuracy=1.0000 val_loss=1.2302e-07
Epoch 96/100
149/149 7ms/step accuracy=1.0000 loss=1.0236e-06 val_accuracy=1.0000 val_loss=1.2031e-07
Epoch 97/100
149/149 6ms/step accuracy=1.0000 loss=1.4073e-06 val_accuracy=1.0000 val_loss=1.1590e-07
Epoch 98/100
149/149 5ms/step accuracy=1.0000 loss=1.2500e-05
149/149 7ms/step accuracy=1.0000 loss=1.7119e-05 val_accuracy=1.0000 val_loss=1.5815e-06
Epoch 99/100
149/149 6ms/step accuracy=0.9996 loss=0.0013 val_accuracy=1.0000 val_loss=1.0881e-04
Epoch 100/100
149/149 6ms/step accuracy=0.9998 loss=8.2309e-04 val_accuracy=1.0000 val_loss=3.0416e-05
38/38 3ms/step accuracy=1.0000 loss=1.0225e-07
38/38 3ms/step accuracy=1.0000 loss=1.1590e-07
Screw Number Loss: 0.0000, Screw Number Accuracy: 1.0000
2026-08-05 16:46:47 | INFO  | Saved plot: /home/albert/Ancestor/output/Step6_Model_05_Retrain/2026-08-05-16-44-33/plot_000.png
2026-08-05 16:46:47 | INFO  | Saved plot: /home/albert/Ancestor/output/Step6_Model_05_Retrain/2026-08-05-16-44-33/plot_001.png
2026-08-05 16:46:50 | INFO  | Saved plot: /home/albert/Ancestor/output/Step6_Model_05_Retrain/2026-08-05-16-44-33/plot_002.png
重訓練模型已儲存：/home/albert/Ancestor/data/Step-1/model/ResNet_C6000_retrained.keras
