2026-08-05 16:10:06 | INFO  | Logger initialized
2026-08-05 16:10:06 | INFO  | log_file=/home/albert/Ancestor/logs/Step3_Model_25_TwoStage/2026-08-05-16-10-06.log
2026-08-05 16:10:06 | INFO  | output_dir=/home/albert/Ancestor/output/Step3_Model_25_TwoStage/2026-08-05-16-10-06
[gpu_utils] GPU x1 已啟用：['/physical_device:GPU:0']
自訂 Label Mapping:
8screws: 0
1screws: 1
2screws: 2
3screws: 3
4screws: 4
0 0
模型已成功載入。
Model 3 - Layer 0: input_layer | Trainable: False
Model 3 - Layer 1: conv1d | Trainable: False
Model 3 - Layer 2: conv1d_1 | Trainable: False
Model 3 - Layer 3: max_pooling1d | Trainable: False
Model 3 - Layer 4: conv1d_2 | Trainable: False
Model 3 - Layer 5: max_pooling1d_1 | Trainable: False
Model 3 - Layer 6: conv1d_3 | Trainable: True
Model 3 - Layer 7: max_pooling1d_2 | Trainable: True
Model 3 - Layer 8: flatten | Trainable: True
Model 3 - Layer 9: dense | Trainable: True
Model 3 - Layer 10: dropout | Trainable: True
Model 3 - Layer 11: Screw_Number_Output | Trainable: True
[Training] Device: /GPU:0
Epoch 1/100
75/75 33ms/step accuracy=0.0583 loss=8.1066
75/75 53ms/step accuracy=0.0730 loss=6.4472 val_accuracy=0.1369 val_loss=3.4940
Epoch 2/100
75/75 4ms/step accuracy=0.1949 loss=2.5986 val_accuracy=0.2588 val_loss=1.6692
Epoch 3/100
75/75 4ms/step accuracy=0.3080 loss=1.5707 val_accuracy=0.4040 val_loss=1.3493
Epoch 4/100
75/75 4ms/step accuracy=0.3723 loss=1.4225 val_accuracy=0.4608 val_loss=1.2666
Epoch 5/100
75/75 4ms/step accuracy=0.4299 loss=1.3423 val_accuracy=0.5342 val_loss=1.2004
Epoch 6/100
75/75 4ms/step accuracy=0.4620 loss=1.2987 val_accuracy=0.5710 val_loss=1.1476
Epoch 7/100
75/75 4ms/step accuracy=0.4674 loss=1.2417 val_accuracy=0.5776 val_loss=1.0932
Epoch 8/100
75/75 4ms/step accuracy=0.4821 loss=1.2085 val_accuracy=0.5927 val_loss=1.0362
Epoch 9/100
75/75 4ms/step accuracy=0.4925 loss=1.1681 val_accuracy=0.6043 val_loss=0.9694
Epoch 10/100
75/75 4ms/step accuracy=0.5079 loss=1.0975 val_accuracy=0.6027 val_loss=0.8922
Epoch 11/100
75/75 4ms/step accuracy=0.5225 loss=1.0485 val_accuracy=0.6394 val_loss=0.8338
Epoch 12/100
75/75 4ms/step accuracy=0.5413 loss=0.9929 val_accuracy=0.7045 val_loss=0.7791
Epoch 13/100
75/75 4ms/step accuracy=0.5806 loss=0.9613 val_accuracy=0.7563 val_loss=0.7334
Epoch 14/100
75/75 4ms/step accuracy=0.5868 loss=0.9310 val_accuracy=0.8047 val_loss=0.6978
Epoch 15/100
75/75 4ms/step accuracy=0.6081 loss=0.8993 val_accuracy=0.8314 val_loss=0.6564
Epoch 16/100
75/75 4ms/step accuracy=0.6306 loss=0.8604 val_accuracy=0.8731 val_loss=0.6239
Epoch 17/100
75/75 4ms/step accuracy=0.6411 loss=0.8402 val_accuracy=0.8865 val_loss=0.5902
Epoch 18/100
75/75 4ms/step accuracy=0.6457 loss=0.8187 val_accuracy=0.8965 val_loss=0.5583
Epoch 19/100
75/75 4ms/step accuracy=0.6640 loss=0.7780 val_accuracy=0.9048 val_loss=0.5282
Epoch 20/100
75/75 4ms/step accuracy=0.6590 loss=0.7767 val_accuracy=0.9115 val_loss=0.4987
Epoch 21/100
75/75 4ms/step accuracy=0.6703 loss=0.7454 val_accuracy=0.9215 val_loss=0.4697
Epoch 22/100
75/75 4ms/step accuracy=0.6707 loss=0.7218 val_accuracy=0.9332 val_loss=0.4396
Epoch 23/100
75/75 4ms/step accuracy=0.6849 loss=0.6849 val_accuracy=0.9399 val_loss=0.4012
Epoch 24/100
75/75 4ms/step accuracy=0.6732 loss=0.6926 val_accuracy=0.9499 val_loss=0.3772
Epoch 25/100
75/75 4ms/step accuracy=0.6841 loss=0.6646 val_accuracy=0.9533 val_loss=0.3431
Epoch 26/100
75/75 4ms/step accuracy=0.6995 loss=0.6345 val_accuracy=0.9699 val_loss=0.3246
Epoch 27/100
75/75 4ms/step accuracy=0.6962 loss=0.6237 val_accuracy=0.9716 val_loss=0.2911
Epoch 28/100
75/75 4ms/step accuracy=0.6907 loss=0.6039 val_accuracy=0.9699 val_loss=0.2772
Epoch 29/100
75/75 4ms/step accuracy=0.7116 loss=0.5804 val_accuracy=0.9766 val_loss=0.2560
Epoch 30/100
75/75 4ms/step accuracy=0.7216 loss=0.5574 val_accuracy=0.9800 val_loss=0.2377
Epoch 31/100
75/75 4ms/step accuracy=0.7204 loss=0.5627 val_accuracy=0.9833 val_loss=0.2247
Epoch 32/100
75/75 4ms/step accuracy=0.7408 loss=0.5315 val_accuracy=0.9866 val_loss=0.2058
Epoch 33/100
75/75 4ms/step accuracy=0.7458 loss=0.5067 val_accuracy=0.9850 val_loss=0.1944
Epoch 34/100
75/75 4ms/step accuracy=0.7496 loss=0.4963 val_accuracy=0.9883 val_loss=0.1779
Epoch 35/100
75/75 4ms/step accuracy=0.7563 loss=0.4851 val_accuracy=0.9883 val_loss=0.1719
Epoch 36/100
75/75 4ms/step accuracy=0.7638 loss=0.4611 val_accuracy=0.9883 val_loss=0.1539
Epoch 37/100
75/75 4ms/step accuracy=0.7450 loss=0.4676 val_accuracy=0.9883 val_loss=0.1463
Epoch 38/100
75/75 4ms/step accuracy=0.7546 loss=0.4580 val_accuracy=0.9883 val_loss=0.1328
Epoch 39/100
75/75 4ms/step accuracy=0.7684 loss=0.4508 val_accuracy=0.9900 val_loss=0.1257
Epoch 40/100
75/75 4ms/step accuracy=0.8022 loss=0.4364 val_accuracy=0.9917 val_loss=0.1193
Epoch 41/100
75/75 4ms/step accuracy=0.7988 loss=0.4187 val_accuracy=0.9917 val_loss=0.1110
Epoch 42/100
75/75 4ms/step accuracy=0.8126 loss=0.4107 val_accuracy=0.9917 val_loss=0.1053
Epoch 43/100
75/75 4ms/step accuracy=0.8393 loss=0.3715 val_accuracy=0.9917 val_loss=0.0954
Epoch 44/100
75/75 4ms/step accuracy=0.8460 loss=0.3762 val_accuracy=0.9917 val_loss=0.0929
Epoch 45/100
75/75 4ms/step accuracy=0.8339 loss=0.3878 val_accuracy=0.9917 val_loss=0.0844
Epoch 46/100
75/75 4ms/step accuracy=0.8280 loss=0.3812 val_accuracy=0.9917 val_loss=0.0803
Epoch 47/100
75/75 4ms/step accuracy=0.8218 loss=0.3944 val_accuracy=0.9917 val_loss=0.0799
Epoch 48/100
75/75 4ms/step accuracy=0.8510 loss=0.3603 val_accuracy=0.9933 val_loss=0.0707
Epoch 49/100
75/75 4ms/step accuracy=0.8485 loss=0.3538 val_accuracy=0.9933 val_loss=0.0706
Epoch 50/100
75/75 4ms/step accuracy=0.8456 loss=0.3563 val_accuracy=0.9933 val_loss=0.0632
Epoch 51/100
75/75 4ms/step accuracy=0.8552 loss=0.3451 val_accuracy=0.9933 val_loss=0.0588
Epoch 52/100
75/75 4ms/step accuracy=0.8602 loss=0.3314 val_accuracy=0.9933 val_loss=0.0564
Epoch 53/100
75/75 4ms/step accuracy=0.8619 loss=0.3232 val_accuracy=0.9933 val_loss=0.0561
Epoch 54/100
75/75 4ms/step accuracy=0.8564 loss=0.3204 val_accuracy=0.9950 val_loss=0.0532
Epoch 55/100
75/75 4ms/step accuracy=0.8689 loss=0.3333 val_accuracy=0.9933 val_loss=0.0521
Epoch 56/100
75/75 4ms/step accuracy=0.8652 loss=0.3137 val_accuracy=0.9933 val_loss=0.0516
Epoch 57/100
75/75 4ms/step accuracy=0.8673 loss=0.3186 val_accuracy=0.9933 val_loss=0.0479
Epoch 58/100
75/75 4ms/step accuracy=0.8706 loss=0.3130 val_accuracy=0.9950 val_loss=0.0463
Epoch 59/100
75/75 4ms/step accuracy=0.8773 loss=0.3013 val_accuracy=0.9933 val_loss=0.0434
Epoch 60/100
75/75 4ms/step accuracy=0.8865 loss=0.2775 val_accuracy=0.9950 val_loss=0.0375
Epoch 61/100
75/75 4ms/step accuracy=0.8894 loss=0.2651 val_accuracy=0.9950 val_loss=0.0366
Epoch 62/100
75/75 4ms/step accuracy=0.8869 loss=0.2676 val_accuracy=0.9950 val_loss=0.0385
Epoch 63/100
75/75 4ms/step accuracy=0.8894 loss=0.2608 val_accuracy=0.9950 val_loss=0.0369
Epoch 64/100
75/75 4ms/step accuracy=0.8944 loss=0.2541 val_accuracy=0.9950 val_loss=0.0341
Epoch 65/100
75/75 4ms/step accuracy=0.8902 loss=0.2580 val_accuracy=0.9950 val_loss=0.0315
Epoch 66/100
75/75 4ms/step accuracy=0.9019 loss=0.2511 val_accuracy=0.9933 val_loss=0.0309
Epoch 67/100
75/75 4ms/step accuracy=0.8961 loss=0.2545 val_accuracy=0.9950 val_loss=0.0282
Epoch 68/100
75/75 4ms/step accuracy=0.8990 loss=0.2497 val_accuracy=0.9950 val_loss=0.0282
Epoch 69/100
75/75 4ms/step accuracy=0.9069 loss=0.2327 val_accuracy=0.9950 val_loss=0.0273
Epoch 70/100
75/75 4ms/step accuracy=0.9065 loss=0.2390 val_accuracy=0.9950 val_loss=0.0275
Epoch 71/100
75/75 4ms/step accuracy=0.9086 loss=0.2269 val_accuracy=0.9967 val_loss=0.0257
Epoch 72/100
75/75 4ms/step accuracy=0.9019 loss=0.2421 val_accuracy=0.9967 val_loss=0.0241
Epoch 73/100
75/75 4ms/step accuracy=0.9086 loss=0.2317 val_accuracy=0.9950 val_loss=0.0267
Epoch 74/100
75/75 4ms/step accuracy=0.9136 loss=0.2102 val_accuracy=0.9950 val_loss=0.0245
Epoch 75/100
75/75 4ms/step accuracy=0.9086 loss=0.2218 val_accuracy=0.9950 val_loss=0.0232
Epoch 76/100
75/75 4ms/step accuracy=0.9199 loss=0.2115 val_accuracy=0.9950 val_loss=0.0230
Epoch 77/100
75/75 4ms/step accuracy=0.9299 loss=0.1961 val_accuracy=0.9950 val_loss=0.0233
Epoch 78/100
75/75 4ms/step accuracy=0.9132 loss=0.2147 val_accuracy=0.9950 val_loss=0.0221
Epoch 79/100
75/75 4ms/step accuracy=0.9211 loss=0.2001 val_accuracy=0.9950 val_loss=0.0218
Epoch 80/100
75/75 4ms/step accuracy=0.9115 loss=0.2152 val_accuracy=0.9950 val_loss=0.0211
Epoch 81/100
75/75 4ms/step accuracy=0.9015 loss=0.2325 val_accuracy=0.9950 val_loss=0.0209
Epoch 82/100
75/75 4ms/step accuracy=0.9186 loss=0.2026 val_accuracy=0.9950 val_loss=0.0209
Epoch 83/100
75/75 4ms/step accuracy=0.9182 loss=0.2026 val_accuracy=0.9967 val_loss=0.0181
Epoch 84/100
75/75 4ms/step accuracy=0.9111 loss=0.2149 val_accuracy=0.9950 val_loss=0.0184
Epoch 85/100
75/75 4ms/step accuracy=0.9111 loss=0.2152 val_accuracy=0.9967 val_loss=0.0187
Epoch 86/100
75/75 4ms/step accuracy=0.9178 loss=0.2035 val_accuracy=0.9950 val_loss=0.0191
Epoch 87/100
75/75 4ms/step accuracy=0.9236 loss=0.1926 val_accuracy=0.9967 val_loss=0.0173
Epoch 88/100
75/75 4ms/step accuracy=0.9157 loss=0.1992 val_accuracy=0.9967 val_loss=0.0174
Epoch 89/100
75/75 4ms/step accuracy=0.9232 loss=0.1966 val_accuracy=0.9950 val_loss=0.0167
Epoch 90/100
75/75 4ms/step accuracy=0.9203 loss=0.1973 val_accuracy=0.9967 val_loss=0.0182
Epoch 91/100
75/75 4ms/step accuracy=0.9078 loss=0.2186 val_accuracy=0.9983 val_loss=0.0175
Epoch 92/100
75/75 4ms/step accuracy=0.9245 loss=0.1913 val_accuracy=0.9967 val_loss=0.0158
Epoch 93/100
75/75 4ms/step accuracy=0.9257 loss=0.1831 val_accuracy=0.9983 val_loss=0.0139
Epoch 94/100
75/75 4ms/step accuracy=0.9316 loss=0.1759 val_accuracy=0.9967 val_loss=0.0154
Epoch 95/100
75/75 4ms/step accuracy=0.9107 loss=0.2064 val_accuracy=0.9983 val_loss=0.0144
Epoch 96/100
75/75 4ms/step accuracy=0.9261 loss=0.1842 val_accuracy=0.9967 val_loss=0.0154
Epoch 97/100
75/75 4ms/step accuracy=0.9190 loss=0.1861 val_accuracy=0.9967 val_loss=0.0138
Epoch 98/100
75/75 4ms/step accuracy=0.9220 loss=0.1891 val_accuracy=0.9967 val_loss=0.0144
Epoch 99/100
75/75 4ms/step accuracy=0.9245 loss=0.1900 val_accuracy=0.9967 val_loss=0.0158
Epoch 100/100
75/75 4ms/step accuracy=0.9249 loss=0.1787 val_accuracy=0.9983 val_loss=0.0133
19/19 3ms/step accuracy=0.9983 loss=0.0133
Loss: 0.0133, Accuracy: 0.9983
2026-08-05 16:10:47 | INFO  | Saved plot: /home/albert/Ancestor/output/Step3_Model_25_TwoStage/2026-08-05-16-10-06/plot_000.png
2026-08-05 16:10:47 | INFO  | Saved plot: /home/albert/Ancestor/output/Step3_Model_25_TwoStage/2026-08-05-16-10-06/plot_001.png
2026-08-05 16:10:48 | INFO  | Saved plot: /home/albert/Ancestor/output/Step3_Model_25_TwoStage/2026-08-05-16-10-06/plot_002.png
