2026-08-05 17:10:17 | INFO  | Logger initialized
2026-08-05 17:10:17 | INFO  | log_file=/home/albert/Ancestor/logs/Step6_Model_23_Retrain/2026-08-05-17-10-17.log
2026-08-05 17:10:17 | INFO  | output_dir=/home/albert/Ancestor/output/Step6_Model_23_Retrain/2026-08-05-17-10-17
[gpu_utils] GPU x1 已啟用：['/physical_device:GPU:0']
自訂 Label Mapping:
8screws: 0
1screws: 1
2screws: 2
3screws: 3
4screws: 4
5screws: 5
6screws: 6
7screws: 7
3_14screws: 8
4_146screws: 9
[Training] Device: /GPU:0
Epoch 1/100
150/150 74ms/step accuracy=0.4605 loss=1.7329
150/150 93ms/step accuracy=0.7265 loss=0.9828 val_accuracy=0.2719 val_loss=2.3567
Epoch 2/100
150/150 6ms/step accuracy=0.9858 loss=0.1165 val_accuracy=0.7048 val_loss=0.8718
Epoch 3/100
150/150 7ms/step accuracy=0.9967 loss=0.0418 val_accuracy=0.9908 val_loss=0.0547
Epoch 4/100
150/150 6ms/step accuracy=0.9977 loss=0.0235 val_accuracy=0.9983 val_loss=0.0195
Epoch 5/100
150/150 6ms/step accuracy=0.9994 loss=0.0136 val_accuracy=0.9983 val_loss=0.0139
Epoch 6/100
150/150 6ms/step accuracy=0.9996 loss=0.0100 val_accuracy=0.9983 val_loss=0.0095
Epoch 7/100
150/150 5ms/step accuracy=0.9999 loss=0.0070
150/150 6ms/step accuracy=0.9998 loss=0.0069 val_accuracy=0.9983 val_loss=0.0085
Epoch 8/100
150/150 7ms/step accuracy=0.9994 loss=0.0069 val_accuracy=0.9983 val_loss=0.0068
Epoch 9/100
150/150 6ms/step accuracy=0.9998 loss=0.0046 val_accuracy=0.9992 val_loss=0.0054
Epoch 10/100
150/150 6ms/step accuracy=0.9998 loss=0.0040 val_accuracy=0.9983 val_loss=0.0055
Epoch 11/100
150/150 5ms/step accuracy=0.9997 loss=0.0044
150/150 6ms/step accuracy=0.9996 loss=0.0039 val_accuracy=0.9992 val_loss=0.0056
Epoch 12/100
150/150 6ms/step accuracy=1.0000 loss=0.0023 val_accuracy=0.9983 val_loss=0.0056
Epoch 13/100
150/150 6ms/step accuracy=1.0000 loss=0.0022 val_accuracy=0.9983 val_loss=0.0048
Epoch 14/100
150/150 6ms/step accuracy=0.9998 loss=0.0027 val_accuracy=0.9992 val_loss=0.0029
Epoch 15/100
150/150 6ms/step accuracy=1.0000 loss=0.0016 val_accuracy=0.9992 val_loss=0.0027
Epoch 16/100
150/150 7ms/step accuracy=1.0000 loss=0.0017 val_accuracy=0.9992 val_loss=0.0032
Epoch 17/100
150/150 6ms/step accuracy=1.0000 loss=0.0013 val_accuracy=0.9992 val_loss=0.0033
Epoch 18/100
150/150 6ms/step accuracy=0.9998 loss=0.0014 val_accuracy=1.0000 val_loss=0.0024
Epoch 19/100
150/150 6ms/step accuracy=1.0000 loss=0.0011 val_accuracy=1.0000 val_loss=0.0026
Epoch 20/100
150/150 6ms/step accuracy=1.0000 loss=8.3485e-04 val_accuracy=1.0000 val_loss=0.0024
Epoch 21/100
150/150 7ms/step accuracy=1.0000 loss=7.4057e-04 val_accuracy=1.0000 val_loss=0.0023
Epoch 22/100
150/150 6ms/step accuracy=1.0000 loss=8.1736e-04 val_accuracy=1.0000 val_loss=0.0017
Epoch 23/100
150/150 6ms/step accuracy=1.0000 loss=8.6449e-04 val_accuracy=1.0000 val_loss=0.0024
Epoch 24/100
150/150 6ms/step accuracy=1.0000 loss=6.8639e-04 val_accuracy=1.0000 val_loss=0.0021
Epoch 25/100
150/150 6ms/step accuracy=1.0000 loss=5.7430e-04 val_accuracy=1.0000 val_loss=0.0017
Epoch 26/100
150/150 6ms/step accuracy=1.0000 loss=5.2035e-04 val_accuracy=0.9992 val_loss=0.0020
Epoch 27/100
150/150 6ms/step accuracy=1.0000 loss=3.8253e-04 val_accuracy=1.0000 val_loss=0.0016
Epoch 28/100
150/150 6ms/step accuracy=1.0000 loss=3.8179e-04 val_accuracy=1.0000 val_loss=0.0013
Epoch 29/100
150/150 6ms/step accuracy=1.0000 loss=3.9616e-04 val_accuracy=1.0000 val_loss=0.0018
Epoch 30/100
150/150 5ms/step accuracy=0.9995 loss=0.0015
150/150 6ms/step accuracy=0.9998 loss=0.0010 val_accuracy=1.0000 val_loss=0.0014
Epoch 31/100
150/150 6ms/step accuracy=1.0000 loss=3.6794e-04 val_accuracy=0.9992 val_loss=0.0018
Epoch 32/100
150/150 6ms/step accuracy=1.0000 loss=3.0585e-04 val_accuracy=0.9992 val_loss=0.0018
Epoch 33/100
150/150 6ms/step accuracy=1.0000 loss=2.9487e-04 val_accuracy=0.9992 val_loss=0.0021
Epoch 34/100
150/150 6ms/step accuracy=1.0000 loss=2.7135e-04 val_accuracy=0.9992 val_loss=0.0026
Epoch 35/100
150/150 6ms/step accuracy=1.0000 loss=2.3088e-04 val_accuracy=0.9992 val_loss=0.0023
Epoch 36/100
150/150 6ms/step accuracy=1.0000 loss=1.6249e-04 val_accuracy=0.9992 val_loss=0.0018
Epoch 37/100
150/150 6ms/step accuracy=1.0000 loss=1.7657e-04 val_accuracy=0.9992 val_loss=0.0019
Epoch 38/100
150/150 6ms/step accuracy=1.0000 loss=1.7192e-04 val_accuracy=0.9992 val_loss=0.0018
38/38 3ms/step accuracy=1.0000 loss=0.0013
Screw Number Loss: 0.0013, Screw Number Accuracy: 1.0000
2026-08-05 17:11:26 | INFO  | Saved plot: /home/albert/Ancestor/output/Step6_Model_23_Retrain/2026-08-05-17-10-17/plot_000.png
2026-08-05 17:11:26 | INFO  | Saved plot: /home/albert/Ancestor/output/Step6_Model_23_Retrain/2026-08-05-17-10-17/plot_001.png
2026-08-05 17:11:29 | INFO  | Saved plot: /home/albert/Ancestor/output/Step6_Model_23_Retrain/2026-08-05-17-10-17/plot_002.png
重訓練模型已儲存：/home/albert/Ancestor/data/Step-3/model/ResNet_A6000_retrained.keras
