2026-08-05 16:01:09 | INFO  | Logger initialized
2026-08-05 16:01:09 | INFO  | log_file=/home/albert/Ancestor/logs/Step3_Model_15_TwoStage/2026-08-05-16-01-09.log
2026-08-05 16:01:09 | INFO  | output_dir=/home/albert/Ancestor/output/Step3_Model_15_TwoStage/2026-08-05-16-01-09
[gpu_utils] GPU x1 已啟用：['/physical_device:GPU:0']
自訂 Label Mapping:
8screws: 0
1screws: 1
2screws: 2
3screws: 3
4screws: 4
模型已成功載入。
Model 3 - Layer 0: input_layer | Trainable: False
Model 3 - Layer 1: conv1d | Trainable: False
Model 3 - Layer 2: conv1d_1 | Trainable: False
Model 3 - Layer 3: max_pooling1d | Trainable: False
Model 3 - Layer 4: conv1d_2 | Trainable: False
Model 3 - Layer 5: conv1d_3 | Trainable: False
Model 3 - Layer 6: max_pooling1d_1 | Trainable: False
Model 3 - Layer 7: conv1d_4 | Trainable: False
Model 3 - Layer 8: conv1d_5 | Trainable: False
Model 3 - Layer 9: conv1d_6 | Trainable: False
Model 3 - Layer 10: max_pooling1d_2 | Trainable: False
Model 3 - Layer 11: conv1d_7 | Trainable: False
Model 3 - Layer 12: conv1d_8 | Trainable: False
Model 3 - Layer 13: conv1d_9 | Trainable: True
Model 3 - Layer 14: max_pooling1d_3 | Trainable: True
Model 3 - Layer 15: conv1d_10 | Trainable: True
Model 3 - Layer 16: conv1d_11 | Trainable: True
Model 3 - Layer 17: conv1d_12 | Trainable: True
Model 3 - Layer 18: max_pooling1d_4 | Trainable: True
Model 3 - Layer 19: flatten | Trainable: True
Model 3 - Layer 20: dense | Trainable: True
Model 3 - Layer 21: dropout | Trainable: True
Model 3 - Layer 22: dense_1 | Trainable: True
Model 3 - Layer 23: dropout_1 | Trainable: True
Model 3 - Layer 24: Screw_Number_Output | Trainable: True
[Training] Device: /GPU:0
Epoch 1/100
75/75 48ms/step accuracy=0.3255 loss=5.1898
75/75 73ms/step accuracy=0.3360 loss=3.7762 val_accuracy=0.3773 val_loss=1.5586
Epoch 2/100
75/75 4ms/step accuracy=0.4349 loss=1.4018 val_accuracy=0.5576 val_loss=1.0921
Epoch 3/100
75/75 5ms/step accuracy=0.5200 loss=1.1549 val_accuracy=0.6060 val_loss=0.9833
Epoch 4/100
75/75 4ms/step accuracy=0.5952 loss=1.0340 val_accuracy=0.6511 val_loss=0.8977
Epoch 5/100
75/75 4ms/step accuracy=0.6073 loss=0.9937 val_accuracy=0.6594 val_loss=0.8411
Epoch 6/100
75/75 4ms/step accuracy=0.6386 loss=0.9192 val_accuracy=0.7095 val_loss=0.7882
Epoch 7/100
75/75 4ms/step accuracy=0.6669 loss=0.8808 val_accuracy=0.7062 val_loss=0.7512
Epoch 8/100
75/75 4ms/step accuracy=0.6724 loss=0.8439 val_accuracy=0.7162 val_loss=0.6990
Epoch 9/100
75/75 4ms/step accuracy=0.6978 loss=0.7901 val_accuracy=0.7496 val_loss=0.6334
Epoch 10/100
75/75 4ms/step accuracy=0.7108 loss=0.7743 val_accuracy=0.7696 val_loss=0.5990
Epoch 11/100
75/75 4ms/step accuracy=0.7170 loss=0.7495 val_accuracy=0.8531 val_loss=0.5576
Epoch 12/100
75/75 4ms/step accuracy=0.7554 loss=0.7039 val_accuracy=0.8765 val_loss=0.5402
Epoch 13/100
75/75 3ms/step accuracy=0.7808 loss=0.6706
75/75 4ms/step accuracy=0.7730 loss=0.6733 val_accuracy=0.8881 val_loss=0.5070
Epoch 14/100
75/75 4ms/step accuracy=0.7700 loss=0.6598 val_accuracy=0.8932 val_loss=0.5241
Epoch 15/100
75/75 4ms/step accuracy=0.7859 loss=0.6354 val_accuracy=0.8982 val_loss=0.4864
Epoch 16/100
75/75 3ms/step accuracy=0.7918 loss=0.6156
75/75 4ms/step accuracy=0.7876 loss=0.6233 val_accuracy=0.9132 val_loss=0.4530
Epoch 17/100
75/75 4ms/step accuracy=0.8147 loss=0.5899 val_accuracy=0.9132 val_loss=0.4185
Epoch 18/100
75/75 4ms/step accuracy=0.8176 loss=0.5624 val_accuracy=0.9215 val_loss=0.4214
Epoch 19/100
75/75 4ms/step accuracy=0.8151 loss=0.5807 val_accuracy=0.9232 val_loss=0.3765
Epoch 20/100
75/75 4ms/step accuracy=0.8247 loss=0.5524 val_accuracy=0.9282 val_loss=0.3816
Epoch 21/100
75/75 4ms/step accuracy=0.8251 loss=0.5544 val_accuracy=0.9299 val_loss=0.3646
Epoch 22/100
75/75 4ms/step accuracy=0.8314 loss=0.5186 val_accuracy=0.9299 val_loss=0.4043
Epoch 23/100
75/75 4ms/step accuracy=0.8247 loss=0.5256 val_accuracy=0.9399 val_loss=0.3401
Epoch 24/100
75/75 4ms/step accuracy=0.8306 loss=0.5227 val_accuracy=0.9416 val_loss=0.3298
Epoch 25/100
75/75 4ms/step accuracy=0.8381 loss=0.5041 val_accuracy=0.9583 val_loss=0.3004
Epoch 26/100
75/75 4ms/step accuracy=0.8518 loss=0.4818 val_accuracy=0.9549 val_loss=0.3127
Epoch 27/100
75/75 4ms/step accuracy=0.8435 loss=0.4915 val_accuracy=0.9499 val_loss=0.2911
Epoch 28/100
75/75 3ms/step accuracy=0.8445 loss=0.4909
75/75 4ms/step accuracy=0.8464 loss=0.4854 val_accuracy=0.9549 val_loss=0.2838
Epoch 29/100
75/75 4ms/step accuracy=0.8660 loss=0.4528 val_accuracy=0.9683 val_loss=0.2615
Epoch 30/100
75/75 6ms/step accuracy=0.8577 loss=0.4705 val_accuracy=0.9716 val_loss=0.2842
Epoch 31/100
75/75 4ms/step accuracy=0.8527 loss=0.4582 val_accuracy=0.9716 val_loss=0.2767
Epoch 32/100
75/75 4ms/step accuracy=0.8731 loss=0.4332 val_accuracy=0.9766 val_loss=0.2614
Epoch 33/100
75/75 4ms/step accuracy=0.8652 loss=0.4399 val_accuracy=0.9816 val_loss=0.2467
Epoch 34/100
75/75 4ms/step accuracy=0.8802 loss=0.4196 val_accuracy=0.9800 val_loss=0.2549
Epoch 35/100
75/75 4ms/step accuracy=0.8923 loss=0.3949 val_accuracy=0.9833 val_loss=0.2195
Epoch 36/100
75/75 4ms/step accuracy=0.8831 loss=0.3979 val_accuracy=0.9833 val_loss=0.2285
Epoch 37/100
75/75 4ms/step accuracy=0.8873 loss=0.3949 val_accuracy=0.9866 val_loss=0.2200
Epoch 38/100
75/75 4ms/step accuracy=0.8765 loss=0.4082 val_accuracy=0.9850 val_loss=0.2101
Epoch 39/100
75/75 4ms/step accuracy=0.8790 loss=0.3926 val_accuracy=0.9883 val_loss=0.1867
Epoch 40/100
75/75 4ms/step accuracy=0.8894 loss=0.3779 val_accuracy=0.9883 val_loss=0.1904
Epoch 41/100
75/75 4ms/step accuracy=0.8902 loss=0.3697 val_accuracy=0.9883 val_loss=0.1811
Epoch 42/100
75/75 4ms/step accuracy=0.8861 loss=0.3700 val_accuracy=0.9866 val_loss=0.1772
Epoch 43/100
75/75 4ms/step accuracy=0.9032 loss=0.3416 val_accuracy=0.9883 val_loss=0.1662
Epoch 44/100
75/75 4ms/step accuracy=0.8973 loss=0.3469 val_accuracy=0.9883 val_loss=0.1645
Epoch 45/100
75/75 4ms/step accuracy=0.8973 loss=0.3503 val_accuracy=0.9883 val_loss=0.1712
Epoch 46/100
75/75 4ms/step accuracy=0.9044 loss=0.3341 val_accuracy=0.9866 val_loss=0.1552
Epoch 47/100
75/75 4ms/step accuracy=0.9119 loss=0.3208 val_accuracy=0.9866 val_loss=0.1383
Epoch 48/100
75/75 4ms/step accuracy=0.9211 loss=0.3007 val_accuracy=0.9900 val_loss=0.1299
Epoch 49/100
75/75 4ms/step accuracy=0.9153 loss=0.3074 val_accuracy=0.9917 val_loss=0.1298
Epoch 50/100
75/75 4ms/step accuracy=0.9190 loss=0.3059 val_accuracy=0.9917 val_loss=0.1396
Epoch 51/100
75/75 3ms/step accuracy=0.9280 loss=0.2965
75/75 4ms/step accuracy=0.9257 loss=0.2925 val_accuracy=0.9917 val_loss=0.1350
Epoch 52/100
75/75 4ms/step accuracy=0.9307 loss=0.2786 val_accuracy=0.9917 val_loss=0.1332
Epoch 53/100
75/75 4ms/step accuracy=0.9224 loss=0.2889 val_accuracy=0.9883 val_loss=0.1310
Epoch 54/100
75/75 4ms/step accuracy=0.9178 loss=0.2918 val_accuracy=0.9950 val_loss=0.1264
Epoch 55/100
75/75 4ms/step accuracy=0.9324 loss=0.2775 val_accuracy=0.9933 val_loss=0.1120
Epoch 56/100
75/75 4ms/step accuracy=0.9320 loss=0.2694 val_accuracy=0.9950 val_loss=0.1142
Epoch 57/100
75/75 3ms/step accuracy=0.9309 loss=0.2614
75/75 4ms/step accuracy=0.9295 loss=0.2590 val_accuracy=0.9900 val_loss=0.1259
Epoch 58/100
75/75 3ms/step accuracy=0.9306 loss=0.2757
75/75 4ms/step accuracy=0.9278 loss=0.2785 val_accuracy=0.9933 val_loss=0.1220
Epoch 59/100
75/75 4ms/step accuracy=0.9299 loss=0.2641 val_accuracy=0.9933 val_loss=0.1075
Epoch 60/100
75/75 4ms/step accuracy=0.9311 loss=0.2603 val_accuracy=0.9933 val_loss=0.1141
Epoch 61/100
75/75 4ms/step accuracy=0.9361 loss=0.2535 val_accuracy=0.9983 val_loss=0.0934
Epoch 62/100
75/75 4ms/step accuracy=0.9303 loss=0.2590 val_accuracy=0.9933 val_loss=0.1020
Epoch 63/100
75/75 4ms/step accuracy=0.9391 loss=0.2462 val_accuracy=0.9950 val_loss=0.1019
Epoch 64/100
75/75 4ms/step accuracy=0.9299 loss=0.2582 val_accuracy=0.9967 val_loss=0.0846
Epoch 65/100
75/75 4ms/step accuracy=0.9353 loss=0.2466 val_accuracy=0.9950 val_loss=0.0846
Epoch 66/100
75/75 4ms/step accuracy=0.9332 loss=0.2441 val_accuracy=0.9967 val_loss=0.0956
Epoch 67/100
75/75 4ms/step accuracy=0.9303 loss=0.2508 val_accuracy=0.9967 val_loss=0.0885
Epoch 68/100
75/75 4ms/step accuracy=0.9278 loss=0.2510 val_accuracy=1.0000 val_loss=0.0796
Epoch 69/100
75/75 4ms/step accuracy=0.9382 loss=0.2386 val_accuracy=0.9983 val_loss=0.0879
Epoch 70/100
75/75 4ms/step accuracy=0.9432 loss=0.2211 val_accuracy=0.9983 val_loss=0.0923
Epoch 71/100
75/75 4ms/step accuracy=0.9378 loss=0.2228 val_accuracy=0.9967 val_loss=0.0976
Epoch 72/100
75/75 4ms/step accuracy=0.9437 loss=0.2134 val_accuracy=0.9950 val_loss=0.0968
Epoch 73/100
75/75 4ms/step accuracy=0.9370 loss=0.2335 val_accuracy=0.9983 val_loss=0.0745
Epoch 74/100
75/75 4ms/step accuracy=0.9420 loss=0.2286 val_accuracy=0.9967 val_loss=0.0740
Epoch 75/100
75/75 4ms/step accuracy=0.9290 loss=0.2475 val_accuracy=0.9983 val_loss=0.0688
Epoch 76/100
75/75 4ms/step accuracy=0.9533 loss=0.1884 val_accuracy=0.9983 val_loss=0.0746
Epoch 77/100
75/75 4ms/step accuracy=0.9508 loss=0.2004 val_accuracy=0.9967 val_loss=0.0714
Epoch 78/100
75/75 4ms/step accuracy=0.9578 loss=0.1772 val_accuracy=0.9933 val_loss=0.0728
Epoch 79/100
75/75 4ms/step accuracy=0.9578 loss=0.1762 val_accuracy=0.9983 val_loss=0.0591
Epoch 80/100
75/75 4ms/step accuracy=0.9512 loss=0.1816 val_accuracy=0.9983 val_loss=0.0697
Epoch 81/100
75/75 4ms/step accuracy=0.9620 loss=0.1630 val_accuracy=0.9983 val_loss=0.0602
Epoch 82/100
75/75 4ms/step accuracy=0.9629 loss=0.1715 val_accuracy=1.0000 val_loss=0.0488
Epoch 83/100
75/75 4ms/step accuracy=0.9616 loss=0.1627 val_accuracy=0.9967 val_loss=0.0431
Epoch 84/100
75/75 4ms/step accuracy=0.9578 loss=0.1716 val_accuracy=1.0000 val_loss=0.0354
Epoch 85/100
75/75 4ms/step accuracy=0.9604 loss=0.1492 val_accuracy=0.9983 val_loss=0.0559
Epoch 86/100
75/75 4ms/step accuracy=0.9574 loss=0.1598 val_accuracy=0.9983 val_loss=0.0257
Epoch 87/100
75/75 3ms/step accuracy=0.9615 loss=0.1316
75/75 4ms/step accuracy=0.9641 loss=0.1230 val_accuracy=0.9983 val_loss=0.0127
Epoch 88/100
75/75 4ms/step accuracy=0.9658 loss=0.1246 val_accuracy=0.9983 val_loss=0.0090
Epoch 89/100
75/75 4ms/step accuracy=0.9670 loss=0.1265 val_accuracy=1.0000 val_loss=0.0058
Epoch 90/100
75/75 4ms/step accuracy=0.9695 loss=0.1129 val_accuracy=1.0000 val_loss=0.0051
Epoch 91/100
75/75 4ms/step accuracy=0.9637 loss=0.1208 val_accuracy=0.9967 val_loss=0.0234
Epoch 92/100
75/75 4ms/step accuracy=0.9641 loss=0.1209 val_accuracy=1.0000 val_loss=0.0066
Epoch 93/100
75/75 4ms/step accuracy=0.9670 loss=0.1056 val_accuracy=1.0000 val_loss=0.0045
Epoch 94/100
75/75 4ms/step accuracy=0.9691 loss=0.1083 val_accuracy=0.9983 val_loss=0.0062
Epoch 95/100
75/75 4ms/step accuracy=0.9708 loss=0.1039 val_accuracy=1.0000 val_loss=0.0040
Epoch 96/100
75/75 4ms/step accuracy=0.9737 loss=0.1000 val_accuracy=0.9983 val_loss=0.0049
Epoch 97/100
75/75 4ms/step accuracy=0.9708 loss=0.0969 val_accuracy=1.0000 val_loss=0.0040
Epoch 98/100
75/75 4ms/step accuracy=0.9737 loss=0.0946 val_accuracy=1.0000 val_loss=0.0034
Epoch 99/100
75/75 4ms/step accuracy=0.9741 loss=0.0940 val_accuracy=0.9983 val_loss=0.0036
Epoch 100/100
75/75 4ms/step accuracy=0.9645 loss=0.1135 val_accuracy=1.0000 val_loss=0.0028
19/19 4ms/step accuracy=1.0000 loss=0.0028
Loss: 0.0028, Accuracy: 1.0000
2026-08-05 16:01:57 | INFO  | Saved plot: /home/albert/Ancestor/output/Step3_Model_15_TwoStage/2026-08-05-16-01-09/plot_000.png
2026-08-05 16:01:57 | INFO  | Saved plot: /home/albert/Ancestor/output/Step3_Model_15_TwoStage/2026-08-05-16-01-09/plot_001.png
2026-08-05 16:01:58 | INFO  | Saved plot: /home/albert/Ancestor/output/Step3_Model_15_TwoStage/2026-08-05-16-01-09/plot_002.png
