2026-08-05 17:01:08 | INFO  | Logger initialized
2026-08-05 17:01:08 | INFO  | log_file=/home/albert/Ancestor/logs/Step6_Model_16_Retrain/2026-08-05-17-01-08.log
2026-08-05 17:01:08 | INFO  | output_dir=/home/albert/Ancestor/output/Step6_Model_16_Retrain/2026-08-05-17-01-08
[gpu_utils] GPU x1 已啟用：['/physical_device:GPU:0']
自訂 Label Mapping:
8screws: 0
1screws: 1
2screws: 2
3screws: 3
4screws: 4
5screws: 5
6screws: 6
7screws: 7
3_14screws: 8
4_146screws: 9
[Training] Device: /GPU:0
Epoch 1/100
150/150 26ms/step accuracy=0.1269 loss=2.2432
150/150 37ms/step accuracy=0.1684 loss=2.1754 val_accuracy=0.2654 val_loss=2.0744
Epoch 2/100
150/150 4ms/step accuracy=0.2421 loss=2.0524 val_accuracy=0.3088 val_loss=1.9491
Epoch 3/100
150/150 4ms/step accuracy=0.2892 loss=1.9066 val_accuracy=0.3197 val_loss=1.7739
Epoch 4/100
150/150 4ms/step accuracy=0.3823 loss=1.7197 val_accuracy=0.5442 val_loss=1.5488
Epoch 5/100
150/150 4ms/step accuracy=0.5296 loss=1.4792 val_accuracy=0.7947 val_loss=1.2686
Epoch 6/100
150/150 4ms/step accuracy=0.6651 loss=1.1857 val_accuracy=0.8923 val_loss=0.8884
Epoch 7/100
150/150 4ms/step accuracy=0.7638 loss=0.8840 val_accuracy=0.9699 val_loss=0.5257
Epoch 8/100
150/150 4ms/step accuracy=0.8312 loss=0.6388 val_accuracy=0.9950 val_loss=0.3062
Epoch 9/100
150/150 4ms/step accuracy=0.8811 loss=0.4712 val_accuracy=0.9967 val_loss=0.1871
Epoch 10/100
150/150 4ms/step accuracy=0.9019 loss=0.3774 val_accuracy=0.9983 val_loss=0.1223
Epoch 11/100
150/150 4ms/step accuracy=0.9023 loss=0.3328 val_accuracy=0.9992 val_loss=0.0866
Epoch 12/100
150/150 4ms/step accuracy=0.9119 loss=0.2960 val_accuracy=0.9992 val_loss=0.0654
Epoch 13/100
150/150 4ms/step accuracy=0.9280 loss=0.2559 val_accuracy=0.9992 val_loss=0.0502
Epoch 14/100
150/150 4ms/step accuracy=0.9313 loss=0.2268 val_accuracy=0.9992 val_loss=0.0402
Epoch 15/100
150/150 4ms/step accuracy=0.9372 loss=0.2110 val_accuracy=0.9992 val_loss=0.0331
Epoch 16/100
150/150 4ms/step accuracy=0.9370 loss=0.2000 val_accuracy=0.9992 val_loss=0.0281
Epoch 17/100
150/150 4ms/step accuracy=0.9372 loss=0.1831 val_accuracy=0.9992 val_loss=0.0246
Epoch 18/100
150/150 4ms/step accuracy=0.9466 loss=0.1639 val_accuracy=0.9992 val_loss=0.0213
Epoch 19/100
150/150 4ms/step accuracy=0.9470 loss=0.1569 val_accuracy=0.9992 val_loss=0.0184
Epoch 20/100
150/150 4ms/step accuracy=0.9518 loss=0.1395 val_accuracy=0.9992 val_loss=0.0169
Epoch 21/100
150/150 4ms/step accuracy=0.9470 loss=0.1421 val_accuracy=0.9992 val_loss=0.0164
Epoch 22/100
150/150 4ms/step accuracy=0.9512 loss=0.1310 val_accuracy=0.9992 val_loss=0.0156
Epoch 23/100
150/150 4ms/step accuracy=0.9526 loss=0.1275 val_accuracy=0.9992 val_loss=0.0139
Epoch 24/100
150/150 4ms/step accuracy=0.9574 loss=0.1198 val_accuracy=0.9992 val_loss=0.0130
Epoch 25/100
150/150 3ms/step accuracy=0.9583 loss=0.1085 val_accuracy=0.9992 val_loss=0.0133
Epoch 26/100
150/150 3ms/step accuracy=0.9624 loss=0.0997 val_accuracy=0.9992 val_loss=0.0127
Epoch 27/100
150/150 3ms/step accuracy=0.9635 loss=0.1013 val_accuracy=0.9992 val_loss=0.0129
Epoch 28/100
150/150 4ms/step accuracy=0.9556 loss=0.1119 val_accuracy=0.9992 val_loss=0.0124
Epoch 29/100
150/150 4ms/step accuracy=0.9624 loss=0.1018 val_accuracy=0.9992 val_loss=0.0120
Epoch 30/100
150/150 4ms/step accuracy=0.9629 loss=0.0984 val_accuracy=0.9992 val_loss=0.0110
Epoch 31/100
150/150 4ms/step accuracy=0.9597 loss=0.0995 val_accuracy=0.9992 val_loss=0.0108
Epoch 32/100
150/150 4ms/step accuracy=0.9595 loss=0.1046 val_accuracy=0.9992 val_loss=0.0116
Epoch 33/100
150/150 4ms/step accuracy=0.9624 loss=0.0933 val_accuracy=0.9992 val_loss=0.0124
Epoch 34/100
150/150 4ms/step accuracy=0.9633 loss=0.0938 val_accuracy=0.9992 val_loss=0.0121
Epoch 35/100
150/150 4ms/step accuracy=0.9666 loss=0.0837 val_accuracy=0.9992 val_loss=0.0122
Epoch 36/100
150/150 4ms/step accuracy=0.9639 loss=0.0894 val_accuracy=0.9992 val_loss=0.0118
Epoch 37/100
150/150 4ms/step accuracy=0.9674 loss=0.0821 val_accuracy=0.9992 val_loss=0.0132
Epoch 38/100
150/150 4ms/step accuracy=0.9606 loss=0.0900 val_accuracy=0.9992 val_loss=0.0121
Epoch 39/100
150/150 4ms/step accuracy=0.9681 loss=0.0802 val_accuracy=0.9992 val_loss=0.0134
Epoch 40/100
150/150 4ms/step accuracy=0.9670 loss=0.0789 val_accuracy=0.9992 val_loss=0.0125
Epoch 41/100
150/150 4ms/step accuracy=0.9679 loss=0.0773 val_accuracy=0.9992 val_loss=0.0116
38/38 3ms/step accuracy=0.9992 loss=0.0108
Screw Number Loss: 0.0108, Screw Number Accuracy: 0.9992
2026-08-05 17:01:49 | INFO  | Saved plot: /home/albert/Ancestor/output/Step6_Model_16_Retrain/2026-08-05-17-01-08/plot_000.png
2026-08-05 17:01:49 | INFO  | Saved plot: /home/albert/Ancestor/output/Step6_Model_16_Retrain/2026-08-05-17-01-08/plot_001.png
2026-08-05 17:01:50 | INFO  | Saved plot: /home/albert/Ancestor/output/Step6_Model_16_Retrain/2026-08-05-17-01-08/plot_002.png
重訓練模型已儲存：/home/albert/Ancestor/data/Step-2/model/CNN_B11000_retrained.keras
