2026-08-05 14:30:35 | INFO  | Logger initialized
2026-08-05 14:30:35 | INFO  | log_file=/home/albert/Ancestor/logs/Step6_Model_01_Retrain/2026-08-05-14-30-35.log
2026-08-05 14:30:35 | INFO  | output_dir=/home/albert/Ancestor/output/Step6_Model_01_Retrain/2026-08-05-14-30-35
[gpu_utils] GPU x1 已啟用：['/physical_device:GPU:0']
自訂 Label Mapping:
8screws: 0
1screws: 1
2screws: 2
3screws: 3
4screws: 4
5screws: 5
6screws: 6
7screws: 7
3_14screws: 8
4_146screws: 9
[Training] Device: /GPU:0
Epoch 1/100
148/148 25ms/step accuracy=0.1644 loss=2.2719
148/148 31ms/step accuracy=0.1870 loss=2.2336 val_accuracy=0.3885 val_loss=2.1331
Epoch 2/100
148/148 3ms/step accuracy=0.3015 loss=2.0456 val_accuracy=0.4721 val_loss=1.8885
Epoch 3/100
148/148 3ms/step accuracy=0.3879 loss=1.8063 val_accuracy=0.5617 val_loss=1.5658
Epoch 4/100
148/148 4ms/step accuracy=0.4783 loss=1.5043 val_accuracy=0.6782 val_loss=1.1925
Epoch 5/100
148/148 4ms/step accuracy=0.5762 loss=1.2112 val_accuracy=0.7770 val_loss=0.9004
Epoch 6/100
148/148 4ms/step accuracy=0.6531 loss=0.9998 val_accuracy=0.8471 val_loss=0.7003
Epoch 7/100
148/148 4ms/step accuracy=0.7040 loss=0.8444 val_accuracy=0.8775 val_loss=0.5647
Epoch 8/100
148/148 4ms/step accuracy=0.7378 loss=0.7461 val_accuracy=0.8885 val_loss=0.4707
Epoch 9/100
148/148 4ms/step accuracy=0.7591 loss=0.6635 val_accuracy=0.9206 val_loss=0.3913
Epoch 10/100
148/148 4ms/step accuracy=0.7830 loss=0.5997 val_accuracy=0.9417 val_loss=0.3270
Epoch 11/100
148/148 4ms/step accuracy=0.8139 loss=0.5372 val_accuracy=0.9654 val_loss=0.2655
Epoch 12/100
148/148 4ms/step accuracy=0.8240 loss=0.5121 val_accuracy=0.9873 val_loss=0.2115
Epoch 13/100
148/148 4ms/step accuracy=0.8479 loss=0.4478 val_accuracy=0.9941 val_loss=0.1699
Epoch 14/100
148/148 4ms/step accuracy=0.8606 loss=0.4049 val_accuracy=0.9949 val_loss=0.1306
Epoch 15/100
148/148 4ms/step accuracy=0.8639 loss=0.3771 val_accuracy=0.9966 val_loss=0.1009
Epoch 16/100
148/148 4ms/step accuracy=0.8646 loss=0.3715 val_accuracy=0.9975 val_loss=0.0906
Epoch 17/100
148/148 4ms/step accuracy=0.8760 loss=0.3345 val_accuracy=0.9983 val_loss=0.0714
Epoch 18/100
148/148 4ms/step accuracy=0.8836 loss=0.3143 val_accuracy=0.9983 val_loss=0.0591
Epoch 19/100
148/148 4ms/step accuracy=0.8872 loss=0.3042 val_accuracy=0.9992 val_loss=0.0517
Epoch 20/100
148/148 4ms/step accuracy=0.8840 loss=0.3032 val_accuracy=0.9983 val_loss=0.0452
Epoch 21/100
148/148 4ms/step accuracy=0.8912 loss=0.2792 val_accuracy=0.9992 val_loss=0.0415
Epoch 22/100
148/148 3ms/step accuracy=0.8964 loss=0.2747
148/148 5ms/step accuracy=0.8969 loss=0.2732 val_accuracy=0.9992 val_loss=0.0361
Epoch 23/100
148/148 4ms/step accuracy=0.8937 loss=0.2710 val_accuracy=0.9992 val_loss=0.0347
Epoch 24/100
148/148 4ms/step accuracy=0.8952 loss=0.2618 val_accuracy=0.9992 val_loss=0.0303
Epoch 25/100
148/148 4ms/step accuracy=0.9041 loss=0.2405 val_accuracy=0.9992 val_loss=0.0278
Epoch 26/100
148/148 4ms/step accuracy=0.9034 loss=0.2461 val_accuracy=0.9992 val_loss=0.0265
Epoch 27/100
148/148 4ms/step accuracy=0.9077 loss=0.2338 val_accuracy=0.9992 val_loss=0.0247
Epoch 28/100
148/148 4ms/step accuracy=0.9072 loss=0.2310 val_accuracy=0.9992 val_loss=0.0235
Epoch 29/100
148/148 4ms/step accuracy=0.9081 loss=0.2280 val_accuracy=0.9992 val_loss=0.0264
Epoch 30/100
148/148 4ms/step accuracy=0.9051 loss=0.2249 val_accuracy=0.9992 val_loss=0.0239
Epoch 31/100
148/148 4ms/step accuracy=0.9168 loss=0.2119 val_accuracy=0.9992 val_loss=0.0236
Epoch 32/100
148/148 4ms/step accuracy=0.9108 loss=0.2149 val_accuracy=0.9992 val_loss=0.0218
Epoch 33/100
148/148 4ms/step accuracy=0.9134 loss=0.2121 val_accuracy=0.9992 val_loss=0.0210
Epoch 34/100
148/148 4ms/step accuracy=0.9191 loss=0.2050 val_accuracy=0.9992 val_loss=0.0206
Epoch 35/100
148/148 4ms/step accuracy=0.9108 loss=0.2181 val_accuracy=0.9992 val_loss=0.0213
Epoch 36/100
148/148 4ms/step accuracy=0.9176 loss=0.2108 val_accuracy=0.9992 val_loss=0.0183
Epoch 37/100
148/148 4ms/step accuracy=0.9193 loss=0.2018 val_accuracy=0.9983 val_loss=0.0202
Epoch 38/100
148/148 4ms/step accuracy=0.9231 loss=0.1981 val_accuracy=0.9992 val_loss=0.0189
Epoch 39/100
148/148 4ms/step accuracy=0.9201 loss=0.1920 val_accuracy=0.9983 val_loss=0.0198
Epoch 40/100
148/148 4ms/step accuracy=0.9256 loss=0.1933 val_accuracy=0.9983 val_loss=0.0198
Epoch 41/100
148/148 4ms/step accuracy=0.9275 loss=0.1976 val_accuracy=0.9983 val_loss=0.0187
Epoch 42/100
148/148 4ms/step accuracy=0.9360 loss=0.1699 val_accuracy=0.9983 val_loss=0.0187
Epoch 43/100
148/148 2ms/step accuracy=0.9338 loss=0.1705
148/148 4ms/step accuracy=0.9324 loss=0.1719 val_accuracy=0.9983 val_loss=0.0209
Epoch 44/100
148/148 4ms/step accuracy=0.9280 loss=0.1775 val_accuracy=0.9983 val_loss=0.0175
Epoch 45/100
148/148 4ms/step accuracy=0.9315 loss=0.1762 val_accuracy=0.9983 val_loss=0.0181
Epoch 46/100
148/148 4ms/step accuracy=0.9322 loss=0.1801 val_accuracy=0.9983 val_loss=0.0194
Epoch 47/100
148/148 4ms/step accuracy=0.9383 loss=0.1614 val_accuracy=0.9983 val_loss=0.0189
Epoch 48/100
148/148 4ms/step accuracy=0.9330 loss=0.1694 val_accuracy=0.9975 val_loss=0.0199
Epoch 49/100
148/148 4ms/step accuracy=0.9299 loss=0.1781 val_accuracy=0.9983 val_loss=0.0185
Epoch 50/100
148/148 4ms/step accuracy=0.9377 loss=0.1639 val_accuracy=0.9983 val_loss=0.0193
Epoch 51/100
148/148 4ms/step accuracy=0.9307 loss=0.1746 val_accuracy=0.9983 val_loss=0.0187
Epoch 52/100
148/148 4ms/step accuracy=0.9345 loss=0.1704 val_accuracy=0.9975 val_loss=0.0213
Epoch 53/100
148/148 4ms/step accuracy=0.9305 loss=0.1786 val_accuracy=0.9983 val_loss=0.0152
Epoch 54/100
148/148 4ms/step accuracy=0.9402 loss=0.1532 val_accuracy=0.9983 val_loss=0.0180
Epoch 55/100
148/148 4ms/step accuracy=0.9396 loss=0.1474 val_accuracy=0.9983 val_loss=0.0153
Epoch 56/100
148/148 4ms/step accuracy=0.9400 loss=0.1527 val_accuracy=0.9983 val_loss=0.0170
Epoch 57/100
148/148 4ms/step accuracy=0.9368 loss=0.1681 val_accuracy=0.9975 val_loss=0.0203
Epoch 58/100
148/148 4ms/step accuracy=0.9455 loss=0.1487 val_accuracy=0.9983 val_loss=0.0187
Epoch 59/100
148/148 4ms/step accuracy=0.9364 loss=0.1649 val_accuracy=0.9983 val_loss=0.0177
Epoch 60/100
148/148 4ms/step accuracy=0.9406 loss=0.1531 val_accuracy=0.9975 val_loss=0.0198
Epoch 61/100
148/148 4ms/step accuracy=0.9417 loss=0.1451 val_accuracy=0.9975 val_loss=0.0179
Epoch 62/100
148/148 4ms/step accuracy=0.9408 loss=0.1467 val_accuracy=0.9983 val_loss=0.0190
Epoch 63/100
148/148 4ms/step accuracy=0.9434 loss=0.1504 val_accuracy=0.9983 val_loss=0.0173
37/37 3ms/step accuracy=0.9983 loss=0.0152
Screw Number Loss: 0.0152, Screw Number Accuracy: 0.9983
2026-08-05 14:31:29 | INFO  | Saved plot: /home/albert/Ancestor/output/Step6_Model_01_Retrain/2026-08-05-14-30-35/plot_000.png
2026-08-05 14:31:29 | INFO  | Saved plot: /home/albert/Ancestor/output/Step6_Model_01_Retrain/2026-08-05-14-30-35/plot_001.png
2026-08-05 14:31:30 | INFO  | Saved plot: /home/albert/Ancestor/output/Step6_Model_01_Retrain/2026-08-05-14-30-35/plot_002.png
重訓練模型已儲存：/home/albert/Ancestor/data/Step-1/model/CNN_C8000_retrained.keras
