2026-08-05 16:27:45 | INFO  | Logger initialized
2026-08-05 16:27:45 | INFO  | log_file=/home/albert/Ancestor/logs/Step4_Model_26_Detecting/2026-08-05-16-27-45.log
2026-08-05 16:27:45 | INFO  | output_dir=/home/albert/Ancestor/output/Step4_Model_26_Detecting/2026-08-05-16-27-45
=== 1. Loading training data ===
✔️ Train : (1263, 105)  |  Test : (316, 105)
==============================
▶ mcs = 21 | conf = 0.9 | thr = 13.13
==============================
--- Test‑set validation
C0      : 8screws 60筆
C1      : 4screws 56筆
C2      : 3screws 61筆
C3      : 1screws 71筆
C4      : 2screws 68筆
* C0  | size  60 | dist   2.51 | Known
* C1  | size  56 | dist   2.70 | Known
* C2  | size  61 | dist   2.55 | Known
* C3  | size  71 | dist   2.39 | Known
* C4  | size  68 | dist   2.46 | Known
--- Unknown ['5screws'] | mcs 21
C4      : 68 pts
C5      : 39 pts
C0      : 60 pts
C2      : 71 pts
outliers: 20 pts
C1      : 56 pts
C3      : 62 pts
C0  | size  60 | dist   2.51 | Known
C1  | size  56 | dist   2.70 | Known
C2  | size  71 | dist   2.39 | Known
C3  | size  62 | dist   2.53 | Known
C4  | size  68 | dist   2.49 | Known
C5  | size  39 | dist  18.23 | New Fault
--- Unknown ['5screws', '6screws'] | mcs 21
C4      : 60 pts
C6      : 68 pts
C2      : 61 pts
C0      : 60 pts
C5      : 39 pts
C1      : 56 pts
C3      : 71 pts
outliers: 21 pts
C0  | size  60 | dist   2.51 | Known
C1  | size  56 | dist   2.70 | Known
C2  | size  61 | dist   2.55 | Known
C3  | size  71 | dist   2.39 | Known
C4  | size  60 | dist  15.97 | New Fault
C5  | size  39 | dist  18.23 | New Fault
C6  | size  68 | dist   2.49 | Known
--- Unknown ['5screws', '6screws', '7screws'] | mcs 21
C5      : 52 pts
C2      : 53 pts
C0      : 53 pts
C4      : 57 pts
C3      : 63 pts
outliers: 23 pts
C6      : 31 pts
C7      : 63 pts
C1      : 55 pts
C0  | size  53 | dist   2.75 | Known
C1  | size  55 | dist   2.54 | Known
C2  | size  53 | dist   2.58 | Known
C3  | size  63 | dist   2.44 | Known
C4  | size  57 | dist  15.98 | New Fault
C5  | size  52 | dist  17.84 | New Fault
C6  | size  31 | dist  18.15 | New Fault
C7  | size  63 | dist   2.54 | Known
--- Unknown ['5screws', '6screws', '7screws', '3_14screws'] | mcs 21
C5      : 46 pts
C8      : 58 pts
C4      : 70 pts
C0      : 44 pts
C2      : 50 pts
outliers: 34 pts
C3      : 48 pts
C7      : 29 pts
C1      : 49 pts
C6      : 22 pts
C0  | size  44 | dist   2.63 | Known
C1  | size  49 | dist   2.82 | Known
C2  | size  50 | dist   2.59 | Known
C3  | size  48 | dist  16.03 | New Fault
C4  | size  70 | dist   4.42 | Known
C5  | size  46 | dist  17.86 | New Fault
C6  | size  22 | dist  22.25 | New Fault
C7  | size  29 | dist  18.61 | New Fault
C8  | size  58 | dist   2.53 | Known
--- Unknown ['5screws', '6screws', '7screws', '3_14screws', '4_146screws'] | mcs 21
C8      : 46 pts
C2      : 49 pts
C6      : 26 pts
C1      : 46 pts
C4      : 46 pts
C5      : 41 pts
C0      : 38 pts
outliers: 64 pts
C3      : 44 pts
C9      : 29 pts
C7      : 21 pts
C0  | size  38 | dist   2.58 | Known
C1  | size  46 | dist   2.89 | Known
C2  | size  49 | dist   2.75 | Known
C3  | size  44 | dist  15.77 | New Fault
C4  | size  46 | dist   2.52 | Known
C5  | size  41 | dist  17.55 | New Fault
C6  | size  26 | dist  22.03 | New Fault
C7  | size  21 | dist  22.68 | New Fault
C8  | size  46 | dist   2.63 | Known
C9  | size  29 | dist  18.68 | New Fault
==============================
▶ mcs = 21 | conf = 0.95 | thr = 13.74
==============================
--- Test‑set validation
C0      : 8screws 60筆
C1      : 4screws 56筆
C2      : 3screws 61筆
C3      : 1screws 71筆
C4      : 2screws 68筆
* C0  | size  60 | dist   2.51 | Known
* C1  | size  56 | dist   2.70 | Known
* C2  | size  61 | dist   2.55 | Known
* C3  | size  71 | dist   2.39 | Known
* C4  | size  68 | dist   2.46 | Known
--- Unknown ['5screws'] | mcs 21
C4      : 68 pts
C5      : 39 pts
C0      : 60 pts
C2      : 71 pts
outliers: 20 pts
C1      : 56 pts
C3      : 62 pts
C0  | size  60 | dist   2.51 | Known
C1  | size  56 | dist   2.70 | Known
C2  | size  71 | dist   2.39 | Known
C3  | size  62 | dist   2.53 | Known
C4  | size  68 | dist   2.49 | Known
C5  | size  39 | dist  18.23 | New Fault
--- Unknown ['5screws', '6screws'] | mcs 21
C4      : 60 pts
C6      : 68 pts
C2      : 61 pts
C0      : 60 pts
C5      : 39 pts
C1      : 56 pts
C3      : 71 pts
outliers: 21 pts
C0  | size  60 | dist   2.51 | Known
C1  | size  56 | dist   2.70 | Known
C2  | size  61 | dist   2.55 | Known
C3  | size  71 | dist   2.39 | Known
C4  | size  60 | dist  15.97 | New Fault
C5  | size  39 | dist  18.23 | New Fault
C6  | size  68 | dist   2.49 | Known
--- Unknown ['5screws', '6screws', '7screws'] | mcs 21
C5      : 52 pts
C2      : 53 pts
C0      : 53 pts
C4      : 57 pts
C3      : 63 pts
outliers: 23 pts
C6      : 31 pts
C7      : 63 pts
C1      : 55 pts
C0  | size  53 | dist   2.75 | Known
C1  | size  55 | dist   2.54 | Known
C2  | size  53 | dist   2.58 | Known
C3  | size  63 | dist   2.44 | Known
C4  | size  57 | dist  15.98 | New Fault
C5  | size  52 | dist  17.84 | New Fault
C6  | size  31 | dist  18.15 | New Fault
C7  | size  63 | dist   2.54 | Known
--- Unknown ['5screws', '6screws', '7screws', '3_14screws'] | mcs 21
C5      : 46 pts
C8      : 58 pts
C4      : 70 pts
C0      : 44 pts
C2      : 50 pts
outliers: 34 pts
C3      : 48 pts
C7      : 29 pts
C1      : 49 pts
C6      : 22 pts
C0  | size  44 | dist   2.63 | Known
C1  | size  49 | dist   2.82 | Known
C2  | size  50 | dist   2.59 | Known
C3  | size  48 | dist  16.03 | New Fault
C4  | size  70 | dist   4.42 | Known
C5  | size  46 | dist  17.86 | New Fault
C6  | size  22 | dist  22.25 | New Fault
C7  | size  29 | dist  18.61 | New Fault
C8  | size  58 | dist   2.53 | Known
--- Unknown ['5screws', '6screws', '7screws', '3_14screws', '4_146screws'] | mcs 21
C8      : 46 pts
C2      : 49 pts
C6      : 26 pts
C1      : 46 pts
C4      : 46 pts
C5      : 41 pts
C0      : 38 pts
outliers: 64 pts
C3      : 44 pts
C9      : 29 pts
C7      : 21 pts
C0  | size  38 | dist   2.58 | Known
C1  | size  46 | dist   2.89 | Known
C2  | size  49 | dist   2.75 | Known
C3  | size  44 | dist  15.77 | New Fault
C4  | size  46 | dist   2.52 | Known
C5  | size  41 | dist  17.55 | New Fault
C6  | size  26 | dist  22.03 | New Fault
C7  | size  21 | dist  22.68 | New Fault
C8  | size  46 | dist   2.63 | Known
C9  | size  29 | dist  18.68 | New Fault
==============================
▶ mcs = 21 | conf = 0.99 | thr = 14.92
==============================
--- Test‑set validation
C0      : 8screws 60筆
C1      : 4screws 56筆
C2      : 3screws 61筆
C3      : 1screws 71筆
C4      : 2screws 68筆
* C0  | size  60 | dist   2.51 | Known
* C1  | size  56 | dist   2.70 | Known
* C2  | size  61 | dist   2.55 | Known
* C3  | size  71 | dist   2.39 | Known
* C4  | size  68 | dist   2.46 | Known
--- Unknown ['5screws'] | mcs 21
C4      : 68 pts
C5      : 39 pts
C0      : 60 pts
C2      : 71 pts
outliers: 20 pts
C1      : 56 pts
C3      : 62 pts
C0  | size  60 | dist   2.51 | Known
C1  | size  56 | dist   2.70 | Known
C2  | size  71 | dist   2.39 | Known
C3  | size  62 | dist   2.53 | Known
C4  | size  68 | dist   2.49 | Known
C5  | size  39 | dist  18.23 | New Fault
--- Unknown ['5screws', '6screws'] | mcs 21
C4      : 60 pts
C6      : 68 pts
C2      : 61 pts
C0      : 60 pts
C5      : 39 pts
C1      : 56 pts
C3      : 71 pts
outliers: 21 pts
C0  | size  60 | dist   2.51 | Known
C1  | size  56 | dist   2.70 | Known
C2  | size  61 | dist   2.55 | Known
C3  | size  71 | dist   2.39 | Known
C4  | size  60 | dist  15.97 | New Fault
C5  | size  39 | dist  18.23 | New Fault
C6  | size  68 | dist   2.49 | Known
--- Unknown ['5screws', '6screws', '7screws'] | mcs 21
C5      : 52 pts
C2      : 53 pts
C0      : 53 pts
C4      : 57 pts
C3      : 63 pts
outliers: 23 pts
C6      : 31 pts
C7      : 63 pts
C1      : 55 pts
C0  | size  53 | dist   2.75 | Known
C1  | size  55 | dist   2.54 | Known
C2  | size  53 | dist   2.58 | Known
C3  | size  63 | dist   2.44 | Known
C4  | size  57 | dist  15.98 | New Fault
C5  | size  52 | dist  17.84 | New Fault
C6  | size  31 | dist  18.15 | New Fault
C7  | size  63 | dist   2.54 | Known
--- Unknown ['5screws', '6screws', '7screws', '3_14screws'] | mcs 21
C5      : 46 pts
C8      : 58 pts
C4      : 70 pts
C0      : 44 pts
C2      : 50 pts
outliers: 34 pts
C3      : 48 pts
C7      : 29 pts
C1      : 49 pts
C6      : 22 pts
C0  | size  44 | dist   2.63 | Known
C1  | size  49 | dist   2.82 | Known
C2  | size  50 | dist   2.59 | Known
C3  | size  48 | dist  16.03 | New Fault
C4  | size  70 | dist   4.42 | Known
C5  | size  46 | dist  17.86 | New Fault
C6  | size  22 | dist  22.25 | New Fault
C7  | size  29 | dist  18.61 | New Fault
C8  | size  58 | dist   2.53 | Known
--- Unknown ['5screws', '6screws', '7screws', '3_14screws', '4_146screws'] | mcs 21
C8      : 46 pts
C2      : 49 pts
C6      : 26 pts
C1      : 46 pts
C4      : 46 pts
C5      : 41 pts
C0      : 38 pts
outliers: 64 pts
C3      : 44 pts
C9      : 29 pts
C7      : 21 pts
C0  | size  38 | dist   2.58 | Known
C1  | size  46 | dist   2.89 | Known
C2  | size  49 | dist   2.75 | Known
C3  | size  44 | dist  15.77 | New Fault
C4  | size  46 | dist   2.52 | Known
C5  | size  41 | dist  17.55 | New Fault
C6  | size  26 | dist  22.03 | New Fault
C7  | size  21 | dist  22.68 | New Fault
C8  | size  46 | dist   2.63 | Known
C9  | size  29 | dist  18.68 | New Fault
==============================
▶ mcs = 22 | conf = 0.9 | thr = 13.13
==============================
--- Test‑set validation
C0      : 8screws 60筆
C1      : 4screws 56筆
C2      : 3screws 61筆
C3      : 1screws 71筆
C4      : 2screws 68筆
* C0  | size  60 | dist   2.51 | Known
* C1  | size  56 | dist   2.70 | Known
* C2  | size  61 | dist   2.55 | Known
* C3  | size  71 | dist   2.39 | Known
* C4  | size  68 | dist   2.46 | Known
--- Unknown ['5screws'] | mcs 22
C4      : 68 pts
C5      : 39 pts
C0      : 60 pts
C2      : 71 pts
outliers: 20 pts
C1      : 56 pts
C3      : 62 pts
C0  | size  60 | dist   2.51 | Known
C1  | size  56 | dist   2.70 | Known
C2  | size  71 | dist   2.39 | Known
C3  | size  62 | dist   2.53 | Known
C4  | size  68 | dist   2.49 | Known
C5  | size  39 | dist  18.23 | New Fault
--- Unknown ['5screws', '6screws'] | mcs 22
C4      : 60 pts
C6      : 68 pts
C2      : 61 pts
C0      : 60 pts
C5      : 39 pts
C1      : 56 pts
C3      : 71 pts
outliers: 21 pts
C0  | size  60 | dist   2.51 | Known
C1  | size  56 | dist   2.70 | Known
C2  | size  61 | dist   2.55 | Known
C3  | size  71 | dist   2.39 | Known
C4  | size  60 | dist  15.97 | New Fault
C5  | size  39 | dist  18.23 | New Fault
C6  | size  68 | dist   2.49 | Known
--- Unknown ['5screws', '6screws', '7screws'] | mcs 22
C5      : 52 pts
C2      : 53 pts
C0      : 53 pts
C4      : 57 pts
C3      : 63 pts
outliers: 23 pts
C6      : 31 pts
C7      : 63 pts
C1      : 55 pts
C0  | size  53 | dist   2.75 | Known
C1  | size  55 | dist   2.54 | Known
C2  | size  53 | dist   2.58 | Known
C3  | size  63 | dist   2.44 | Known
C4  | size  57 | dist  15.98 | New Fault
C5  | size  52 | dist  17.84 | New Fault
C6  | size  31 | dist  18.15 | New Fault
C7  | size  63 | dist   2.54 | Known
--- Unknown ['5screws', '6screws', '7screws', '3_14screws'] | mcs 22
C5      : 46 pts
C8      : 58 pts
C4      : 70 pts
C0      : 44 pts
C2      : 50 pts
outliers: 34 pts
C3      : 48 pts
C7      : 29 pts
C1      : 49 pts
C6      : 22 pts
C0  | size  44 | dist   2.63 | Known
C1  | size  49 | dist   2.82 | Known
C2  | size  50 | dist   2.59 | Known
C3  | size  48 | dist  16.03 | New Fault
C4  | size  70 | dist   4.42 | Known
C5  | size  46 | dist  17.86 | New Fault
C6  | size  22 | dist  22.25 | New Fault
C7  | size  29 | dist  18.61 | New Fault
C8  | size  58 | dist   2.53 | Known
--- Unknown ['5screws', '6screws', '7screws', '3_14screws', '4_146screws'] | mcs 22
C7      : 46 pts
C2      : 49 pts
C6      : 26 pts
C1      : 46 pts
C4      : 46 pts
C5      : 41 pts
C0      : 38 pts
outliers: 85 pts
C3      : 44 pts
C8      : 29 pts
C0  | size  38 | dist   2.58 | Known
C1  | size  46 | dist   2.89 | Known
C2  | size  49 | dist   2.75 | Known
C3  | size  44 | dist  15.77 | New Fault
C4  | size  46 | dist   2.52 | Known
C5  | size  41 | dist  17.55 | New Fault
C6  | size  26 | dist  22.03 | New Fault
C7  | size  46 | dist   2.63 | Known
C8  | size  29 | dist  18.68 | New Fault
==============================
▶ mcs = 22 | conf = 0.95 | thr = 13.74
==============================
--- Test‑set validation
C0      : 8screws 60筆
C1      : 4screws 56筆
C2      : 3screws 61筆
C3      : 1screws 71筆
C4      : 2screws 68筆
* C0  | size  60 | dist   2.51 | Known
* C1  | size  56 | dist   2.70 | Known
* C2  | size  61 | dist   2.55 | Known
* C3  | size  71 | dist   2.39 | Known
* C4  | size  68 | dist   2.46 | Known
--- Unknown ['5screws'] | mcs 22
C4      : 68 pts
C5      : 39 pts
C0      : 60 pts
C2      : 71 pts
outliers: 20 pts
C1      : 56 pts
C3      : 62 pts
C0  | size  60 | dist   2.51 | Known
C1  | size  56 | dist   2.70 | Known
C2  | size  71 | dist   2.39 | Known
C3  | size  62 | dist   2.53 | Known
C4  | size  68 | dist   2.49 | Known
C5  | size  39 | dist  18.23 | New Fault
--- Unknown ['5screws', '6screws'] | mcs 22
C4      : 60 pts
C6      : 68 pts
C2      : 61 pts
C0      : 60 pts
C5      : 39 pts
C1      : 56 pts
C3      : 71 pts
outliers: 21 pts
C0  | size  60 | dist   2.51 | Known
C1  | size  56 | dist   2.70 | Known
C2  | size  61 | dist   2.55 | Known
C3  | size  71 | dist   2.39 | Known
C4  | size  60 | dist  15.97 | New Fault
C5  | size  39 | dist  18.23 | New Fault
C6  | size  68 | dist   2.49 | Known
--- Unknown ['5screws', '6screws', '7screws'] | mcs 22
C5      : 52 pts
C2      : 53 pts
C0      : 53 pts
C4      : 57 pts
C3      : 63 pts
outliers: 23 pts
C6      : 31 pts
C7      : 63 pts
C1      : 55 pts
C0  | size  53 | dist   2.75 | Known
C1  | size  55 | dist   2.54 | Known
C2  | size  53 | dist   2.58 | Known
C3  | size  63 | dist   2.44 | Known
C4  | size  57 | dist  15.98 | New Fault
C5  | size  52 | dist  17.84 | New Fault
C6  | size  31 | dist  18.15 | New Fault
C7  | size  63 | dist   2.54 | Known
--- Unknown ['5screws', '6screws', '7screws', '3_14screws'] | mcs 22
C5      : 46 pts
C8      : 58 pts
C4      : 70 pts
C0      : 44 pts
C2      : 50 pts
outliers: 34 pts
C3      : 48 pts
C7      : 29 pts
C1      : 49 pts
C6      : 22 pts
C0  | size  44 | dist   2.63 | Known
C1  | size  49 | dist   2.82 | Known
C2  | size  50 | dist   2.59 | Known
C3  | size  48 | dist  16.03 | New Fault
C4  | size  70 | dist   4.42 | Known
C5  | size  46 | dist  17.86 | New Fault
C6  | size  22 | dist  22.25 | New Fault
C7  | size  29 | dist  18.61 | New Fault
C8  | size  58 | dist   2.53 | Known
--- Unknown ['5screws', '6screws', '7screws', '3_14screws', '4_146screws'] | mcs 22
C7      : 46 pts
C2      : 49 pts
C6      : 26 pts
C1      : 46 pts
C4      : 46 pts
C5      : 41 pts
C0      : 38 pts
outliers: 85 pts
C3      : 44 pts
C8      : 29 pts
C0  | size  38 | dist   2.58 | Known
C1  | size  46 | dist   2.89 | Known
C2  | size  49 | dist   2.75 | Known
C3  | size  44 | dist  15.77 | New Fault
C4  | size  46 | dist   2.52 | Known
C5  | size  41 | dist  17.55 | New Fault
C6  | size  26 | dist  22.03 | New Fault
C7  | size  46 | dist   2.63 | Known
C8  | size  29 | dist  18.68 | New Fault
==============================
▶ mcs = 22 | conf = 0.99 | thr = 14.92
==============================
--- Test‑set validation
C0      : 8screws 60筆
C1      : 4screws 56筆
C2      : 3screws 61筆
C3      : 1screws 71筆
C4      : 2screws 68筆
* C0  | size  60 | dist   2.51 | Known
* C1  | size  56 | dist   2.70 | Known
* C2  | size  61 | dist   2.55 | Known
* C3  | size  71 | dist   2.39 | Known
* C4  | size  68 | dist   2.46 | Known
--- Unknown ['5screws'] | mcs 22
C4      : 68 pts
C5      : 39 pts
C0      : 60 pts
C2      : 71 pts
outliers: 20 pts
C1      : 56 pts
C3      : 62 pts
C0  | size  60 | dist   2.51 | Known
C1  | size  56 | dist   2.70 | Known
C2  | size  71 | dist   2.39 | Known
C3  | size  62 | dist   2.53 | Known
C4  | size  68 | dist   2.49 | Known
C5  | size  39 | dist  18.23 | New Fault
--- Unknown ['5screws', '6screws'] | mcs 22
C4      : 60 pts
C6      : 68 pts
C2      : 61 pts
C0      : 60 pts
C5      : 39 pts
C1      : 56 pts
C3      : 71 pts
outliers: 21 pts
C0  | size  60 | dist   2.51 | Known
C1  | size  56 | dist   2.70 | Known
C2  | size  61 | dist   2.55 | Known
C3  | size  71 | dist   2.39 | Known
C4  | size  60 | dist  15.97 | New Fault
C5  | size  39 | dist  18.23 | New Fault
C6  | size  68 | dist   2.49 | Known
--- Unknown ['5screws', '6screws', '7screws'] | mcs 22
C5      : 52 pts
C2      : 53 pts
C0      : 53 pts
C4      : 57 pts
C3      : 63 pts
outliers: 23 pts
C6      : 31 pts
C7      : 63 pts
C1      : 55 pts
C0  | size  53 | dist   2.75 | Known
C1  | size  55 | dist   2.54 | Known
C2  | size  53 | dist   2.58 | Known
C3  | size  63 | dist   2.44 | Known
C4  | size  57 | dist  15.98 | New Fault
C5  | size  52 | dist  17.84 | New Fault
C6  | size  31 | dist  18.15 | New Fault
C7  | size  63 | dist   2.54 | Known
--- Unknown ['5screws', '6screws', '7screws', '3_14screws'] | mcs 22
C5      : 46 pts
C8      : 58 pts
C4      : 70 pts
C0      : 44 pts
C2      : 50 pts
outliers: 34 pts
C3      : 48 pts
C7      : 29 pts
C1      : 49 pts
C6      : 22 pts
C0  | size  44 | dist   2.63 | Known
C1  | size  49 | dist   2.82 | Known
C2  | size  50 | dist   2.59 | Known
C3  | size  48 | dist  16.03 | New Fault
C4  | size  70 | dist   4.42 | Known
C5  | size  46 | dist  17.86 | New Fault
C6  | size  22 | dist  22.25 | New Fault
C7  | size  29 | dist  18.61 | New Fault
C8  | size  58 | dist   2.53 | Known
--- Unknown ['5screws', '6screws', '7screws', '3_14screws', '4_146screws'] | mcs 22
C7      : 46 pts
C2      : 49 pts
C6      : 26 pts
C1      : 46 pts
C4      : 46 pts
C5      : 41 pts
C0      : 38 pts
outliers: 85 pts
C3      : 44 pts
C8      : 29 pts
C0  | size  38 | dist   2.58 | Known
C1  | size  46 | dist   2.89 | Known
C2  | size  49 | dist   2.75 | Known
C3  | size  44 | dist  15.77 | New Fault
C4  | size  46 | dist   2.52 | Known
C5  | size  41 | dist  17.55 | New Fault
C6  | size  26 | dist  22.03 | New Fault
C7  | size  46 | dist   2.63 | Known
C8  | size  29 | dist  18.68 | New Fault
==============================
▶ mcs = 23 | conf = 0.9 | thr = 13.13
==============================
--- Test‑set validation
C0      : 8screws 60筆
C1      : 4screws 56筆
C2      : 3screws 61筆
C3      : 1screws 71筆
C4      : 2screws 68筆
* C0  | size  60 | dist   2.51 | Known
* C1  | size  56 | dist   2.70 | Known
* C2  | size  61 | dist   2.55 | Known
* C3  | size  71 | dist   2.39 | Known
* C4  | size  68 | dist   2.46 | Known
--- Unknown ['5screws'] | mcs 23
C4      : 68 pts
C5      : 39 pts
C0      : 60 pts
C2      : 71 pts
outliers: 20 pts
C1      : 56 pts
C3      : 62 pts
C0  | size  60 | dist   2.51 | Known
C1  | size  56 | dist   2.70 | Known
C2  | size  71 | dist   2.39 | Known
C3  | size  62 | dist   2.53 | Known
C4  | size  68 | dist   2.49 | Known
C5  | size  39 | dist  18.23 | New Fault
--- Unknown ['5screws', '6screws'] | mcs 23
C4      : 60 pts
C6      : 68 pts
C2      : 61 pts
C0      : 60 pts
C5      : 39 pts
C1      : 56 pts
C3      : 71 pts
outliers: 21 pts
C0  | size  60 | dist   2.51 | Known
C1  | size  56 | dist   2.70 | Known
C2  | size  61 | dist   2.55 | Known
C3  | size  71 | dist   2.39 | Known
C4  | size  60 | dist  15.97 | New Fault
C5  | size  39 | dist  18.23 | New Fault
C6  | size  68 | dist   2.49 | Known
--- Unknown ['5screws', '6screws', '7screws'] | mcs 23
C5      : 52 pts
C2      : 53 pts
C0      : 53 pts
C4      : 57 pts
C3      : 63 pts
outliers: 23 pts
C6      : 31 pts
C7      : 63 pts
C1      : 55 pts
C0  | size  53 | dist   2.75 | Known
C1  | size  55 | dist   2.54 | Known
C2  | size  53 | dist   2.58 | Known
C3  | size  63 | dist   2.44 | Known
C4  | size  57 | dist  15.98 | New Fault
C5  | size  52 | dist  17.84 | New Fault
C6  | size  31 | dist  18.15 | New Fault
C7  | size  63 | dist   2.54 | Known
--- Unknown ['5screws', '6screws', '7screws', '3_14screws'] | mcs 23
C5      : 46 pts
C7      : 58 pts
C4      : 70 pts
C0      : 44 pts
C2      : 50 pts
outliers: 56 pts
C3      : 48 pts
C6      : 29 pts
C1      : 49 pts
C0  | size  44 | dist   2.63 | Known
C1  | size  49 | dist   2.82 | Known
C2  | size  50 | dist   2.59 | Known
C3  | size  48 | dist  16.03 | New Fault
C4  | size  70 | dist   4.42 | Known
C5  | size  46 | dist  17.86 | New Fault
C6  | size  29 | dist  18.61 | New Fault
C7  | size  58 | dist   2.53 | Known
--- Unknown ['5screws', '6screws', '7screws', '3_14screws', '4_146screws'] | mcs 23
C7      : 46 pts
C2      : 49 pts
C6      : 26 pts
C1      : 46 pts
C4      : 46 pts
C5      : 41 pts
C0      : 38 pts
outliers: 85 pts
C3      : 44 pts
C8      : 29 pts
C0  | size  38 | dist   2.58 | Known
C1  | size  46 | dist   2.89 | Known
C2  | size  49 | dist   2.75 | Known
C3  | size  44 | dist  15.77 | New Fault
C4  | size  46 | dist   2.52 | Known
C5  | size  41 | dist  17.55 | New Fault
C6  | size  26 | dist  22.03 | New Fault
C7  | size  46 | dist   2.63 | Known
C8  | size  29 | dist  18.68 | New Fault
==============================
▶ mcs = 23 | conf = 0.95 | thr = 13.74
==============================
--- Test‑set validation
C0      : 8screws 60筆
C1      : 4screws 56筆
C2      : 3screws 61筆
C3      : 1screws 71筆
C4      : 2screws 68筆
* C0  | size  60 | dist   2.51 | Known
* C1  | size  56 | dist   2.70 | Known
* C2  | size  61 | dist   2.55 | Known
* C3  | size  71 | dist   2.39 | Known
* C4  | size  68 | dist   2.46 | Known
--- Unknown ['5screws'] | mcs 23
C4      : 68 pts
C5      : 39 pts
C0      : 60 pts
C2      : 71 pts
outliers: 20 pts
C1      : 56 pts
C3      : 62 pts
C0  | size  60 | dist   2.51 | Known
C1  | size  56 | dist   2.70 | Known
C2  | size  71 | dist   2.39 | Known
C3  | size  62 | dist   2.53 | Known
C4  | size  68 | dist   2.49 | Known
C5  | size  39 | dist  18.23 | New Fault
--- Unknown ['5screws', '6screws'] | mcs 23
C4      : 60 pts
C6      : 68 pts
C2      : 61 pts
C0      : 60 pts
C5      : 39 pts
C1      : 56 pts
C3      : 71 pts
outliers: 21 pts
C0  | size  60 | dist   2.51 | Known
C1  | size  56 | dist   2.70 | Known
C2  | size  61 | dist   2.55 | Known
C3  | size  71 | dist   2.39 | Known
C4  | size  60 | dist  15.97 | New Fault
C5  | size  39 | dist  18.23 | New Fault
C6  | size  68 | dist   2.49 | Known
--- Unknown ['5screws', '6screws', '7screws'] | mcs 23
C5      : 52 pts
C2      : 53 pts
C0      : 53 pts
C4      : 57 pts
C3      : 63 pts
outliers: 23 pts
C6      : 31 pts
C7      : 63 pts
C1      : 55 pts
C0  | size  53 | dist   2.75 | Known
C1  | size  55 | dist   2.54 | Known
C2  | size  53 | dist   2.58 | Known
C3  | size  63 | dist   2.44 | Known
C4  | size  57 | dist  15.98 | New Fault
C5  | size  52 | dist  17.84 | New Fault
C6  | size  31 | dist  18.15 | New Fault
C7  | size  63 | dist   2.54 | Known
--- Unknown ['5screws', '6screws', '7screws', '3_14screws'] | mcs 23
C5      : 46 pts
C7      : 58 pts
C4      : 70 pts
C0      : 44 pts
C2      : 50 pts
outliers: 56 pts
C3      : 48 pts
C6      : 29 pts
C1      : 49 pts
C0  | size  44 | dist   2.63 | Known
C1  | size  49 | dist   2.82 | Known
C2  | size  50 | dist   2.59 | Known
C3  | size  48 | dist  16.03 | New Fault
C4  | size  70 | dist   4.42 | Known
C5  | size  46 | dist  17.86 | New Fault
C6  | size  29 | dist  18.61 | New Fault
C7  | size  58 | dist   2.53 | Known
--- Unknown ['5screws', '6screws', '7screws', '3_14screws', '4_146screws'] | mcs 23
C7      : 46 pts
C2      : 49 pts
C6      : 26 pts
C1      : 46 pts
C4      : 46 pts
C5      : 41 pts
C0      : 38 pts
outliers: 85 pts
C3      : 44 pts
C8      : 29 pts
C0  | size  38 | dist   2.58 | Known
C1  | size  46 | dist   2.89 | Known
C2  | size  49 | dist   2.75 | Known
C3  | size  44 | dist  15.77 | New Fault
C4  | size  46 | dist   2.52 | Known
C5  | size  41 | dist  17.55 | New Fault
C6  | size  26 | dist  22.03 | New Fault
C7  | size  46 | dist   2.63 | Known
C8  | size  29 | dist  18.68 | New Fault
==============================
▶ mcs = 23 | conf = 0.99 | thr = 14.92
==============================
--- Test‑set validation
C0      : 8screws 60筆
C1      : 4screws 56筆
C2      : 3screws 61筆
C3      : 1screws 71筆
C4      : 2screws 68筆
* C0  | size  60 | dist   2.51 | Known
* C1  | size  56 | dist   2.70 | Known
* C2  | size  61 | dist   2.55 | Known
* C3  | size  71 | dist   2.39 | Known
* C4  | size  68 | dist   2.46 | Known
--- Unknown ['5screws'] | mcs 23
C4      : 68 pts
C5      : 39 pts
C0      : 60 pts
C2      : 71 pts
outliers: 20 pts
C1      : 56 pts
C3      : 62 pts
C0  | size  60 | dist   2.51 | Known
C1  | size  56 | dist   2.70 | Known
C2  | size  71 | dist   2.39 | Known
C3  | size  62 | dist   2.53 | Known
C4  | size  68 | dist   2.49 | Known
C5  | size  39 | dist  18.23 | New Fault
--- Unknown ['5screws', '6screws'] | mcs 23
C4      : 60 pts
C6      : 68 pts
C2      : 61 pts
C0      : 60 pts
C5      : 39 pts
C1      : 56 pts
C3      : 71 pts
outliers: 21 pts
C0  | size  60 | dist   2.51 | Known
C1  | size  56 | dist   2.70 | Known
C2  | size  61 | dist   2.55 | Known
C3  | size  71 | dist   2.39 | Known
C4  | size  60 | dist  15.97 | New Fault
C5  | size  39 | dist  18.23 | New Fault
C6  | size  68 | dist   2.49 | Known
--- Unknown ['5screws', '6screws', '7screws'] | mcs 23
C5      : 52 pts
C2      : 53 pts
C0      : 53 pts
C4      : 57 pts
C3      : 63 pts
outliers: 23 pts
C6      : 31 pts
C7      : 63 pts
C1      : 55 pts
C0  | size  53 | dist   2.75 | Known
C1  | size  55 | dist   2.54 | Known
C2  | size  53 | dist   2.58 | Known
C3  | size  63 | dist   2.44 | Known
C4  | size  57 | dist  15.98 | New Fault
C5  | size  52 | dist  17.84 | New Fault
C6  | size  31 | dist  18.15 | New Fault
C7  | size  63 | dist   2.54 | Known
--- Unknown ['5screws', '6screws', '7screws', '3_14screws'] | mcs 23
C5      : 46 pts
C7      : 58 pts
C4      : 70 pts
C0      : 44 pts
C2      : 50 pts
outliers: 56 pts
C3      : 48 pts
C6      : 29 pts
C1      : 49 pts
C0  | size  44 | dist   2.63 | Known
C1  | size  49 | dist   2.82 | Known
C2  | size  50 | dist   2.59 | Known
C3  | size  48 | dist  16.03 | New Fault
C4  | size  70 | dist   4.42 | Known
C5  | size  46 | dist  17.86 | New Fault
C6  | size  29 | dist  18.61 | New Fault
C7  | size  58 | dist   2.53 | Known
--- Unknown ['5screws', '6screws', '7screws', '3_14screws', '4_146screws'] | mcs 23
C7      : 46 pts
C2      : 49 pts
C6      : 26 pts
C1      : 46 pts
C4      : 46 pts
C5      : 41 pts
C0      : 38 pts
outliers: 85 pts
C3      : 44 pts
C8      : 29 pts
C0  | size  38 | dist   2.58 | Known
C1  | size  46 | dist   2.89 | Known
C2  | size  49 | dist   2.75 | Known
C3  | size  44 | dist  15.77 | New Fault
C4  | size  46 | dist   2.52 | Known
C5  | size  41 | dist  17.55 | New Fault
C6  | size  26 | dist  22.03 | New Fault
C7  | size  46 | dist   2.63 | Known
C8  | size  29 | dist  18.68 | New Fault
==============================
▶ mcs = 24 | conf = 0.9 | thr = 13.13
==============================
--- Test‑set validation
C0      : 8screws 60筆
C1      : 4screws 56筆
C2      : 3screws 61筆
C3      : 1screws 71筆
C4      : 2screws 68筆
* C0  | size  60 | dist   2.51 | Known
* C1  | size  56 | dist   2.70 | Known
* C2  | size  61 | dist   2.55 | Known
* C3  | size  71 | dist   2.39 | Known
* C4  | size  68 | dist   2.46 | Known
--- Unknown ['5screws'] | mcs 24
C4      : 68 pts
C5      : 39 pts
C0      : 60 pts
C2      : 71 pts
outliers: 20 pts
C1      : 56 pts
C3      : 62 pts
C0  | size  60 | dist   2.51 | Known
C1  | size  56 | dist   2.70 | Known
C2  | size  71 | dist   2.39 | Known
C3  | size  62 | dist   2.53 | Known
C4  | size  68 | dist   2.49 | Known
C5  | size  39 | dist  18.23 | New Fault
--- Unknown ['5screws', '6screws'] | mcs 24
C4      : 60 pts
C6      : 68 pts
C2      : 61 pts
C0      : 60 pts
C5      : 39 pts
C1      : 56 pts
C3      : 71 pts
outliers: 21 pts
C0  | size  60 | dist   2.51 | Known
C1  | size  56 | dist   2.70 | Known
C2  | size  61 | dist   2.55 | Known
C3  | size  71 | dist   2.39 | Known
C4  | size  60 | dist  15.97 | New Fault
C5  | size  39 | dist  18.23 | New Fault
C6  | size  68 | dist   2.49 | Known
--- Unknown ['5screws', '6screws', '7screws'] | mcs 24
C5      : 52 pts
C2      : 53 pts
C0      : 53 pts
C4      : 57 pts
C3      : 63 pts
outliers: 23 pts
C6      : 31 pts
C7      : 63 pts
C1      : 55 pts
C0  | size  53 | dist   2.75 | Known
C1  | size  55 | dist   2.54 | Known
C2  | size  53 | dist   2.58 | Known
C3  | size  63 | dist   2.44 | Known
C4  | size  57 | dist  15.98 | New Fault
C5  | size  52 | dist  17.84 | New Fault
C6  | size  31 | dist  18.15 | New Fault
C7  | size  63 | dist   2.54 | Known
--- Unknown ['5screws', '6screws', '7screws', '3_14screws'] | mcs 24
C5      : 46 pts
C7      : 58 pts
C4      : 70 pts
C0      : 44 pts
C2      : 50 pts
outliers: 56 pts
C3      : 48 pts
C6      : 29 pts
C1      : 49 pts
C0  | size  44 | dist   2.63 | Known
C1  | size  49 | dist   2.82 | Known
C2  | size  50 | dist   2.59 | Known
C3  | size  48 | dist  16.03 | New Fault
C4  | size  70 | dist   4.42 | Known
C5  | size  46 | dist  17.86 | New Fault
C6  | size  29 | dist  18.61 | New Fault
C7  | size  58 | dist   2.53 | Known
--- Unknown ['5screws', '6screws', '7screws', '3_14screws', '4_146screws'] | mcs 24
C7      : 46 pts
C2      : 49 pts
C6      : 26 pts
C1      : 46 pts
C4      : 46 pts
C5      : 41 pts
C0      : 38 pts
outliers: 85 pts
C3      : 44 pts
C8      : 29 pts
C0  | size  38 | dist   2.58 | Known
C1  | size  46 | dist   2.89 | Known
C2  | size  49 | dist   2.75 | Known
C3  | size  44 | dist  15.77 | New Fault
C4  | size  46 | dist   2.52 | Known
C5  | size  41 | dist  17.55 | New Fault
C6  | size  26 | dist  22.03 | New Fault
C7  | size  46 | dist   2.63 | Known
C8  | size  29 | dist  18.68 | New Fault
==============================
▶ mcs = 24 | conf = 0.95 | thr = 13.74
==============================
--- Test‑set validation
C0      : 8screws 60筆
C1      : 4screws 56筆
C2      : 3screws 61筆
C3      : 1screws 71筆
C4      : 2screws 68筆
* C0  | size  60 | dist   2.51 | Known
* C1  | size  56 | dist   2.70 | Known
* C2  | size  61 | dist   2.55 | Known
* C3  | size  71 | dist   2.39 | Known
* C4  | size  68 | dist   2.46 | Known
--- Unknown ['5screws'] | mcs 24
C4      : 68 pts
C5      : 39 pts
C0      : 60 pts
C2      : 71 pts
outliers: 20 pts
C1      : 56 pts
C3      : 62 pts
C0  | size  60 | dist   2.51 | Known
C1  | size  56 | dist   2.70 | Known
C2  | size  71 | dist   2.39 | Known
C3  | size  62 | dist   2.53 | Known
C4  | size  68 | dist   2.49 | Known
C5  | size  39 | dist  18.23 | New Fault
--- Unknown ['5screws', '6screws'] | mcs 24
C4      : 60 pts
C6      : 68 pts
C2      : 61 pts
C0      : 60 pts
C5      : 39 pts
C1      : 56 pts
C3      : 71 pts
outliers: 21 pts
C0  | size  60 | dist   2.51 | Known
C1  | size  56 | dist   2.70 | Known
C2  | size  61 | dist   2.55 | Known
C3  | size  71 | dist   2.39 | Known
C4  | size  60 | dist  15.97 | New Fault
C5  | size  39 | dist  18.23 | New Fault
C6  | size  68 | dist   2.49 | Known
--- Unknown ['5screws', '6screws', '7screws'] | mcs 24
C5      : 52 pts
C2      : 53 pts
C0      : 53 pts
C4      : 57 pts
C3      : 63 pts
outliers: 23 pts
C6      : 31 pts
C7      : 63 pts
C1      : 55 pts
C0  | size  53 | dist   2.75 | Known
C1  | size  55 | dist   2.54 | Known
C2  | size  53 | dist   2.58 | Known
C3  | size  63 | dist   2.44 | Known
C4  | size  57 | dist  15.98 | New Fault
C5  | size  52 | dist  17.84 | New Fault
C6  | size  31 | dist  18.15 | New Fault
C7  | size  63 | dist   2.54 | Known
--- Unknown ['5screws', '6screws', '7screws', '3_14screws'] | mcs 24
C5      : 46 pts
C7      : 58 pts
C4      : 70 pts
C0      : 44 pts
C2      : 50 pts
outliers: 56 pts
C3      : 48 pts
C6      : 29 pts
C1      : 49 pts
C0  | size  44 | dist   2.63 | Known
C1  | size  49 | dist   2.82 | Known
C2  | size  50 | dist   2.59 | Known
C3  | size  48 | dist  16.03 | New Fault
C4  | size  70 | dist   4.42 | Known
C5  | size  46 | dist  17.86 | New Fault
C6  | size  29 | dist  18.61 | New Fault
C7  | size  58 | dist   2.53 | Known
--- Unknown ['5screws', '6screws', '7screws', '3_14screws', '4_146screws'] | mcs 24
C7      : 46 pts
C2      : 49 pts
C6      : 26 pts
C1      : 46 pts
C4      : 46 pts
C5      : 41 pts
C0      : 38 pts
outliers: 85 pts
C3      : 44 pts
C8      : 29 pts
C0  | size  38 | dist   2.58 | Known
C1  | size  46 | dist   2.89 | Known
C2  | size  49 | dist   2.75 | Known
C3  | size  44 | dist  15.77 | New Fault
C4  | size  46 | dist   2.52 | Known
C5  | size  41 | dist  17.55 | New Fault
C6  | size  26 | dist  22.03 | New Fault
C7  | size  46 | dist   2.63 | Known
C8  | size  29 | dist  18.68 | New Fault
==============================
▶ mcs = 24 | conf = 0.99 | thr = 14.92
==============================
--- Test‑set validation
C0      : 8screws 60筆
C1      : 4screws 56筆
C2      : 3screws 61筆
C3      : 1screws 71筆
C4      : 2screws 68筆
* C0  | size  60 | dist   2.51 | Known
* C1  | size  56 | dist   2.70 | Known
* C2  | size  61 | dist   2.55 | Known
* C3  | size  71 | dist   2.39 | Known
* C4  | size  68 | dist   2.46 | Known
--- Unknown ['5screws'] | mcs 24
C4      : 68 pts
C5      : 39 pts
C0      : 60 pts
C2      : 71 pts
outliers: 20 pts
C1      : 56 pts
C3      : 62 pts
C0  | size  60 | dist   2.51 | Known
C1  | size  56 | dist   2.70 | Known
C2  | size  71 | dist   2.39 | Known
C3  | size  62 | dist   2.53 | Known
C4  | size  68 | dist   2.49 | Known
C5  | size  39 | dist  18.23 | New Fault
--- Unknown ['5screws', '6screws'] | mcs 24
C4      : 60 pts
C6      : 68 pts
C2      : 61 pts
C0      : 60 pts
C5      : 39 pts
C1      : 56 pts
C3      : 71 pts
outliers: 21 pts
C0  | size  60 | dist   2.51 | Known
C1  | size  56 | dist   2.70 | Known
C2  | size  61 | dist   2.55 | Known
C3  | size  71 | dist   2.39 | Known
C4  | size  60 | dist  15.97 | New Fault
C5  | size  39 | dist  18.23 | New Fault
C6  | size  68 | dist   2.49 | Known
--- Unknown ['5screws', '6screws', '7screws'] | mcs 24
C5      : 52 pts
C2      : 53 pts
C0      : 53 pts
C4      : 57 pts
C3      : 63 pts
outliers: 23 pts
C6      : 31 pts
C7      : 63 pts
C1      : 55 pts
C0  | size  53 | dist   2.75 | Known
C1  | size  55 | dist   2.54 | Known
C2  | size  53 | dist   2.58 | Known
C3  | size  63 | dist   2.44 | Known
C4  | size  57 | dist  15.98 | New Fault
C5  | size  52 | dist  17.84 | New Fault
C6  | size  31 | dist  18.15 | New Fault
C7  | size  63 | dist   2.54 | Known
--- Unknown ['5screws', '6screws', '7screws', '3_14screws'] | mcs 24
C5      : 46 pts
C7      : 58 pts
C4      : 70 pts
C0      : 44 pts
C2      : 50 pts
outliers: 56 pts
C3      : 48 pts
C6      : 29 pts
C1      : 49 pts
C0  | size  44 | dist   2.63 | Known
C1  | size  49 | dist   2.82 | Known
C2  | size  50 | dist   2.59 | Known
C3  | size  48 | dist  16.03 | New Fault
C4  | size  70 | dist   4.42 | Known
C5  | size  46 | dist  17.86 | New Fault
C6  | size  29 | dist  18.61 | New Fault
C7  | size  58 | dist   2.53 | Known
--- Unknown ['5screws', '6screws', '7screws', '3_14screws', '4_146screws'] | mcs 24
C7      : 46 pts
C2      : 49 pts
C6      : 26 pts
C1      : 46 pts
C4      : 46 pts
C5      : 41 pts
C0      : 38 pts
outliers: 85 pts
C3      : 44 pts
C8      : 29 pts
C0  | size  38 | dist   2.58 | Known
C1  | size  46 | dist   2.89 | Known
C2  | size  49 | dist   2.75 | Known
C3  | size  44 | dist  15.77 | New Fault
C4  | size  46 | dist   2.52 | Known
C5  | size  41 | dist  17.55 | New Fault
C6  | size  26 | dist  22.03 | New Fault
C7  | size  46 | dist   2.63 | Known
C8  | size  29 | dist  18.68 | New Fault
