2026-06-13 03:19:32 | INFO  | Logger initialized
2026-06-13 03:19:32 | INFO  | log_file=/home/albert/Ancestor/logs/Step1_Data_Preprocessing_figure_6000/2026-06-13-03-19-32.log
2026-06-13 03:19:32 | INFO  | output_dir=/home/albert/Ancestor/output/Step1_Data_Preprocessing_figure_6000/2026-06-13-03-19-32
Processing data for T1 motor with 8 screws...
2026-06-13 03:20:46 | INFO  | Saved plot: /home/albert/Ancestor/output/Step1_Data_Preprocessing_figure_6000/2026-06-13-03-19-32/plot_000.png
2026-06-13 03:20:50 | INFO  | Saved plot: /home/albert/Ancestor/output/Step1_Data_Preprocessing_figure_6000/2026-06-13-03-19-32/plot_001.png
Processing data for T1 motor with 7 screws...
2026-06-13 03:22:06 | INFO  | Saved plot: /home/albert/Ancestor/output/Step1_Data_Preprocessing_figure_6000/2026-06-13-03-19-32/plot_003.png
2026-06-13 03:22:11 | INFO  | Saved plot: /home/albert/Ancestor/output/Step1_Data_Preprocessing_figure_6000/2026-06-13-03-19-32/plot_004.png
Processing data for T1 motor with 6 screws...
2026-06-13 03:23:27 | INFO  | Saved plot: /home/albert/Ancestor/output/Step1_Data_Preprocessing_figure_6000/2026-06-13-03-19-32/plot_006.png
2026-06-13 03:23:33 | INFO  | Saved plot: /home/albert/Ancestor/output/Step1_Data_Preprocessing_figure_6000/2026-06-13-03-19-32/plot_007.png
Processing data for T1 motor with 5 screws...
2026-06-13 03:24:47 | INFO  | Saved plot: /home/albert/Ancestor/output/Step1_Data_Preprocessing_figure_6000/2026-06-13-03-19-32/plot_009.png
2026-06-13 03:24:52 | INFO  | Saved plot: /home/albert/Ancestor/output/Step1_Data_Preprocessing_figure_6000/2026-06-13-03-19-32/plot_010.png
Processing data for T1 motor with 4 screws...
2026-06-13 03:26:11 | INFO  | Saved plot: /home/albert/Ancestor/output/Step1_Data_Preprocessing_figure_6000/2026-06-13-03-19-32/plot_012.png
2026-06-13 03:26:15 | INFO  | Saved plot: /home/albert/Ancestor/output/Step1_Data_Preprocessing_figure_6000/2026-06-13-03-19-32/plot_013.png
Processing data for T1 motor with 3 screws...
2026-06-13 03:27:33 | INFO  | Saved plot: /home/albert/Ancestor/output/Step1_Data_Preprocessing_figure_6000/2026-06-13-03-19-32/plot_015.png
2026-06-13 03:27:37 | INFO  | Saved plot: /home/albert/Ancestor/output/Step1_Data_Preprocessing_figure_6000/2026-06-13-03-19-32/plot_016.png
Processing data for T1 motor with 2 screws...
2026-06-13 03:28:55 | INFO  | Saved plot: /home/albert/Ancestor/output/Step1_Data_Preprocessing_figure_6000/2026-06-13-03-19-32/plot_018.png
2026-06-13 03:29:11 | INFO  | Saved plot: /home/albert/Ancestor/output/Step1_Data_Preprocessing_figure_6000/2026-06-13-03-19-32/plot_019.png
Processing data for T1 motor with 1 screws...
2026-06-13 03:30:25 | INFO  | Saved plot: /home/albert/Ancestor/output/Step1_Data_Preprocessing_figure_6000/2026-06-13-03-19-32/plot_021.png
2026-06-13 03:30:30 | INFO  | Saved plot: /home/albert/Ancestor/output/Step1_Data_Preprocessing_figure_6000/2026-06-13-03-19-32/plot_022.png
Processing data for T1 motor with 3_14 screws...
2026-06-13 03:31:46 | INFO  | Saved plot: /home/albert/Ancestor/output/Step1_Data_Preprocessing_figure_6000/2026-06-13-03-19-32/plot_024.png
2026-06-13 03:31:51 | INFO  | Saved plot: /home/albert/Ancestor/output/Step1_Data_Preprocessing_figure_6000/2026-06-13-03-19-32/plot_025.png
Processing data for T1 motor with 4_146 screws...
2026-06-13 03:33:06 | INFO  | Saved plot: /home/albert/Ancestor/output/Step1_Data_Preprocessing_figure_6000/2026-06-13-03-19-32/plot_027.png
2026-06-13 03:33:10 | INFO  | Saved plot: /home/albert/Ancestor/output/Step1_Data_Preprocessing_figure_6000/2026-06-13-03-19-32/plot_028.png
