2026-08-05 16:28:14 | INFO  | Logger initialized
2026-08-05 16:28:14 | INFO  | log_file=/home/albert/Ancestor/logs/Step4_Model_27_Detecting/2026-08-05-16-28-14.log
2026-08-05 16:28:14 | INFO  | output_dir=/home/albert/Ancestor/output/Step4_Model_27_Detecting/2026-08-05-16-28-14
=== 1. Loading training data ===
✔️ Train : (1263, 105)  |  Test : (316, 105)
==============================
▶ mcs = 21 | conf = 0.9 | thr = 7.60
==============================
--- Test‑set validation
outliers: 3screws 7筆，4screws 3筆
C0      : 8screws 60筆
C1      : 2screws 68筆
C2      : 1screws 71筆
C3      : 4screws 53筆
C4      : 3screws 54筆
* C0  | size  60 | dist   2.19 | Known
* C1  | size  68 | dist   2.05 | Known
* C2  | size  71 | dist   2.03 | Known
* C3  | size  53 | dist   2.36 | Known
* C4  | size  54 | dist   2.33 | Known
--- Unknown ['5screws'] | mcs 21
C4      : 48 pts
C5      : 37 pts
outliers: 53 pts
C0      : 60 pts
C1      : 71 pts
C2      : 53 pts
C3      : 54 pts
C0  | size  60 | dist   2.19 | Known
C1  | size  71 | dist   2.03 | Known
C2  | size  53 | dist   2.36 | Known
C3  | size  54 | dist   2.33 | Known
C4  | size  48 | dist   2.07 | Known
C5  | size  37 | dist  13.22 | New Fault
--- Unknown ['5screws', '6screws'] | mcs 21
C2      : 60 pts
C5      : 47 pts
C4      : 54 pts
C0      : 60 pts
C6      : 38 pts
C3      : 53 pts
outliers: 53 pts
C1      : 71 pts
C0  | size  60 | dist   2.19 | Known
C1  | size  71 | dist   2.03 | Known
C2  | size  60 | dist  14.49 | New Fault
C3  | size  53 | dist   2.36 | Known
C4  | size  54 | dist   2.33 | Known
C5  | size  47 | dist   2.07 | Known
C6  | size  38 | dist  13.10 | New Fault
--- Unknown ['5screws', '6screws', '7screws'] | mcs 21
C1      : 52 pts
C4      : 46 pts
C5      : 51 pts
C3      : 57 pts
C2      : 63 pts
C6      : 32 pts
outliers: 52 pts
C0      : 55 pts
C7      : 42 pts
C0  | size  55 | dist   2.16 | Known
C1  | size  52 | dist  26.22 | New Fault
C2  | size  63 | dist   2.05 | Known
C3  | size  57 | dist  14.45 | New Fault
C4  | size  46 | dist   2.37 | Known
C5  | size  51 | dist   2.39 | Known
C6  | size  32 | dist  13.04 | New Fault
C7  | size  42 | dist   2.06 | Known
--- Unknown ['5screws', '6screws', '7screws', '3_14screws'] | mcs 21
C1      : 46 pts
outliers: 79 pts
C2      : 57 pts
C0      : 44 pts
C5      : 43 pts
C3      : 49 pts
C8      : 27 pts
C7      : 38 pts
C6      : 46 pts
C4      : 21 pts
C0  | size  44 | dist   2.23 | Known
C1  | size  46 | dist  26.33 | New Fault
C2  | size  57 | dist   2.06 | Known
C3  | size  49 | dist  14.51 | New Fault
C4  | size  21 | dist  28.12 | New Fault
C5  | size  43 | dist   2.32 | Known
C6  | size  46 | dist   2.43 | Known
C7  | size  38 | dist   2.19 | Known
C8  | size  27 | dist  13.13 | New Fault
--- Unknown ['5screws', '6screws', '7screws', '3_14screws', '4_146screws'] | mcs 21
C8      : 25 pts
C7      : 39 pts
C1      : 44 pts
C6      : 44 pts
C5      : 48 pts
C3      : 41 pts
C2      : 38 pts
outliers: 77 pts
C4      : 44 pts
C9      : 26 pts
C0      : 24 pts
C0  | size  24 | dist  29.33 | New Fault
C1  | size  44 | dist  47.84 | New Fault
C2  | size  38 | dist   2.18 | Known
C3  | size  41 | dist  26.35 | New Fault
C4  | size  44 | dist  14.39 | New Fault
C5  | size  48 | dist   2.00 | Known
C6  | size  44 | dist   2.47 | Known
C7  | size  39 | dist   2.37 | Known
C8  | size  25 | dist   2.52 | Known
C9  | size  26 | dist  13.13 | New Fault
==============================
▶ mcs = 21 | conf = 0.95 | thr = 8.22
==============================
--- Test‑set validation
outliers: 3screws 7筆，4screws 3筆
C0      : 8screws 60筆
C1      : 2screws 68筆
C2      : 1screws 71筆
C3      : 4screws 53筆
C4      : 3screws 54筆
* C0  | size  60 | dist   2.19 | Known
* C1  | size  68 | dist   2.05 | Known
* C2  | size  71 | dist   2.03 | Known
* C3  | size  53 | dist   2.36 | Known
* C4  | size  54 | dist   2.33 | Known
--- Unknown ['5screws'] | mcs 21
C4      : 48 pts
C5      : 37 pts
outliers: 53 pts
C0      : 60 pts
C1      : 71 pts
C2      : 53 pts
C3      : 54 pts
C0  | size  60 | dist   2.19 | Known
C1  | size  71 | dist   2.03 | Known
C2  | size  53 | dist   2.36 | Known
C3  | size  54 | dist   2.33 | Known
C4  | size  48 | dist   2.07 | Known
C5  | size  37 | dist  13.22 | New Fault
--- Unknown ['5screws', '6screws'] | mcs 21
C2      : 60 pts
C5      : 47 pts
C4      : 54 pts
C0      : 60 pts
C6      : 38 pts
C3      : 53 pts
outliers: 53 pts
C1      : 71 pts
C0  | size  60 | dist   2.19 | Known
C1  | size  71 | dist   2.03 | Known
C2  | size  60 | dist  14.49 | New Fault
C3  | size  53 | dist   2.36 | Known
C4  | size  54 | dist   2.33 | Known
C5  | size  47 | dist   2.07 | Known
C6  | size  38 | dist  13.10 | New Fault
--- Unknown ['5screws', '6screws', '7screws'] | mcs 21
C1      : 52 pts
C4      : 46 pts
C5      : 51 pts
C3      : 57 pts
C2      : 63 pts
C6      : 32 pts
outliers: 52 pts
C0      : 55 pts
C7      : 42 pts
C0  | size  55 | dist   2.16 | Known
C1  | size  52 | dist  26.22 | New Fault
C2  | size  63 | dist   2.05 | Known
C3  | size  57 | dist  14.45 | New Fault
C4  | size  46 | dist   2.37 | Known
C5  | size  51 | dist   2.39 | Known
C6  | size  32 | dist  13.04 | New Fault
C7  | size  42 | dist   2.06 | Known
--- Unknown ['5screws', '6screws', '7screws', '3_14screws'] | mcs 21
C1      : 46 pts
outliers: 79 pts
C2      : 57 pts
C0      : 44 pts
C5      : 43 pts
C3      : 49 pts
C8      : 27 pts
C7      : 38 pts
C6      : 46 pts
C4      : 21 pts
C0  | size  44 | dist   2.23 | Known
C1  | size  46 | dist  26.33 | New Fault
C2  | size  57 | dist   2.06 | Known
C3  | size  49 | dist  14.51 | New Fault
C4  | size  21 | dist  28.12 | New Fault
C5  | size  43 | dist   2.32 | Known
C6  | size  46 | dist   2.43 | Known
C7  | size  38 | dist   2.19 | Known
C8  | size  27 | dist  13.13 | New Fault
--- Unknown ['5screws', '6screws', '7screws', '3_14screws', '4_146screws'] | mcs 21
C8      : 25 pts
C7      : 39 pts
C1      : 44 pts
C6      : 44 pts
C5      : 48 pts
C3      : 41 pts
C2      : 38 pts
outliers: 77 pts
C4      : 44 pts
C9      : 26 pts
C0      : 24 pts
C0  | size  24 | dist  29.33 | New Fault
C1  | size  44 | dist  47.84 | New Fault
C2  | size  38 | dist   2.18 | Known
C3  | size  41 | dist  26.35 | New Fault
C4  | size  44 | dist  14.39 | New Fault
C5  | size  48 | dist   2.00 | Known
C6  | size  44 | dist   2.47 | Known
C7  | size  39 | dist   2.37 | Known
C8  | size  25 | dist   2.52 | Known
C9  | size  26 | dist  13.13 | New Fault
==============================
▶ mcs = 21 | conf = 0.99 | thr = 9.60
==============================
--- Test‑set validation
outliers: 3screws 7筆，4screws 3筆
C0      : 8screws 60筆
C1      : 2screws 68筆
C2      : 1screws 71筆
C3      : 4screws 53筆
C4      : 3screws 54筆
* C0  | size  60 | dist   2.19 | Known
* C1  | size  68 | dist   2.05 | Known
* C2  | size  71 | dist   2.03 | Known
* C3  | size  53 | dist   2.36 | Known
* C4  | size  54 | dist   2.33 | Known
--- Unknown ['5screws'] | mcs 21
C4      : 48 pts
C5      : 37 pts
outliers: 53 pts
C0      : 60 pts
C1      : 71 pts
C2      : 53 pts
C3      : 54 pts
C0  | size  60 | dist   2.19 | Known
C1  | size  71 | dist   2.03 | Known
C2  | size  53 | dist   2.36 | Known
C3  | size  54 | dist   2.33 | Known
C4  | size  48 | dist   2.07 | Known
C5  | size  37 | dist  13.22 | New Fault
--- Unknown ['5screws', '6screws'] | mcs 21
C2      : 60 pts
C5      : 47 pts
C4      : 54 pts
C0      : 60 pts
C6      : 38 pts
C3      : 53 pts
outliers: 53 pts
C1      : 71 pts
C0  | size  60 | dist   2.19 | Known
C1  | size  71 | dist   2.03 | Known
C2  | size  60 | dist  14.49 | New Fault
C3  | size  53 | dist   2.36 | Known
C4  | size  54 | dist   2.33 | Known
C5  | size  47 | dist   2.07 | Known
C6  | size  38 | dist  13.10 | New Fault
--- Unknown ['5screws', '6screws', '7screws'] | mcs 21
C1      : 52 pts
C4      : 46 pts
C5      : 51 pts
C3      : 57 pts
C2      : 63 pts
C6      : 32 pts
outliers: 52 pts
C0      : 55 pts
C7      : 42 pts
C0  | size  55 | dist   2.16 | Known
C1  | size  52 | dist  26.22 | New Fault
C2  | size  63 | dist   2.05 | Known
C3  | size  57 | dist  14.45 | New Fault
C4  | size  46 | dist   2.37 | Known
C5  | size  51 | dist   2.39 | Known
C6  | size  32 | dist  13.04 | New Fault
C7  | size  42 | dist   2.06 | Known
--- Unknown ['5screws', '6screws', '7screws', '3_14screws'] | mcs 21
C1      : 46 pts
outliers: 79 pts
C2      : 57 pts
C0      : 44 pts
C5      : 43 pts
C3      : 49 pts
C8      : 27 pts
C7      : 38 pts
C6      : 46 pts
C4      : 21 pts
C0  | size  44 | dist   2.23 | Known
C1  | size  46 | dist  26.33 | New Fault
C2  | size  57 | dist   2.06 | Known
C3  | size  49 | dist  14.51 | New Fault
C4  | size  21 | dist  28.12 | New Fault
C5  | size  43 | dist   2.32 | Known
C6  | size  46 | dist   2.43 | Known
C7  | size  38 | dist   2.19 | Known
C8  | size  27 | dist  13.13 | New Fault
--- Unknown ['5screws', '6screws', '7screws', '3_14screws', '4_146screws'] | mcs 21
C8      : 25 pts
C7      : 39 pts
C1      : 44 pts
C6      : 44 pts
C5      : 48 pts
C3      : 41 pts
C2      : 38 pts
outliers: 77 pts
C4      : 44 pts
C9      : 26 pts
C0      : 24 pts
C0  | size  24 | dist  29.33 | New Fault
C1  | size  44 | dist  47.84 | New Fault
C2  | size  38 | dist   2.18 | Known
C3  | size  41 | dist  26.35 | New Fault
C4  | size  44 | dist  14.39 | New Fault
C5  | size  48 | dist   2.00 | Known
C6  | size  44 | dist   2.47 | Known
C7  | size  39 | dist   2.37 | Known
C8  | size  25 | dist   2.52 | Known
C9  | size  26 | dist  13.13 | New Fault
==============================
▶ mcs = 22 | conf = 0.9 | thr = 7.60
==============================
--- Test‑set validation
outliers: 3screws 7筆，4screws 3筆
C0      : 8screws 60筆
C1      : 2screws 68筆
C2      : 1screws 71筆
C3      : 4screws 53筆
C4      : 3screws 54筆
* C0  | size  60 | dist   2.19 | Known
* C1  | size  68 | dist   2.05 | Known
* C2  | size  71 | dist   2.03 | Known
* C3  | size  53 | dist   2.36 | Known
* C4  | size  54 | dist   2.33 | Known
--- Unknown ['5screws'] | mcs 22
C4      : 48 pts
C5      : 37 pts
outliers: 53 pts
C0      : 60 pts
C1      : 71 pts
C2      : 53 pts
C3      : 54 pts
C0  | size  60 | dist   2.19 | Known
C1  | size  71 | dist   2.03 | Known
C2  | size  53 | dist   2.36 | Known
C3  | size  54 | dist   2.33 | Known
C4  | size  48 | dist   2.07 | Known
C5  | size  37 | dist  13.22 | New Fault
--- Unknown ['5screws', '6screws'] | mcs 22
C2      : 60 pts
C5      : 47 pts
C4      : 54 pts
C0      : 60 pts
C6      : 38 pts
C3      : 53 pts
outliers: 53 pts
C1      : 71 pts
C0  | size  60 | dist   2.19 | Known
C1  | size  71 | dist   2.03 | Known
C2  | size  60 | dist  14.49 | New Fault
C3  | size  53 | dist   2.36 | Known
C4  | size  54 | dist   2.33 | Known
C5  | size  47 | dist   2.07 | Known
C6  | size  38 | dist  13.10 | New Fault
--- Unknown ['5screws', '6screws', '7screws'] | mcs 22
C1      : 52 pts
C4      : 46 pts
C5      : 51 pts
C3      : 57 pts
C2      : 63 pts
C6      : 32 pts
outliers: 52 pts
C0      : 55 pts
C7      : 42 pts
C0  | size  55 | dist   2.16 | Known
C1  | size  52 | dist  26.22 | New Fault
C2  | size  63 | dist   2.05 | Known
C3  | size  57 | dist  14.45 | New Fault
C4  | size  46 | dist   2.37 | Known
C5  | size  51 | dist   2.39 | Known
C6  | size  32 | dist  13.04 | New Fault
C7  | size  42 | dist   2.06 | Known
--- Unknown ['5screws', '6screws', '7screws', '3_14screws'] | mcs 22
C1      : 46 pts
outliers: 100 pts
C2      : 57 pts
C0      : 44 pts
C4      : 43 pts
C3      : 49 pts
C7      : 27 pts
C6      : 38 pts
C5      : 46 pts
C0  | size  44 | dist   2.23 | Known
C1  | size  46 | dist  26.33 | New Fault
C2  | size  57 | dist   2.06 | Known
C3  | size  49 | dist  14.51 | New Fault
C4  | size  43 | dist   2.32 | Known
C5  | size  46 | dist   2.43 | Known
C6  | size  38 | dist   2.19 | Known
C7  | size  27 | dist  13.13 | New Fault
--- Unknown ['5screws', '6screws', '7screws', '3_14screws', '4_146screws'] | mcs 22
C8      : 25 pts
C7      : 39 pts
C1      : 44 pts
C6      : 44 pts
C5      : 48 pts
C3      : 41 pts
C2      : 38 pts
outliers: 77 pts
C4      : 44 pts
C9      : 26 pts
C0      : 24 pts
C0  | size  24 | dist  29.33 | New Fault
C1  | size  44 | dist  47.84 | New Fault
C2  | size  38 | dist   2.18 | Known
C3  | size  41 | dist  26.35 | New Fault
C4  | size  44 | dist  14.39 | New Fault
C5  | size  48 | dist   2.00 | Known
C6  | size  44 | dist   2.47 | Known
C7  | size  39 | dist   2.37 | Known
C8  | size  25 | dist   2.52 | Known
C9  | size  26 | dist  13.13 | New Fault
==============================
▶ mcs = 22 | conf = 0.95 | thr = 8.22
==============================
--- Test‑set validation
outliers: 3screws 7筆，4screws 3筆
C0      : 8screws 60筆
C1      : 2screws 68筆
C2      : 1screws 71筆
C3      : 4screws 53筆
C4      : 3screws 54筆
* C0  | size  60 | dist   2.19 | Known
* C1  | size  68 | dist   2.05 | Known
* C2  | size  71 | dist   2.03 | Known
* C3  | size  53 | dist   2.36 | Known
* C4  | size  54 | dist   2.33 | Known
--- Unknown ['5screws'] | mcs 22
C4      : 48 pts
C5      : 37 pts
outliers: 53 pts
C0      : 60 pts
C1      : 71 pts
C2      : 53 pts
C3      : 54 pts
C0  | size  60 | dist   2.19 | Known
C1  | size  71 | dist   2.03 | Known
C2  | size  53 | dist   2.36 | Known
C3  | size  54 | dist   2.33 | Known
C4  | size  48 | dist   2.07 | Known
C5  | size  37 | dist  13.22 | New Fault
--- Unknown ['5screws', '6screws'] | mcs 22
C2      : 60 pts
C5      : 47 pts
C4      : 54 pts
C0      : 60 pts
C6      : 38 pts
C3      : 53 pts
outliers: 53 pts
C1      : 71 pts
C0  | size  60 | dist   2.19 | Known
C1  | size  71 | dist   2.03 | Known
C2  | size  60 | dist  14.49 | New Fault
C3  | size  53 | dist   2.36 | Known
C4  | size  54 | dist   2.33 | Known
C5  | size  47 | dist   2.07 | Known
C6  | size  38 | dist  13.10 | New Fault
--- Unknown ['5screws', '6screws', '7screws'] | mcs 22
C1      : 52 pts
C4      : 46 pts
C5      : 51 pts
C3      : 57 pts
C2      : 63 pts
C6      : 32 pts
outliers: 52 pts
C0      : 55 pts
C7      : 42 pts
C0  | size  55 | dist   2.16 | Known
C1  | size  52 | dist  26.22 | New Fault
C2  | size  63 | dist   2.05 | Known
C3  | size  57 | dist  14.45 | New Fault
C4  | size  46 | dist   2.37 | Known
C5  | size  51 | dist   2.39 | Known
C6  | size  32 | dist  13.04 | New Fault
C7  | size  42 | dist   2.06 | Known
--- Unknown ['5screws', '6screws', '7screws', '3_14screws'] | mcs 22
C1      : 46 pts
outliers: 100 pts
C2      : 57 pts
C0      : 44 pts
C4      : 43 pts
C3      : 49 pts
C7      : 27 pts
C6      : 38 pts
C5      : 46 pts
C0  | size  44 | dist   2.23 | Known
C1  | size  46 | dist  26.33 | New Fault
C2  | size  57 | dist   2.06 | Known
C3  | size  49 | dist  14.51 | New Fault
C4  | size  43 | dist   2.32 | Known
C5  | size  46 | dist   2.43 | Known
C6  | size  38 | dist   2.19 | Known
C7  | size  27 | dist  13.13 | New Fault
--- Unknown ['5screws', '6screws', '7screws', '3_14screws', '4_146screws'] | mcs 22
C8      : 25 pts
C7      : 39 pts
C1      : 44 pts
C6      : 44 pts
C5      : 48 pts
C3      : 41 pts
C2      : 38 pts
outliers: 77 pts
C4      : 44 pts
C9      : 26 pts
C0      : 24 pts
C0  | size  24 | dist  29.33 | New Fault
C1  | size  44 | dist  47.84 | New Fault
C2  | size  38 | dist   2.18 | Known
C3  | size  41 | dist  26.35 | New Fault
C4  | size  44 | dist  14.39 | New Fault
C5  | size  48 | dist   2.00 | Known
C6  | size  44 | dist   2.47 | Known
C7  | size  39 | dist   2.37 | Known
C8  | size  25 | dist   2.52 | Known
C9  | size  26 | dist  13.13 | New Fault
==============================
▶ mcs = 22 | conf = 0.99 | thr = 9.60
==============================
--- Test‑set validation
outliers: 3screws 7筆，4screws 3筆
C0      : 8screws 60筆
C1      : 2screws 68筆
C2      : 1screws 71筆
C3      : 4screws 53筆
C4      : 3screws 54筆
* C0  | size  60 | dist   2.19 | Known
* C1  | size  68 | dist   2.05 | Known
* C2  | size  71 | dist   2.03 | Known
* C3  | size  53 | dist   2.36 | Known
* C4  | size  54 | dist   2.33 | Known
--- Unknown ['5screws'] | mcs 22
C4      : 48 pts
C5      : 37 pts
outliers: 53 pts
C0      : 60 pts
C1      : 71 pts
C2      : 53 pts
C3      : 54 pts
C0  | size  60 | dist   2.19 | Known
C1  | size  71 | dist   2.03 | Known
C2  | size  53 | dist   2.36 | Known
C3  | size  54 | dist   2.33 | Known
C4  | size  48 | dist   2.07 | Known
C5  | size  37 | dist  13.22 | New Fault
--- Unknown ['5screws', '6screws'] | mcs 22
C2      : 60 pts
C5      : 47 pts
C4      : 54 pts
C0      : 60 pts
C6      : 38 pts
C3      : 53 pts
outliers: 53 pts
C1      : 71 pts
C0  | size  60 | dist   2.19 | Known
C1  | size  71 | dist   2.03 | Known
C2  | size  60 | dist  14.49 | New Fault
C3  | size  53 | dist   2.36 | Known
C4  | size  54 | dist   2.33 | Known
C5  | size  47 | dist   2.07 | Known
C6  | size  38 | dist  13.10 | New Fault
--- Unknown ['5screws', '6screws', '7screws'] | mcs 22
C1      : 52 pts
C4      : 46 pts
C5      : 51 pts
C3      : 57 pts
C2      : 63 pts
C6      : 32 pts
outliers: 52 pts
C0      : 55 pts
C7      : 42 pts
C0  | size  55 | dist   2.16 | Known
C1  | size  52 | dist  26.22 | New Fault
C2  | size  63 | dist   2.05 | Known
C3  | size  57 | dist  14.45 | New Fault
C4  | size  46 | dist   2.37 | Known
C5  | size  51 | dist   2.39 | Known
C6  | size  32 | dist  13.04 | New Fault
C7  | size  42 | dist   2.06 | Known
--- Unknown ['5screws', '6screws', '7screws', '3_14screws'] | mcs 22
C1      : 46 pts
outliers: 100 pts
C2      : 57 pts
C0      : 44 pts
C4      : 43 pts
C3      : 49 pts
C7      : 27 pts
C6      : 38 pts
C5      : 46 pts
C0  | size  44 | dist   2.23 | Known
C1  | size  46 | dist  26.33 | New Fault
C2  | size  57 | dist   2.06 | Known
C3  | size  49 | dist  14.51 | New Fault
C4  | size  43 | dist   2.32 | Known
C5  | size  46 | dist   2.43 | Known
C6  | size  38 | dist   2.19 | Known
C7  | size  27 | dist  13.13 | New Fault
--- Unknown ['5screws', '6screws', '7screws', '3_14screws', '4_146screws'] | mcs 22
C8      : 25 pts
C7      : 39 pts
C1      : 44 pts
C6      : 44 pts
C5      : 48 pts
C3      : 41 pts
C2      : 38 pts
outliers: 77 pts
C4      : 44 pts
C9      : 26 pts
C0      : 24 pts
C0  | size  24 | dist  29.33 | New Fault
C1  | size  44 | dist  47.84 | New Fault
C2  | size  38 | dist   2.18 | Known
C3  | size  41 | dist  26.35 | New Fault
C4  | size  44 | dist  14.39 | New Fault
C5  | size  48 | dist   2.00 | Known
C6  | size  44 | dist   2.47 | Known
C7  | size  39 | dist   2.37 | Known
C8  | size  25 | dist   2.52 | Known
C9  | size  26 | dist  13.13 | New Fault
==============================
▶ mcs = 23 | conf = 0.9 | thr = 7.60
==============================
--- Test‑set validation
outliers: 3screws 7筆，4screws 3筆
C0      : 8screws 60筆
C1      : 2screws 68筆
C2      : 1screws 71筆
C3      : 4screws 53筆
C4      : 3screws 54筆
* C0  | size  60 | dist   2.19 | Known
* C1  | size  68 | dist   2.05 | Known
* C2  | size  71 | dist   2.03 | Known
* C3  | size  53 | dist   2.36 | Known
* C4  | size  54 | dist   2.33 | Known
--- Unknown ['5screws'] | mcs 23
C4      : 48 pts
C5      : 37 pts
outliers: 53 pts
C0      : 60 pts
C1      : 71 pts
C2      : 53 pts
C3      : 54 pts
C0  | size  60 | dist   2.19 | Known
C1  | size  71 | dist   2.03 | Known
C2  | size  53 | dist   2.36 | Known
C3  | size  54 | dist   2.33 | Known
C4  | size  48 | dist   2.07 | Known
C5  | size  37 | dist  13.22 | New Fault
--- Unknown ['5screws', '6screws'] | mcs 23
C2      : 60 pts
C5      : 47 pts
C4      : 54 pts
C0      : 60 pts
C6      : 38 pts
C3      : 53 pts
outliers: 53 pts
C1      : 71 pts
C0  | size  60 | dist   2.19 | Known
C1  | size  71 | dist   2.03 | Known
C2  | size  60 | dist  14.49 | New Fault
C3  | size  53 | dist   2.36 | Known
C4  | size  54 | dist   2.33 | Known
C5  | size  47 | dist   2.07 | Known
C6  | size  38 | dist  13.10 | New Fault
--- Unknown ['5screws', '6screws', '7screws'] | mcs 23
C1      : 52 pts
C4      : 46 pts
C5      : 51 pts
C3      : 57 pts
C2      : 63 pts
C6      : 32 pts
outliers: 52 pts
C0      : 55 pts
C7      : 42 pts
C0  | size  55 | dist   2.16 | Known
C1  | size  52 | dist  26.22 | New Fault
C2  | size  63 | dist   2.05 | Known
C3  | size  57 | dist  14.45 | New Fault
C4  | size  46 | dist   2.37 | Known
C5  | size  51 | dist   2.39 | Known
C6  | size  32 | dist  13.04 | New Fault
C7  | size  42 | dist   2.06 | Known
--- Unknown ['5screws', '6screws', '7screws', '3_14screws'] | mcs 23
C1      : 46 pts
outliers: 100 pts
C2      : 57 pts
C0      : 44 pts
C4      : 43 pts
C3      : 49 pts
C7      : 27 pts
C6      : 38 pts
C5      : 46 pts
C0  | size  44 | dist   2.23 | Known
C1  | size  46 | dist  26.33 | New Fault
C2  | size  57 | dist   2.06 | Known
C3  | size  49 | dist  14.51 | New Fault
C4  | size  43 | dist   2.32 | Known
C5  | size  46 | dist   2.43 | Known
C6  | size  38 | dist   2.19 | Known
C7  | size  27 | dist  13.13 | New Fault
--- Unknown ['5screws', '6screws', '7screws', '3_14screws', '4_146screws'] | mcs 23
C8      : 25 pts
C7      : 39 pts
C1      : 44 pts
C6      : 44 pts
C5      : 48 pts
C3      : 41 pts
C2      : 38 pts
outliers: 77 pts
C4      : 44 pts
C9      : 26 pts
C0      : 24 pts
C0  | size  24 | dist  29.33 | New Fault
C1  | size  44 | dist  47.84 | New Fault
C2  | size  38 | dist   2.18 | Known
C3  | size  41 | dist  26.35 | New Fault
C4  | size  44 | dist  14.39 | New Fault
C5  | size  48 | dist   2.00 | Known
C6  | size  44 | dist   2.47 | Known
C7  | size  39 | dist   2.37 | Known
C8  | size  25 | dist   2.52 | Known
C9  | size  26 | dist  13.13 | New Fault
==============================
▶ mcs = 23 | conf = 0.95 | thr = 8.22
==============================
--- Test‑set validation
outliers: 3screws 7筆，4screws 3筆
C0      : 8screws 60筆
C1      : 2screws 68筆
C2      : 1screws 71筆
C3      : 4screws 53筆
C4      : 3screws 54筆
* C0  | size  60 | dist   2.19 | Known
* C1  | size  68 | dist   2.05 | Known
* C2  | size  71 | dist   2.03 | Known
* C3  | size  53 | dist   2.36 | Known
* C4  | size  54 | dist   2.33 | Known
--- Unknown ['5screws'] | mcs 23
C4      : 48 pts
C5      : 37 pts
outliers: 53 pts
C0      : 60 pts
C1      : 71 pts
C2      : 53 pts
C3      : 54 pts
C0  | size  60 | dist   2.19 | Known
C1  | size  71 | dist   2.03 | Known
C2  | size  53 | dist   2.36 | Known
C3  | size  54 | dist   2.33 | Known
C4  | size  48 | dist   2.07 | Known
C5  | size  37 | dist  13.22 | New Fault
--- Unknown ['5screws', '6screws'] | mcs 23
C2      : 60 pts
C5      : 47 pts
C4      : 54 pts
C0      : 60 pts
C6      : 38 pts
C3      : 53 pts
outliers: 53 pts
C1      : 71 pts
C0  | size  60 | dist   2.19 | Known
C1  | size  71 | dist   2.03 | Known
C2  | size  60 | dist  14.49 | New Fault
C3  | size  53 | dist   2.36 | Known
C4  | size  54 | dist   2.33 | Known
C5  | size  47 | dist   2.07 | Known
C6  | size  38 | dist  13.10 | New Fault
--- Unknown ['5screws', '6screws', '7screws'] | mcs 23
C1      : 52 pts
C4      : 46 pts
C5      : 51 pts
C3      : 57 pts
C2      : 63 pts
C6      : 32 pts
outliers: 52 pts
C0      : 55 pts
C7      : 42 pts
C0  | size  55 | dist   2.16 | Known
C1  | size  52 | dist  26.22 | New Fault
C2  | size  63 | dist   2.05 | Known
C3  | size  57 | dist  14.45 | New Fault
C4  | size  46 | dist   2.37 | Known
C5  | size  51 | dist   2.39 | Known
C6  | size  32 | dist  13.04 | New Fault
C7  | size  42 | dist   2.06 | Known
--- Unknown ['5screws', '6screws', '7screws', '3_14screws'] | mcs 23
C1      : 46 pts
outliers: 100 pts
C2      : 57 pts
C0      : 44 pts
C4      : 43 pts
C3      : 49 pts
C7      : 27 pts
C6      : 38 pts
C5      : 46 pts
C0  | size  44 | dist   2.23 | Known
C1  | size  46 | dist  26.33 | New Fault
C2  | size  57 | dist   2.06 | Known
C3  | size  49 | dist  14.51 | New Fault
C4  | size  43 | dist   2.32 | Known
C5  | size  46 | dist   2.43 | Known
C6  | size  38 | dist   2.19 | Known
C7  | size  27 | dist  13.13 | New Fault
--- Unknown ['5screws', '6screws', '7screws', '3_14screws', '4_146screws'] | mcs 23
C8      : 25 pts
C7      : 39 pts
C1      : 44 pts
C6      : 44 pts
C5      : 48 pts
C3      : 41 pts
C2      : 38 pts
outliers: 77 pts
C4      : 44 pts
C9      : 26 pts
C0      : 24 pts
C0  | size  24 | dist  29.33 | New Fault
C1  | size  44 | dist  47.84 | New Fault
C2  | size  38 | dist   2.18 | Known
C3  | size  41 | dist  26.35 | New Fault
C4  | size  44 | dist  14.39 | New Fault
C5  | size  48 | dist   2.00 | Known
C6  | size  44 | dist   2.47 | Known
C7  | size  39 | dist   2.37 | Known
C8  | size  25 | dist   2.52 | Known
C9  | size  26 | dist  13.13 | New Fault
==============================
▶ mcs = 23 | conf = 0.99 | thr = 9.60
==============================
--- Test‑set validation
outliers: 3screws 7筆，4screws 3筆
C0      : 8screws 60筆
C1      : 2screws 68筆
C2      : 1screws 71筆
C3      : 4screws 53筆
C4      : 3screws 54筆
* C0  | size  60 | dist   2.19 | Known
* C1  | size  68 | dist   2.05 | Known
* C2  | size  71 | dist   2.03 | Known
* C3  | size  53 | dist   2.36 | Known
* C4  | size  54 | dist   2.33 | Known
--- Unknown ['5screws'] | mcs 23
C4      : 48 pts
C5      : 37 pts
outliers: 53 pts
C0      : 60 pts
C1      : 71 pts
C2      : 53 pts
C3      : 54 pts
C0  | size  60 | dist   2.19 | Known
C1  | size  71 | dist   2.03 | Known
C2  | size  53 | dist   2.36 | Known
C3  | size  54 | dist   2.33 | Known
C4  | size  48 | dist   2.07 | Known
C5  | size  37 | dist  13.22 | New Fault
--- Unknown ['5screws', '6screws'] | mcs 23
C2      : 60 pts
C5      : 47 pts
C4      : 54 pts
C0      : 60 pts
C6      : 38 pts
C3      : 53 pts
outliers: 53 pts
C1      : 71 pts
C0  | size  60 | dist   2.19 | Known
C1  | size  71 | dist   2.03 | Known
C2  | size  60 | dist  14.49 | New Fault
C3  | size  53 | dist   2.36 | Known
C4  | size  54 | dist   2.33 | Known
C5  | size  47 | dist   2.07 | Known
C6  | size  38 | dist  13.10 | New Fault
--- Unknown ['5screws', '6screws', '7screws'] | mcs 23
C1      : 52 pts
C4      : 46 pts
C5      : 51 pts
C3      : 57 pts
C2      : 63 pts
C6      : 32 pts
outliers: 52 pts
C0      : 55 pts
C7      : 42 pts
C0  | size  55 | dist   2.16 | Known
C1  | size  52 | dist  26.22 | New Fault
C2  | size  63 | dist   2.05 | Known
C3  | size  57 | dist  14.45 | New Fault
C4  | size  46 | dist   2.37 | Known
C5  | size  51 | dist   2.39 | Known
C6  | size  32 | dist  13.04 | New Fault
C7  | size  42 | dist   2.06 | Known
--- Unknown ['5screws', '6screws', '7screws', '3_14screws'] | mcs 23
C1      : 46 pts
outliers: 100 pts
C2      : 57 pts
C0      : 44 pts
C4      : 43 pts
C3      : 49 pts
C7      : 27 pts
C6      : 38 pts
C5      : 46 pts
C0  | size  44 | dist   2.23 | Known
C1  | size  46 | dist  26.33 | New Fault
C2  | size  57 | dist   2.06 | Known
C3  | size  49 | dist  14.51 | New Fault
C4  | size  43 | dist   2.32 | Known
C5  | size  46 | dist   2.43 | Known
C6  | size  38 | dist   2.19 | Known
C7  | size  27 | dist  13.13 | New Fault
--- Unknown ['5screws', '6screws', '7screws', '3_14screws', '4_146screws'] | mcs 23
C8      : 25 pts
C7      : 39 pts
C1      : 44 pts
C6      : 44 pts
C5      : 48 pts
C3      : 41 pts
C2      : 38 pts
outliers: 77 pts
C4      : 44 pts
C9      : 26 pts
C0      : 24 pts
C0  | size  24 | dist  29.33 | New Fault
C1  | size  44 | dist  47.84 | New Fault
C2  | size  38 | dist   2.18 | Known
C3  | size  41 | dist  26.35 | New Fault
C4  | size  44 | dist  14.39 | New Fault
C5  | size  48 | dist   2.00 | Known
C6  | size  44 | dist   2.47 | Known
C7  | size  39 | dist   2.37 | Known
C8  | size  25 | dist   2.52 | Known
C9  | size  26 | dist  13.13 | New Fault
==============================
▶ mcs = 24 | conf = 0.9 | thr = 7.60
==============================
--- Test‑set validation
outliers: 3screws 7筆，4screws 3筆
C0      : 8screws 60筆
C1      : 2screws 68筆
C2      : 1screws 71筆
C3      : 4screws 53筆
C4      : 3screws 54筆
* C0  | size  60 | dist   2.19 | Known
* C1  | size  68 | dist   2.05 | Known
* C2  | size  71 | dist   2.03 | Known
* C3  | size  53 | dist   2.36 | Known
* C4  | size  54 | dist   2.33 | Known
--- Unknown ['5screws'] | mcs 24
C4      : 48 pts
C5      : 37 pts
outliers: 53 pts
C0      : 60 pts
C1      : 71 pts
C2      : 53 pts
C3      : 54 pts
C0  | size  60 | dist   2.19 | Known
C1  | size  71 | dist   2.03 | Known
C2  | size  53 | dist   2.36 | Known
C3  | size  54 | dist   2.33 | Known
C4  | size  48 | dist   2.07 | Known
C5  | size  37 | dist  13.22 | New Fault
--- Unknown ['5screws', '6screws'] | mcs 24
C2      : 60 pts
C5      : 47 pts
C4      : 54 pts
C0      : 60 pts
C6      : 38 pts
C3      : 53 pts
outliers: 53 pts
C1      : 71 pts
C0  | size  60 | dist   2.19 | Known
C1  | size  71 | dist   2.03 | Known
C2  | size  60 | dist  14.49 | New Fault
C3  | size  53 | dist   2.36 | Known
C4  | size  54 | dist   2.33 | Known
C5  | size  47 | dist   2.07 | Known
C6  | size  38 | dist  13.10 | New Fault
--- Unknown ['5screws', '6screws', '7screws'] | mcs 24
C1      : 52 pts
C4      : 46 pts
C5      : 51 pts
C3      : 57 pts
C2      : 63 pts
C6      : 32 pts
outliers: 52 pts
C0      : 55 pts
C7      : 42 pts
C0  | size  55 | dist   2.16 | Known
C1  | size  52 | dist  26.22 | New Fault
C2  | size  63 | dist   2.05 | Known
C3  | size  57 | dist  14.45 | New Fault
C4  | size  46 | dist   2.37 | Known
C5  | size  51 | dist   2.39 | Known
C6  | size  32 | dist  13.04 | New Fault
C7  | size  42 | dist   2.06 | Known
--- Unknown ['5screws', '6screws', '7screws', '3_14screws'] | mcs 24
C1      : 46 pts
outliers: 100 pts
C2      : 57 pts
C0      : 44 pts
C4      : 43 pts
C3      : 49 pts
C7      : 27 pts
C6      : 38 pts
C5      : 46 pts
C0  | size  44 | dist   2.23 | Known
C1  | size  46 | dist  26.33 | New Fault
C2  | size  57 | dist   2.06 | Known
C3  | size  49 | dist  14.51 | New Fault
C4  | size  43 | dist   2.32 | Known
C5  | size  46 | dist   2.43 | Known
C6  | size  38 | dist   2.19 | Known
C7  | size  27 | dist  13.13 | New Fault
--- Unknown ['5screws', '6screws', '7screws', '3_14screws', '4_146screws'] | mcs 24
C8      : 25 pts
C7      : 39 pts
C1      : 44 pts
C6      : 44 pts
C5      : 48 pts
C3      : 41 pts
C2      : 38 pts
outliers: 77 pts
C4      : 44 pts
C9      : 26 pts
C0      : 24 pts
C0  | size  24 | dist  29.33 | New Fault
C1  | size  44 | dist  47.84 | New Fault
C2  | size  38 | dist   2.18 | Known
C3  | size  41 | dist  26.35 | New Fault
C4  | size  44 | dist  14.39 | New Fault
C5  | size  48 | dist   2.00 | Known
C6  | size  44 | dist   2.47 | Known
C7  | size  39 | dist   2.37 | Known
C8  | size  25 | dist   2.52 | Known
C9  | size  26 | dist  13.13 | New Fault
==============================
▶ mcs = 24 | conf = 0.95 | thr = 8.22
==============================
--- Test‑set validation
outliers: 3screws 7筆，4screws 3筆
C0      : 8screws 60筆
C1      : 2screws 68筆
C2      : 1screws 71筆
C3      : 4screws 53筆
C4      : 3screws 54筆
* C0  | size  60 | dist   2.19 | Known
* C1  | size  68 | dist   2.05 | Known
* C2  | size  71 | dist   2.03 | Known
* C3  | size  53 | dist   2.36 | Known
* C4  | size  54 | dist   2.33 | Known
--- Unknown ['5screws'] | mcs 24
C4      : 48 pts
C5      : 37 pts
outliers: 53 pts
C0      : 60 pts
C1      : 71 pts
C2      : 53 pts
C3      : 54 pts
C0  | size  60 | dist   2.19 | Known
C1  | size  71 | dist   2.03 | Known
C2  | size  53 | dist   2.36 | Known
C3  | size  54 | dist   2.33 | Known
C4  | size  48 | dist   2.07 | Known
C5  | size  37 | dist  13.22 | New Fault
--- Unknown ['5screws', '6screws'] | mcs 24
C2      : 60 pts
C5      : 47 pts
C4      : 54 pts
C0      : 60 pts
C6      : 38 pts
C3      : 53 pts
outliers: 53 pts
C1      : 71 pts
C0  | size  60 | dist   2.19 | Known
C1  | size  71 | dist   2.03 | Known
C2  | size  60 | dist  14.49 | New Fault
C3  | size  53 | dist   2.36 | Known
C4  | size  54 | dist   2.33 | Known
C5  | size  47 | dist   2.07 | Known
C6  | size  38 | dist  13.10 | New Fault
--- Unknown ['5screws', '6screws', '7screws'] | mcs 24
C1      : 52 pts
C4      : 46 pts
C5      : 51 pts
C3      : 57 pts
C2      : 63 pts
C6      : 32 pts
outliers: 52 pts
C0      : 55 pts
C7      : 42 pts
C0  | size  55 | dist   2.16 | Known
C1  | size  52 | dist  26.22 | New Fault
C2  | size  63 | dist   2.05 | Known
C3  | size  57 | dist  14.45 | New Fault
C4  | size  46 | dist   2.37 | Known
C5  | size  51 | dist   2.39 | Known
C6  | size  32 | dist  13.04 | New Fault
C7  | size  42 | dist   2.06 | Known
--- Unknown ['5screws', '6screws', '7screws', '3_14screws'] | mcs 24
C1      : 46 pts
outliers: 100 pts
C2      : 57 pts
C0      : 44 pts
C4      : 43 pts
C3      : 49 pts
C7      : 27 pts
C6      : 38 pts
C5      : 46 pts
C0  | size  44 | dist   2.23 | Known
C1  | size  46 | dist  26.33 | New Fault
C2  | size  57 | dist   2.06 | Known
C3  | size  49 | dist  14.51 | New Fault
C4  | size  43 | dist   2.32 | Known
C5  | size  46 | dist   2.43 | Known
C6  | size  38 | dist   2.19 | Known
C7  | size  27 | dist  13.13 | New Fault
--- Unknown ['5screws', '6screws', '7screws', '3_14screws', '4_146screws'] | mcs 24
C8      : 25 pts
C7      : 39 pts
C1      : 44 pts
C6      : 44 pts
C5      : 48 pts
C3      : 41 pts
C2      : 38 pts
outliers: 77 pts
C4      : 44 pts
C9      : 26 pts
C0      : 24 pts
C0  | size  24 | dist  29.33 | New Fault
C1  | size  44 | dist  47.84 | New Fault
C2  | size  38 | dist   2.18 | Known
C3  | size  41 | dist  26.35 | New Fault
C4  | size  44 | dist  14.39 | New Fault
C5  | size  48 | dist   2.00 | Known
C6  | size  44 | dist   2.47 | Known
C7  | size  39 | dist   2.37 | Known
C8  | size  25 | dist   2.52 | Known
C9  | size  26 | dist  13.13 | New Fault
==============================
▶ mcs = 24 | conf = 0.99 | thr = 9.60
==============================
--- Test‑set validation
outliers: 3screws 7筆，4screws 3筆
C0      : 8screws 60筆
C1      : 2screws 68筆
C2      : 1screws 71筆
C3      : 4screws 53筆
C4      : 3screws 54筆
* C0  | size  60 | dist   2.19 | Known
* C1  | size  68 | dist   2.05 | Known
* C2  | size  71 | dist   2.03 | Known
* C3  | size  53 | dist   2.36 | Known
* C4  | size  54 | dist   2.33 | Known
--- Unknown ['5screws'] | mcs 24
C4      : 48 pts
C5      : 37 pts
outliers: 53 pts
C0      : 60 pts
C1      : 71 pts
C2      : 53 pts
C3      : 54 pts
C0  | size  60 | dist   2.19 | Known
C1  | size  71 | dist   2.03 | Known
C2  | size  53 | dist   2.36 | Known
C3  | size  54 | dist   2.33 | Known
C4  | size  48 | dist   2.07 | Known
C5  | size  37 | dist  13.22 | New Fault
--- Unknown ['5screws', '6screws'] | mcs 24
C2      : 60 pts
C5      : 47 pts
C4      : 54 pts
C0      : 60 pts
C6      : 38 pts
C3      : 53 pts
outliers: 53 pts
C1      : 71 pts
C0  | size  60 | dist   2.19 | Known
C1  | size  71 | dist   2.03 | Known
C2  | size  60 | dist  14.49 | New Fault
C3  | size  53 | dist   2.36 | Known
C4  | size  54 | dist   2.33 | Known
C5  | size  47 | dist   2.07 | Known
C6  | size  38 | dist  13.10 | New Fault
--- Unknown ['5screws', '6screws', '7screws'] | mcs 24
C1      : 52 pts
C4      : 46 pts
C5      : 51 pts
C3      : 57 pts
C2      : 63 pts
C6      : 32 pts
outliers: 52 pts
C0      : 55 pts
C7      : 42 pts
C0  | size  55 | dist   2.16 | Known
C1  | size  52 | dist  26.22 | New Fault
C2  | size  63 | dist   2.05 | Known
C3  | size  57 | dist  14.45 | New Fault
C4  | size  46 | dist   2.37 | Known
C5  | size  51 | dist   2.39 | Known
C6  | size  32 | dist  13.04 | New Fault
C7  | size  42 | dist   2.06 | Known
--- Unknown ['5screws', '6screws', '7screws', '3_14screws'] | mcs 24
C1      : 46 pts
outliers: 100 pts
C2      : 57 pts
C0      : 44 pts
C4      : 43 pts
C3      : 49 pts
C7      : 27 pts
C6      : 38 pts
C5      : 46 pts
C0  | size  44 | dist   2.23 | Known
C1  | size  46 | dist  26.33 | New Fault
C2  | size  57 | dist   2.06 | Known
C3  | size  49 | dist  14.51 | New Fault
C4  | size  43 | dist   2.32 | Known
C5  | size  46 | dist   2.43 | Known
C6  | size  38 | dist   2.19 | Known
C7  | size  27 | dist  13.13 | New Fault
--- Unknown ['5screws', '6screws', '7screws', '3_14screws', '4_146screws'] | mcs 24
C8      : 25 pts
C7      : 39 pts
C1      : 44 pts
C6      : 44 pts
C5      : 48 pts
C3      : 41 pts
C2      : 38 pts
outliers: 77 pts
C4      : 44 pts
C9      : 26 pts
C0      : 24 pts
C0  | size  24 | dist  29.33 | New Fault
C1  | size  44 | dist  47.84 | New Fault
C2  | size  38 | dist   2.18 | Known
C3  | size  41 | dist  26.35 | New Fault
C4  | size  44 | dist  14.39 | New Fault
C5  | size  48 | dist   2.00 | Known
C6  | size  44 | dist   2.47 | Known
C7  | size  39 | dist   2.37 | Known
C8  | size  25 | dist   2.52 | Known
C9  | size  26 | dist  13.13 | New Fault
