2026-10-02 12:01:19 | INFO    | Logger initialized: fault_type_literature_fit
2026-10-02 12:01:19 | INFO    | log_file=logs\fault_type_literature_fit\2026-10-02-12-01-19.log
2026-10-02 12:01:19 | INFO    | output_dir=output\fault_type_literature_fit\2026-10-02-12-01-19
2026-10-02 12:01:27 | INFO    | fit fold=fixed-fold0 seed=0 C01 nodes=1
2026-10-02 12:01:27 | INFO    | fit fold=fixed-fold0 seed=0 C02 nodes=1
2026-10-02 12:01:27 | INFO    | fit fold=fixed-fold0 seed=0 C03 nodes=1
2026-10-02 12:01:31 | INFO    | fit fold=fixed-fold0 seed=0 C04 nodes=1
2026-10-02 12:01:34 | INFO    | fit fold=fixed-fold0 seed=0 C05 nodes=1
2026-10-02 12:01:34 | INFO    | fit fold=fixed-fold0 seed=0 C06 nodes=1
2026-10-02 12:01:34 | INFO    | fit fold=fixed-fold0 seed=0 C07 nodes=1
2026-10-02 12:01:34 | INFO    | fit fold=fixed-fold0 seed=0 C08 nodes=1
2026-10-02 12:01:34 | INFO    | fit fold=fixed-fold0 seed=0 C09 nodes=1
2026-10-02 12:01:34 | INFO    | fit fold=fixed-fold0 seed=0 C10 nodes=1
2026-10-02 12:01:34 | INFO    | fit fold=fixed-fold0 seed=0 C11 nodes=1
2026-10-02 12:01:34 | INFO    | fit fold=fixed-fold0 seed=0 C12 nodes=1
2026-10-02 12:01:34 | INFO    | fit fold=fixed-fold0 seed=0 C13 nodes=1
2026-10-02 12:01:35 | INFO    | fit fold=fixed-fold0 seed=0 C14 nodes=1
2026-10-02 12:01:35 | INFO    | fit fold=fixed-fold0 seed=0 C15 nodes=1
2026-10-02 12:01:35 | INFO    | fit fold=fixed-fold0 seed=0 C16 nodes=1
2026-10-02 12:01:35 | INFO    | fit fold=fixed-fold0 seed=0 C17 nodes=1
2026-10-02 12:01:35 | INFO    | fit fold=fixed-fold0 seed=0 C18 nodes=1
2026-10-02 12:01:35 | INFO    | fit fold=fixed-fold0 seed=0 C19 nodes=1
2026-10-02 12:01:36 | INFO    | fit fold=fixed-fold0 seed=0 C20 nodes=1
2026-10-02 12:01:39 | INFO    | fit fold=fixed-fold0 seed=0 C21 nodes=1
2026-10-02 12:01:39 | INFO    | fit fold=fixed-fold0 seed=0 C22 nodes=1
2026-10-02 12:01:40 | INFO    | fit fold=fixed-fold0 seed=0 C23 nodes=1
2026-10-02 12:01:40 | INFO    | fit fold=fixed-fold0 seed=0 C24 nodes=3
2026-10-02 12:01:45 | INFO    | fit fold=fixed-fold0 seed=1 C01 nodes=1
2026-10-02 12:01:45 | INFO    | fit fold=fixed-fold0 seed=1 C02 nodes=1
2026-10-02 12:01:46 | INFO    | fit fold=fixed-fold0 seed=1 C03 nodes=1
2026-10-02 12:01:50 | INFO    | fit fold=fixed-fold0 seed=1 C04 nodes=1
2026-10-02 12:01:52 | INFO    | fit fold=fixed-fold0 seed=1 C05 nodes=1
2026-10-02 12:01:53 | INFO    | fit fold=fixed-fold0 seed=1 C06 nodes=1
2026-10-02 12:01:53 | INFO    | fit fold=fixed-fold0 seed=1 C07 nodes=1
2026-10-02 12:01:53 | INFO    | fit fold=fixed-fold0 seed=1 C08 nodes=1
2026-10-02 12:01:53 | INFO    | fit fold=fixed-fold0 seed=1 C09 nodes=1
2026-10-02 12:01:53 | INFO    | fit fold=fixed-fold0 seed=1 C10 nodes=1
2026-10-02 12:01:53 | INFO    | fit fold=fixed-fold0 seed=1 C11 nodes=1
2026-10-02 12:01:53 | INFO    | fit fold=fixed-fold0 seed=1 C12 nodes=1
2026-10-02 12:01:53 | INFO    | fit fold=fixed-fold0 seed=1 C13 nodes=1
2026-10-02 12:01:53 | INFO    | fit fold=fixed-fold0 seed=1 C14 nodes=1
2026-10-02 12:01:54 | INFO    | fit fold=fixed-fold0 seed=1 C15 nodes=1
2026-10-02 12:01:54 | INFO    | fit fold=fixed-fold0 seed=1 C16 nodes=1
2026-10-02 12:01:54 | INFO    | fit fold=fixed-fold0 seed=1 C17 nodes=1
2026-10-02 12:01:54 | INFO    | fit fold=fixed-fold0 seed=1 C18 nodes=1
2026-10-02 12:01:54 | INFO    | fit fold=fixed-fold0 seed=1 C19 nodes=1
2026-10-02 12:01:55 | INFO    | fit fold=fixed-fold0 seed=1 C20 nodes=1
2026-10-02 12:01:58 | INFO    | fit fold=fixed-fold0 seed=1 C21 nodes=1
2026-10-02 12:01:59 | INFO    | fit fold=fixed-fold0 seed=1 C22 nodes=1
2026-10-02 12:01:59 | INFO    | fit fold=fixed-fold0 seed=1 C23 nodes=1
2026-10-02 12:01:59 | INFO    | fit fold=fixed-fold0 seed=1 C24 nodes=3
2026-10-02 12:02:05 | INFO    | fit fold=fixed-fold0 seed=2 C01 nodes=1
2026-10-02 12:02:05 | INFO    | fit fold=fixed-fold0 seed=2 C02 nodes=1
2026-10-02 12:02:05 | INFO    | fit fold=fixed-fold0 seed=2 C03 nodes=1
2026-10-02 12:02:09 | INFO    | fit fold=fixed-fold0 seed=2 C04 nodes=1
2026-10-02 12:02:12 | INFO    | fit fold=fixed-fold0 seed=2 C05 nodes=1
2026-10-02 12:02:12 | INFO    | fit fold=fixed-fold0 seed=2 C06 nodes=1
2026-10-02 12:02:12 | INFO    | fit fold=fixed-fold0 seed=2 C07 nodes=1
2026-10-02 12:02:12 | INFO    | fit fold=fixed-fold0 seed=2 C08 nodes=1
2026-10-02 12:02:12 | INFO    | fit fold=fixed-fold0 seed=2 C09 nodes=1
2026-10-02 12:02:12 | INFO    | fit fold=fixed-fold0 seed=2 C10 nodes=1
2026-10-02 12:02:12 | INFO    | fit fold=fixed-fold0 seed=2 C11 nodes=1
2026-10-02 12:02:12 | INFO    | fit fold=fixed-fold0 seed=2 C12 nodes=1
2026-10-02 12:02:13 | INFO    | fit fold=fixed-fold0 seed=2 C13 nodes=1
2026-10-02 12:02:13 | INFO    | fit fold=fixed-fold0 seed=2 C14 nodes=1
2026-10-02 12:02:13 | INFO    | fit fold=fixed-fold0 seed=2 C15 nodes=1
2026-10-02 12:02:13 | INFO    | fit fold=fixed-fold0 seed=2 C16 nodes=1
2026-10-02 12:02:13 | INFO    | fit fold=fixed-fold0 seed=2 C17 nodes=1
2026-10-02 12:02:13 | INFO    | fit fold=fixed-fold0 seed=2 C18 nodes=1
2026-10-02 12:02:14 | INFO    | fit fold=fixed-fold0 seed=2 C19 nodes=1
2026-10-02 12:02:14 | INFO    | fit fold=fixed-fold0 seed=2 C20 nodes=1
2026-10-02 12:02:17 | INFO    | fit fold=fixed-fold0 seed=2 C21 nodes=1
2026-10-02 12:02:17 | INFO    | fit fold=fixed-fold0 seed=2 C22 nodes=1
2026-10-02 12:02:18 | INFO    | fit fold=fixed-fold0 seed=2 C23 nodes=1
2026-10-02 12:02:18 | INFO    | fit fold=fixed-fold0 seed=2 C24 nodes=3
2026-10-02 12:02:24 | INFO    | fit fold=fixed-fold1 seed=0 C01 nodes=1
2026-10-02 12:02:25 | INFO    | fit fold=fixed-fold1 seed=0 C02 nodes=1
2026-10-02 12:02:25 | INFO    | fit fold=fixed-fold1 seed=0 C03 nodes=1
2026-10-02 12:02:29 | INFO    | fit fold=fixed-fold1 seed=0 C04 nodes=1
2026-10-02 12:02:32 | INFO    | fit fold=fixed-fold1 seed=0 C05 nodes=1
2026-10-02 12:02:32 | INFO    | fit fold=fixed-fold1 seed=0 C06 nodes=1
2026-10-02 12:02:32 | INFO    | fit fold=fixed-fold1 seed=0 C07 nodes=1
2026-10-02 12:02:32 | INFO    | fit fold=fixed-fold1 seed=0 C08 nodes=1
2026-10-02 12:02:32 | INFO    | fit fold=fixed-fold1 seed=0 C09 nodes=1
2026-10-02 12:02:32 | INFO    | fit fold=fixed-fold1 seed=0 C10 nodes=1
2026-10-02 12:02:33 | INFO    | fit fold=fixed-fold1 seed=0 C11 nodes=1
2026-10-02 12:02:33 | INFO    | fit fold=fixed-fold1 seed=0 C12 nodes=1
2026-10-02 12:02:33 | INFO    | fit fold=fixed-fold1 seed=0 C13 nodes=1
2026-10-02 12:02:33 | INFO    | fit fold=fixed-fold1 seed=0 C14 nodes=1
2026-10-02 12:02:33 | INFO    | fit fold=fixed-fold1 seed=0 C15 nodes=1
2026-10-02 12:02:33 | INFO    | fit fold=fixed-fold1 seed=0 C16 nodes=1
2026-10-02 12:02:33 | INFO    | fit fold=fixed-fold1 seed=0 C17 nodes=1
2026-10-02 12:02:34 | INFO    | fit fold=fixed-fold1 seed=0 C18 nodes=1
2026-10-02 12:02:34 | INFO    | fit fold=fixed-fold1 seed=0 C19 nodes=1
2026-10-02 12:02:34 | INFO    | fit fold=fixed-fold1 seed=0 C20 nodes=1
2026-10-02 12:02:38 | INFO    | fit fold=fixed-fold1 seed=0 C21 nodes=1
2026-10-02 12:02:38 | INFO    | fit fold=fixed-fold1 seed=0 C22 nodes=1
2026-10-02 12:02:38 | INFO    | fit fold=fixed-fold1 seed=0 C23 nodes=1
2026-10-02 12:02:38 | INFO    | fit fold=fixed-fold1 seed=0 C24 nodes=3
2026-10-02 12:02:44 | INFO    | fit fold=fixed-fold1 seed=1 C01 nodes=1
2026-10-02 12:02:44 | INFO    | fit fold=fixed-fold1 seed=1 C02 nodes=1
2026-10-02 12:02:45 | INFO    | fit fold=fixed-fold1 seed=1 C03 nodes=1
2026-10-02 12:02:49 | INFO    | fit fold=fixed-fold1 seed=1 C04 nodes=1
2026-10-02 12:02:52 | INFO    | fit fold=fixed-fold1 seed=1 C05 nodes=1
2026-10-02 12:02:52 | INFO    | fit fold=fixed-fold1 seed=1 C06 nodes=1
2026-10-02 12:02:52 | INFO    | fit fold=fixed-fold1 seed=1 C07 nodes=1
2026-10-02 12:02:52 | INFO    | fit fold=fixed-fold1 seed=1 C08 nodes=1
2026-10-02 12:02:52 | INFO    | fit fold=fixed-fold1 seed=1 C09 nodes=1
2026-10-02 12:02:52 | INFO    | fit fold=fixed-fold1 seed=1 C10 nodes=1
2026-10-02 12:02:52 | INFO    | fit fold=fixed-fold1 seed=1 C11 nodes=1
2026-10-02 12:02:52 | INFO    | fit fold=fixed-fold1 seed=1 C12 nodes=1
2026-10-02 12:02:52 | INFO    | fit fold=fixed-fold1 seed=1 C13 nodes=1
2026-10-02 12:02:53 | INFO    | fit fold=fixed-fold1 seed=1 C14 nodes=1
2026-10-02 12:02:53 | INFO    | fit fold=fixed-fold1 seed=1 C15 nodes=1
2026-10-02 12:02:53 | INFO    | fit fold=fixed-fold1 seed=1 C16 nodes=1
2026-10-02 12:02:53 | INFO    | fit fold=fixed-fold1 seed=1 C17 nodes=1
2026-10-02 12:02:53 | INFO    | fit fold=fixed-fold1 seed=1 C18 nodes=1
2026-10-02 12:02:53 | INFO    | fit fold=fixed-fold1 seed=1 C19 nodes=1
2026-10-02 12:02:54 | INFO    | fit fold=fixed-fold1 seed=1 C20 nodes=1
2026-10-02 12:02:57 | INFO    | fit fold=fixed-fold1 seed=1 C21 nodes=1
2026-10-02 12:02:57 | INFO    | fit fold=fixed-fold1 seed=1 C22 nodes=1
2026-10-02 12:02:57 | INFO    | fit fold=fixed-fold1 seed=1 C23 nodes=1
2026-10-02 12:02:58 | INFO    | fit fold=fixed-fold1 seed=1 C24 nodes=3
2026-10-02 12:03:03 | INFO    | fit fold=fixed-fold1 seed=2 C01 nodes=1
2026-10-02 12:03:03 | INFO    | fit fold=fixed-fold1 seed=2 C02 nodes=1
2026-10-02 12:03:04 | INFO    | fit fold=fixed-fold1 seed=2 C03 nodes=1
2026-10-02 12:03:07 | INFO    | fit fold=fixed-fold1 seed=2 C04 nodes=1
2026-10-02 12:03:10 | INFO    | fit fold=fixed-fold1 seed=2 C05 nodes=1
2026-10-02 12:03:10 | INFO    | fit fold=fixed-fold1 seed=2 C06 nodes=1
2026-10-02 12:03:10 | INFO    | fit fold=fixed-fold1 seed=2 C07 nodes=1
2026-10-02 12:03:10 | INFO    | fit fold=fixed-fold1 seed=2 C08 nodes=1
2026-10-02 12:03:10 | INFO    | fit fold=fixed-fold1 seed=2 C09 nodes=1
2026-10-02 12:03:10 | INFO    | fit fold=fixed-fold1 seed=2 C10 nodes=1
2026-10-02 12:03:10 | INFO    | fit fold=fixed-fold1 seed=2 C11 nodes=1
2026-10-02 12:03:11 | INFO    | fit fold=fixed-fold1 seed=2 C12 nodes=1
2026-10-02 12:03:11 | INFO    | fit fold=fixed-fold1 seed=2 C13 nodes=1
2026-10-02 12:03:11 | INFO    | fit fold=fixed-fold1 seed=2 C14 nodes=1
2026-10-02 12:03:11 | INFO    | fit fold=fixed-fold1 seed=2 C15 nodes=1
2026-10-02 12:03:11 | INFO    | fit fold=fixed-fold1 seed=2 C16 nodes=1
2026-10-02 12:03:11 | INFO    | fit fold=fixed-fold1 seed=2 C17 nodes=1
2026-10-02 12:03:11 | INFO    | fit fold=fixed-fold1 seed=2 C18 nodes=1
2026-10-02 12:03:12 | INFO    | fit fold=fixed-fold1 seed=2 C19 nodes=1
2026-10-02 12:03:12 | INFO    | fit fold=fixed-fold1 seed=2 C20 nodes=1
2026-10-02 12:03:15 | INFO    | fit fold=fixed-fold1 seed=2 C21 nodes=1
2026-10-02 12:03:16 | INFO    | fit fold=fixed-fold1 seed=2 C22 nodes=1
2026-10-02 12:03:16 | INFO    | fit fold=fixed-fold1 seed=2 C23 nodes=1
2026-10-02 12:03:16 | INFO    | fit fold=fixed-fold1 seed=2 C24 nodes=3
2026-10-02 12:03:22 | INFO    | fit fold=fixed-fold2 seed=0 C01 nodes=1
2026-10-02 12:03:22 | INFO    | fit fold=fixed-fold2 seed=0 C02 nodes=1
2026-10-02 12:03:23 | INFO    | fit fold=fixed-fold2 seed=0 C03 nodes=1
2026-10-02 12:03:26 | INFO    | fit fold=fixed-fold2 seed=0 C04 nodes=1
2026-10-02 12:03:29 | INFO    | fit fold=fixed-fold2 seed=0 C05 nodes=1
2026-10-02 12:03:30 | INFO    | fit fold=fixed-fold2 seed=0 C06 nodes=1
2026-10-02 12:03:30 | INFO    | fit fold=fixed-fold2 seed=0 C07 nodes=1
2026-10-02 12:03:30 | INFO    | fit fold=fixed-fold2 seed=0 C08 nodes=1
2026-10-02 12:03:30 | INFO    | fit fold=fixed-fold2 seed=0 C09 nodes=1
2026-10-02 12:03:30 | INFO    | fit fold=fixed-fold2 seed=0 C10 nodes=1
2026-10-02 12:03:30 | INFO    | fit fold=fixed-fold2 seed=0 C11 nodes=1
2026-10-02 12:03:30 | INFO    | fit fold=fixed-fold2 seed=0 C12 nodes=1
2026-10-02 12:03:30 | INFO    | fit fold=fixed-fold2 seed=0 C13 nodes=1
2026-10-02 12:03:30 | INFO    | fit fold=fixed-fold2 seed=0 C14 nodes=1
2026-10-02 12:03:30 | INFO    | fit fold=fixed-fold2 seed=0 C15 nodes=1
2026-10-02 12:03:31 | INFO    | fit fold=fixed-fold2 seed=0 C16 nodes=1
2026-10-02 12:03:31 | INFO    | fit fold=fixed-fold2 seed=0 C17 nodes=1
2026-10-02 12:03:31 | INFO    | fit fold=fixed-fold2 seed=0 C18 nodes=1
2026-10-02 12:03:31 | INFO    | fit fold=fixed-fold2 seed=0 C19 nodes=1
2026-10-02 12:03:31 | INFO    | fit fold=fixed-fold2 seed=0 C20 nodes=1
2026-10-02 12:03:35 | INFO    | fit fold=fixed-fold2 seed=0 C21 nodes=1
2026-10-02 12:03:35 | INFO    | fit fold=fixed-fold2 seed=0 C22 nodes=1
2026-10-02 12:03:35 | INFO    | fit fold=fixed-fold2 seed=0 C23 nodes=1
2026-10-02 12:03:35 | INFO    | fit fold=fixed-fold2 seed=0 C24 nodes=3
2026-10-02 12:03:41 | INFO    | fit fold=fixed-fold2 seed=1 C01 nodes=1
2026-10-02 12:03:41 | INFO    | fit fold=fixed-fold2 seed=1 C02 nodes=1
2026-10-02 12:03:41 | INFO    | fit fold=fixed-fold2 seed=1 C03 nodes=1
2026-10-02 12:03:45 | INFO    | fit fold=fixed-fold2 seed=1 C04 nodes=1
2026-10-02 12:03:48 | INFO    | fit fold=fixed-fold2 seed=1 C05 nodes=1
2026-10-02 12:03:48 | INFO    | fit fold=fixed-fold2 seed=1 C06 nodes=1
2026-10-02 12:03:48 | INFO    | fit fold=fixed-fold2 seed=1 C07 nodes=1
2026-10-02 12:03:48 | INFO    | fit fold=fixed-fold2 seed=1 C08 nodes=1
2026-10-02 12:03:48 | INFO    | fit fold=fixed-fold2 seed=1 C09 nodes=1
2026-10-02 12:03:49 | INFO    | fit fold=fixed-fold2 seed=1 C10 nodes=1
2026-10-02 12:03:49 | INFO    | fit fold=fixed-fold2 seed=1 C11 nodes=1
2026-10-02 12:03:49 | INFO    | fit fold=fixed-fold2 seed=1 C12 nodes=1
2026-10-02 12:03:49 | INFO    | fit fold=fixed-fold2 seed=1 C13 nodes=1
2026-10-02 12:03:49 | INFO    | fit fold=fixed-fold2 seed=1 C14 nodes=1
2026-10-02 12:03:49 | INFO    | fit fold=fixed-fold2 seed=1 C15 nodes=1
2026-10-02 12:03:49 | INFO    | fit fold=fixed-fold2 seed=1 C16 nodes=1
2026-10-02 12:03:49 | INFO    | fit fold=fixed-fold2 seed=1 C17 nodes=1
2026-10-02 12:03:50 | INFO    | fit fold=fixed-fold2 seed=1 C18 nodes=1
2026-10-02 12:03:50 | INFO    | fit fold=fixed-fold2 seed=1 C19 nodes=1
2026-10-02 12:03:50 | INFO    | fit fold=fixed-fold2 seed=1 C20 nodes=1
2026-10-02 12:03:53 | INFO    | fit fold=fixed-fold2 seed=1 C21 nodes=1
2026-10-02 12:03:54 | INFO    | fit fold=fixed-fold2 seed=1 C22 nodes=1
2026-10-02 12:03:54 | INFO    | fit fold=fixed-fold2 seed=1 C23 nodes=1
2026-10-02 12:03:54 | INFO    | fit fold=fixed-fold2 seed=1 C24 nodes=3
2026-10-02 12:03:59 | INFO    | fit fold=fixed-fold2 seed=2 C01 nodes=1
2026-10-02 12:03:59 | INFO    | fit fold=fixed-fold2 seed=2 C02 nodes=1
2026-10-02 12:04:00 | INFO    | fit fold=fixed-fold2 seed=2 C03 nodes=1
2026-10-02 12:04:03 | INFO    | fit fold=fixed-fold2 seed=2 C04 nodes=1
2026-10-02 12:04:06 | INFO    | fit fold=fixed-fold2 seed=2 C05 nodes=1
2026-10-02 12:04:07 | INFO    | fit fold=fixed-fold2 seed=2 C06 nodes=1
2026-10-02 12:04:07 | INFO    | fit fold=fixed-fold2 seed=2 C07 nodes=1
2026-10-02 12:04:07 | INFO    | fit fold=fixed-fold2 seed=2 C08 nodes=1
2026-10-02 12:04:07 | INFO    | fit fold=fixed-fold2 seed=2 C09 nodes=1
2026-10-02 12:04:07 | INFO    | fit fold=fixed-fold2 seed=2 C10 nodes=1
2026-10-02 12:04:07 | INFO    | fit fold=fixed-fold2 seed=2 C11 nodes=1
2026-10-02 12:04:07 | INFO    | fit fold=fixed-fold2 seed=2 C12 nodes=1
2026-10-02 12:04:07 | INFO    | fit fold=fixed-fold2 seed=2 C13 nodes=1
2026-10-02 12:04:07 | INFO    | fit fold=fixed-fold2 seed=2 C14 nodes=1
2026-10-02 12:04:07 | INFO    | fit fold=fixed-fold2 seed=2 C15 nodes=1
2026-10-02 12:04:08 | INFO    | fit fold=fixed-fold2 seed=2 C16 nodes=1
2026-10-02 12:04:08 | INFO    | fit fold=fixed-fold2 seed=2 C17 nodes=1
2026-10-02 12:04:08 | INFO    | fit fold=fixed-fold2 seed=2 C18 nodes=1
2026-10-02 12:04:08 | INFO    | fit fold=fixed-fold2 seed=2 C19 nodes=1
2026-10-02 12:04:08 | INFO    | fit fold=fixed-fold2 seed=2 C20 nodes=1
2026-10-02 12:04:12 | INFO    | fit fold=fixed-fold2 seed=2 C21 nodes=1
2026-10-02 12:04:12 | INFO    | fit fold=fixed-fold2 seed=2 C22 nodes=1
2026-10-02 12:04:12 | INFO    | fit fold=fixed-fold2 seed=2 C23 nodes=1
2026-10-02 12:04:12 | INFO    | fit fold=fixed-fold2 seed=2 C24 nodes=3
2026-10-02 12:04:42 | INFO    | fit complete; output=output\fault_type_literature_fit\2026-10-02-12-01-19 count=9
