2026-08-05 15:14:18 | INFO  | Logger initialized
2026-08-05 15:14:18 | INFO  | log_file=/home/albert/Ancestor/logs/Step2_Feature_Extraction_11000_1/2026-08-05-15-14-18.log
2026-08-05 15:14:18 | INFO  | output_dir=/home/albert/Ancestor/output/Step2_Feature_Extraction_11000_1/2026-08-05-15-14-18
開始處理群組 T1，螺絲數量: 8screws...
2026-08-05 15:14:23 | INFO  | Saved plot: /home/albert/Ancestor/output/Step2_Feature_Extraction_11000_1/2026-08-05-15-14-18/plot_000.png
2026-08-05 15:14:23 | INFO  | Saved plot: /home/albert/Ancestor/output/Step2_Feature_Extraction_11000_1/2026-08-05-15-14-18/plot_001.png
2026-08-05 15:14:23 | INFO  | Saved plot: /home/albert/Ancestor/output/Step2_Feature_Extraction_11000_1/2026-08-05-15-14-18/plot_002.png
特徵數據已保存為 CSV 文件: /home/albert/Ancestor/data/Step-1/myfeature/T1/11000rpm/8screws/T1_Group_feature_data.csv
乾淨特徵數據已保存為 CSV 文件: /home/albert/Ancestor/data/Step-1/myfeature/T1/11000rpm/8screws/T1_Group_feature_data_clean.csv (595 -> 357 列)
開始處理群組 T1，螺絲數量: 7screws...
2026-08-05 15:14:32 | INFO  | Saved plot: /home/albert/Ancestor/output/Step2_Feature_Extraction_11000_1/2026-08-05-15-14-18/plot_003.png
2026-08-05 15:14:32 | INFO  | Saved plot: /home/albert/Ancestor/output/Step2_Feature_Extraction_11000_1/2026-08-05-15-14-18/plot_004.png
2026-08-05 15:14:32 | INFO  | Saved plot: /home/albert/Ancestor/output/Step2_Feature_Extraction_11000_1/2026-08-05-15-14-18/plot_005.png
特徵數據已保存為 CSV 文件: /home/albert/Ancestor/data/Step-1/myfeature/T1/11000rpm/7screws/T1_Group_feature_data.csv
乾淨特徵數據已保存為 CSV 文件: /home/albert/Ancestor/data/Step-1/myfeature/T1/11000rpm/7screws/T1_Group_feature_data_clean.csv (576 -> 325 列)
開始處理群組 T1，螺絲數量: 6screws...
2026-08-05 15:14:41 | INFO  | Saved plot: /home/albert/Ancestor/output/Step2_Feature_Extraction_11000_1/2026-08-05-15-14-18/plot_006.png
2026-08-05 15:14:41 | INFO  | Saved plot: /home/albert/Ancestor/output/Step2_Feature_Extraction_11000_1/2026-08-05-15-14-18/plot_007.png
2026-08-05 15:14:41 | INFO  | Saved plot: /home/albert/Ancestor/output/Step2_Feature_Extraction_11000_1/2026-08-05-15-14-18/plot_008.png
特徵數據已保存為 CSV 文件: /home/albert/Ancestor/data/Step-1/myfeature/T1/11000rpm/6screws/T1_Group_feature_data.csv
乾淨特徵數據已保存為 CSV 文件: /home/albert/Ancestor/data/Step-1/myfeature/T1/11000rpm/6screws/T1_Group_feature_data_clean.csv (585 -> 307 列)
開始處理群組 T1，螺絲數量: 5screws...
2026-08-05 15:14:50 | INFO  | Saved plot: /home/albert/Ancestor/output/Step2_Feature_Extraction_11000_1/2026-08-05-15-14-18/plot_009.png
2026-08-05 15:14:50 | INFO  | Saved plot: /home/albert/Ancestor/output/Step2_Feature_Extraction_11000_1/2026-08-05-15-14-18/plot_010.png
2026-08-05 15:14:50 | INFO  | Saved plot: /home/albert/Ancestor/output/Step2_Feature_Extraction_11000_1/2026-08-05-15-14-18/plot_011.png
特徵數據已保存為 CSV 文件: /home/albert/Ancestor/data/Step-1/myfeature/T1/11000rpm/5screws/T1_Group_feature_data.csv
乾淨特徵數據已保存為 CSV 文件: /home/albert/Ancestor/data/Step-1/myfeature/T1/11000rpm/5screws/T1_Group_feature_data_clean.csv (588 -> 301 列)
開始處理群組 T1，螺絲數量: 4screws...
2026-08-05 15:14:59 | INFO  | Saved plot: /home/albert/Ancestor/output/Step2_Feature_Extraction_11000_1/2026-08-05-15-14-18/plot_012.png
2026-08-05 15:14:59 | INFO  | Saved plot: /home/albert/Ancestor/output/Step2_Feature_Extraction_11000_1/2026-08-05-15-14-18/plot_013.png
2026-08-05 15:14:59 | INFO  | Saved plot: /home/albert/Ancestor/output/Step2_Feature_Extraction_11000_1/2026-08-05-15-14-18/plot_014.png
特徵數據已保存為 CSV 文件: /home/albert/Ancestor/data/Step-1/myfeature/T1/11000rpm/4screws/T1_Group_feature_data.csv
乾淨特徵數據已保存為 CSV 文件: /home/albert/Ancestor/data/Step-1/myfeature/T1/11000rpm/4screws/T1_Group_feature_data_clean.csv (576 -> 328 列)
開始處理群組 T1，螺絲數量: 3screws...
2026-08-05 15:15:08 | INFO  | Saved plot: /home/albert/Ancestor/output/Step2_Feature_Extraction_11000_1/2026-08-05-15-14-18/plot_015.png
2026-08-05 15:15:08 | INFO  | Saved plot: /home/albert/Ancestor/output/Step2_Feature_Extraction_11000_1/2026-08-05-15-14-18/plot_016.png
2026-08-05 15:15:08 | INFO  | Saved plot: /home/albert/Ancestor/output/Step2_Feature_Extraction_11000_1/2026-08-05-15-14-18/plot_017.png
特徵數據已保存為 CSV 文件: /home/albert/Ancestor/data/Step-1/myfeature/T1/11000rpm/3screws/T1_Group_feature_data.csv
乾淨特徵數據已保存為 CSV 文件: /home/albert/Ancestor/data/Step-1/myfeature/T1/11000rpm/3screws/T1_Group_feature_data_clean.csv (572 -> 309 列)
開始處理群組 T1，螺絲數量: 2screws...
2026-08-05 15:15:16 | INFO  | Saved plot: /home/albert/Ancestor/output/Step2_Feature_Extraction_11000_1/2026-08-05-15-14-18/plot_018.png
2026-08-05 15:15:17 | INFO  | Saved plot: /home/albert/Ancestor/output/Step2_Feature_Extraction_11000_1/2026-08-05-15-14-18/plot_019.png
2026-08-05 15:15:17 | INFO  | Saved plot: /home/albert/Ancestor/output/Step2_Feature_Extraction_11000_1/2026-08-05-15-14-18/plot_020.png
特徵數據已保存為 CSV 文件: /home/albert/Ancestor/data/Step-1/myfeature/T1/11000rpm/2screws/T1_Group_feature_data.csv
乾淨特徵數據已保存為 CSV 文件: /home/albert/Ancestor/data/Step-1/myfeature/T1/11000rpm/2screws/T1_Group_feature_data_clean.csv (570 -> 381 列)
開始處理群組 T1，螺絲數量: 1screws...
2026-08-05 15:15:25 | INFO  | Saved plot: /home/albert/Ancestor/output/Step2_Feature_Extraction_11000_1/2026-08-05-15-14-18/plot_021.png
2026-08-05 15:15:25 | INFO  | Saved plot: /home/albert/Ancestor/output/Step2_Feature_Extraction_11000_1/2026-08-05-15-14-18/plot_022.png
2026-08-05 15:15:26 | INFO  | Saved plot: /home/albert/Ancestor/output/Step2_Feature_Extraction_11000_1/2026-08-05-15-14-18/plot_023.png
特徵數據已保存為 CSV 文件: /home/albert/Ancestor/data/Step-1/myfeature/T1/11000rpm/1screws/T1_Group_feature_data.csv
乾淨特徵數據已保存為 CSV 文件: /home/albert/Ancestor/data/Step-1/myfeature/T1/11000rpm/1screws/T1_Group_feature_data_clean.csv (587 -> 372 列)
開始處理群組 T1，螺絲數量: 3_14screws...
2026-08-05 15:15:34 | INFO  | Saved plot: /home/albert/Ancestor/output/Step2_Feature_Extraction_11000_1/2026-08-05-15-14-18/plot_024.png
2026-08-05 15:15:34 | INFO  | Saved plot: /home/albert/Ancestor/output/Step2_Feature_Extraction_11000_1/2026-08-05-15-14-18/plot_025.png
2026-08-05 15:15:35 | INFO  | Saved plot: /home/albert/Ancestor/output/Step2_Feature_Extraction_11000_1/2026-08-05-15-14-18/plot_026.png
特徵數據已保存為 CSV 文件: /home/albert/Ancestor/data/Step-1/myfeature/T1/11000rpm/3_14screws/T1_Group_feature_data.csv
乾淨特徵數據已保存為 CSV 文件: /home/albert/Ancestor/data/Step-1/myfeature/T1/11000rpm/3_14screws/T1_Group_feature_data_clean.csv (576 -> 313 列)
開始處理群組 T1，螺絲數量: 4_146screws...
2026-08-05 15:15:43 | INFO  | Saved plot: /home/albert/Ancestor/output/Step2_Feature_Extraction_11000_1/2026-08-05-15-14-18/plot_027.png
2026-08-05 15:15:43 | INFO  | Saved plot: /home/albert/Ancestor/output/Step2_Feature_Extraction_11000_1/2026-08-05-15-14-18/plot_028.png
2026-08-05 15:15:43 | INFO  | Saved plot: /home/albert/Ancestor/output/Step2_Feature_Extraction_11000_1/2026-08-05-15-14-18/plot_029.png
特徵數據已保存為 CSV 文件: /home/albert/Ancestor/data/Step-1/myfeature/T1/11000rpm/4_146screws/T1_Group_feature_data.csv
乾淨特徵數據已保存為 CSV 文件: /home/albert/Ancestor/data/Step-1/myfeature/T1/11000rpm/4_146screws/T1_Group_feature_data_clean.csv (575 -> 356 列)
