2026-08-05 16:41:31 | INFO  | Logger initialized
2026-08-05 16:41:31 | INFO  | log_file=/home/albert/Ancestor/logs/Step6_Model_02_Retrain/2026-08-05-16-41-31.log
2026-08-05 16:41:31 | INFO  | output_dir=/home/albert/Ancestor/output/Step6_Model_02_Retrain/2026-08-05-16-41-31
[gpu_utils] GPU x1 已啟用：['/physical_device:GPU:0']
自訂 Label Mapping:
8screws: 0
1screws: 1
2screws: 2
3screws: 3
4screws: 4
5screws: 5
6screws: 6
7screws: 7
3_14screws: 8
4_146screws: 9
[Training] Device: /GPU:0
Epoch 1/100
148/148 75ms/step accuracy=0.5953 loss=1.3516
148/148 85ms/step accuracy=0.8194 loss=0.7134 val_accuracy=0.3285 val_loss=1.8297
Epoch 2/100
148/148 6ms/step accuracy=0.9908 loss=0.0783
148/148 7ms/step accuracy=0.9924 loss=0.0616 val_accuracy=0.9865 val_loss=0.1374
Epoch 3/100
148/148 7ms/step accuracy=0.9979 loss=0.0233 val_accuracy=0.9983 val_loss=0.0131
Epoch 4/100
148/148 7ms/step accuracy=0.9975 loss=0.0143 val_accuracy=0.9992 val_loss=0.0093
Epoch 5/100
148/148 7ms/step accuracy=0.9987 loss=0.0094 val_accuracy=0.9992 val_loss=0.0054
Epoch 6/100
148/148 6ms/step accuracy=0.9998 loss=0.0066 val_accuracy=0.9992 val_loss=0.0062
Epoch 7/100
148/148 7ms/step accuracy=1.0000 loss=0.0047 val_accuracy=0.9992 val_loss=0.0059
Epoch 8/100
148/148 7ms/step accuracy=1.0000 loss=0.0033 val_accuracy=0.9992 val_loss=0.0067
Epoch 9/100
148/148 7ms/step accuracy=0.9989 loss=0.0058 val_accuracy=0.9992 val_loss=0.0070
Epoch 10/100
148/148 7ms/step accuracy=0.9996 loss=0.0033 val_accuracy=0.9992 val_loss=0.0068
Epoch 11/100
148/148 6ms/step accuracy=0.9998 loss=0.0022 val_accuracy=0.9992 val_loss=0.0053
Epoch 12/100
148/148 6ms/step accuracy=0.9998 loss=0.0021 val_accuracy=0.9992 val_loss=0.0054
Epoch 13/100
148/148 6ms/step accuracy=1.0000 loss=0.0011 val_accuracy=0.9992 val_loss=0.0059
Epoch 14/100
148/148 7ms/step accuracy=1.0000 loss=0.0011 val_accuracy=0.9992 val_loss=0.0061
Epoch 15/100
148/148 6ms/step accuracy=0.9998 loss=0.0012 val_accuracy=0.9992 val_loss=0.0062
Epoch 16/100
148/148 7ms/step accuracy=1.0000 loss=0.0011 val_accuracy=0.9992 val_loss=0.0062
Epoch 17/100
148/148 6ms/step accuracy=1.0000 loss=7.7117e-04 val_accuracy=0.9992 val_loss=0.0066
Epoch 18/100
148/148 7ms/step accuracy=1.0000 loss=7.4192e-04 val_accuracy=0.9992 val_loss=0.0064
Epoch 19/100
148/148 6ms/step accuracy=0.9998 loss=9.0745e-04 val_accuracy=0.9992 val_loss=0.0044
Epoch 20/100
148/148 5ms/step accuracy=1.0000 loss=6.4770e-04
148/148 6ms/step accuracy=1.0000 loss=6.3302e-04 val_accuracy=0.9992 val_loss=0.0049
Epoch 21/100
148/148 6ms/step accuracy=1.0000 loss=4.7463e-04 val_accuracy=0.9992 val_loss=0.0056
Epoch 22/100
148/148 5ms/step accuracy=1.0000 loss=4.1008e-04
148/148 6ms/step accuracy=1.0000 loss=5.1496e-04 val_accuracy=0.9992 val_loss=0.0059
Epoch 23/100
148/148 7ms/step accuracy=1.0000 loss=6.3086e-04 val_accuracy=0.9992 val_loss=0.0060
Epoch 24/100
148/148 6ms/step accuracy=1.0000 loss=2.8984e-04 val_accuracy=0.9992 val_loss=0.0058
Epoch 25/100
148/148 7ms/step accuracy=1.0000 loss=2.9689e-04 val_accuracy=0.9992 val_loss=0.0055
Epoch 26/100
148/148 5ms/step accuracy=0.9996 loss=8.6323e-04
148/148 6ms/step accuracy=0.9998 loss=7.2813e-04 val_accuracy=0.9992 val_loss=0.0053
Epoch 27/100
148/148 7ms/step accuracy=1.0000 loss=5.3782e-04 val_accuracy=0.9992 val_loss=0.0071
Epoch 28/100
148/148 6ms/step accuracy=0.9998 loss=8.9895e-04 val_accuracy=0.9992 val_loss=0.0058
Epoch 29/100
148/148 7ms/step accuracy=1.0000 loss=4.8756e-04 val_accuracy=0.9992 val_loss=0.0061
37/37 4ms/step accuracy=0.9992 loss=0.0044
Screw Number Loss: 0.0044, Screw Number Accuracy: 0.9992
2026-08-05 16:42:34 | INFO  | Saved plot: /home/albert/Ancestor/output/Step6_Model_02_Retrain/2026-08-05-16-41-31/plot_000.png
2026-08-05 16:42:34 | INFO  | Saved plot: /home/albert/Ancestor/output/Step6_Model_02_Retrain/2026-08-05-16-41-31/plot_001.png
2026-08-05 16:42:36 | INFO  | Saved plot: /home/albert/Ancestor/output/Step6_Model_02_Retrain/2026-08-05-16-41-31/plot_002.png
重訓練模型已儲存：/home/albert/Ancestor/data/Step-1/model/ResNet_C8000_retrained.keras
