2026-08-05 16:25:21 | INFO  | Logger initialized
2026-08-05 16:25:21 | INFO  | log_file=/home/albert/Ancestor/logs/Step4_Model_20_Detecting/2026-08-05-16-25-21.log
2026-08-05 16:25:21 | INFO  | output_dir=/home/albert/Ancestor/output/Step4_Model_20_Detecting/2026-08-05-16-25-21
=== 1. Loading training data ===
✔️ Train : (1247, 105)  |  Test : (312, 105)
==============================
▶ mcs = 21 | conf = 0.9 | thr = 15.18
==============================
--- Test‑set validation
C0      : 1screws 59筆
C1      : 8screws 54筆
C2      : 4screws 55筆
C3      : 2screws 73筆
C4      : 3screws 71筆
* C0  | size  59 | dist   2.91 | Known
* C1  | size  54 | dist   2.81 | Known
* C2  | size  55 | dist   2.46 | Known
* C3  | size  73 | dist   2.28 | Known
* C4  | size  71 | dist   2.07 | Known
--- Unknown ['5screws'] | mcs 21
C4      : 44 pts
C1      : 71 pts
C3      : 73 pts
outliers: 42 pts
C2      : 54 pts
C0      : 59 pts
C5      : 29 pts
C0  | size  59 | dist   2.91 | Known
C1  | size  71 | dist   2.07 | Known
C2  | size  54 | dist   2.81 | Known
C3  | size  73 | dist   2.28 | Known
C4  | size  44 | dist   2.81 | Known
C5  | size  29 | dist  13.87 | Known
--- Unknown ['5screws', '6screws'] | mcs 21
C4      : 60 pts
C2      : 73 pts
outliers: 42 pts
C6      : 44 pts
C0      : 59 pts
C1      : 71 pts
C3      : 54 pts
C5      : 29 pts
C0  | size  59 | dist   2.91 | Known
C1  | size  71 | dist   2.07 | Known
C2  | size  73 | dist   2.28 | Known
C3  | size  54 | dist   2.81 | Known
C4  | size  60 | dist  19.70 | New Fault
C5  | size  29 | dist  13.87 | Known
C6  | size  44 | dist   2.81 | Known
--- Unknown ['5screws', '6screws', '7screws'] | mcs 21
C3      : 49 pts
C0      : 58 pts
C2      : 66 pts
C7      : 39 pts
C4      : 30 pts
outliers: 62 pts
C1      : 64 pts
C6      : 25 pts
C5      : 57 pts
C0  | size  58 | dist   2.91 | Known
C1  | size  64 | dist   2.13 | Known
C2  | size  66 | dist   2.28 | Known
C3  | size  49 | dist   2.89 | Known
C4  | size  30 | dist  24.91 | New Fault
C5  | size  57 | dist  19.69 | New Fault
C6  | size  25 | dist  13.96 | Known
C7  | size  39 | dist   2.91 | Known
--- Unknown ['5screws', '6screws', '7screws', '3_14screws'] | mcs 21
C4      : 36 pts
C8      : 36 pts
C1      : 49 pts
C0      : 58 pts
C2      : 62 pts
C7      : 21 pts
C6      : 26 pts
outliers: 71 pts
C3      : 41 pts
C5      : 50 pts
C0  | size  58 | dist   2.19 | Known
C1  | size  49 | dist   3.03 | Known
C2  | size  62 | dist   2.32 | Known
C3  | size  41 | dist   2.92 | Known
C4  | size  36 | dist  25.68 | New Fault
C5  | size  50 | dist  19.79 | New Fault
C6  | size  26 | dist  25.66 | New Fault
C7  | size  21 | dist  13.70 | Known
C8  | size  36 | dist   2.86 | Known
--- Unknown ['5screws', '6screws', '7screws', '3_14screws', '4_146screws'] | mcs 21
C3      : 93 pts
C5      : 82 pts
C1      : 44 pts
C2      : 51 pts
outliers: 22 pts
C6      : 45 pts
C4      : 41 pts
C0      : 49 pts
C7      : 23 pts
C0  | size  49 | dist   2.24 | Known
C1  | size  44 | dist   3.25 | Known
C2  | size  51 | dist   2.36 | Known
C3  | size  93 | dist   6.79 | Known
C4  | size  41 | dist  23.53 | New Fault
C5  | size  82 | dist   6.87 | Known
C6  | size  45 | dist  19.87 | New Fault
C7  | size  23 | dist  25.12 | New Fault
==============================
▶ mcs = 21 | conf = 0.95 | thr = 16.71
==============================
--- Test‑set validation
C0      : 1screws 59筆
C1      : 8screws 54筆
C2      : 4screws 55筆
C3      : 2screws 73筆
C4      : 3screws 71筆
* C0  | size  59 | dist   2.91 | Known
* C1  | size  54 | dist   2.81 | Known
* C2  | size  55 | dist   2.46 | Known
* C3  | size  73 | dist   2.28 | Known
* C4  | size  71 | dist   2.07 | Known
--- Unknown ['5screws'] | mcs 21
C4      : 44 pts
C1      : 71 pts
C3      : 73 pts
outliers: 42 pts
C2      : 54 pts
C0      : 59 pts
C5      : 29 pts
C0  | size  59 | dist   2.91 | Known
C1  | size  71 | dist   2.07 | Known
C2  | size  54 | dist   2.81 | Known
C3  | size  73 | dist   2.28 | Known
C4  | size  44 | dist   2.81 | Known
C5  | size  29 | dist  13.87 | Known
--- Unknown ['5screws', '6screws'] | mcs 21
C4      : 60 pts
C2      : 73 pts
outliers: 42 pts
C6      : 44 pts
C0      : 59 pts
C1      : 71 pts
C3      : 54 pts
C5      : 29 pts
C0  | size  59 | dist   2.91 | Known
C1  | size  71 | dist   2.07 | Known
C2  | size  73 | dist   2.28 | Known
C3  | size  54 | dist   2.81 | Known
C4  | size  60 | dist  19.70 | New Fault
C5  | size  29 | dist  13.87 | Known
C6  | size  44 | dist   2.81 | Known
--- Unknown ['5screws', '6screws', '7screws'] | mcs 21
C3      : 49 pts
C0      : 58 pts
C2      : 66 pts
C7      : 39 pts
C4      : 30 pts
outliers: 62 pts
C1      : 64 pts
C6      : 25 pts
C5      : 57 pts
C0  | size  58 | dist   2.91 | Known
C1  | size  64 | dist   2.13 | Known
C2  | size  66 | dist   2.28 | Known
C3  | size  49 | dist   2.89 | Known
C4  | size  30 | dist  24.91 | New Fault
C5  | size  57 | dist  19.69 | New Fault
C6  | size  25 | dist  13.96 | Known
C7  | size  39 | dist   2.91 | Known
--- Unknown ['5screws', '6screws', '7screws', '3_14screws'] | mcs 21
C4      : 36 pts
C8      : 36 pts
C1      : 49 pts
C0      : 58 pts
C2      : 62 pts
C7      : 21 pts
C6      : 26 pts
outliers: 71 pts
C3      : 41 pts
C5      : 50 pts
C0  | size  58 | dist   2.19 | Known
C1  | size  49 | dist   3.03 | Known
C2  | size  62 | dist   2.32 | Known
C3  | size  41 | dist   2.92 | Known
C4  | size  36 | dist  25.68 | New Fault
C5  | size  50 | dist  19.79 | New Fault
C6  | size  26 | dist  25.66 | New Fault
C7  | size  21 | dist  13.70 | Known
C8  | size  36 | dist   2.86 | Known
--- Unknown ['5screws', '6screws', '7screws', '3_14screws', '4_146screws'] | mcs 21
C3      : 93 pts
C5      : 82 pts
C1      : 44 pts
C2      : 51 pts
outliers: 22 pts
C6      : 45 pts
C4      : 41 pts
C0      : 49 pts
C7      : 23 pts
C0  | size  49 | dist   2.24 | Known
C1  | size  44 | dist   3.25 | Known
C2  | size  51 | dist   2.36 | Known
C3  | size  93 | dist   6.79 | Known
C4  | size  41 | dist  23.53 | New Fault
C5  | size  82 | dist   6.87 | Known
C6  | size  45 | dist  19.87 | New Fault
C7  | size  23 | dist  25.12 | New Fault
==============================
▶ mcs = 21 | conf = 0.99 | thr = 18.74
==============================
--- Test‑set validation
C0      : 1screws 59筆
C1      : 8screws 54筆
C2      : 4screws 55筆
C3      : 2screws 73筆
C4      : 3screws 71筆
* C0  | size  59 | dist   2.91 | Known
* C1  | size  54 | dist   2.81 | Known
* C2  | size  55 | dist   2.46 | Known
* C3  | size  73 | dist   2.28 | Known
* C4  | size  71 | dist   2.07 | Known
--- Unknown ['5screws'] | mcs 21
C4      : 44 pts
C1      : 71 pts
C3      : 73 pts
outliers: 42 pts
C2      : 54 pts
C0      : 59 pts
C5      : 29 pts
C0  | size  59 | dist   2.91 | Known
C1  | size  71 | dist   2.07 | Known
C2  | size  54 | dist   2.81 | Known
C3  | size  73 | dist   2.28 | Known
C4  | size  44 | dist   2.81 | Known
C5  | size  29 | dist  13.87 | Known
--- Unknown ['5screws', '6screws'] | mcs 21
C4      : 60 pts
C2      : 73 pts
outliers: 42 pts
C6      : 44 pts
C0      : 59 pts
C1      : 71 pts
C3      : 54 pts
C5      : 29 pts
C0  | size  59 | dist   2.91 | Known
C1  | size  71 | dist   2.07 | Known
C2  | size  73 | dist   2.28 | Known
C3  | size  54 | dist   2.81 | Known
C4  | size  60 | dist  19.70 | New Fault
C5  | size  29 | dist  13.87 | Known
C6  | size  44 | dist   2.81 | Known
--- Unknown ['5screws', '6screws', '7screws'] | mcs 21
C3      : 49 pts
C0      : 58 pts
C2      : 66 pts
C7      : 39 pts
C4      : 30 pts
outliers: 62 pts
C1      : 64 pts
C6      : 25 pts
C5      : 57 pts
C0  | size  58 | dist   2.91 | Known
C1  | size  64 | dist   2.13 | Known
C2  | size  66 | dist   2.28 | Known
C3  | size  49 | dist   2.89 | Known
C4  | size  30 | dist  24.91 | New Fault
C5  | size  57 | dist  19.69 | New Fault
C6  | size  25 | dist  13.96 | Known
C7  | size  39 | dist   2.91 | Known
--- Unknown ['5screws', '6screws', '7screws', '3_14screws'] | mcs 21
C4      : 36 pts
C8      : 36 pts
C1      : 49 pts
C0      : 58 pts
C2      : 62 pts
C7      : 21 pts
C6      : 26 pts
outliers: 71 pts
C3      : 41 pts
C5      : 50 pts
C0  | size  58 | dist   2.19 | Known
C1  | size  49 | dist   3.03 | Known
C2  | size  62 | dist   2.32 | Known
C3  | size  41 | dist   2.92 | Known
C4  | size  36 | dist  25.68 | New Fault
C5  | size  50 | dist  19.79 | New Fault
C6  | size  26 | dist  25.66 | New Fault
C7  | size  21 | dist  13.70 | Known
C8  | size  36 | dist   2.86 | Known
--- Unknown ['5screws', '6screws', '7screws', '3_14screws', '4_146screws'] | mcs 21
C3      : 93 pts
C5      : 82 pts
C1      : 44 pts
C2      : 51 pts
outliers: 22 pts
C6      : 45 pts
C4      : 41 pts
C0      : 49 pts
C7      : 23 pts
C0  | size  49 | dist   2.24 | Known
C1  | size  44 | dist   3.25 | Known
C2  | size  51 | dist   2.36 | Known
C3  | size  93 | dist   6.79 | Known
C4  | size  41 | dist  23.53 | New Fault
C5  | size  82 | dist   6.87 | Known
C6  | size  45 | dist  19.87 | New Fault
C7  | size  23 | dist  25.12 | New Fault
==============================
▶ mcs = 22 | conf = 0.9 | thr = 15.18
==============================
--- Test‑set validation
C0      : 1screws 59筆
C1      : 8screws 54筆
C2      : 4screws 55筆
C3      : 2screws 73筆
C4      : 3screws 71筆
* C0  | size  59 | dist   2.91 | Known
* C1  | size  54 | dist   2.81 | Known
* C2  | size  55 | dist   2.46 | Known
* C3  | size  73 | dist   2.28 | Known
* C4  | size  71 | dist   2.07 | Known
--- Unknown ['5screws'] | mcs 22
C4      : 44 pts
C1      : 71 pts
C3      : 73 pts
outliers: 42 pts
C2      : 54 pts
C0      : 59 pts
C5      : 29 pts
C0  | size  59 | dist   2.91 | Known
C1  | size  71 | dist   2.07 | Known
C2  | size  54 | dist   2.81 | Known
C3  | size  73 | dist   2.28 | Known
C4  | size  44 | dist   2.81 | Known
C5  | size  29 | dist  13.87 | Known
--- Unknown ['5screws', '6screws'] | mcs 22
C4      : 60 pts
C2      : 73 pts
outliers: 42 pts
C6      : 44 pts
C0      : 59 pts
C1      : 71 pts
C3      : 54 pts
C5      : 29 pts
C0  | size  59 | dist   2.91 | Known
C1  | size  71 | dist   2.07 | Known
C2  | size  73 | dist   2.28 | Known
C3  | size  54 | dist   2.81 | Known
C4  | size  60 | dist  19.70 | New Fault
C5  | size  29 | dist  13.87 | Known
C6  | size  44 | dist   2.81 | Known
--- Unknown ['5screws', '6screws', '7screws'] | mcs 22
C3      : 49 pts
C0      : 58 pts
C2      : 66 pts
C7      : 39 pts
C4      : 30 pts
outliers: 62 pts
C1      : 64 pts
C6      : 25 pts
C5      : 57 pts
C0  | size  58 | dist   2.91 | Known
C1  | size  64 | dist   2.13 | Known
C2  | size  66 | dist   2.28 | Known
C3  | size  49 | dist   2.89 | Known
C4  | size  30 | dist  24.91 | New Fault
C5  | size  57 | dist  19.69 | New Fault
C6  | size  25 | dist  13.96 | Known
C7  | size  39 | dist   2.91 | Known
--- Unknown ['5screws', '6screws', '7screws', '3_14screws'] | mcs 22
C5      : 36 pts
C4      : 98 pts
C1      : 49 pts
C0      : 58 pts
C2      : 62 pts
C7      : 26 pts
C3      : 41 pts
C6      : 50 pts
outliers: 30 pts
C0  | size  58 | dist   2.19 | Known
C1  | size  49 | dist   3.03 | Known
C2  | size  62 | dist   2.32 | Known
C3  | size  41 | dist   2.92 | Known
C4  | size  98 | dist   6.65 | Known
C5  | size  36 | dist  25.68 | New Fault
C6  | size  50 | dist  19.79 | New Fault
C7  | size  26 | dist  25.66 | New Fault
--- Unknown ['5screws', '6screws', '7screws', '3_14screws', '4_146screws'] | mcs 22
C3      : 93 pts
C5      : 82 pts
C1      : 44 pts
C2      : 51 pts
outliers: 22 pts
C6      : 45 pts
C4      : 41 pts
C0      : 49 pts
C7      : 23 pts
C0  | size  49 | dist   2.24 | Known
C1  | size  44 | dist   3.25 | Known
C2  | size  51 | dist   2.36 | Known
C3  | size  93 | dist   6.79 | Known
C4  | size  41 | dist  23.53 | New Fault
C5  | size  82 | dist   6.87 | Known
C6  | size  45 | dist  19.87 | New Fault
C7  | size  23 | dist  25.12 | New Fault
==============================
▶ mcs = 22 | conf = 0.95 | thr = 16.71
==============================
--- Test‑set validation
C0      : 1screws 59筆
C1      : 8screws 54筆
C2      : 4screws 55筆
C3      : 2screws 73筆
C4      : 3screws 71筆
* C0  | size  59 | dist   2.91 | Known
* C1  | size  54 | dist   2.81 | Known
* C2  | size  55 | dist   2.46 | Known
* C3  | size  73 | dist   2.28 | Known
* C4  | size  71 | dist   2.07 | Known
--- Unknown ['5screws'] | mcs 22
C4      : 44 pts
C1      : 71 pts
C3      : 73 pts
outliers: 42 pts
C2      : 54 pts
C0      : 59 pts
C5      : 29 pts
C0  | size  59 | dist   2.91 | Known
C1  | size  71 | dist   2.07 | Known
C2  | size  54 | dist   2.81 | Known
C3  | size  73 | dist   2.28 | Known
C4  | size  44 | dist   2.81 | Known
C5  | size  29 | dist  13.87 | Known
--- Unknown ['5screws', '6screws'] | mcs 22
C4      : 60 pts
C2      : 73 pts
outliers: 42 pts
C6      : 44 pts
C0      : 59 pts
C1      : 71 pts
C3      : 54 pts
C5      : 29 pts
C0  | size  59 | dist   2.91 | Known
C1  | size  71 | dist   2.07 | Known
C2  | size  73 | dist   2.28 | Known
C3  | size  54 | dist   2.81 | Known
C4  | size  60 | dist  19.70 | New Fault
C5  | size  29 | dist  13.87 | Known
C6  | size  44 | dist   2.81 | Known
--- Unknown ['5screws', '6screws', '7screws'] | mcs 22
C3      : 49 pts
C0      : 58 pts
C2      : 66 pts
C7      : 39 pts
C4      : 30 pts
outliers: 62 pts
C1      : 64 pts
C6      : 25 pts
C5      : 57 pts
C0  | size  58 | dist   2.91 | Known
C1  | size  64 | dist   2.13 | Known
C2  | size  66 | dist   2.28 | Known
C3  | size  49 | dist   2.89 | Known
C4  | size  30 | dist  24.91 | New Fault
C5  | size  57 | dist  19.69 | New Fault
C6  | size  25 | dist  13.96 | Known
C7  | size  39 | dist   2.91 | Known
--- Unknown ['5screws', '6screws', '7screws', '3_14screws'] | mcs 22
C5      : 36 pts
C4      : 98 pts
C1      : 49 pts
C0      : 58 pts
C2      : 62 pts
C7      : 26 pts
C3      : 41 pts
C6      : 50 pts
outliers: 30 pts
C0  | size  58 | dist   2.19 | Known
C1  | size  49 | dist   3.03 | Known
C2  | size  62 | dist   2.32 | Known
C3  | size  41 | dist   2.92 | Known
C4  | size  98 | dist   6.65 | Known
C5  | size  36 | dist  25.68 | New Fault
C6  | size  50 | dist  19.79 | New Fault
C7  | size  26 | dist  25.66 | New Fault
--- Unknown ['5screws', '6screws', '7screws', '3_14screws', '4_146screws'] | mcs 22
C3      : 93 pts
C5      : 82 pts
C1      : 44 pts
C2      : 51 pts
outliers: 22 pts
C6      : 45 pts
C4      : 41 pts
C0      : 49 pts
C7      : 23 pts
C0  | size  49 | dist   2.24 | Known
C1  | size  44 | dist   3.25 | Known
C2  | size  51 | dist   2.36 | Known
C3  | size  93 | dist   6.79 | Known
C4  | size  41 | dist  23.53 | New Fault
C5  | size  82 | dist   6.87 | Known
C6  | size  45 | dist  19.87 | New Fault
C7  | size  23 | dist  25.12 | New Fault
==============================
▶ mcs = 22 | conf = 0.99 | thr = 18.74
==============================
--- Test‑set validation
C0      : 1screws 59筆
C1      : 8screws 54筆
C2      : 4screws 55筆
C3      : 2screws 73筆
C4      : 3screws 71筆
* C0  | size  59 | dist   2.91 | Known
* C1  | size  54 | dist   2.81 | Known
* C2  | size  55 | dist   2.46 | Known
* C3  | size  73 | dist   2.28 | Known
* C4  | size  71 | dist   2.07 | Known
--- Unknown ['5screws'] | mcs 22
C4      : 44 pts
C1      : 71 pts
C3      : 73 pts
outliers: 42 pts
C2      : 54 pts
C0      : 59 pts
C5      : 29 pts
C0  | size  59 | dist   2.91 | Known
C1  | size  71 | dist   2.07 | Known
C2  | size  54 | dist   2.81 | Known
C3  | size  73 | dist   2.28 | Known
C4  | size  44 | dist   2.81 | Known
C5  | size  29 | dist  13.87 | Known
--- Unknown ['5screws', '6screws'] | mcs 22
C4      : 60 pts
C2      : 73 pts
outliers: 42 pts
C6      : 44 pts
C0      : 59 pts
C1      : 71 pts
C3      : 54 pts
C5      : 29 pts
C0  | size  59 | dist   2.91 | Known
C1  | size  71 | dist   2.07 | Known
C2  | size  73 | dist   2.28 | Known
C3  | size  54 | dist   2.81 | Known
C4  | size  60 | dist  19.70 | New Fault
C5  | size  29 | dist  13.87 | Known
C6  | size  44 | dist   2.81 | Known
--- Unknown ['5screws', '6screws', '7screws'] | mcs 22
C3      : 49 pts
C0      : 58 pts
C2      : 66 pts
C7      : 39 pts
C4      : 30 pts
outliers: 62 pts
C1      : 64 pts
C6      : 25 pts
C5      : 57 pts
C0  | size  58 | dist   2.91 | Known
C1  | size  64 | dist   2.13 | Known
C2  | size  66 | dist   2.28 | Known
C3  | size  49 | dist   2.89 | Known
C4  | size  30 | dist  24.91 | New Fault
C5  | size  57 | dist  19.69 | New Fault
C6  | size  25 | dist  13.96 | Known
C7  | size  39 | dist   2.91 | Known
--- Unknown ['5screws', '6screws', '7screws', '3_14screws'] | mcs 22
C5      : 36 pts
C4      : 98 pts
C1      : 49 pts
C0      : 58 pts
C2      : 62 pts
C7      : 26 pts
C3      : 41 pts
C6      : 50 pts
outliers: 30 pts
C0  | size  58 | dist   2.19 | Known
C1  | size  49 | dist   3.03 | Known
C2  | size  62 | dist   2.32 | Known
C3  | size  41 | dist   2.92 | Known
C4  | size  98 | dist   6.65 | Known
C5  | size  36 | dist  25.68 | New Fault
C6  | size  50 | dist  19.79 | New Fault
C7  | size  26 | dist  25.66 | New Fault
--- Unknown ['5screws', '6screws', '7screws', '3_14screws', '4_146screws'] | mcs 22
C3      : 93 pts
C5      : 82 pts
C1      : 44 pts
C2      : 51 pts
outliers: 22 pts
C6      : 45 pts
C4      : 41 pts
C0      : 49 pts
C7      : 23 pts
C0  | size  49 | dist   2.24 | Known
C1  | size  44 | dist   3.25 | Known
C2  | size  51 | dist   2.36 | Known
C3  | size  93 | dist   6.79 | Known
C4  | size  41 | dist  23.53 | New Fault
C5  | size  82 | dist   6.87 | Known
C6  | size  45 | dist  19.87 | New Fault
C7  | size  23 | dist  25.12 | New Fault
==============================
▶ mcs = 23 | conf = 0.9 | thr = 15.18
==============================
--- Test‑set validation
C0      : 1screws 59筆
C1      : 8screws 54筆
C2      : 4screws 55筆
C3      : 2screws 73筆
C4      : 3screws 71筆
* C0  | size  59 | dist   2.91 | Known
* C1  | size  54 | dist   2.81 | Known
* C2  | size  55 | dist   2.46 | Known
* C3  | size  73 | dist   2.28 | Known
* C4  | size  71 | dist   2.07 | Known
--- Unknown ['5screws'] | mcs 23
C4      : 44 pts
C1      : 71 pts
C3      : 73 pts
outliers: 42 pts
C2      : 54 pts
C0      : 59 pts
C5      : 29 pts
C0  | size  59 | dist   2.91 | Known
C1  | size  71 | dist   2.07 | Known
C2  | size  54 | dist   2.81 | Known
C3  | size  73 | dist   2.28 | Known
C4  | size  44 | dist   2.81 | Known
C5  | size  29 | dist  13.87 | Known
--- Unknown ['5screws', '6screws'] | mcs 23
C4      : 60 pts
C2      : 73 pts
outliers: 42 pts
C6      : 44 pts
C0      : 59 pts
C1      : 71 pts
C3      : 54 pts
C5      : 29 pts
C0  | size  59 | dist   2.91 | Known
C1  | size  71 | dist   2.07 | Known
C2  | size  73 | dist   2.28 | Known
C3  | size  54 | dist   2.81 | Known
C4  | size  60 | dist  19.70 | New Fault
C5  | size  29 | dist  13.87 | Known
C6  | size  44 | dist   2.81 | Known
--- Unknown ['5screws', '6screws', '7screws'] | mcs 23
C3      : 49 pts
C0      : 58 pts
C2      : 66 pts
C7      : 39 pts
C4      : 30 pts
outliers: 62 pts
C1      : 64 pts
C6      : 25 pts
C5      : 57 pts
C0  | size  58 | dist   2.91 | Known
C1  | size  64 | dist   2.13 | Known
C2  | size  66 | dist   2.28 | Known
C3  | size  49 | dist   2.89 | Known
C4  | size  30 | dist  24.91 | New Fault
C5  | size  57 | dist  19.69 | New Fault
C6  | size  25 | dist  13.96 | Known
C7  | size  39 | dist   2.91 | Known
--- Unknown ['5screws', '6screws', '7screws', '3_14screws'] | mcs 23
C5      : 36 pts
C4      : 98 pts
C1      : 49 pts
C0      : 58 pts
C2      : 62 pts
C7      : 26 pts
C3      : 41 pts
C6      : 50 pts
outliers: 30 pts
C0  | size  58 | dist   2.19 | Known
C1  | size  49 | dist   3.03 | Known
C2  | size  62 | dist   2.32 | Known
C3  | size  41 | dist   2.92 | Known
C4  | size  98 | dist   6.65 | Known
C5  | size  36 | dist  25.68 | New Fault
C6  | size  50 | dist  19.79 | New Fault
C7  | size  26 | dist  25.66 | New Fault
--- Unknown ['5screws', '6screws', '7screws', '3_14screws', '4_146screws'] | mcs 23
C3      : 93 pts
C5      : 82 pts
C1      : 44 pts
C2      : 51 pts
outliers: 22 pts
C6      : 45 pts
C4      : 41 pts
C0      : 49 pts
C7      : 23 pts
C0  | size  49 | dist   2.24 | Known
C1  | size  44 | dist   3.25 | Known
C2  | size  51 | dist   2.36 | Known
C3  | size  93 | dist   6.79 | Known
C4  | size  41 | dist  23.53 | New Fault
C5  | size  82 | dist   6.87 | Known
C6  | size  45 | dist  19.87 | New Fault
C7  | size  23 | dist  25.12 | New Fault
==============================
▶ mcs = 23 | conf = 0.95 | thr = 16.71
==============================
--- Test‑set validation
C0      : 1screws 59筆
C1      : 8screws 54筆
C2      : 4screws 55筆
C3      : 2screws 73筆
C4      : 3screws 71筆
* C0  | size  59 | dist   2.91 | Known
* C1  | size  54 | dist   2.81 | Known
* C2  | size  55 | dist   2.46 | Known
* C3  | size  73 | dist   2.28 | Known
* C4  | size  71 | dist   2.07 | Known
--- Unknown ['5screws'] | mcs 23
C4      : 44 pts
C1      : 71 pts
C3      : 73 pts
outliers: 42 pts
C2      : 54 pts
C0      : 59 pts
C5      : 29 pts
C0  | size  59 | dist   2.91 | Known
C1  | size  71 | dist   2.07 | Known
C2  | size  54 | dist   2.81 | Known
C3  | size  73 | dist   2.28 | Known
C4  | size  44 | dist   2.81 | Known
C5  | size  29 | dist  13.87 | Known
--- Unknown ['5screws', '6screws'] | mcs 23
C4      : 60 pts
C2      : 73 pts
outliers: 42 pts
C6      : 44 pts
C0      : 59 pts
C1      : 71 pts
C3      : 54 pts
C5      : 29 pts
C0  | size  59 | dist   2.91 | Known
C1  | size  71 | dist   2.07 | Known
C2  | size  73 | dist   2.28 | Known
C3  | size  54 | dist   2.81 | Known
C4  | size  60 | dist  19.70 | New Fault
C5  | size  29 | dist  13.87 | Known
C6  | size  44 | dist   2.81 | Known
--- Unknown ['5screws', '6screws', '7screws'] | mcs 23
C3      : 49 pts
C0      : 58 pts
C2      : 66 pts
C7      : 39 pts
C4      : 30 pts
outliers: 62 pts
C1      : 64 pts
C6      : 25 pts
C5      : 57 pts
C0  | size  58 | dist   2.91 | Known
C1  | size  64 | dist   2.13 | Known
C2  | size  66 | dist   2.28 | Known
C3  | size  49 | dist   2.89 | Known
C4  | size  30 | dist  24.91 | New Fault
C5  | size  57 | dist  19.69 | New Fault
C6  | size  25 | dist  13.96 | Known
C7  | size  39 | dist   2.91 | Known
--- Unknown ['5screws', '6screws', '7screws', '3_14screws'] | mcs 23
C5      : 36 pts
C4      : 98 pts
C1      : 49 pts
C0      : 58 pts
C2      : 62 pts
C7      : 26 pts
C3      : 41 pts
C6      : 50 pts
outliers: 30 pts
C0  | size  58 | dist   2.19 | Known
C1  | size  49 | dist   3.03 | Known
C2  | size  62 | dist   2.32 | Known
C3  | size  41 | dist   2.92 | Known
C4  | size  98 | dist   6.65 | Known
C5  | size  36 | dist  25.68 | New Fault
C6  | size  50 | dist  19.79 | New Fault
C7  | size  26 | dist  25.66 | New Fault
--- Unknown ['5screws', '6screws', '7screws', '3_14screws', '4_146screws'] | mcs 23
C3      : 93 pts
C5      : 82 pts
C1      : 44 pts
C2      : 51 pts
outliers: 22 pts
C6      : 45 pts
C4      : 41 pts
C0      : 49 pts
C7      : 23 pts
C0  | size  49 | dist   2.24 | Known
C1  | size  44 | dist   3.25 | Known
C2  | size  51 | dist   2.36 | Known
C3  | size  93 | dist   6.79 | Known
C4  | size  41 | dist  23.53 | New Fault
C5  | size  82 | dist   6.87 | Known
C6  | size  45 | dist  19.87 | New Fault
C7  | size  23 | dist  25.12 | New Fault
==============================
▶ mcs = 23 | conf = 0.99 | thr = 18.74
==============================
--- Test‑set validation
C0      : 1screws 59筆
C1      : 8screws 54筆
C2      : 4screws 55筆
C3      : 2screws 73筆
C4      : 3screws 71筆
* C0  | size  59 | dist   2.91 | Known
* C1  | size  54 | dist   2.81 | Known
* C2  | size  55 | dist   2.46 | Known
* C3  | size  73 | dist   2.28 | Known
* C4  | size  71 | dist   2.07 | Known
--- Unknown ['5screws'] | mcs 23
C4      : 44 pts
C1      : 71 pts
C3      : 73 pts
outliers: 42 pts
C2      : 54 pts
C0      : 59 pts
C5      : 29 pts
C0  | size  59 | dist   2.91 | Known
C1  | size  71 | dist   2.07 | Known
C2  | size  54 | dist   2.81 | Known
C3  | size  73 | dist   2.28 | Known
C4  | size  44 | dist   2.81 | Known
C5  | size  29 | dist  13.87 | Known
--- Unknown ['5screws', '6screws'] | mcs 23
C4      : 60 pts
C2      : 73 pts
outliers: 42 pts
C6      : 44 pts
C0      : 59 pts
C1      : 71 pts
C3      : 54 pts
C5      : 29 pts
C0  | size  59 | dist   2.91 | Known
C1  | size  71 | dist   2.07 | Known
C2  | size  73 | dist   2.28 | Known
C3  | size  54 | dist   2.81 | Known
C4  | size  60 | dist  19.70 | New Fault
C5  | size  29 | dist  13.87 | Known
C6  | size  44 | dist   2.81 | Known
--- Unknown ['5screws', '6screws', '7screws'] | mcs 23
C3      : 49 pts
C0      : 58 pts
C2      : 66 pts
C7      : 39 pts
C4      : 30 pts
outliers: 62 pts
C1      : 64 pts
C6      : 25 pts
C5      : 57 pts
C0  | size  58 | dist   2.91 | Known
C1  | size  64 | dist   2.13 | Known
C2  | size  66 | dist   2.28 | Known
C3  | size  49 | dist   2.89 | Known
C4  | size  30 | dist  24.91 | New Fault
C5  | size  57 | dist  19.69 | New Fault
C6  | size  25 | dist  13.96 | Known
C7  | size  39 | dist   2.91 | Known
--- Unknown ['5screws', '6screws', '7screws', '3_14screws'] | mcs 23
C5      : 36 pts
C4      : 98 pts
C1      : 49 pts
C0      : 58 pts
C2      : 62 pts
C7      : 26 pts
C3      : 41 pts
C6      : 50 pts
outliers: 30 pts
C0  | size  58 | dist   2.19 | Known
C1  | size  49 | dist   3.03 | Known
C2  | size  62 | dist   2.32 | Known
C3  | size  41 | dist   2.92 | Known
C4  | size  98 | dist   6.65 | Known
C5  | size  36 | dist  25.68 | New Fault
C6  | size  50 | dist  19.79 | New Fault
C7  | size  26 | dist  25.66 | New Fault
--- Unknown ['5screws', '6screws', '7screws', '3_14screws', '4_146screws'] | mcs 23
C3      : 93 pts
C5      : 82 pts
C1      : 44 pts
C2      : 51 pts
outliers: 22 pts
C6      : 45 pts
C4      : 41 pts
C0      : 49 pts
C7      : 23 pts
C0  | size  49 | dist   2.24 | Known
C1  | size  44 | dist   3.25 | Known
C2  | size  51 | dist   2.36 | Known
C3  | size  93 | dist   6.79 | Known
C4  | size  41 | dist  23.53 | New Fault
C5  | size  82 | dist   6.87 | Known
C6  | size  45 | dist  19.87 | New Fault
C7  | size  23 | dist  25.12 | New Fault
==============================
▶ mcs = 24 | conf = 0.9 | thr = 15.18
==============================
--- Test‑set validation
C0      : 1screws 59筆
C1      : 8screws 54筆
C2      : 4screws 55筆
C3      : 2screws 73筆
C4      : 3screws 71筆
* C0  | size  59 | dist   2.91 | Known
* C1  | size  54 | dist   2.81 | Known
* C2  | size  55 | dist   2.46 | Known
* C3  | size  73 | dist   2.28 | Known
* C4  | size  71 | dist   2.07 | Known
--- Unknown ['5screws'] | mcs 24
C4      : 44 pts
C1      : 71 pts
C3      : 73 pts
outliers: 42 pts
C2      : 54 pts
C0      : 59 pts
C5      : 29 pts
C0  | size  59 | dist   2.91 | Known
C1  | size  71 | dist   2.07 | Known
C2  | size  54 | dist   2.81 | Known
C3  | size  73 | dist   2.28 | Known
C4  | size  44 | dist   2.81 | Known
C5  | size  29 | dist  13.87 | Known
--- Unknown ['5screws', '6screws'] | mcs 24
C4      : 60 pts
C2      : 73 pts
outliers: 42 pts
C6      : 44 pts
C0      : 59 pts
C1      : 71 pts
C3      : 54 pts
C5      : 29 pts
C0  | size  59 | dist   2.91 | Known
C1  | size  71 | dist   2.07 | Known
C2  | size  73 | dist   2.28 | Known
C3  | size  54 | dist   2.81 | Known
C4  | size  60 | dist  19.70 | New Fault
C5  | size  29 | dist  13.87 | Known
C6  | size  44 | dist   2.81 | Known
--- Unknown ['5screws', '6screws', '7screws'] | mcs 24
C3      : 49 pts
C0      : 58 pts
C2      : 66 pts
C7      : 39 pts
C4      : 30 pts
outliers: 62 pts
C1      : 64 pts
C6      : 25 pts
C5      : 57 pts
C0  | size  58 | dist   2.91 | Known
C1  | size  64 | dist   2.13 | Known
C2  | size  66 | dist   2.28 | Known
C3  | size  49 | dist   2.89 | Known
C4  | size  30 | dist  24.91 | New Fault
C5  | size  57 | dist  19.69 | New Fault
C6  | size  25 | dist  13.96 | Known
C7  | size  39 | dist   2.91 | Known
--- Unknown ['5screws', '6screws', '7screws', '3_14screws'] | mcs 24
C5      : 36 pts
C4      : 98 pts
C1      : 49 pts
C0      : 58 pts
C2      : 62 pts
C7      : 26 pts
C3      : 41 pts
C6      : 50 pts
outliers: 30 pts
C0  | size  58 | dist   2.19 | Known
C1  | size  49 | dist   3.03 | Known
C2  | size  62 | dist   2.32 | Known
C3  | size  41 | dist   2.92 | Known
C4  | size  98 | dist   6.65 | Known
C5  | size  36 | dist  25.68 | New Fault
C6  | size  50 | dist  19.79 | New Fault
C7  | size  26 | dist  25.66 | New Fault
--- Unknown ['5screws', '6screws', '7screws', '3_14screws', '4_146screws'] | mcs 24
C3      : 93 pts
C6      : 82 pts
C1      : 44 pts
C2      : 51 pts
outliers: 16 pts
C5      : 74 pts
C4      : 41 pts
C0      : 49 pts
C0  | size  49 | dist   2.24 | Known
C1  | size  44 | dist   3.25 | Known
C2  | size  51 | dist   2.36 | Known
C3  | size  93 | dist   6.79 | Known
C4  | size  41 | dist  23.53 | New Fault
C5  | size  74 | dist  17.91 | New Fault
C6  | size  82 | dist   6.87 | Known
==============================
▶ mcs = 24 | conf = 0.95 | thr = 16.71
==============================
--- Test‑set validation
C0      : 1screws 59筆
C1      : 8screws 54筆
C2      : 4screws 55筆
C3      : 2screws 73筆
C4      : 3screws 71筆
* C0  | size  59 | dist   2.91 | Known
* C1  | size  54 | dist   2.81 | Known
* C2  | size  55 | dist   2.46 | Known
* C3  | size  73 | dist   2.28 | Known
* C4  | size  71 | dist   2.07 | Known
--- Unknown ['5screws'] | mcs 24
C4      : 44 pts
C1      : 71 pts
C3      : 73 pts
outliers: 42 pts
C2      : 54 pts
C0      : 59 pts
C5      : 29 pts
C0  | size  59 | dist   2.91 | Known
C1  | size  71 | dist   2.07 | Known
C2  | size  54 | dist   2.81 | Known
C3  | size  73 | dist   2.28 | Known
C4  | size  44 | dist   2.81 | Known
C5  | size  29 | dist  13.87 | Known
--- Unknown ['5screws', '6screws'] | mcs 24
C4      : 60 pts
C2      : 73 pts
outliers: 42 pts
C6      : 44 pts
C0      : 59 pts
C1      : 71 pts
C3      : 54 pts
C5      : 29 pts
C0  | size  59 | dist   2.91 | Known
C1  | size  71 | dist   2.07 | Known
C2  | size  73 | dist   2.28 | Known
C3  | size  54 | dist   2.81 | Known
C4  | size  60 | dist  19.70 | New Fault
C5  | size  29 | dist  13.87 | Known
C6  | size  44 | dist   2.81 | Known
--- Unknown ['5screws', '6screws', '7screws'] | mcs 24
C3      : 49 pts
C0      : 58 pts
C2      : 66 pts
C7      : 39 pts
C4      : 30 pts
outliers: 62 pts
C1      : 64 pts
C6      : 25 pts
C5      : 57 pts
C0  | size  58 | dist   2.91 | Known
C1  | size  64 | dist   2.13 | Known
C2  | size  66 | dist   2.28 | Known
C3  | size  49 | dist   2.89 | Known
C4  | size  30 | dist  24.91 | New Fault
C5  | size  57 | dist  19.69 | New Fault
C6  | size  25 | dist  13.96 | Known
C7  | size  39 | dist   2.91 | Known
--- Unknown ['5screws', '6screws', '7screws', '3_14screws'] | mcs 24
C5      : 36 pts
C4      : 98 pts
C1      : 49 pts
C0      : 58 pts
C2      : 62 pts
C7      : 26 pts
C3      : 41 pts
C6      : 50 pts
outliers: 30 pts
C0  | size  58 | dist   2.19 | Known
C1  | size  49 | dist   3.03 | Known
C2  | size  62 | dist   2.32 | Known
C3  | size  41 | dist   2.92 | Known
C4  | size  98 | dist   6.65 | Known
C5  | size  36 | dist  25.68 | New Fault
C6  | size  50 | dist  19.79 | New Fault
C7  | size  26 | dist  25.66 | New Fault
--- Unknown ['5screws', '6screws', '7screws', '3_14screws', '4_146screws'] | mcs 24
C3      : 93 pts
C6      : 82 pts
C1      : 44 pts
C2      : 51 pts
outliers: 16 pts
C5      : 74 pts
C4      : 41 pts
C0      : 49 pts
C0  | size  49 | dist   2.24 | Known
C1  | size  44 | dist   3.25 | Known
C2  | size  51 | dist   2.36 | Known
C3  | size  93 | dist   6.79 | Known
C4  | size  41 | dist  23.53 | New Fault
C5  | size  74 | dist  17.91 | New Fault
C6  | size  82 | dist   6.87 | Known
==============================
▶ mcs = 24 | conf = 0.99 | thr = 18.74
==============================
--- Test‑set validation
C0      : 1screws 59筆
C1      : 8screws 54筆
C2      : 4screws 55筆
C3      : 2screws 73筆
C4      : 3screws 71筆
* C0  | size  59 | dist   2.91 | Known
* C1  | size  54 | dist   2.81 | Known
* C2  | size  55 | dist   2.46 | Known
* C3  | size  73 | dist   2.28 | Known
* C4  | size  71 | dist   2.07 | Known
--- Unknown ['5screws'] | mcs 24
C4      : 44 pts
C1      : 71 pts
C3      : 73 pts
outliers: 42 pts
C2      : 54 pts
C0      : 59 pts
C5      : 29 pts
C0  | size  59 | dist   2.91 | Known
C1  | size  71 | dist   2.07 | Known
C2  | size  54 | dist   2.81 | Known
C3  | size  73 | dist   2.28 | Known
C4  | size  44 | dist   2.81 | Known
C5  | size  29 | dist  13.87 | Known
--- Unknown ['5screws', '6screws'] | mcs 24
C4      : 60 pts
C2      : 73 pts
outliers: 42 pts
C6      : 44 pts
C0      : 59 pts
C1      : 71 pts
C3      : 54 pts
C5      : 29 pts
C0  | size  59 | dist   2.91 | Known
C1  | size  71 | dist   2.07 | Known
C2  | size  73 | dist   2.28 | Known
C3  | size  54 | dist   2.81 | Known
C4  | size  60 | dist  19.70 | New Fault
C5  | size  29 | dist  13.87 | Known
C6  | size  44 | dist   2.81 | Known
--- Unknown ['5screws', '6screws', '7screws'] | mcs 24
C3      : 49 pts
C0      : 58 pts
C2      : 66 pts
C7      : 39 pts
C4      : 30 pts
outliers: 62 pts
C1      : 64 pts
C6      : 25 pts
C5      : 57 pts
C0  | size  58 | dist   2.91 | Known
C1  | size  64 | dist   2.13 | Known
C2  | size  66 | dist   2.28 | Known
C3  | size  49 | dist   2.89 | Known
C4  | size  30 | dist  24.91 | New Fault
C5  | size  57 | dist  19.69 | New Fault
C6  | size  25 | dist  13.96 | Known
C7  | size  39 | dist   2.91 | Known
--- Unknown ['5screws', '6screws', '7screws', '3_14screws'] | mcs 24
C5      : 36 pts
C4      : 98 pts
C1      : 49 pts
C0      : 58 pts
C2      : 62 pts
C7      : 26 pts
C3      : 41 pts
C6      : 50 pts
outliers: 30 pts
C0  | size  58 | dist   2.19 | Known
C1  | size  49 | dist   3.03 | Known
C2  | size  62 | dist   2.32 | Known
C3  | size  41 | dist   2.92 | Known
C4  | size  98 | dist   6.65 | Known
C5  | size  36 | dist  25.68 | New Fault
C6  | size  50 | dist  19.79 | New Fault
C7  | size  26 | dist  25.66 | New Fault
--- Unknown ['5screws', '6screws', '7screws', '3_14screws', '4_146screws'] | mcs 24
C3      : 93 pts
C6      : 82 pts
C1      : 44 pts
C2      : 51 pts
outliers: 16 pts
C5      : 74 pts
C4      : 41 pts
C0      : 49 pts
C0  | size  49 | dist   2.24 | Known
C1  | size  44 | dist   3.25 | Known
C2  | size  51 | dist   2.36 | Known
C3  | size  93 | dist   6.79 | Known
C4  | size  41 | dist  23.53 | New Fault
C5  | size  74 | dist  17.91 | Known
C6  | size  82 | dist   6.87 | Known
