2026-06-13 03:07:22 | INFO  | Logger initialized
2026-06-13 03:07:22 | INFO  | log_file=/home/albert/Ancestor/logs/Step1_Data_Preprocessing_figure_8000/2026-06-13-03-07-22.log
2026-06-13 03:07:22 | INFO  | output_dir=/home/albert/Ancestor/output/Step1_Data_Preprocessing_figure_8000/2026-06-13-03-07-22
Processing data for T1 motor with 8 screws...
2026-06-13 03:08:33 | INFO  | Saved plot: /home/albert/Ancestor/output/Step1_Data_Preprocessing_figure_8000/2026-06-13-03-07-22/plot_000.png
2026-06-13 03:08:38 | INFO  | Saved plot: /home/albert/Ancestor/output/Step1_Data_Preprocessing_figure_8000/2026-06-13-03-07-22/plot_001.png
Processing data for T1 motor with 7 screws...
2026-06-13 03:09:52 | INFO  | Saved plot: /home/albert/Ancestor/output/Step1_Data_Preprocessing_figure_8000/2026-06-13-03-07-22/plot_003.png
2026-06-13 03:09:57 | INFO  | Saved plot: /home/albert/Ancestor/output/Step1_Data_Preprocessing_figure_8000/2026-06-13-03-07-22/plot_004.png
Processing data for T1 motor with 6 screws...
2026-06-13 03:11:16 | INFO  | Saved plot: /home/albert/Ancestor/output/Step1_Data_Preprocessing_figure_8000/2026-06-13-03-07-22/plot_006.png
2026-06-13 03:11:32 | INFO  | Saved plot: /home/albert/Ancestor/output/Step1_Data_Preprocessing_figure_8000/2026-06-13-03-07-22/plot_007.png
Processing data for T1 motor with 5 screws...
2026-06-13 03:12:47 | INFO  | Saved plot: /home/albert/Ancestor/output/Step1_Data_Preprocessing_figure_8000/2026-06-13-03-07-22/plot_009.png
2026-06-13 03:13:02 | INFO  | Saved plot: /home/albert/Ancestor/output/Step1_Data_Preprocessing_figure_8000/2026-06-13-03-07-22/plot_010.png
Processing data for T1 motor with 4 screws...
2026-06-13 03:14:23 | INFO  | Saved plot: /home/albert/Ancestor/output/Step1_Data_Preprocessing_figure_8000/2026-06-13-03-07-22/plot_012.png
2026-06-13 03:14:28 | INFO  | Saved plot: /home/albert/Ancestor/output/Step1_Data_Preprocessing_figure_8000/2026-06-13-03-07-22/plot_013.png
Processing data for T1 motor with 3 screws...
2026-06-13 03:15:59 | INFO  | Saved plot: /home/albert/Ancestor/output/Step1_Data_Preprocessing_figure_8000/2026-06-13-03-07-22/plot_015.png
2026-06-13 03:16:03 | INFO  | Saved plot: /home/albert/Ancestor/output/Step1_Data_Preprocessing_figure_8000/2026-06-13-03-07-22/plot_016.png
Processing data for T1 motor with 2 screws...
2026-06-13 03:17:19 | INFO  | Saved plot: /home/albert/Ancestor/output/Step1_Data_Preprocessing_figure_8000/2026-06-13-03-07-22/plot_018.png
2026-06-13 03:17:24 | INFO  | Saved plot: /home/albert/Ancestor/output/Step1_Data_Preprocessing_figure_8000/2026-06-13-03-07-22/plot_019.png
Processing data for T1 motor with 1 screws...
2026-06-13 03:18:40 | INFO  | Saved plot: /home/albert/Ancestor/output/Step1_Data_Preprocessing_figure_8000/2026-06-13-03-07-22/plot_021.png
2026-06-13 03:18:46 | INFO  | Saved plot: /home/albert/Ancestor/output/Step1_Data_Preprocessing_figure_8000/2026-06-13-03-07-22/plot_022.png
Processing data for T1 motor with 3_14 screws...
Traceback (most recent call last):
File "/home/albert/Ancestor/Step1_Data_Preprocessing_figure_8000.py", line 153, in <module>
plot_screws_data(all_data, motor, screws, 'Group')
File "/home/albert/Ancestor/Step1_Data_Preprocessing_figure_8000.py", line 116, in plot_screws_data
plt.tight_layout()
File "/home/albert/Ancestor/venv/lib/python3.10/site-packages/matplotlib/pyplot.py", line 2843, in tight_layout
gcf().tight_layout(pad=pad, h_pad=h_pad, w_pad=w_pad, rect=rect)
File "/home/albert/Ancestor/venv/lib/python3.10/site-packages/matplotlib/figure.py", line 3647, in tight_layout
engine.execute(self)
File "/home/albert/Ancestor/venv/lib/python3.10/site-packages/matplotlib/layout_engine.py", line 188, in execute
kwargs = get_tight_layout_figure(
File "/home/albert/Ancestor/venv/lib/python3.10/site-packages/matplotlib/_tight_layout.py", line 266, in get_tight_layout_figure
kwargs = _auto_adjust_subplotpars(fig, renderer,
File "/home/albert/Ancestor/venv/lib/python3.10/site-packages/matplotlib/_tight_layout.py", line 82, in _auto_adjust_subplotpars
bb += [martist._get_tightbbox_for_layout_only(ax, renderer)]
File "/home/albert/Ancestor/venv/lib/python3.10/site-packages/matplotlib/artist.py", line 1404, in _get_tightbbox_for_layout_only
return obj.get_tightbbox(*args, **{**kwargs, "for_layout_only": True})
File "/home/albert/Ancestor/venv/lib/python3.10/site-packages/matplotlib/axes/_base.py", line 4587, in get_tightbbox
bbox = a.get_tightbbox(renderer)
File "/home/albert/Ancestor/venv/lib/python3.10/site-packages/matplotlib/legend.py", line 1060, in get_tightbbox
return self._legend_box.get_window_extent(renderer)
File "/home/albert/Ancestor/venv/lib/python3.10/site-packages/matplotlib/offsetbox.py", line 369, in get_window_extent
px, py = self.get_offset(bbox, renderer)
File "/home/albert/Ancestor/venv/lib/python3.10/site-packages/matplotlib/offsetbox.py", line 60, in get_offset
return meth(params["self"], bbox, params["renderer"])
File "/home/albert/Ancestor/venv/lib/python3.10/site-packages/matplotlib/offsetbox.py", line 306, in get_offset
self._offset(bbox.width, bbox.height, -bbox.x0, -bbox.y0, renderer)
File "/home/albert/Ancestor/venv/lib/python3.10/site-packages/matplotlib/legend.py", line 722, in _findoffset
x, y = self._find_best_position(width, height, renderer)
File "/home/albert/Ancestor/venv/lib/python3.10/site-packages/matplotlib/legend.py", line 1170, in _find_best_position
+ sum(line.intersects_bbox(legendBox, filled=False)
File "/home/albert/Ancestor/venv/lib/python3.10/site-packages/matplotlib/legend.py", line 1170, in <genexpr>
+ sum(line.intersects_bbox(legendBox, filled=False)
File "/home/albert/Ancestor/venv/lib/python3.10/site-packages/matplotlib/path.py", line 686, in intersects_bbox
return _path.path_intersects_rectangle(
KeyboardInterrupt
