2026-08-05 15:56:06 | INFO  | Logger initialized
2026-08-05 15:56:06 | INFO  | log_file=/home/albert/Ancestor/logs/Step3_Model_10_TwoStage/2026-08-05-15-56-06.log
2026-08-05 15:56:06 | INFO  | output_dir=/home/albert/Ancestor/output/Step3_Model_10_TwoStage/2026-08-05-15-56-06
[gpu_utils] GPU x1 已啟用：['/physical_device:GPU:0']
自訂 Label Mapping:
8screws: 0
1screws: 1
2screws: 2
3screws: 3
4screws: 4
0 0
模型已成功載入。
Model 2 - Layer 0: input_layer | Trainable: False
Model 2 - Layer 1: conv1d | Trainable: False
Model 2 - Layer 2: conv1d_1 | Trainable: False
Model 2 - Layer 3: max_pooling1d | Trainable: False
Model 2 - Layer 4: conv1d_2 | Trainable: False
Model 2 - Layer 5: max_pooling1d_1 | Trainable: False
Model 2 - Layer 6: conv1d_3 | Trainable: True
Model 2 - Layer 7: max_pooling1d_2 | Trainable: True
Model 2 - Layer 8: flatten | Trainable: True
Model 2 - Layer 9: dense | Trainable: True
Model 2 - Layer 10: dropout | Trainable: True
Model 2 - Layer 11: Screw_Number_Output | Trainable: True
[Training] Device: /GPU:0
Epoch 1/100
75/75 33ms/step accuracy=0.0604 loss=9.4356
75/75 53ms/step accuracy=0.0803 loss=7.8008 val_accuracy=0.0672 val_loss=4.1439
Epoch 2/100
75/75 5ms/step accuracy=0.2387 loss=3.2235 val_accuracy=0.3613 val_loss=1.5844
Epoch 3/100
75/75 4ms/step accuracy=0.4101 loss=1.4661 val_accuracy=0.5546 val_loss=0.8522
Epoch 4/100
75/75 4ms/step accuracy=0.5613 loss=0.9875 val_accuracy=0.7328 val_loss=0.6252
Epoch 5/100
75/75 5ms/step accuracy=0.6391 loss=0.8308 val_accuracy=0.8118 val_loss=0.5136
Epoch 6/100
75/75 4ms/step accuracy=0.6966 loss=0.7245 val_accuracy=0.8706 val_loss=0.4399
Epoch 7/100
75/75 6ms/step accuracy=0.7441 loss=0.6433 val_accuracy=0.9210 val_loss=0.3802
Epoch 8/100
75/75 4ms/step accuracy=0.7445 loss=0.6229 val_accuracy=0.9328 val_loss=0.3422
Epoch 9/100
75/75 4ms/step accuracy=0.7655 loss=0.5917 val_accuracy=0.9546 val_loss=0.3147
Epoch 10/100
75/75 4ms/step accuracy=0.7966 loss=0.5370 val_accuracy=0.9697 val_loss=0.2841
Epoch 11/100
75/75 5ms/step accuracy=0.8025 loss=0.5183 val_accuracy=0.9748 val_loss=0.2601
Epoch 12/100
75/75 4ms/step accuracy=0.8193 loss=0.4801 val_accuracy=0.9815 val_loss=0.2376
Epoch 13/100
75/75 5ms/step accuracy=0.8067 loss=0.4718 val_accuracy=0.9815 val_loss=0.2223
Epoch 14/100
75/75 4ms/step accuracy=0.8328 loss=0.4442 val_accuracy=0.9849 val_loss=0.2049
Epoch 15/100
75/75 5ms/step accuracy=0.8227 loss=0.4377 val_accuracy=0.9849 val_loss=0.1934
Epoch 16/100
75/75 4ms/step accuracy=0.8160 loss=0.4259 val_accuracy=0.9882 val_loss=0.1788
Epoch 17/100
75/75 5ms/step accuracy=0.8382 loss=0.3875 val_accuracy=0.9882 val_loss=0.1650
Epoch 18/100
75/75 4ms/step accuracy=0.8319 loss=0.3793 val_accuracy=0.9916 val_loss=0.1544
Epoch 19/100
75/75 5ms/step accuracy=0.8408 loss=0.3680 val_accuracy=0.9916 val_loss=0.1463
Epoch 20/100
75/75 4ms/step accuracy=0.8487 loss=0.3562 val_accuracy=0.9933 val_loss=0.1353
Epoch 21/100
75/75 5ms/step accuracy=0.8445 loss=0.3436 val_accuracy=0.9933 val_loss=0.1261
Epoch 22/100
75/75 4ms/step accuracy=0.8420 loss=0.3277 val_accuracy=0.9933 val_loss=0.1181
Epoch 23/100
75/75 5ms/step accuracy=0.8483 loss=0.3188 val_accuracy=0.9933 val_loss=0.1134
Epoch 24/100
75/75 4ms/step accuracy=0.8555 loss=0.3122 val_accuracy=0.9933 val_loss=0.1058
Epoch 25/100
75/75 5ms/step accuracy=0.8576 loss=0.3078 val_accuracy=0.9933 val_loss=0.0983
Epoch 26/100
75/75 4ms/step accuracy=0.8630 loss=0.3112 val_accuracy=0.9950 val_loss=0.0935
Epoch 27/100
75/75 5ms/step accuracy=0.8639 loss=0.2917 val_accuracy=0.9966 val_loss=0.0868
Epoch 28/100
75/75 4ms/step accuracy=0.8786 loss=0.2794 val_accuracy=0.9950 val_loss=0.0820
Epoch 29/100
75/75 5ms/step accuracy=0.8866 loss=0.2679 val_accuracy=0.9966 val_loss=0.0745
Epoch 30/100
75/75 4ms/step accuracy=0.8836 loss=0.2792 val_accuracy=0.9966 val_loss=0.0709
Epoch 31/100
75/75 5ms/step accuracy=0.8870 loss=0.2539 val_accuracy=0.9966 val_loss=0.0682
Epoch 32/100
75/75 4ms/step accuracy=0.8882 loss=0.2590 val_accuracy=0.9983 val_loss=0.0629
Epoch 33/100
75/75 5ms/step accuracy=0.9038 loss=0.2426 val_accuracy=0.9983 val_loss=0.0574
Epoch 34/100
75/75 4ms/step accuracy=0.8950 loss=0.2406 val_accuracy=0.9983 val_loss=0.0530
Epoch 35/100
75/75 5ms/step accuracy=0.8979 loss=0.2457 val_accuracy=0.9966 val_loss=0.0527
Epoch 36/100
75/75 4ms/step accuracy=0.8992 loss=0.2320 val_accuracy=0.9983 val_loss=0.0479
Epoch 37/100
75/75 5ms/step accuracy=0.9122 loss=0.2065 val_accuracy=0.9983 val_loss=0.0441
Epoch 38/100
75/75 4ms/step accuracy=0.8912 loss=0.2243 val_accuracy=0.9983 val_loss=0.0435
Epoch 39/100
75/75 5ms/step accuracy=0.8887 loss=0.2325 val_accuracy=0.9983 val_loss=0.0408
Epoch 40/100
75/75 4ms/step accuracy=0.9076 loss=0.2116 val_accuracy=0.9983 val_loss=0.0374
Epoch 41/100
75/75 5ms/step accuracy=0.9008 loss=0.2084 val_accuracy=0.9983 val_loss=0.0331
Epoch 42/100
75/75 4ms/step accuracy=0.9067 loss=0.2066 val_accuracy=0.9983 val_loss=0.0307
Epoch 43/100
75/75 5ms/step accuracy=0.9134 loss=0.1864 val_accuracy=0.9983 val_loss=0.0277
Epoch 44/100
75/75 4ms/step accuracy=0.9034 loss=0.1930 val_accuracy=0.9983 val_loss=0.0270
Epoch 45/100
75/75 5ms/step accuracy=0.9160 loss=0.1886 val_accuracy=0.9983 val_loss=0.0240
Epoch 46/100
75/75 4ms/step accuracy=0.9168 loss=0.1873 val_accuracy=0.9983 val_loss=0.0207
Epoch 47/100
75/75 5ms/step accuracy=0.9273 loss=0.1690 val_accuracy=1.0000 val_loss=0.0183
Epoch 48/100
75/75 4ms/step accuracy=0.9231 loss=0.1694 val_accuracy=0.9983 val_loss=0.0172
Epoch 49/100
75/75 5ms/step accuracy=0.9231 loss=0.1693 val_accuracy=1.0000 val_loss=0.0149
Epoch 50/100
75/75 4ms/step accuracy=0.9324 loss=0.1464 val_accuracy=1.0000 val_loss=0.0134
Epoch 51/100
75/75 5ms/step accuracy=0.9248 loss=0.1528 val_accuracy=1.0000 val_loss=0.0125
Epoch 52/100
75/75 4ms/step accuracy=0.9261 loss=0.1487 val_accuracy=1.0000 val_loss=0.0114
Epoch 53/100
75/75 5ms/step accuracy=0.9328 loss=0.1396 val_accuracy=1.0000 val_loss=0.0105
Epoch 54/100
75/75 4ms/step accuracy=0.9328 loss=0.1412 val_accuracy=1.0000 val_loss=0.0099
Epoch 55/100
75/75 5ms/step accuracy=0.9399 loss=0.1331 val_accuracy=0.9983 val_loss=0.0093
Epoch 56/100
75/75 4ms/step accuracy=0.9412 loss=0.1288 val_accuracy=1.0000 val_loss=0.0074
Epoch 57/100
75/75 5ms/step accuracy=0.9487 loss=0.1134 val_accuracy=1.0000 val_loss=0.0069
Epoch 58/100
75/75 4ms/step accuracy=0.9508 loss=0.1058 val_accuracy=1.0000 val_loss=0.0061
Epoch 59/100
75/75 5ms/step accuracy=0.9471 loss=0.1120 val_accuracy=1.0000 val_loss=0.0055
Epoch 60/100
75/75 4ms/step accuracy=0.9517 loss=0.1015 val_accuracy=1.0000 val_loss=0.0047
Epoch 61/100
75/75 5ms/step accuracy=0.9387 loss=0.1187 val_accuracy=1.0000 val_loss=0.0046
Epoch 62/100
75/75 4ms/step accuracy=0.9441 loss=0.1055 val_accuracy=1.0000 val_loss=0.0041
Epoch 63/100
75/75 5ms/step accuracy=0.9521 loss=0.0986 val_accuracy=1.0000 val_loss=0.0036
Epoch 64/100
75/75 4ms/step accuracy=0.9580 loss=0.0888 val_accuracy=1.0000 val_loss=0.0032
Epoch 65/100
75/75 5ms/step accuracy=0.9529 loss=0.0957 val_accuracy=1.0000 val_loss=0.0027
Epoch 66/100
75/75 4ms/step accuracy=0.9660 loss=0.0768 val_accuracy=1.0000 val_loss=0.0025
Epoch 67/100
75/75 5ms/step accuracy=0.9609 loss=0.0841 val_accuracy=1.0000 val_loss=0.0022
Epoch 68/100
75/75 4ms/step accuracy=0.9672 loss=0.0760 val_accuracy=1.0000 val_loss=0.0020
Epoch 69/100
75/75 5ms/step accuracy=0.9710 loss=0.0682 val_accuracy=1.0000 val_loss=0.0017
Epoch 70/100
75/75 4ms/step accuracy=0.9689 loss=0.0709 val_accuracy=1.0000 val_loss=0.0016
Epoch 71/100
75/75 5ms/step accuracy=0.9647 loss=0.0756 val_accuracy=1.0000 val_loss=0.0016
Epoch 72/100
75/75 4ms/step accuracy=0.9676 loss=0.0741 val_accuracy=1.0000 val_loss=0.0014
Epoch 73/100
75/75 5ms/step accuracy=0.9655 loss=0.0743 val_accuracy=1.0000 val_loss=0.0014
Epoch 74/100
75/75 4ms/step accuracy=0.9706 loss=0.0659 val_accuracy=1.0000 val_loss=0.0011
Epoch 75/100
75/75 5ms/step accuracy=0.9685 loss=0.0643 val_accuracy=1.0000 val_loss=0.0010
Epoch 76/100
75/75 4ms/step accuracy=0.9668 loss=0.0684 val_accuracy=1.0000 val_loss=9.8930e-04
Epoch 77/100
75/75 5ms/step accuracy=0.9710 loss=0.0645 val_accuracy=1.0000 val_loss=8.6426e-04
Epoch 78/100
75/75 4ms/step accuracy=0.9693 loss=0.0592 val_accuracy=1.0000 val_loss=7.8551e-04
Epoch 79/100
75/75 5ms/step accuracy=0.9693 loss=0.0617 val_accuracy=1.0000 val_loss=7.5690e-04
Epoch 80/100
75/75 4ms/step accuracy=0.9702 loss=0.0628 val_accuracy=1.0000 val_loss=7.7577e-04
Epoch 81/100
75/75 5ms/step accuracy=0.9735 loss=0.0578 val_accuracy=1.0000 val_loss=7.4268e-04
Epoch 82/100
75/75 4ms/step accuracy=0.9744 loss=0.0535 val_accuracy=1.0000 val_loss=5.6909e-04
Epoch 83/100
75/75 5ms/step accuracy=0.9739 loss=0.0555 val_accuracy=1.0000 val_loss=5.6020e-04
Epoch 84/100
75/75 4ms/step accuracy=0.9697 loss=0.0613 val_accuracy=1.0000 val_loss=5.1887e-04
Epoch 85/100
75/75 5ms/step accuracy=0.9752 loss=0.0498 val_accuracy=1.0000 val_loss=4.3361e-04
Epoch 86/100
75/75 4ms/step accuracy=0.9723 loss=0.0545 val_accuracy=1.0000 val_loss=4.0187e-04
Epoch 87/100
75/75 5ms/step accuracy=0.9710 loss=0.0589 val_accuracy=1.0000 val_loss=4.0151e-04
Epoch 88/100
75/75 4ms/step accuracy=0.9744 loss=0.0500 val_accuracy=1.0000 val_loss=3.5671e-04
Epoch 89/100
75/75 5ms/step accuracy=0.9718 loss=0.0555 val_accuracy=1.0000 val_loss=2.9170e-04
Epoch 90/100
75/75 4ms/step accuracy=0.9739 loss=0.0504 val_accuracy=1.0000 val_loss=2.8623e-04
Epoch 91/100
75/75 2ms/step accuracy=0.9788 loss=0.0469
75/75 5ms/step accuracy=0.9752 loss=0.0488 val_accuracy=1.0000 val_loss=2.6507e-04
Epoch 92/100
75/75 4ms/step accuracy=0.9681 loss=0.0628 val_accuracy=1.0000 val_loss=2.7370e-04
Epoch 93/100
75/75 5ms/step accuracy=0.9765 loss=0.0458 val_accuracy=1.0000 val_loss=2.5649e-04
Epoch 94/100
75/75 4ms/step accuracy=0.9681 loss=0.0566 val_accuracy=1.0000 val_loss=2.3660e-04
Epoch 95/100
75/75 5ms/step accuracy=0.9756 loss=0.0491 val_accuracy=1.0000 val_loss=1.8483e-04
Epoch 96/100
75/75 4ms/step accuracy=0.9786 loss=0.0470 val_accuracy=1.0000 val_loss=1.9336e-04
Epoch 97/100
75/75 5ms/step accuracy=0.9777 loss=0.0454 val_accuracy=1.0000 val_loss=1.3671e-04
Epoch 98/100
75/75 4ms/step accuracy=0.9756 loss=0.0476 val_accuracy=1.0000 val_loss=1.1418e-04
Epoch 99/100
75/75 5ms/step accuracy=0.9824 loss=0.0393 val_accuracy=1.0000 val_loss=1.1743e-04
Epoch 100/100
75/75 4ms/step accuracy=0.9752 loss=0.0482 val_accuracy=1.0000 val_loss=1.0643e-04
19/19 11ms/step accuracy=1.0000 loss=1.0643e-04
Loss: 0.0001, Accuracy: 1.0000
2026-08-05 15:56:51 | INFO  | Saved plot: /home/albert/Ancestor/output/Step3_Model_10_TwoStage/2026-08-05-15-56-06/plot_000.png
2026-08-05 15:56:51 | INFO  | Saved plot: /home/albert/Ancestor/output/Step3_Model_10_TwoStage/2026-08-05-15-56-06/plot_001.png
2026-08-05 15:56:52 | INFO  | Saved plot: /home/albert/Ancestor/output/Step3_Model_10_TwoStage/2026-08-05-15-56-06/plot_002.png
