2026-08-05 16:08:34 | INFO  | Logger initialized
2026-08-05 16:08:34 | INFO  | log_file=/home/albert/Ancestor/logs/Step3_Model_23_TwoStage/2026-08-05-16-08-34.log
2026-08-05 16:08:34 | INFO  | output_dir=/home/albert/Ancestor/output/Step3_Model_23_TwoStage/2026-08-05-16-08-34
[gpu_utils] GPU x1 已啟用：['/physical_device:GPU:0']
自訂 Label Mapping:
8screws: 0
1screws: 1
2screws: 2
3screws: 3
4screws: 4
模型已成功載入。
Model 3 - Layer 0: input_layer | Trainable: False
Model 3 - Layer 1: conv1d | Trainable: False
Model 3 - Layer 2: batch_normalization | Trainable: False
Model 3 - Layer 3: activation | Trainable: False
Model 3 - Layer 4: max_pooling1d | Trainable: False
Model 3 - Layer 5: conv1d_1 | Trainable: False
Model 3 - Layer 6: batch_normalization_1 | Trainable: False
Model 3 - Layer 7: activation_1 | Trainable: False
Model 3 - Layer 8: conv1d_2 | Trainable: False
Model 3 - Layer 9: batch_normalization_2 | Trainable: False
Model 3 - Layer 10: add | Trainable: False
Model 3 - Layer 11: activation_2 | Trainable: False
Model 3 - Layer 12: conv1d_3 | Trainable: False
Model 3 - Layer 13: batch_normalization_3 | Trainable: False
Model 3 - Layer 14: activation_3 | Trainable: False
Model 3 - Layer 15: conv1d_4 | Trainable: False
Model 3 - Layer 16: batch_normalization_4 | Trainable: False
Model 3 - Layer 17: add_1 | Trainable: False
Model 3 - Layer 18: activation_4 | Trainable: False
Model 3 - Layer 19: conv1d_5 | Trainable: False
Model 3 - Layer 20: batch_normalization_5 | Trainable: False
Model 3 - Layer 21: activation_5 | Trainable: False
Model 3 - Layer 22: conv1d_6 | Trainable: False
Model 3 - Layer 23: conv1d_7 | Trainable: False
Model 3 - Layer 24: batch_normalization_6 | Trainable: False
Model 3 - Layer 25: batch_normalization_7 | Trainable: False
Model 3 - Layer 26: add_2 | Trainable: False
Model 3 - Layer 27: activation_6 | Trainable: False
Model 3 - Layer 28: conv1d_8 | Trainable: False
Model 3 - Layer 29: batch_normalization_8 | Trainable: False
Model 3 - Layer 30: activation_7 | Trainable: False
Model 3 - Layer 31: conv1d_9 | Trainable: False
Model 3 - Layer 32: batch_normalization_9 | Trainable: False
Model 3 - Layer 33: add_3 | Trainable: False
Model 3 - Layer 34: activation_8 | Trainable: False
Model 3 - Layer 35: conv1d_10 | Trainable: True
Model 3 - Layer 36: batch_normalization_10 | Trainable: False
Model 3 - Layer 37: activation_9 | Trainable: True
Model 3 - Layer 38: conv1d_11 | Trainable: True
Model 3 - Layer 39: conv1d_12 | Trainable: True
Model 3 - Layer 40: batch_normalization_11 | Trainable: False
Model 3 - Layer 41: batch_normalization_12 | Trainable: False
Model 3 - Layer 42: add_4 | Trainable: True
Model 3 - Layer 43: activation_10 | Trainable: True
Model 3 - Layer 44: conv1d_13 | Trainable: True
Model 3 - Layer 45: batch_normalization_13 | Trainable: False
Model 3 - Layer 46: activation_11 | Trainable: True
Model 3 - Layer 47: conv1d_14 | Trainable: True
Model 3 - Layer 48: batch_normalization_14 | Trainable: False
Model 3 - Layer 49: add_5 | Trainable: True
Model 3 - Layer 50: activation_12 | Trainable: True
Model 3 - Layer 51: conv1d_15 | Trainable: True
Model 3 - Layer 52: batch_normalization_15 | Trainable: False
Model 3 - Layer 53: activation_13 | Trainable: True
Model 3 - Layer 54: conv1d_16 | Trainable: True
Model 3 - Layer 55: conv1d_17 | Trainable: True
Model 3 - Layer 56: batch_normalization_16 | Trainable: False
Model 3 - Layer 57: batch_normalization_17 | Trainable: False
Model 3 - Layer 58: add_6 | Trainable: True
Model 3 - Layer 59: activation_14 | Trainable: True
Model 3 - Layer 60: conv1d_18 | Trainable: True
Model 3 - Layer 61: batch_normalization_18 | Trainable: False
Model 3 - Layer 62: activation_15 | Trainable: True
Model 3 - Layer 63: conv1d_19 | Trainable: True
Model 3 - Layer 64: batch_normalization_19 | Trainable: False
Model 3 - Layer 65: add_7 | Trainable: True
Model 3 - Layer 66: activation_16 | Trainable: True
Model 3 - Layer 67: global_average_pooling1d | Trainable: True
Model 3 - Layer 68: Screw_Number_Output | Trainable: True
[Training] Device: /GPU:0
Epoch 1/100
75/75 56ms/step accuracy=0.6199 loss=1.9788
75/75 93ms/step accuracy=0.7846 loss=0.9128 val_accuracy=0.9367 val_loss=0.2019
Epoch 2/100
75/75 7ms/step accuracy=0.9733 loss=0.0974 val_accuracy=0.9767 val_loss=0.0892
Epoch 3/100
75/75 5ms/step accuracy=0.9887 loss=0.0418 val_accuracy=0.9850 val_loss=0.0623
Epoch 4/100
75/75 5ms/step accuracy=0.9962 loss=0.0225 val_accuracy=0.9833 val_loss=0.0516
Epoch 5/100
75/75 7ms/step accuracy=0.9971 loss=0.0130 val_accuracy=0.9883 val_loss=0.0429
Epoch 6/100
75/75 5ms/step accuracy=0.9996 loss=0.0075 val_accuracy=0.9900 val_loss=0.0368
Epoch 7/100
75/75 6ms/step accuracy=0.9996 loss=0.0052 val_accuracy=0.9900 val_loss=0.0346
Epoch 8/100
75/75 7ms/step accuracy=1.0000 loss=0.0037 val_accuracy=0.9900 val_loss=0.0381
Epoch 9/100
75/75 6ms/step accuracy=1.0000 loss=0.0028 val_accuracy=0.9900 val_loss=0.0319
Epoch 10/100
75/75 6ms/step accuracy=1.0000 loss=0.0021 val_accuracy=0.9917 val_loss=0.0313
Epoch 11/100
75/75 5ms/step accuracy=1.0000 loss=0.0016 val_accuracy=0.9933 val_loss=0.0293
Epoch 12/100
75/75 7ms/step accuracy=1.0000 loss=0.0013 val_accuracy=0.9950 val_loss=0.0288
Epoch 13/100
75/75 5ms/step accuracy=1.0000 loss=0.0011 val_accuracy=0.9933 val_loss=0.0294
Epoch 14/100
75/75 5ms/step accuracy=1.0000 loss=9.8363e-04 val_accuracy=0.9933 val_loss=0.0293
Epoch 15/100
75/75 7ms/step accuracy=1.0000 loss=8.3343e-04 val_accuracy=0.9933 val_loss=0.0293
Epoch 16/100
75/75 5ms/step accuracy=1.0000 loss=7.1767e-04 val_accuracy=0.9933 val_loss=0.0290
Epoch 17/100
75/75 6ms/step accuracy=1.0000 loss=6.1612e-04 val_accuracy=0.9933 val_loss=0.0277
Epoch 18/100
75/75 4ms/step accuracy=1.0000 loss=6.6590e-04
75/75 7ms/step accuracy=1.0000 loss=5.7464e-04 val_accuracy=0.9933 val_loss=0.0293
Epoch 19/100
75/75 5ms/step accuracy=1.0000 loss=4.8489e-04 val_accuracy=0.9933 val_loss=0.0280
Epoch 20/100
75/75 5ms/step accuracy=1.0000 loss=4.2928e-04 val_accuracy=0.9933 val_loss=0.0279
Epoch 21/100
75/75 8ms/step accuracy=1.0000 loss=3.9479e-04 val_accuracy=0.9933 val_loss=0.0276
Epoch 22/100
75/75 7ms/step accuracy=1.0000 loss=3.4312e-04 val_accuracy=0.9933 val_loss=0.0287
Epoch 23/100
75/75 5ms/step accuracy=1.0000 loss=3.1044e-04 val_accuracy=0.9933 val_loss=0.0284
Epoch 24/100
75/75 5ms/step accuracy=1.0000 loss=2.8121e-04 val_accuracy=0.9933 val_loss=0.0280
Epoch 25/100
75/75 7ms/step accuracy=1.0000 loss=2.5216e-04 val_accuracy=0.9933 val_loss=0.0282
Epoch 26/100
75/75 5ms/step accuracy=1.0000 loss=2.3145e-04 val_accuracy=0.9933 val_loss=0.0278
Epoch 27/100
75/75 6ms/step accuracy=1.0000 loss=2.1356e-04 val_accuracy=0.9933 val_loss=0.0277
Epoch 28/100
75/75 7ms/step accuracy=1.0000 loss=1.9346e-04 val_accuracy=0.9933 val_loss=0.0277
Epoch 29/100
75/75 7ms/step accuracy=1.0000 loss=1.7825e-04 val_accuracy=0.9933 val_loss=0.0278
Epoch 30/100
75/75 5ms/step accuracy=1.0000 loss=1.6584e-04 val_accuracy=0.9933 val_loss=0.0278
Epoch 31/100
75/75 6ms/step accuracy=1.0000 loss=1.5035e-04 val_accuracy=0.9933 val_loss=0.0280
19/19 4ms/step accuracy=0.9933 loss=0.0276
Loss: 0.0276, Accuracy: 0.9933
2026-08-05 16:09:07 | INFO  | Saved plot: /home/albert/Ancestor/output/Step3_Model_23_TwoStage/2026-08-05-16-08-34/plot_000.png
2026-08-05 16:09:07 | INFO  | Saved plot: /home/albert/Ancestor/output/Step3_Model_23_TwoStage/2026-08-05-16-08-34/plot_001.png
2026-08-05 16:09:10 | INFO  | Saved plot: /home/albert/Ancestor/output/Step3_Model_23_TwoStage/2026-08-05-16-08-34/plot_002.png
