2026-08-05 16:23:20 | INFO  | Logger initialized
2026-08-05 16:23:20 | INFO  | log_file=/home/albert/Ancestor/logs/Step4_Model_15_Detecting/2026-08-05-16-23-20.log
2026-08-05 16:23:20 | INFO  | output_dir=/home/albert/Ancestor/output/Step4_Model_15_Detecting/2026-08-05-16-23-20
=== 1. Loading training data ===
✔️ Train : (1271, 105)  |  Test : (318, 105)
==============================
▶ mcs = 21 | conf = 0.9 | thr = 7.72
==============================
--- Test‑set validation
C0      : 1screws 52筆
C1      : 3screws 67筆
C2      : 4screws 70筆
C3      : 8screws 65筆
C4      : 2screws 64筆
* C0  | size  52 | dist   2.45 | Known
* C1  | size  67 | dist   2.08 | Known
* C2  | size  70 | dist   1.92 | Known
* C3  | size  65 | dist   2.08 | Known
* C4  | size  64 | dist   2.10 | Known
--- Unknown ['5screws'] | mcs 21
C5      : 70 pts
C1      : 60 pts
C0      : 52 pts
C4      : 64 pts
C3      : 65 pts
C2      : 67 pts
C0  | size  52 | dist   2.45 | Known
C1  | size  60 | dist  16.12 | New Fault
C2  | size  67 | dist   2.08 | Known
C3  | size  65 | dist   2.08 | Known
C4  | size  64 | dist   2.10 | Known
C5  | size  70 | dist   1.92 | Known
--- Unknown ['5screws', '6screws'] | mcs 21
C1      : 60 pts
C6      : 61 pts
outliers: 53 pts
C2      : 67 pts
C3      : 65 pts
C5      : 21 pts
C4      : 59 pts
C0      : 52 pts
C0  | size  52 | dist   2.45 | Known
C1  | size  60 | dist  16.12 | New Fault
C2  | size  67 | dist   2.08 | Known
C3  | size  65 | dist   2.08 | Known
C4  | size  59 | dist   2.12 | Known
C5  | size  21 | dist   8.30 | New Fault
C6  | size  61 | dist   1.93 | Known
--- Unknown ['5screws', '6screws', '7screws'] | mcs 21
C0      : 52 pts
C6      : 120 pts
C5      : 51 pts
C1      : 47 pts
C3      : 62 pts
C2      : 53 pts
C4      : 57 pts
outliers: 8 pts
C0  | size  52 | dist 282.30 | New Fault
C1  | size  47 | dist   2.51 | Known
C2  | size  53 | dist  15.95 | New Fault
C3  | size  62 | dist   2.13 | Known
C4  | size  57 | dist   2.08 | Known
C5  | size  51 | dist   2.14 | Known
C6  | size 120 | dist   3.99 | Known
--- Unknown ['5screws', '6screws', '7screws', '3_14screws'] | mcs 21
C2      : 53 pts
C0      : 45 pts
C4      : 51 pts
C5      : 106 pts
C3      : 49 pts
C6      : 38 pts
C7      : 43 pts
C1      : 50 pts
outliers: 15 pts
C0  | size  45 | dist 281.17 | New Fault
C1  | size  50 | dist   2.08 | Known
C2  | size  53 | dist   2.13 | Known
C3  | size  49 | dist  15.74 | New Fault
C4  | size  51 | dist   2.12 | Known
C5  | size 106 | dist   4.09 | Known
C6  | size  38 | dist  23.69 | New Fault
C7  | size  43 | dist   2.90 | Known
--- Unknown ['5screws', '6screws', '7screws', '3_14screws', '4_146screws'] | mcs 21
C1      : 49 pts
C3      : 44 pts
C9      : 46 pts
C7      : 47 pts
C4      : 48 pts
C2      : 47 pts
C6      : 38 pts
C0      : 40 pts
C5      : 34 pts
C8      : 24 pts
outliers: 33 pts
C0  | size  40 | dist 279.47 | New Fault
C1  | size  49 | dist   2.21 | Known
C2  | size  47 | dist  15.92 | New Fault
C3  | size  44 | dist  22.93 | New Fault
C4  | size  48 | dist   2.10 | Known
C5  | size  34 | dist   2.98 | Known
C6  | size  38 | dist  24.44 | New Fault
C7  | size  47 | dist   2.08 | Known
C8  | size  24 | dist   8.62 | New Fault
C9  | size  46 | dist   2.03 | Known
==============================
▶ mcs = 21 | conf = 0.95 | thr = 8.54
==============================
--- Test‑set validation
C0      : 1screws 52筆
C1      : 3screws 67筆
C2      : 4screws 70筆
C3      : 8screws 65筆
C4      : 2screws 64筆
* C0  | size  52 | dist   2.45 | Known
* C1  | size  67 | dist   2.08 | Known
* C2  | size  70 | dist   1.92 | Known
* C3  | size  65 | dist   2.08 | Known
* C4  | size  64 | dist   2.10 | Known
--- Unknown ['5screws'] | mcs 21
C5      : 70 pts
C1      : 60 pts
C0      : 52 pts
C4      : 64 pts
C3      : 65 pts
C2      : 67 pts
C0  | size  52 | dist   2.45 | Known
C1  | size  60 | dist  16.12 | New Fault
C2  | size  67 | dist   2.08 | Known
C3  | size  65 | dist   2.08 | Known
C4  | size  64 | dist   2.10 | Known
C5  | size  70 | dist   1.92 | Known
--- Unknown ['5screws', '6screws'] | mcs 21
C1      : 60 pts
C6      : 61 pts
outliers: 53 pts
C2      : 67 pts
C3      : 65 pts
C5      : 21 pts
C4      : 59 pts
C0      : 52 pts
C0  | size  52 | dist   2.45 | Known
C1  | size  60 | dist  16.12 | New Fault
C2  | size  67 | dist   2.08 | Known
C3  | size  65 | dist   2.08 | Known
C4  | size  59 | dist   2.12 | Known
C5  | size  21 | dist   8.30 | Known
C6  | size  61 | dist   1.93 | Known
--- Unknown ['5screws', '6screws', '7screws'] | mcs 21
C0      : 52 pts
C6      : 120 pts
C5      : 51 pts
C1      : 47 pts
C3      : 62 pts
C2      : 53 pts
C4      : 57 pts
outliers: 8 pts
C0  | size  52 | dist 282.30 | New Fault
C1  | size  47 | dist   2.51 | Known
C2  | size  53 | dist  15.95 | New Fault
C3  | size  62 | dist   2.13 | Known
C4  | size  57 | dist   2.08 | Known
C5  | size  51 | dist   2.14 | Known
C6  | size 120 | dist   3.99 | Known
--- Unknown ['5screws', '6screws', '7screws', '3_14screws'] | mcs 21
C2      : 53 pts
C0      : 45 pts
C4      : 51 pts
C5      : 106 pts
C3      : 49 pts
C6      : 38 pts
C7      : 43 pts
C1      : 50 pts
outliers: 15 pts
C0  | size  45 | dist 281.17 | New Fault
C1  | size  50 | dist   2.08 | Known
C2  | size  53 | dist   2.13 | Known
C3  | size  49 | dist  15.74 | New Fault
C4  | size  51 | dist   2.12 | Known
C5  | size 106 | dist   4.09 | Known
C6  | size  38 | dist  23.69 | New Fault
C7  | size  43 | dist   2.90 | Known
--- Unknown ['5screws', '6screws', '7screws', '3_14screws', '4_146screws'] | mcs 21
C1      : 49 pts
C3      : 44 pts
C9      : 46 pts
C7      : 47 pts
C4      : 48 pts
C2      : 47 pts
C6      : 38 pts
C0      : 40 pts
C5      : 34 pts
C8      : 24 pts
outliers: 33 pts
C0  | size  40 | dist 279.47 | New Fault
C1  | size  49 | dist   2.21 | Known
C2  | size  47 | dist  15.92 | New Fault
C3  | size  44 | dist  22.93 | New Fault
C4  | size  48 | dist   2.10 | Known
C5  | size  34 | dist   2.98 | Known
C6  | size  38 | dist  24.44 | New Fault
C7  | size  47 | dist   2.08 | Known
C8  | size  24 | dist   8.62 | New Fault
C9  | size  46 | dist   2.03 | Known
==============================
▶ mcs = 21 | conf = 0.99 | thr = 12.13
==============================
--- Test‑set validation
C0      : 1screws 52筆
C1      : 3screws 67筆
C2      : 4screws 70筆
C3      : 8screws 65筆
C4      : 2screws 64筆
* C0  | size  52 | dist   2.45 | Known
* C1  | size  67 | dist   2.08 | Known
* C2  | size  70 | dist   1.92 | Known
* C3  | size  65 | dist   2.08 | Known
* C4  | size  64 | dist   2.10 | Known
--- Unknown ['5screws'] | mcs 21
C5      : 70 pts
C1      : 60 pts
C0      : 52 pts
C4      : 64 pts
C3      : 65 pts
C2      : 67 pts
C0  | size  52 | dist   2.45 | Known
C1  | size  60 | dist  16.12 | New Fault
C2  | size  67 | dist   2.08 | Known
C3  | size  65 | dist   2.08 | Known
C4  | size  64 | dist   2.10 | Known
C5  | size  70 | dist   1.92 | Known
--- Unknown ['5screws', '6screws'] | mcs 21
C1      : 60 pts
C6      : 61 pts
outliers: 53 pts
C2      : 67 pts
C3      : 65 pts
C5      : 21 pts
C4      : 59 pts
C0      : 52 pts
C0  | size  52 | dist   2.45 | Known
C1  | size  60 | dist  16.12 | New Fault
C2  | size  67 | dist   2.08 | Known
C3  | size  65 | dist   2.08 | Known
C4  | size  59 | dist   2.12 | Known
C5  | size  21 | dist   8.30 | Known
C6  | size  61 | dist   1.93 | Known
--- Unknown ['5screws', '6screws', '7screws'] | mcs 21
C0      : 52 pts
C6      : 120 pts
C5      : 51 pts
C1      : 47 pts
C3      : 62 pts
C2      : 53 pts
C4      : 57 pts
outliers: 8 pts
C0  | size  52 | dist 282.30 | New Fault
C1  | size  47 | dist   2.51 | Known
C2  | size  53 | dist  15.95 | New Fault
C3  | size  62 | dist   2.13 | Known
C4  | size  57 | dist   2.08 | Known
C5  | size  51 | dist   2.14 | Known
C6  | size 120 | dist   3.99 | Known
--- Unknown ['5screws', '6screws', '7screws', '3_14screws'] | mcs 21
C2      : 53 pts
C0      : 45 pts
C4      : 51 pts
C5      : 106 pts
C3      : 49 pts
C6      : 38 pts
C7      : 43 pts
C1      : 50 pts
outliers: 15 pts
C0  | size  45 | dist 281.17 | New Fault
C1  | size  50 | dist   2.08 | Known
C2  | size  53 | dist   2.13 | Known
C3  | size  49 | dist  15.74 | New Fault
C4  | size  51 | dist   2.12 | Known
C5  | size 106 | dist   4.09 | Known
C6  | size  38 | dist  23.69 | New Fault
C7  | size  43 | dist   2.90 | Known
--- Unknown ['5screws', '6screws', '7screws', '3_14screws', '4_146screws'] | mcs 21
C1      : 49 pts
C3      : 44 pts
C9      : 46 pts
C7      : 47 pts
C4      : 48 pts
C2      : 47 pts
C6      : 38 pts
C0      : 40 pts
C5      : 34 pts
C8      : 24 pts
outliers: 33 pts
C0  | size  40 | dist 279.47 | New Fault
C1  | size  49 | dist   2.21 | Known
C2  | size  47 | dist  15.92 | New Fault
C3  | size  44 | dist  22.93 | New Fault
C4  | size  48 | dist   2.10 | Known
C5  | size  34 | dist   2.98 | Known
C6  | size  38 | dist  24.44 | New Fault
C7  | size  47 | dist   2.08 | Known
C8  | size  24 | dist   8.62 | Known
C9  | size  46 | dist   2.03 | Known
==============================
▶ mcs = 22 | conf = 0.9 | thr = 7.72
==============================
--- Test‑set validation
C0      : 1screws 52筆
C1      : 3screws 67筆
C2      : 4screws 70筆
C3      : 8screws 65筆
C4      : 2screws 64筆
* C0  | size  52 | dist   2.45 | Known
* C1  | size  67 | dist   2.08 | Known
* C2  | size  70 | dist   1.92 | Known
* C3  | size  65 | dist   2.08 | Known
* C4  | size  64 | dist   2.10 | Known
--- Unknown ['5screws'] | mcs 22
C5      : 70 pts
C1      : 60 pts
C0      : 52 pts
C4      : 64 pts
C3      : 65 pts
C2      : 67 pts
C0  | size  52 | dist   2.45 | Known
C1  | size  60 | dist  16.12 | New Fault
C2  | size  67 | dist   2.08 | Known
C3  | size  65 | dist   2.08 | Known
C4  | size  64 | dist   2.10 | Known
C5  | size  70 | dist   1.92 | Known
--- Unknown ['5screws', '6screws'] | mcs 22
C1      : 60 pts
C5      : 126 pts
C2      : 67 pts
C3      : 65 pts
C4      : 59 pts
C0      : 52 pts
outliers: 9 pts
C0  | size  52 | dist   2.45 | Known
C1  | size  60 | dist  16.12 | New Fault
C2  | size  67 | dist   2.08 | Known
C3  | size  65 | dist   2.08 | Known
C4  | size  59 | dist   2.12 | Known
C5  | size 126 | dist   3.94 | Known
--- Unknown ['5screws', '6screws', '7screws'] | mcs 22
C0      : 52 pts
C6      : 120 pts
C5      : 51 pts
C1      : 47 pts
C3      : 62 pts
C2      : 53 pts
C4      : 57 pts
outliers: 8 pts
C0  | size  52 | dist 282.30 | New Fault
C1  | size  47 | dist   2.51 | Known
C2  | size  53 | dist  15.95 | New Fault
C3  | size  62 | dist   2.13 | Known
C4  | size  57 | dist   2.08 | Known
C5  | size  51 | dist   2.14 | Known
C6  | size 120 | dist   3.99 | Known
--- Unknown ['5screws', '6screws', '7screws', '3_14screws'] | mcs 22
C2      : 53 pts
C0      : 45 pts
C4      : 51 pts
C5      : 106 pts
C3      : 49 pts
C6      : 38 pts
C7      : 43 pts
C1      : 50 pts
outliers: 15 pts
C0  | size  45 | dist 281.17 | New Fault
C1  | size  50 | dist   2.08 | Known
C2  | size  53 | dist   2.13 | Known
C3  | size  49 | dist  15.74 | New Fault
C4  | size  51 | dist   2.12 | Known
C5  | size 106 | dist   4.09 | Known
C6  | size  38 | dist  23.69 | New Fault
C7  | size  43 | dist   2.90 | Known
--- Unknown ['5screws', '6screws', '7screws', '3_14screws', '4_146screws'] | mcs 22
C1      : 49 pts
C3      : 44 pts
C9      : 46 pts
C7      : 47 pts
C4      : 48 pts
C2      : 47 pts
C6      : 38 pts
C0      : 40 pts
C5      : 34 pts
C8      : 24 pts
outliers: 33 pts
C0  | size  40 | dist 279.47 | New Fault
C1  | size  49 | dist   2.21 | Known
C2  | size  47 | dist  15.92 | New Fault
C3  | size  44 | dist  22.93 | New Fault
C4  | size  48 | dist   2.10 | Known
C5  | size  34 | dist   2.98 | Known
C6  | size  38 | dist  24.44 | New Fault
C7  | size  47 | dist   2.08 | Known
C8  | size  24 | dist   8.62 | New Fault
C9  | size  46 | dist   2.03 | Known
==============================
▶ mcs = 22 | conf = 0.95 | thr = 8.54
==============================
--- Test‑set validation
C0      : 1screws 52筆
C1      : 3screws 67筆
C2      : 4screws 70筆
C3      : 8screws 65筆
C4      : 2screws 64筆
* C0  | size  52 | dist   2.45 | Known
* C1  | size  67 | dist   2.08 | Known
* C2  | size  70 | dist   1.92 | Known
* C3  | size  65 | dist   2.08 | Known
* C4  | size  64 | dist   2.10 | Known
--- Unknown ['5screws'] | mcs 22
C5      : 70 pts
C1      : 60 pts
C0      : 52 pts
C4      : 64 pts
C3      : 65 pts
C2      : 67 pts
C0  | size  52 | dist   2.45 | Known
C1  | size  60 | dist  16.12 | New Fault
C2  | size  67 | dist   2.08 | Known
C3  | size  65 | dist   2.08 | Known
C4  | size  64 | dist   2.10 | Known
C5  | size  70 | dist   1.92 | Known
--- Unknown ['5screws', '6screws'] | mcs 22
C1      : 60 pts
C5      : 126 pts
C2      : 67 pts
C3      : 65 pts
C4      : 59 pts
C0      : 52 pts
outliers: 9 pts
C0  | size  52 | dist   2.45 | Known
C1  | size  60 | dist  16.12 | New Fault
C2  | size  67 | dist   2.08 | Known
C3  | size  65 | dist   2.08 | Known
C4  | size  59 | dist   2.12 | Known
C5  | size 126 | dist   3.94 | Known
--- Unknown ['5screws', '6screws', '7screws'] | mcs 22
C0      : 52 pts
C6      : 120 pts
C5      : 51 pts
C1      : 47 pts
C3      : 62 pts
C2      : 53 pts
C4      : 57 pts
outliers: 8 pts
C0  | size  52 | dist 282.30 | New Fault
C1  | size  47 | dist   2.51 | Known
C2  | size  53 | dist  15.95 | New Fault
C3  | size  62 | dist   2.13 | Known
C4  | size  57 | dist   2.08 | Known
C5  | size  51 | dist   2.14 | Known
C6  | size 120 | dist   3.99 | Known
--- Unknown ['5screws', '6screws', '7screws', '3_14screws'] | mcs 22
C2      : 53 pts
C0      : 45 pts
C4      : 51 pts
C5      : 106 pts
C3      : 49 pts
C6      : 38 pts
C7      : 43 pts
C1      : 50 pts
outliers: 15 pts
C0  | size  45 | dist 281.17 | New Fault
C1  | size  50 | dist   2.08 | Known
C2  | size  53 | dist   2.13 | Known
C3  | size  49 | dist  15.74 | New Fault
C4  | size  51 | dist   2.12 | Known
C5  | size 106 | dist   4.09 | Known
C6  | size  38 | dist  23.69 | New Fault
C7  | size  43 | dist   2.90 | Known
--- Unknown ['5screws', '6screws', '7screws', '3_14screws', '4_146screws'] | mcs 22
C1      : 49 pts
C3      : 44 pts
C9      : 46 pts
C7      : 47 pts
C4      : 48 pts
C2      : 47 pts
C6      : 38 pts
C0      : 40 pts
C5      : 34 pts
C8      : 24 pts
outliers: 33 pts
C0  | size  40 | dist 279.47 | New Fault
C1  | size  49 | dist   2.21 | Known
C2  | size  47 | dist  15.92 | New Fault
C3  | size  44 | dist  22.93 | New Fault
C4  | size  48 | dist   2.10 | Known
C5  | size  34 | dist   2.98 | Known
C6  | size  38 | dist  24.44 | New Fault
C7  | size  47 | dist   2.08 | Known
C8  | size  24 | dist   8.62 | New Fault
C9  | size  46 | dist   2.03 | Known
==============================
▶ mcs = 22 | conf = 0.99 | thr = 12.13
==============================
--- Test‑set validation
C0      : 1screws 52筆
C1      : 3screws 67筆
C2      : 4screws 70筆
C3      : 8screws 65筆
C4      : 2screws 64筆
* C0  | size  52 | dist   2.45 | Known
* C1  | size  67 | dist   2.08 | Known
* C2  | size  70 | dist   1.92 | Known
* C3  | size  65 | dist   2.08 | Known
* C4  | size  64 | dist   2.10 | Known
--- Unknown ['5screws'] | mcs 22
C5      : 70 pts
C1      : 60 pts
C0      : 52 pts
C4      : 64 pts
C3      : 65 pts
C2      : 67 pts
C0  | size  52 | dist   2.45 | Known
C1  | size  60 | dist  16.12 | New Fault
C2  | size  67 | dist   2.08 | Known
C3  | size  65 | dist   2.08 | Known
C4  | size  64 | dist   2.10 | Known
C5  | size  70 | dist   1.92 | Known
--- Unknown ['5screws', '6screws'] | mcs 22
C1      : 60 pts
C5      : 126 pts
C2      : 67 pts
C3      : 65 pts
C4      : 59 pts
C0      : 52 pts
outliers: 9 pts
C0  | size  52 | dist   2.45 | Known
C1  | size  60 | dist  16.12 | New Fault
C2  | size  67 | dist   2.08 | Known
C3  | size  65 | dist   2.08 | Known
C4  | size  59 | dist   2.12 | Known
C5  | size 126 | dist   3.94 | Known
--- Unknown ['5screws', '6screws', '7screws'] | mcs 22
C0      : 52 pts
C6      : 120 pts
C5      : 51 pts
C1      : 47 pts
C3      : 62 pts
C2      : 53 pts
C4      : 57 pts
outliers: 8 pts
C0  | size  52 | dist 282.30 | New Fault
C1  | size  47 | dist   2.51 | Known
C2  | size  53 | dist  15.95 | New Fault
C3  | size  62 | dist   2.13 | Known
C4  | size  57 | dist   2.08 | Known
C5  | size  51 | dist   2.14 | Known
C6  | size 120 | dist   3.99 | Known
--- Unknown ['5screws', '6screws', '7screws', '3_14screws'] | mcs 22
C2      : 53 pts
C0      : 45 pts
C4      : 51 pts
C5      : 106 pts
C3      : 49 pts
C6      : 38 pts
C7      : 43 pts
C1      : 50 pts
outliers: 15 pts
C0  | size  45 | dist 281.17 | New Fault
C1  | size  50 | dist   2.08 | Known
C2  | size  53 | dist   2.13 | Known
C3  | size  49 | dist  15.74 | New Fault
C4  | size  51 | dist   2.12 | Known
C5  | size 106 | dist   4.09 | Known
C6  | size  38 | dist  23.69 | New Fault
C7  | size  43 | dist   2.90 | Known
--- Unknown ['5screws', '6screws', '7screws', '3_14screws', '4_146screws'] | mcs 22
C1      : 49 pts
C3      : 44 pts
C9      : 46 pts
C7      : 47 pts
C4      : 48 pts
C2      : 47 pts
C6      : 38 pts
C0      : 40 pts
C5      : 34 pts
C8      : 24 pts
outliers: 33 pts
C0  | size  40 | dist 279.47 | New Fault
C1  | size  49 | dist   2.21 | Known
C2  | size  47 | dist  15.92 | New Fault
C3  | size  44 | dist  22.93 | New Fault
C4  | size  48 | dist   2.10 | Known
C5  | size  34 | dist   2.98 | Known
C6  | size  38 | dist  24.44 | New Fault
C7  | size  47 | dist   2.08 | Known
C8  | size  24 | dist   8.62 | Known
C9  | size  46 | dist   2.03 | Known
==============================
▶ mcs = 23 | conf = 0.9 | thr = 7.72
==============================
--- Test‑set validation
C0      : 1screws 52筆
C1      : 3screws 67筆
C2      : 4screws 70筆
C3      : 8screws 65筆
C4      : 2screws 64筆
* C0  | size  52 | dist   2.45 | Known
* C1  | size  67 | dist   2.08 | Known
* C2  | size  70 | dist   1.92 | Known
* C3  | size  65 | dist   2.08 | Known
* C4  | size  64 | dist   2.10 | Known
--- Unknown ['5screws'] | mcs 23
C5      : 70 pts
C1      : 60 pts
C0      : 52 pts
C4      : 64 pts
C3      : 65 pts
C2      : 67 pts
C0  | size  52 | dist   2.45 | Known
C1  | size  60 | dist  16.12 | New Fault
C2  | size  67 | dist   2.08 | Known
C3  | size  65 | dist   2.08 | Known
C4  | size  64 | dist   2.10 | Known
C5  | size  70 | dist   1.92 | Known
--- Unknown ['5screws', '6screws'] | mcs 23
C1      : 60 pts
C5      : 126 pts
C2      : 67 pts
C3      : 65 pts
C4      : 59 pts
C0      : 52 pts
outliers: 9 pts
C0  | size  52 | dist   2.45 | Known
C1  | size  60 | dist  16.12 | New Fault
C2  | size  67 | dist   2.08 | Known
C3  | size  65 | dist   2.08 | Known
C4  | size  59 | dist   2.12 | Known
C5  | size 126 | dist   3.94 | Known
--- Unknown ['5screws', '6screws', '7screws'] | mcs 23
C0      : 52 pts
C6      : 120 pts
C5      : 51 pts
C1      : 47 pts
C3      : 62 pts
C2      : 53 pts
C4      : 57 pts
outliers: 8 pts
C0  | size  52 | dist 282.30 | New Fault
C1  | size  47 | dist   2.51 | Known
C2  | size  53 | dist  15.95 | New Fault
C3  | size  62 | dist   2.13 | Known
C4  | size  57 | dist   2.08 | Known
C5  | size  51 | dist   2.14 | Known
C6  | size 120 | dist   3.99 | Known
--- Unknown ['5screws', '6screws', '7screws', '3_14screws'] | mcs 23
C2      : 53 pts
C0      : 45 pts
C4      : 51 pts
C5      : 106 pts
C3      : 49 pts
C6      : 38 pts
C7      : 43 pts
C1      : 50 pts
outliers: 15 pts
C0  | size  45 | dist 281.17 | New Fault
C1  | size  50 | dist   2.08 | Known
C2  | size  53 | dist   2.13 | Known
C3  | size  49 | dist  15.74 | New Fault
C4  | size  51 | dist   2.12 | Known
C5  | size 106 | dist   4.09 | Known
C6  | size  38 | dist  23.69 | New Fault
C7  | size  43 | dist   2.90 | Known
--- Unknown ['5screws', '6screws', '7screws', '3_14screws', '4_146screws'] | mcs 23
C1      : 49 pts
C3      : 44 pts
C9      : 46 pts
C7      : 47 pts
C4      : 48 pts
C2      : 47 pts
C6      : 38 pts
C0      : 40 pts
C5      : 34 pts
C8      : 24 pts
outliers: 33 pts
C0  | size  40 | dist 279.47 | New Fault
C1  | size  49 | dist   2.21 | Known
C2  | size  47 | dist  15.92 | New Fault
C3  | size  44 | dist  22.93 | New Fault
C4  | size  48 | dist   2.10 | Known
C5  | size  34 | dist   2.98 | Known
C6  | size  38 | dist  24.44 | New Fault
C7  | size  47 | dist   2.08 | Known
C8  | size  24 | dist   8.62 | New Fault
C9  | size  46 | dist   2.03 | Known
==============================
▶ mcs = 23 | conf = 0.95 | thr = 8.54
==============================
--- Test‑set validation
C0      : 1screws 52筆
C1      : 3screws 67筆
C2      : 4screws 70筆
C3      : 8screws 65筆
C4      : 2screws 64筆
* C0  | size  52 | dist   2.45 | Known
* C1  | size  67 | dist   2.08 | Known
* C2  | size  70 | dist   1.92 | Known
* C3  | size  65 | dist   2.08 | Known
* C4  | size  64 | dist   2.10 | Known
--- Unknown ['5screws'] | mcs 23
C5      : 70 pts
C1      : 60 pts
C0      : 52 pts
C4      : 64 pts
C3      : 65 pts
C2      : 67 pts
C0  | size  52 | dist   2.45 | Known
C1  | size  60 | dist  16.12 | New Fault
C2  | size  67 | dist   2.08 | Known
C3  | size  65 | dist   2.08 | Known
C4  | size  64 | dist   2.10 | Known
C5  | size  70 | dist   1.92 | Known
--- Unknown ['5screws', '6screws'] | mcs 23
C1      : 60 pts
C5      : 126 pts
C2      : 67 pts
C3      : 65 pts
C4      : 59 pts
C0      : 52 pts
outliers: 9 pts
C0  | size  52 | dist   2.45 | Known
C1  | size  60 | dist  16.12 | New Fault
C2  | size  67 | dist   2.08 | Known
C3  | size  65 | dist   2.08 | Known
C4  | size  59 | dist   2.12 | Known
C5  | size 126 | dist   3.94 | Known
--- Unknown ['5screws', '6screws', '7screws'] | mcs 23
C0      : 52 pts
C6      : 120 pts
C5      : 51 pts
C1      : 47 pts
C3      : 62 pts
C2      : 53 pts
C4      : 57 pts
outliers: 8 pts
C0  | size  52 | dist 282.30 | New Fault
C1  | size  47 | dist   2.51 | Known
C2  | size  53 | dist  15.95 | New Fault
C3  | size  62 | dist   2.13 | Known
C4  | size  57 | dist   2.08 | Known
C5  | size  51 | dist   2.14 | Known
C6  | size 120 | dist   3.99 | Known
--- Unknown ['5screws', '6screws', '7screws', '3_14screws'] | mcs 23
C2      : 53 pts
C0      : 45 pts
C4      : 51 pts
C5      : 106 pts
C3      : 49 pts
C6      : 38 pts
C7      : 43 pts
C1      : 50 pts
outliers: 15 pts
C0  | size  45 | dist 281.17 | New Fault
C1  | size  50 | dist   2.08 | Known
C2  | size  53 | dist   2.13 | Known
C3  | size  49 | dist  15.74 | New Fault
C4  | size  51 | dist   2.12 | Known
C5  | size 106 | dist   4.09 | Known
C6  | size  38 | dist  23.69 | New Fault
C7  | size  43 | dist   2.90 | Known
--- Unknown ['5screws', '6screws', '7screws', '3_14screws', '4_146screws'] | mcs 23
C1      : 49 pts
C3      : 44 pts
C9      : 46 pts
C7      : 47 pts
C4      : 48 pts
C2      : 47 pts
C6      : 38 pts
C0      : 40 pts
C5      : 34 pts
C8      : 24 pts
outliers: 33 pts
C0  | size  40 | dist 279.47 | New Fault
C1  | size  49 | dist   2.21 | Known
C2  | size  47 | dist  15.92 | New Fault
C3  | size  44 | dist  22.93 | New Fault
C4  | size  48 | dist   2.10 | Known
C5  | size  34 | dist   2.98 | Known
C6  | size  38 | dist  24.44 | New Fault
C7  | size  47 | dist   2.08 | Known
C8  | size  24 | dist   8.62 | New Fault
C9  | size  46 | dist   2.03 | Known
==============================
▶ mcs = 23 | conf = 0.99 | thr = 12.13
==============================
--- Test‑set validation
C0      : 1screws 52筆
C1      : 3screws 67筆
C2      : 4screws 70筆
C3      : 8screws 65筆
C4      : 2screws 64筆
* C0  | size  52 | dist   2.45 | Known
* C1  | size  67 | dist   2.08 | Known
* C2  | size  70 | dist   1.92 | Known
* C3  | size  65 | dist   2.08 | Known
* C4  | size  64 | dist   2.10 | Known
--- Unknown ['5screws'] | mcs 23
C5      : 70 pts
C1      : 60 pts
C0      : 52 pts
C4      : 64 pts
C3      : 65 pts
C2      : 67 pts
C0  | size  52 | dist   2.45 | Known
C1  | size  60 | dist  16.12 | New Fault
C2  | size  67 | dist   2.08 | Known
C3  | size  65 | dist   2.08 | Known
C4  | size  64 | dist   2.10 | Known
C5  | size  70 | dist   1.92 | Known
--- Unknown ['5screws', '6screws'] | mcs 23
C1      : 60 pts
C5      : 126 pts
C2      : 67 pts
C3      : 65 pts
C4      : 59 pts
C0      : 52 pts
outliers: 9 pts
C0  | size  52 | dist   2.45 | Known
C1  | size  60 | dist  16.12 | New Fault
C2  | size  67 | dist   2.08 | Known
C3  | size  65 | dist   2.08 | Known
C4  | size  59 | dist   2.12 | Known
C5  | size 126 | dist   3.94 | Known
--- Unknown ['5screws', '6screws', '7screws'] | mcs 23
C0      : 52 pts
C6      : 120 pts
C5      : 51 pts
C1      : 47 pts
C3      : 62 pts
C2      : 53 pts
C4      : 57 pts
outliers: 8 pts
C0  | size  52 | dist 282.30 | New Fault
C1  | size  47 | dist   2.51 | Known
C2  | size  53 | dist  15.95 | New Fault
C3  | size  62 | dist   2.13 | Known
C4  | size  57 | dist   2.08 | Known
C5  | size  51 | dist   2.14 | Known
C6  | size 120 | dist   3.99 | Known
--- Unknown ['5screws', '6screws', '7screws', '3_14screws'] | mcs 23
C2      : 53 pts
C0      : 45 pts
C4      : 51 pts
C5      : 106 pts
C3      : 49 pts
C6      : 38 pts
C7      : 43 pts
C1      : 50 pts
outliers: 15 pts
C0  | size  45 | dist 281.17 | New Fault
C1  | size  50 | dist   2.08 | Known
C2  | size  53 | dist   2.13 | Known
C3  | size  49 | dist  15.74 | New Fault
C4  | size  51 | dist   2.12 | Known
C5  | size 106 | dist   4.09 | Known
C6  | size  38 | dist  23.69 | New Fault
C7  | size  43 | dist   2.90 | Known
--- Unknown ['5screws', '6screws', '7screws', '3_14screws', '4_146screws'] | mcs 23
C1      : 49 pts
C3      : 44 pts
C9      : 46 pts
C7      : 47 pts
C4      : 48 pts
C2      : 47 pts
C6      : 38 pts
C0      : 40 pts
C5      : 34 pts
C8      : 24 pts
outliers: 33 pts
C0  | size  40 | dist 279.47 | New Fault
C1  | size  49 | dist   2.21 | Known
C2  | size  47 | dist  15.92 | New Fault
C3  | size  44 | dist  22.93 | New Fault
C4  | size  48 | dist   2.10 | Known
C5  | size  34 | dist   2.98 | Known
C6  | size  38 | dist  24.44 | New Fault
C7  | size  47 | dist   2.08 | Known
C8  | size  24 | dist   8.62 | Known
C9  | size  46 | dist   2.03 | Known
==============================
▶ mcs = 24 | conf = 0.9 | thr = 7.72
==============================
--- Test‑set validation
C0      : 1screws 52筆
C1      : 3screws 67筆
C2      : 4screws 70筆
C3      : 8screws 65筆
C4      : 2screws 64筆
* C0  | size  52 | dist   2.45 | Known
* C1  | size  67 | dist   2.08 | Known
* C2  | size  70 | dist   1.92 | Known
* C3  | size  65 | dist   2.08 | Known
* C4  | size  64 | dist   2.10 | Known
--- Unknown ['5screws'] | mcs 24
C5      : 70 pts
C1      : 60 pts
C0      : 52 pts
C4      : 64 pts
C3      : 65 pts
C2      : 67 pts
C0  | size  52 | dist   2.45 | Known
C1  | size  60 | dist  16.12 | New Fault
C2  | size  67 | dist   2.08 | Known
C3  | size  65 | dist   2.08 | Known
C4  | size  64 | dist   2.10 | Known
C5  | size  70 | dist   1.92 | Known
--- Unknown ['5screws', '6screws'] | mcs 24
C1      : 60 pts
C5      : 126 pts
C2      : 67 pts
C3      : 65 pts
C4      : 59 pts
C0      : 52 pts
outliers: 9 pts
C0  | size  52 | dist   2.45 | Known
C1  | size  60 | dist  16.12 | New Fault
C2  | size  67 | dist   2.08 | Known
C3  | size  65 | dist   2.08 | Known
C4  | size  59 | dist   2.12 | Known
C5  | size 126 | dist   3.94 | Known
--- Unknown ['5screws', '6screws', '7screws'] | mcs 24
C0      : 52 pts
C6      : 120 pts
C5      : 51 pts
C1      : 47 pts
C3      : 62 pts
C2      : 53 pts
C4      : 57 pts
outliers: 8 pts
C0  | size  52 | dist 282.30 | New Fault
C1  | size  47 | dist   2.51 | Known
C2  | size  53 | dist  15.95 | New Fault
C3  | size  62 | dist   2.13 | Known
C4  | size  57 | dist   2.08 | Known
C5  | size  51 | dist   2.14 | Known
C6  | size 120 | dist   3.99 | Known
--- Unknown ['5screws', '6screws', '7screws', '3_14screws'] | mcs 24
C2      : 53 pts
C0      : 45 pts
C4      : 51 pts
C5      : 106 pts
C3      : 49 pts
C6      : 38 pts
C7      : 43 pts
C1      : 50 pts
outliers: 15 pts
C0  | size  45 | dist 281.17 | New Fault
C1  | size  50 | dist   2.08 | Known
C2  | size  53 | dist   2.13 | Known
C3  | size  49 | dist  15.74 | New Fault
C4  | size  51 | dist   2.12 | Known
C5  | size 106 | dist   4.09 | Known
C6  | size  38 | dist  23.69 | New Fault
C7  | size  43 | dist   2.90 | Known
--- Unknown ['5screws', '6screws', '7screws', '3_14screws', '4_146screws'] | mcs 24
C1      : 49 pts
C3      : 44 pts
C9      : 46 pts
C7      : 47 pts
C4      : 48 pts
C2      : 47 pts
C6      : 38 pts
C0      : 40 pts
C5      : 34 pts
C8      : 24 pts
outliers: 33 pts
C0  | size  40 | dist 279.47 | New Fault
C1  | size  49 | dist   2.21 | Known
C2  | size  47 | dist  15.92 | New Fault
C3  | size  44 | dist  22.93 | New Fault
C4  | size  48 | dist   2.10 | Known
C5  | size  34 | dist   2.98 | Known
C6  | size  38 | dist  24.44 | New Fault
C7  | size  47 | dist   2.08 | Known
C8  | size  24 | dist   8.62 | New Fault
C9  | size  46 | dist   2.03 | Known
==============================
▶ mcs = 24 | conf = 0.95 | thr = 8.54
==============================
--- Test‑set validation
C0      : 1screws 52筆
C1      : 3screws 67筆
C2      : 4screws 70筆
C3      : 8screws 65筆
C4      : 2screws 64筆
* C0  | size  52 | dist   2.45 | Known
* C1  | size  67 | dist   2.08 | Known
* C2  | size  70 | dist   1.92 | Known
* C3  | size  65 | dist   2.08 | Known
* C4  | size  64 | dist   2.10 | Known
--- Unknown ['5screws'] | mcs 24
C5      : 70 pts
C1      : 60 pts
C0      : 52 pts
C4      : 64 pts
C3      : 65 pts
C2      : 67 pts
C0  | size  52 | dist   2.45 | Known
C1  | size  60 | dist  16.12 | New Fault
C2  | size  67 | dist   2.08 | Known
C3  | size  65 | dist   2.08 | Known
C4  | size  64 | dist   2.10 | Known
C5  | size  70 | dist   1.92 | Known
--- Unknown ['5screws', '6screws'] | mcs 24
C1      : 60 pts
C5      : 126 pts
C2      : 67 pts
C3      : 65 pts
C4      : 59 pts
C0      : 52 pts
outliers: 9 pts
C0  | size  52 | dist   2.45 | Known
C1  | size  60 | dist  16.12 | New Fault
C2  | size  67 | dist   2.08 | Known
C3  | size  65 | dist   2.08 | Known
C4  | size  59 | dist   2.12 | Known
C5  | size 126 | dist   3.94 | Known
--- Unknown ['5screws', '6screws', '7screws'] | mcs 24
C0      : 52 pts
C6      : 120 pts
C5      : 51 pts
C1      : 47 pts
C3      : 62 pts
C2      : 53 pts
C4      : 57 pts
outliers: 8 pts
C0  | size  52 | dist 282.30 | New Fault
C1  | size  47 | dist   2.51 | Known
C2  | size  53 | dist  15.95 | New Fault
C3  | size  62 | dist   2.13 | Known
C4  | size  57 | dist   2.08 | Known
C5  | size  51 | dist   2.14 | Known
C6  | size 120 | dist   3.99 | Known
--- Unknown ['5screws', '6screws', '7screws', '3_14screws'] | mcs 24
C2      : 53 pts
C0      : 45 pts
C4      : 51 pts
C5      : 106 pts
C3      : 49 pts
C6      : 38 pts
C7      : 43 pts
C1      : 50 pts
outliers: 15 pts
C0  | size  45 | dist 281.17 | New Fault
C1  | size  50 | dist   2.08 | Known
C2  | size  53 | dist   2.13 | Known
C3  | size  49 | dist  15.74 | New Fault
C4  | size  51 | dist   2.12 | Known
C5  | size 106 | dist   4.09 | Known
C6  | size  38 | dist  23.69 | New Fault
C7  | size  43 | dist   2.90 | Known
--- Unknown ['5screws', '6screws', '7screws', '3_14screws', '4_146screws'] | mcs 24
C1      : 49 pts
C3      : 44 pts
C9      : 46 pts
C7      : 47 pts
C4      : 48 pts
C2      : 47 pts
C6      : 38 pts
C0      : 40 pts
C5      : 34 pts
C8      : 24 pts
outliers: 33 pts
C0  | size  40 | dist 279.47 | New Fault
C1  | size  49 | dist   2.21 | Known
C2  | size  47 | dist  15.92 | New Fault
C3  | size  44 | dist  22.93 | New Fault
C4  | size  48 | dist   2.10 | Known
C5  | size  34 | dist   2.98 | Known
C6  | size  38 | dist  24.44 | New Fault
C7  | size  47 | dist   2.08 | Known
C8  | size  24 | dist   8.62 | New Fault
C9  | size  46 | dist   2.03 | Known
==============================
▶ mcs = 24 | conf = 0.99 | thr = 12.13
==============================
--- Test‑set validation
C0      : 1screws 52筆
C1      : 3screws 67筆
C2      : 4screws 70筆
C3      : 8screws 65筆
C4      : 2screws 64筆
* C0  | size  52 | dist   2.45 | Known
* C1  | size  67 | dist   2.08 | Known
* C2  | size  70 | dist   1.92 | Known
* C3  | size  65 | dist   2.08 | Known
* C4  | size  64 | dist   2.10 | Known
--- Unknown ['5screws'] | mcs 24
C5      : 70 pts
C1      : 60 pts
C0      : 52 pts
C4      : 64 pts
C3      : 65 pts
C2      : 67 pts
C0  | size  52 | dist   2.45 | Known
C1  | size  60 | dist  16.12 | New Fault
C2  | size  67 | dist   2.08 | Known
C3  | size  65 | dist   2.08 | Known
C4  | size  64 | dist   2.10 | Known
C5  | size  70 | dist   1.92 | Known
--- Unknown ['5screws', '6screws'] | mcs 24
C1      : 60 pts
C5      : 126 pts
C2      : 67 pts
C3      : 65 pts
C4      : 59 pts
C0      : 52 pts
outliers: 9 pts
C0  | size  52 | dist   2.45 | Known
C1  | size  60 | dist  16.12 | New Fault
C2  | size  67 | dist   2.08 | Known
C3  | size  65 | dist   2.08 | Known
C4  | size  59 | dist   2.12 | Known
C5  | size 126 | dist   3.94 | Known
--- Unknown ['5screws', '6screws', '7screws'] | mcs 24
C0      : 52 pts
C6      : 120 pts
C5      : 51 pts
C1      : 47 pts
C3      : 62 pts
C2      : 53 pts
C4      : 57 pts
outliers: 8 pts
C0  | size  52 | dist 282.30 | New Fault
C1  | size  47 | dist   2.51 | Known
C2  | size  53 | dist  15.95 | New Fault
C3  | size  62 | dist   2.13 | Known
C4  | size  57 | dist   2.08 | Known
C5  | size  51 | dist   2.14 | Known
C6  | size 120 | dist   3.99 | Known
--- Unknown ['5screws', '6screws', '7screws', '3_14screws'] | mcs 24
C2      : 53 pts
C0      : 45 pts
C4      : 51 pts
C5      : 106 pts
C3      : 49 pts
C6      : 38 pts
C7      : 43 pts
C1      : 50 pts
outliers: 15 pts
C0  | size  45 | dist 281.17 | New Fault
C1  | size  50 | dist   2.08 | Known
C2  | size  53 | dist   2.13 | Known
C3  | size  49 | dist  15.74 | New Fault
C4  | size  51 | dist   2.12 | Known
C5  | size 106 | dist   4.09 | Known
C6  | size  38 | dist  23.69 | New Fault
C7  | size  43 | dist   2.90 | Known
--- Unknown ['5screws', '6screws', '7screws', '3_14screws', '4_146screws'] | mcs 24
C1      : 49 pts
C3      : 44 pts
C9      : 46 pts
C7      : 47 pts
C4      : 48 pts
C2      : 47 pts
C6      : 38 pts
C0      : 40 pts
C5      : 34 pts
C8      : 24 pts
outliers: 33 pts
C0  | size  40 | dist 279.47 | New Fault
C1  | size  49 | dist   2.21 | Known
C2  | size  47 | dist  15.92 | New Fault
C3  | size  44 | dist  22.93 | New Fault
C4  | size  48 | dist   2.10 | Known
C5  | size  34 | dist   2.98 | Known
C6  | size  38 | dist  24.44 | New Fault
C7  | size  47 | dist   2.08 | Known
C8  | size  24 | dist   8.62 | Known
C9  | size  46 | dist   2.03 | Known
