2026-08-05 17:11:32 | INFO  | Logger initialized
2026-08-05 17:11:32 | INFO  | log_file=/home/albert/Ancestor/logs/Step6_Model_24_Retrain/2026-08-05-17-11-32.log
2026-08-05 17:11:32 | INFO  | output_dir=/home/albert/Ancestor/output/Step6_Model_24_Retrain/2026-08-05-17-11-32
[gpu_utils] GPU x1 已啟用：['/physical_device:GPU:0']
自訂 Label Mapping:
8screws: 0
1screws: 1
2screws: 2
3screws: 3
4screws: 4
5screws: 5
7screws: 6
3_14screws: 7
4_146screws: 8
[Training] Device: /GPU:0
Epoch 1/100
135/135 54ms/step accuracy=0.1564 loss=2.1880
135/135 81ms/step accuracy=0.1942 loss=2.1528 val_accuracy=0.2410 val_loss=1.9100
Epoch 2/100
135/135 4ms/step accuracy=0.2888 loss=1.8139
135/135 5ms/step accuracy=0.3486 loss=1.6864 val_accuracy=0.5737 val_loss=1.2281
Epoch 3/100
135/135 4ms/step accuracy=0.5115 loss=1.3472
135/135 5ms/step accuracy=0.5604 loss=1.2153 val_accuracy=0.7850 val_loss=0.7126
Epoch 4/100
135/135 5ms/step accuracy=0.7085 loss=0.8355 val_accuracy=0.8981 val_loss=0.3792
Epoch 5/100
135/135 3ms/step accuracy=0.7813 loss=0.6611
135/135 5ms/step accuracy=0.7977 loss=0.6070 val_accuracy=0.9425 val_loss=0.2148
Epoch 6/100
135/135 5ms/step accuracy=0.8623 loss=0.4205 val_accuracy=0.9657 val_loss=0.1380
Epoch 7/100
135/135 5ms/step accuracy=0.8985 loss=0.3118 val_accuracy=0.9713 val_loss=0.0983
Epoch 8/100
135/135 5ms/step accuracy=0.9177 loss=0.2642 val_accuracy=0.9842 val_loss=0.0645
Epoch 9/100
135/135 5ms/step accuracy=0.9372 loss=0.2021 val_accuracy=0.9861 val_loss=0.0487
Epoch 10/100
135/135 5ms/step accuracy=0.9497 loss=0.1631 val_accuracy=0.9861 val_loss=0.0436
Epoch 11/100
135/135 5ms/step accuracy=0.9557 loss=0.1420 val_accuracy=0.9907 val_loss=0.0292
Epoch 12/100
135/135 5ms/step accuracy=0.9636 loss=0.1164 val_accuracy=0.9889 val_loss=0.0272
Epoch 13/100
135/135 5ms/step accuracy=0.9680 loss=0.1084 val_accuracy=0.9917 val_loss=0.0238
Epoch 14/100
135/135 5ms/step accuracy=0.9701 loss=0.0935 val_accuracy=0.9917 val_loss=0.0188
Epoch 15/100
135/135 3ms/step accuracy=0.9772 loss=0.0835
135/135 5ms/step accuracy=0.9752 loss=0.0839 val_accuracy=0.9917 val_loss=0.0162
Epoch 16/100
135/135 5ms/step accuracy=0.9798 loss=0.0660 val_accuracy=0.9926 val_loss=0.0162
Epoch 17/100
135/135 5ms/step accuracy=0.9826 loss=0.0589 val_accuracy=0.9944 val_loss=0.0150
Epoch 18/100
135/135 5ms/step accuracy=0.9803 loss=0.0556 val_accuracy=0.9963 val_loss=0.0096
Epoch 19/100
135/135 5ms/step accuracy=0.9812 loss=0.0590 val_accuracy=0.9963 val_loss=0.0083
Epoch 20/100
135/135 5ms/step accuracy=0.9870 loss=0.0404 val_accuracy=0.9972 val_loss=0.0071
Epoch 21/100
135/135 5ms/step accuracy=0.9873 loss=0.0398 val_accuracy=0.9954 val_loss=0.0110
Epoch 22/100
135/135 3ms/step accuracy=0.9909 loss=0.0354
135/135 5ms/step accuracy=0.9910 loss=0.0336 val_accuracy=0.9972 val_loss=0.0045
Epoch 23/100
135/135 5ms/step accuracy=0.9886 loss=0.0374 val_accuracy=1.0000 val_loss=0.0031
Epoch 24/100
135/135 5ms/step accuracy=0.9900 loss=0.0445 val_accuracy=0.9944 val_loss=0.0152
Epoch 25/100
135/135 5ms/step accuracy=0.9930 loss=0.0275 val_accuracy=0.9991 val_loss=0.0052
Epoch 26/100
135/135 5ms/step accuracy=0.9935 loss=0.0201 val_accuracy=1.0000 val_loss=0.0024
Epoch 27/100
135/135 5ms/step accuracy=0.9921 loss=0.0250 val_accuracy=1.0000 val_loss=0.0024
Epoch 28/100
135/135 5ms/step accuracy=0.9926 loss=0.0264 val_accuracy=1.0000 val_loss=0.0021
Epoch 29/100
135/135 3ms/step accuracy=0.9955 loss=0.0186
135/135 5ms/step accuracy=0.9949 loss=0.0204 val_accuracy=0.9972 val_loss=0.0089
Epoch 30/100
135/135 5ms/step accuracy=0.9935 loss=0.0205 val_accuracy=0.9963 val_loss=0.0068
Epoch 31/100
135/135 3ms/step accuracy=0.9938 loss=0.0235
135/135 5ms/step accuracy=0.9930 loss=0.0277 val_accuracy=0.9963 val_loss=0.0141
Epoch 32/100
135/135 5ms/step accuracy=0.9958 loss=0.0130 val_accuracy=0.9991 val_loss=0.0030
Epoch 33/100
135/135 5ms/step accuracy=0.9926 loss=0.0217 val_accuracy=0.9981 val_loss=0.0027
Epoch 34/100
135/135 5ms/step accuracy=0.9951 loss=0.0141 val_accuracy=1.0000 val_loss=0.0011
Epoch 35/100
135/135 5ms/step accuracy=0.9937 loss=0.0217 val_accuracy=0.9981 val_loss=0.0029
Epoch 36/100
135/135 5ms/step accuracy=0.9949 loss=0.0143 val_accuracy=1.0000 val_loss=0.0012
Epoch 37/100
135/135 5ms/step accuracy=0.9958 loss=0.0142 val_accuracy=0.9991 val_loss=0.0017
Epoch 38/100
135/135 3ms/step accuracy=0.9978 loss=0.0097
135/135 5ms/step accuracy=0.9975 loss=0.0098 val_accuracy=1.0000 val_loss=7.7873e-04
Epoch 39/100
135/135 5ms/step accuracy=0.9942 loss=0.0224 val_accuracy=0.9981 val_loss=0.0038
Epoch 40/100
135/135 5ms/step accuracy=0.9951 loss=0.0168 val_accuracy=0.9981 val_loss=0.0062
Epoch 41/100
135/135 5ms/step accuracy=0.9970 loss=0.0120 val_accuracy=0.9991 val_loss=0.0021
Epoch 42/100
135/135 5ms/step accuracy=0.9981 loss=0.0078 val_accuracy=1.0000 val_loss=8.1684e-04
Epoch 43/100
135/135 5ms/step accuracy=0.9961 loss=0.0160 val_accuracy=0.9972 val_loss=0.0082
Epoch 44/100
135/135 3ms/step accuracy=0.9974 loss=0.0149
135/135 5ms/step accuracy=0.9979 loss=0.0114 val_accuracy=1.0000 val_loss=0.0018
Epoch 45/100
135/135 5ms/step accuracy=0.9970 loss=0.0110 val_accuracy=1.0000 val_loss=1.1723e-04
Epoch 46/100
135/135 5ms/step accuracy=0.9979 loss=0.0081 val_accuracy=1.0000 val_loss=7.0120e-04
Epoch 47/100
135/135 5ms/step accuracy=0.9975 loss=0.0083 val_accuracy=0.9972 val_loss=0.0113
Epoch 48/100
135/135 5ms/step accuracy=0.9977 loss=0.0077 val_accuracy=1.0000 val_loss=7.1522e-04
Epoch 49/100
135/135 5ms/step accuracy=0.9975 loss=0.0061 val_accuracy=0.9981 val_loss=0.0042
Epoch 50/100
135/135 3ms/step accuracy=0.9971 loss=0.0101
135/135 5ms/step accuracy=0.9956 loss=0.0143 val_accuracy=0.9972 val_loss=0.0109
Epoch 51/100
135/135 5ms/step accuracy=0.9968 loss=0.0102 val_accuracy=1.0000 val_loss=3.8286e-04
Epoch 52/100
135/135 5ms/step accuracy=0.9984 loss=0.0069 val_accuracy=0.9991 val_loss=0.0029
Epoch 53/100
135/135 5ms/step accuracy=0.9981 loss=0.0055 val_accuracy=1.0000 val_loss=3.7793e-05
Epoch 54/100
135/135 3ms/step accuracy=0.9989 loss=0.0041
135/135 5ms/step accuracy=0.9988 loss=0.0048 val_accuracy=0.9991 val_loss=0.0023
Epoch 55/100
135/135 3ms/step accuracy=0.9996 loss=0.0034
135/135 5ms/step accuracy=0.9986 loss=0.0047 val_accuracy=1.0000 val_loss=7.1002e-04
Epoch 56/100
135/135 5ms/step accuracy=0.9975 loss=0.0065 val_accuracy=0.9991 val_loss=7.1539e-04
Epoch 57/100
135/135 5ms/step accuracy=0.9981 loss=0.0066 val_accuracy=1.0000 val_loss=2.3567e-05
Epoch 58/100
135/135 5ms/step accuracy=0.9986 loss=0.0047 val_accuracy=1.0000 val_loss=4.4558e-04
Epoch 59/100
135/135 5ms/step accuracy=0.9988 loss=0.0034 val_accuracy=1.0000 val_loss=1.0331e-04
Epoch 60/100
135/135 5ms/step accuracy=0.9940 loss=0.0197 val_accuracy=0.9991 val_loss=0.0019
Epoch 61/100
135/135 5ms/step accuracy=0.9979 loss=0.0063 val_accuracy=1.0000 val_loss=2.7384e-04
Epoch 62/100
135/135 5ms/step accuracy=0.9991 loss=0.0037 val_accuracy=1.0000 val_loss=2.1101e-04
Epoch 63/100
135/135 5ms/step accuracy=0.9988 loss=0.0039 val_accuracy=1.0000 val_loss=1.0799e-05
Epoch 64/100
135/135 5ms/step accuracy=0.9993 loss=0.0036 val_accuracy=1.0000 val_loss=1.3005e-04
Epoch 65/100
135/135 5ms/step accuracy=0.9977 loss=0.0108 val_accuracy=1.0000 val_loss=8.4236e-04
Epoch 66/100
135/135 5ms/step accuracy=0.9988 loss=0.0048 val_accuracy=1.0000 val_loss=8.9451e-04
Epoch 67/100
135/135 5ms/step accuracy=0.9991 loss=0.0025 val_accuracy=1.0000 val_loss=1.7593e-04
Epoch 68/100
135/135 5ms/step accuracy=0.9988 loss=0.0053 val_accuracy=0.9981 val_loss=0.0050
Epoch 69/100
135/135 5ms/step accuracy=0.9991 loss=0.0039 val_accuracy=1.0000 val_loss=8.7499e-04
Epoch 70/100
135/135 5ms/step accuracy=0.9991 loss=0.0031 val_accuracy=1.0000 val_loss=1.6408e-04
Epoch 71/100
135/135 5ms/step accuracy=0.9991 loss=0.0037 val_accuracy=1.0000 val_loss=1.7022e-04
34/34 3ms/step accuracy=1.0000 loss=1.0799e-05
Screw Number Loss: 0.0000, Screw Number Accuracy: 1.0000
2026-08-05 17:12:44 | INFO  | Saved plot: /home/albert/Ancestor/output/Step6_Model_24_Retrain/2026-08-05-17-11-32/plot_000.png
2026-08-05 17:12:45 | INFO  | Saved plot: /home/albert/Ancestor/output/Step6_Model_24_Retrain/2026-08-05-17-11-32/plot_001.png
2026-08-05 17:12:46 | INFO  | Saved plot: /home/albert/Ancestor/output/Step6_Model_24_Retrain/2026-08-05-17-11-32/plot_002.png
重訓練模型已儲存：/home/albert/Ancestor/data/Step-3/model/VGG16_A6000_retrained.keras
