2026-08-05 15:51:45 | INFO  | Logger initialized
2026-08-05 15:51:45 | INFO  | log_file=/home/albert/Ancestor/logs/Step3_Model_23_OneStage/2026-08-05-15-51-45.log
2026-08-05 15:51:45 | INFO  | output_dir=/home/albert/Ancestor/output/Step3_Model_23_OneStage/2026-08-05-15-51-45
[gpu_utils] GPU x1 已啟用：['/physical_device:GPU:0']
自訂 Label Mapping:
8screws: 0
1screws: 1
2screws: 2
3screws: 3
4screws: 4
模型已成功載入。
Model 2 - Layer 0: input_layer | Trainable: False
Model 2 - Layer 1: conv1d | Trainable: False
Model 2 - Layer 2: batch_normalization | Trainable: False
Model 2 - Layer 3: activation | Trainable: False
Model 2 - Layer 4: max_pooling1d | Trainable: False
Model 2 - Layer 5: conv1d_1 | Trainable: False
Model 2 - Layer 6: batch_normalization_1 | Trainable: False
Model 2 - Layer 7: activation_1 | Trainable: False
Model 2 - Layer 8: conv1d_2 | Trainable: False
Model 2 - Layer 9: batch_normalization_2 | Trainable: False
Model 2 - Layer 10: add | Trainable: False
Model 2 - Layer 11: activation_2 | Trainable: False
Model 2 - Layer 12: conv1d_3 | Trainable: False
Model 2 - Layer 13: batch_normalization_3 | Trainable: False
Model 2 - Layer 14: activation_3 | Trainable: False
Model 2 - Layer 15: conv1d_4 | Trainable: False
Model 2 - Layer 16: batch_normalization_4 | Trainable: False
Model 2 - Layer 17: add_1 | Trainable: False
Model 2 - Layer 18: activation_4 | Trainable: False
Model 2 - Layer 19: conv1d_5 | Trainable: False
Model 2 - Layer 20: batch_normalization_5 | Trainable: False
Model 2 - Layer 21: activation_5 | Trainable: False
Model 2 - Layer 22: conv1d_6 | Trainable: False
Model 2 - Layer 23: conv1d_7 | Trainable: False
Model 2 - Layer 24: batch_normalization_6 | Trainable: False
Model 2 - Layer 25: batch_normalization_7 | Trainable: False
Model 2 - Layer 26: add_2 | Trainable: False
Model 2 - Layer 27: activation_6 | Trainable: False
Model 2 - Layer 28: conv1d_8 | Trainable: False
Model 2 - Layer 29: batch_normalization_8 | Trainable: False
Model 2 - Layer 30: activation_7 | Trainable: False
Model 2 - Layer 31: conv1d_9 | Trainable: False
Model 2 - Layer 32: batch_normalization_9 | Trainable: False
Model 2 - Layer 33: add_3 | Trainable: False
Model 2 - Layer 34: activation_8 | Trainable: False
Model 2 - Layer 35: conv1d_10 | Trainable: True
Model 2 - Layer 36: batch_normalization_10 | Trainable: False
Model 2 - Layer 37: activation_9 | Trainable: True
Model 2 - Layer 38: conv1d_11 | Trainable: True
Model 2 - Layer 39: conv1d_12 | Trainable: True
Model 2 - Layer 40: batch_normalization_11 | Trainable: False
Model 2 - Layer 41: batch_normalization_12 | Trainable: False
Model 2 - Layer 42: add_4 | Trainable: True
Model 2 - Layer 43: activation_10 | Trainable: True
Model 2 - Layer 44: conv1d_13 | Trainable: True
Model 2 - Layer 45: batch_normalization_13 | Trainable: False
Model 2 - Layer 46: activation_11 | Trainable: True
Model 2 - Layer 47: conv1d_14 | Trainable: True
Model 2 - Layer 48: batch_normalization_14 | Trainable: False
Model 2 - Layer 49: add_5 | Trainable: True
Model 2 - Layer 50: activation_12 | Trainable: True
Model 2 - Layer 51: conv1d_15 | Trainable: True
Model 2 - Layer 52: batch_normalization_15 | Trainable: False
Model 2 - Layer 53: activation_13 | Trainable: True
Model 2 - Layer 54: conv1d_16 | Trainable: True
Model 2 - Layer 55: conv1d_17 | Trainable: True
Model 2 - Layer 56: batch_normalization_16 | Trainable: False
Model 2 - Layer 57: batch_normalization_17 | Trainable: False
Model 2 - Layer 58: add_6 | Trainable: True
Model 2 - Layer 59: activation_14 | Trainable: True
Model 2 - Layer 60: conv1d_18 | Trainable: True
Model 2 - Layer 61: batch_normalization_18 | Trainable: False
Model 2 - Layer 62: activation_15 | Trainable: True
Model 2 - Layer 63: conv1d_19 | Trainable: True
Model 2 - Layer 64: batch_normalization_19 | Trainable: False
Model 2 - Layer 65: add_7 | Trainable: True
Model 2 - Layer 66: activation_16 | Trainable: True
Model 2 - Layer 67: global_average_pooling1d | Trainable: True
Model 2 - Layer 68: Screw_Number_Output | Trainable: True
[Training] Device: /GPU:0
Epoch 1/100
75/75 52ms/step accuracy=0.4572 loss=2.2274
75/75 90ms/step accuracy=0.7112 loss=1.0764 val_accuracy=0.9450 val_loss=0.2025
Epoch 2/100
75/75 7ms/step accuracy=0.9750 loss=0.1015 val_accuracy=0.9817 val_loss=0.0797
Epoch 3/100
75/75 5ms/step accuracy=0.9925 loss=0.0383 val_accuracy=0.9867 val_loss=0.0582
Epoch 4/100
75/75 5ms/step accuracy=0.9971 loss=0.0201 val_accuracy=0.9933 val_loss=0.0418
Epoch 5/100
75/75 7ms/step accuracy=0.9987 loss=0.0101 val_accuracy=0.9933 val_loss=0.0356
Epoch 6/100
75/75 5ms/step accuracy=0.9996 loss=0.0063 val_accuracy=0.9933 val_loss=0.0314
Epoch 7/100
75/75 5ms/step accuracy=1.0000 loss=0.0041 val_accuracy=0.9933 val_loss=0.0306
Epoch 8/100
75/75 7ms/step accuracy=1.0000 loss=0.0026 val_accuracy=0.9933 val_loss=0.0290
Epoch 9/100
75/75 5ms/step accuracy=1.0000 loss=0.0019 val_accuracy=0.9933 val_loss=0.0275
Epoch 10/100
75/75 5ms/step accuracy=1.0000 loss=0.0015 val_accuracy=0.9933 val_loss=0.0282
Epoch 11/100
75/75 7ms/step accuracy=1.0000 loss=0.0012 val_accuracy=0.9933 val_loss=0.0285
Epoch 12/100
75/75 5ms/step accuracy=1.0000 loss=9.6102e-04 val_accuracy=0.9933 val_loss=0.0269
Epoch 13/100
75/75 5ms/step accuracy=1.0000 loss=7.7140e-04 val_accuracy=0.9933 val_loss=0.0267
Epoch 14/100
75/75 7ms/step accuracy=1.0000 loss=6.5101e-04 val_accuracy=0.9933 val_loss=0.0263
Epoch 15/100
75/75 5ms/step accuracy=1.0000 loss=5.4835e-04 val_accuracy=0.9933 val_loss=0.0260
Epoch 16/100
75/75 5ms/step accuracy=1.0000 loss=4.6915e-04 val_accuracy=0.9933 val_loss=0.0262
Epoch 17/100
75/75 7ms/step accuracy=1.0000 loss=4.0882e-04 val_accuracy=0.9933 val_loss=0.0256
Epoch 18/100
75/75 5ms/step accuracy=1.0000 loss=3.6183e-04 val_accuracy=0.9933 val_loss=0.0261
Epoch 19/100
75/75 5ms/step accuracy=1.0000 loss=3.1601e-04 val_accuracy=0.9933 val_loss=0.0253
Epoch 20/100
75/75 7ms/step accuracy=1.0000 loss=2.7913e-04 val_accuracy=0.9933 val_loss=0.0252
Epoch 21/100
75/75 5ms/step accuracy=1.0000 loss=2.4844e-04 val_accuracy=0.9933 val_loss=0.0250
Epoch 22/100
75/75 5ms/step accuracy=1.0000 loss=2.2169e-04 val_accuracy=0.9933 val_loss=0.0251
Epoch 23/100
75/75 7ms/step accuracy=1.0000 loss=2.0341e-04 val_accuracy=0.9933 val_loss=0.0254
Epoch 24/100
75/75 5ms/step accuracy=1.0000 loss=1.8130e-04 val_accuracy=0.9933 val_loss=0.0254
Epoch 25/100
75/75 5ms/step accuracy=1.0000 loss=1.6354e-04 val_accuracy=0.9933 val_loss=0.0249
Epoch 26/100
75/75 7ms/step accuracy=1.0000 loss=1.4860e-04 val_accuracy=0.9933 val_loss=0.0246
Epoch 27/100
75/75 5ms/step accuracy=1.0000 loss=1.3467e-04 val_accuracy=0.9933 val_loss=0.0251
Epoch 28/100
75/75 5ms/step accuracy=1.0000 loss=1.2472e-04 val_accuracy=0.9933 val_loss=0.0246
Epoch 29/100
75/75 7ms/step accuracy=1.0000 loss=1.1289e-04 val_accuracy=0.9933 val_loss=0.0248
Epoch 30/100
75/75 5ms/step accuracy=1.0000 loss=1.0359e-04 val_accuracy=0.9933 val_loss=0.0246
Epoch 31/100
75/75 5ms/step accuracy=1.0000 loss=9.5602e-05 val_accuracy=0.9933 val_loss=0.0243
Epoch 32/100
75/75 6ms/step accuracy=1.0000 loss=8.7947e-05 val_accuracy=0.9933 val_loss=0.0247
Epoch 33/100
75/75 5ms/step accuracy=1.0000 loss=8.1290e-05 val_accuracy=0.9933 val_loss=0.0245
Epoch 34/100
75/75 5ms/step accuracy=1.0000 loss=7.5082e-05 val_accuracy=0.9933 val_loss=0.0247
Epoch 35/100
75/75 5ms/step accuracy=1.0000 loss=6.9983e-05 val_accuracy=0.9933 val_loss=0.0245
Epoch 36/100
75/75 5ms/step accuracy=1.0000 loss=6.4687e-05 val_accuracy=0.9933 val_loss=0.0244
Epoch 37/100
75/75 7ms/step accuracy=1.0000 loss=6.0629e-05 val_accuracy=0.9933 val_loss=0.0245
Epoch 38/100
75/75 5ms/step accuracy=1.0000 loss=5.6228e-05 val_accuracy=0.9933 val_loss=0.0244
Epoch 39/100
75/75 5ms/step accuracy=1.0000 loss=5.2455e-05 val_accuracy=0.9933 val_loss=0.0244
Epoch 40/100
75/75 7ms/step accuracy=1.0000 loss=4.9196e-05 val_accuracy=0.9933 val_loss=0.0245
Epoch 41/100
75/75 5ms/step accuracy=1.0000 loss=4.5919e-05 val_accuracy=0.9950 val_loss=0.0247
19/19 3ms/step accuracy=0.9892 loss=0.0382
19/19 4ms/step accuracy=0.9933 loss=0.0243
Loss: 0.0243, Accuracy: 0.9933
2026-08-05 15:52:22 | INFO  | Saved plot: /home/albert/Ancestor/output/Step3_Model_23_OneStage/2026-08-05-15-51-45/plot_000.png
2026-08-05 15:52:22 | INFO  | Saved plot: /home/albert/Ancestor/output/Step3_Model_23_OneStage/2026-08-05-15-51-45/plot_001.png
2026-08-05 15:52:25 | INFO  | Saved plot: /home/albert/Ancestor/output/Step3_Model_23_OneStage/2026-08-05-15-51-45/plot_002.png
