2026-08-05 16:53:42 | INFO  | Logger initialized
2026-08-05 16:53:42 | INFO  | log_file=/home/albert/Ancestor/logs/Step6_Model_11_Retrain/2026-08-05-16-53-42.log
2026-08-05 16:53:42 | INFO  | output_dir=/home/albert/Ancestor/output/Step6_Model_11_Retrain/2026-08-05-16-53-42
[gpu_utils] GPU x1 已啟用：['/physical_device:GPU:0']
自訂 Label Mapping:
8screws: 0
1screws: 1
2screws: 2
3screws: 3
4screws: 4
5screws: 5
6screws: 6
7screws: 7
3_14screws: 8
4_146screws: 9
[Training] Device: /GPU:0
Epoch 1/100
150/150 67ms/step accuracy=0.6112 loss=1.3540
150/150 86ms/step accuracy=0.8390 loss=0.6807 val_accuracy=0.1374 val_loss=2.3009
Epoch 2/100
150/150 5ms/step accuracy=0.9947 loss=0.0680
150/150 6ms/step accuracy=0.9943 loss=0.0609 val_accuracy=0.8652 val_loss=0.5468
Epoch 3/100
150/150 6ms/step accuracy=0.9992 loss=0.0232 val_accuracy=0.9966 val_loss=0.0287
Epoch 4/100
150/150 6ms/step accuracy=0.9990 loss=0.0141 val_accuracy=0.9992 val_loss=0.0073
Epoch 5/100
150/150 5ms/step accuracy=0.9998 loss=0.0096
150/150 6ms/step accuracy=0.9998 loss=0.0091 val_accuracy=1.0000 val_loss=0.0064
Epoch 6/100
150/150 6ms/step accuracy=0.9998 loss=0.0064 val_accuracy=1.0000 val_loss=0.0036
Epoch 7/100
150/150 6ms/step accuracy=0.9994 loss=0.0050 val_accuracy=1.0000 val_loss=0.0025
Epoch 8/100
150/150 6ms/step accuracy=0.9998 loss=0.0048 val_accuracy=1.0000 val_loss=0.0020
Epoch 9/100
150/150 7ms/step accuracy=1.0000 loss=0.0030 val_accuracy=1.0000 val_loss=0.0018
Epoch 10/100
150/150 6ms/step accuracy=1.0000 loss=0.0022 val_accuracy=1.0000 val_loss=0.0015
Epoch 11/100
150/150 6ms/step accuracy=1.0000 loss=0.0021 val_accuracy=1.0000 val_loss=0.0011
Epoch 12/100
150/150 6ms/step accuracy=1.0000 loss=0.0017 val_accuracy=1.0000 val_loss=9.9354e-04
Epoch 13/100
150/150 6ms/step accuracy=1.0000 loss=0.0016 val_accuracy=1.0000 val_loss=8.7571e-04
Epoch 14/100
150/150 6ms/step accuracy=1.0000 loss=0.0010 val_accuracy=1.0000 val_loss=8.5048e-04
Epoch 15/100
150/150 6ms/step accuracy=1.0000 loss=9.6211e-04 val_accuracy=1.0000 val_loss=6.8953e-04
Epoch 16/100
150/150 7ms/step accuracy=0.9998 loss=0.0017 val_accuracy=1.0000 val_loss=6.0596e-04
Epoch 17/100
150/150 5ms/step accuracy=1.0000 loss=0.0014
150/150 6ms/step accuracy=1.0000 loss=0.0011 val_accuracy=1.0000 val_loss=4.2307e-04
Epoch 18/100
150/150 7ms/step accuracy=1.0000 loss=0.0011 val_accuracy=1.0000 val_loss=3.8124e-04
Epoch 19/100
150/150 6ms/step accuracy=1.0000 loss=7.4737e-04 val_accuracy=1.0000 val_loss=3.3671e-04
Epoch 20/100
150/150 5ms/step accuracy=1.0000 loss=5.8747e-04
150/150 6ms/step accuracy=0.9998 loss=0.0015 val_accuracy=1.0000 val_loss=3.5524e-04
Epoch 21/100
150/150 7ms/step accuracy=0.9996 loss=0.0013 val_accuracy=1.0000 val_loss=0.0015
Epoch 22/100
150/150 6ms/step accuracy=0.9998 loss=0.0015 val_accuracy=1.0000 val_loss=4.6694e-04
Epoch 23/100
150/150 6ms/step accuracy=1.0000 loss=0.0011 val_accuracy=1.0000 val_loss=3.4963e-04
Epoch 24/100
150/150 6ms/step accuracy=1.0000 loss=7.3239e-04 val_accuracy=1.0000 val_loss=2.6094e-04
Epoch 25/100
150/150 6ms/step accuracy=1.0000 loss=5.1110e-04 val_accuracy=1.0000 val_loss=2.0462e-04
Epoch 26/100
150/150 6ms/step accuracy=1.0000 loss=5.4122e-04 val_accuracy=1.0000 val_loss=2.2599e-04
Epoch 27/100
150/150 6ms/step accuracy=1.0000 loss=5.9613e-04 val_accuracy=1.0000 val_loss=3.6665e-04
Epoch 28/100
150/150 6ms/step accuracy=0.9998 loss=5.2756e-04 val_accuracy=1.0000 val_loss=9.0185e-05
Epoch 29/100
150/150 6ms/step accuracy=1.0000 loss=3.1167e-04 val_accuracy=1.0000 val_loss=8.2388e-05
Epoch 30/100
150/150 6ms/step accuracy=1.0000 loss=3.0813e-04 val_accuracy=1.0000 val_loss=8.0144e-05
Epoch 31/100
150/150 6ms/step accuracy=1.0000 loss=2.3744e-04 val_accuracy=1.0000 val_loss=6.8055e-05
Epoch 32/100
150/150 6ms/step accuracy=1.0000 loss=2.0739e-04 val_accuracy=1.0000 val_loss=6.1942e-05
Epoch 33/100
150/150 6ms/step accuracy=0.9998 loss=4.2329e-04 val_accuracy=1.0000 val_loss=5.1803e-05
Epoch 34/100
150/150 6ms/step accuracy=1.0000 loss=3.1557e-04 val_accuracy=1.0000 val_loss=4.9519e-05
Epoch 35/100
150/150 7ms/step accuracy=1.0000 loss=2.3083e-04 val_accuracy=1.0000 val_loss=4.4105e-05
Epoch 36/100
150/150 6ms/step accuracy=1.0000 loss=2.1082e-04 val_accuracy=1.0000 val_loss=3.9618e-05
Epoch 37/100
150/150 6ms/step accuracy=1.0000 loss=1.5173e-04 val_accuracy=1.0000 val_loss=3.3126e-05
Epoch 38/100
150/150 6ms/step accuracy=1.0000 loss=1.2950e-04 val_accuracy=1.0000 val_loss=2.8916e-05
Epoch 39/100
150/150 6ms/step accuracy=1.0000 loss=1.6368e-04 val_accuracy=1.0000 val_loss=3.1628e-05
Epoch 40/100
150/150 5ms/step accuracy=1.0000 loss=9.5510e-05
150/150 6ms/step accuracy=1.0000 loss=8.7591e-05 val_accuracy=1.0000 val_loss=2.6183e-05
Epoch 41/100
150/150 6ms/step accuracy=0.9998 loss=4.7148e-04 val_accuracy=1.0000 val_loss=3.2981e-05
Epoch 42/100
150/150 6ms/step accuracy=1.0000 loss=1.8771e-04 val_accuracy=1.0000 val_loss=3.0004e-05
Epoch 43/100
150/150 6ms/step accuracy=0.9998 loss=7.0320e-04 val_accuracy=1.0000 val_loss=3.5081e-05
Epoch 44/100
150/150 6ms/step accuracy=1.0000 loss=1.2841e-04 val_accuracy=1.0000 val_loss=2.4978e-05
Epoch 45/100
150/150 5ms/step accuracy=1.0000 loss=1.0357e-04
150/150 6ms/step accuracy=1.0000 loss=1.2631e-04 val_accuracy=1.0000 val_loss=2.3101e-05
Epoch 46/100
150/150 6ms/step accuracy=1.0000 loss=1.4593e-04 val_accuracy=1.0000 val_loss=2.4948e-05
Epoch 47/100
150/150 6ms/step accuracy=1.0000 loss=2.1481e-04 val_accuracy=1.0000 val_loss=2.2499e-05
Epoch 48/100
150/150 6ms/step accuracy=1.0000 loss=2.7723e-04 val_accuracy=1.0000 val_loss=2.7399e-05
Epoch 49/100
150/150 5ms/step accuracy=1.0000 loss=1.6247e-04
150/150 6ms/step accuracy=1.0000 loss=1.2654e-04 val_accuracy=1.0000 val_loss=2.0909e-05
Epoch 50/100
150/150 6ms/step accuracy=1.0000 loss=9.0160e-05 val_accuracy=1.0000 val_loss=1.8105e-05
Epoch 51/100
150/150 6ms/step accuracy=1.0000 loss=1.3159e-04 val_accuracy=1.0000 val_loss=1.3681e-05
Epoch 52/100
150/150 5ms/step accuracy=1.0000 loss=6.7736e-05
150/150 7ms/step accuracy=1.0000 loss=7.2358e-05 val_accuracy=1.0000 val_loss=1.2400e-05
Epoch 53/100
150/150 6ms/step accuracy=1.0000 loss=5.1948e-05 val_accuracy=1.0000 val_loss=1.1401e-05
Epoch 54/100
150/150 7ms/step accuracy=1.0000 loss=1.0676e-04 val_accuracy=1.0000 val_loss=1.0449e-05
Epoch 55/100
150/150 6ms/step accuracy=1.0000 loss=6.1113e-05 val_accuracy=1.0000 val_loss=9.3822e-06
Epoch 56/100
150/150 6ms/step accuracy=1.0000 loss=3.5597e-05 val_accuracy=1.0000 val_loss=8.7806e-06
Epoch 57/100
150/150 7ms/step accuracy=1.0000 loss=7.1217e-05 val_accuracy=1.0000 val_loss=9.9393e-06
Epoch 58/100
150/150 6ms/step accuracy=1.0000 loss=4.6915e-05 val_accuracy=1.0000 val_loss=9.7458e-06
Epoch 59/100
150/150 7ms/step accuracy=1.0000 loss=3.4343e-05 val_accuracy=1.0000 val_loss=7.9959e-06
Epoch 60/100
150/150 6ms/step accuracy=1.0000 loss=4.4959e-05 val_accuracy=1.0000 val_loss=9.3602e-06
Epoch 61/100
150/150 6ms/step accuracy=1.0000 loss=1.8901e-04 val_accuracy=1.0000 val_loss=8.0021e-06
Epoch 62/100
150/150 6ms/step accuracy=1.0000 loss=4.6578e-05 val_accuracy=1.0000 val_loss=6.6505e-06
Epoch 63/100
150/150 6ms/step accuracy=1.0000 loss=4.6422e-05 val_accuracy=1.0000 val_loss=6.7136e-06
Epoch 64/100
150/150 6ms/step accuracy=1.0000 loss=4.7305e-05 val_accuracy=1.0000 val_loss=6.3010e-06
Epoch 65/100
150/150 6ms/step accuracy=1.0000 loss=4.3364e-05 val_accuracy=1.0000 val_loss=6.2147e-06
Epoch 66/100
150/150 6ms/step accuracy=1.0000 loss=3.1021e-05 val_accuracy=1.0000 val_loss=8.3286e-06
Epoch 67/100
150/150 6ms/step accuracy=1.0000 loss=2.8732e-05 val_accuracy=1.0000 val_loss=5.1736e-06
Epoch 68/100
150/150 6ms/step accuracy=1.0000 loss=2.3174e-05 val_accuracy=1.0000 val_loss=5.7066e-06
Epoch 69/100
150/150 6ms/step accuracy=1.0000 loss=1.6964e-05 val_accuracy=1.0000 val_loss=5.7865e-06
Epoch 70/100
150/150 6ms/step accuracy=1.0000 loss=1.5401e-05 val_accuracy=1.0000 val_loss=4.3121e-06
Epoch 71/100
150/150 6ms/step accuracy=1.0000 loss=1.6905e-05 val_accuracy=1.0000 val_loss=3.6248e-06
Epoch 72/100
150/150 6ms/step accuracy=1.0000 loss=3.2725e-05 val_accuracy=1.0000 val_loss=2.8736e-06
Epoch 73/100
150/150 5ms/step accuracy=1.0000 loss=1.7329e-05
150/150 6ms/step accuracy=1.0000 loss=1.5814e-05 val_accuracy=1.0000 val_loss=2.5083e-06
Epoch 74/100
150/150 7ms/step accuracy=1.0000 loss=1.4414e-05 val_accuracy=1.0000 val_loss=2.1419e-06
Epoch 75/100
150/150 6ms/step accuracy=1.0000 loss=1.7493e-05 val_accuracy=1.0000 val_loss=1.9923e-06
Epoch 76/100
150/150 6ms/step accuracy=1.0000 loss=2.1248e-05 val_accuracy=1.0000 val_loss=2.0079e-06
Epoch 77/100
150/150 6ms/step accuracy=1.0000 loss=2.9128e-05 val_accuracy=1.0000 val_loss=2.2808e-06
Epoch 78/100
150/150 6ms/step accuracy=1.0000 loss=1.9443e-05 val_accuracy=1.0000 val_loss=1.4426e-06
Epoch 79/100
150/150 6ms/step accuracy=1.0000 loss=1.0279e-05 val_accuracy=1.0000 val_loss=1.3145e-06
Epoch 80/100
150/150 6ms/step accuracy=1.0000 loss=8.6100e-06 val_accuracy=1.0000 val_loss=1.1979e-06
Epoch 81/100
150/150 6ms/step accuracy=1.0000 loss=6.4059e-05 val_accuracy=1.0000 val_loss=1.2011e-06
Epoch 82/100
150/150 5ms/step accuracy=1.0000 loss=4.1770e-04
150/150 7ms/step accuracy=1.0000 loss=1.6829e-04 val_accuracy=1.0000 val_loss=1.1256e-05
Epoch 83/100
150/150 6ms/step accuracy=1.0000 loss=2.7582e-05 val_accuracy=1.0000 val_loss=8.3485e-06
Epoch 84/100
150/150 7ms/step accuracy=1.0000 loss=2.0632e-05 val_accuracy=1.0000 val_loss=5.0838e-06
Epoch 85/100
150/150 6ms/step accuracy=1.0000 loss=1.2940e-05 val_accuracy=1.0000 val_loss=4.5600e-06
Epoch 86/100
150/150 5ms/step accuracy=1.0000 loss=5.5015e-05
150/150 6ms/step accuracy=1.0000 loss=3.4527e-05 val_accuracy=1.0000 val_loss=5.0412e-06
Epoch 87/100
150/150 6ms/step accuracy=1.0000 loss=1.9013e-05 val_accuracy=1.0000 val_loss=3.5235e-06
Epoch 88/100
150/150 6ms/step accuracy=1.0000 loss=2.2878e-05 val_accuracy=1.0000 val_loss=2.2783e-06
Epoch 89/100
150/150 6ms/step accuracy=1.0000 loss=1.1579e-05 val_accuracy=1.0000 val_loss=2.2937e-06
Epoch 90/100
150/150 5ms/step accuracy=1.0000 loss=1.4079e-05
150/150 6ms/step accuracy=1.0000 loss=1.6009e-05 val_accuracy=1.0000 val_loss=1.8513e-06
38/38 3ms/step accuracy=1.0000 loss=1.1979e-06
Screw Number Loss: 0.0000, Screw Number Accuracy: 1.0000
2026-08-05 16:55:38 | INFO  | Saved plot: /home/albert/Ancestor/output/Step6_Model_11_Retrain/2026-08-05-16-53-42/plot_000.png
2026-08-05 16:55:38 | INFO  | Saved plot: /home/albert/Ancestor/output/Step6_Model_11_Retrain/2026-08-05-16-53-42/plot_001.png
2026-08-05 16:55:41 | INFO  | Saved plot: /home/albert/Ancestor/output/Step6_Model_11_Retrain/2026-08-05-16-53-42/plot_002.png
重訓練模型已儲存：/home/albert/Ancestor/data/Step-2/model/ResNet_B8000_retrained.keras
