2026-08-05 15:17:19 | INFO  | Logger initialized
2026-08-05 15:17:19 | INFO  | log_file=/home/albert/Ancestor/logs/Step2_Feature_Extraction_11000_3/2026-08-05-15-17-19.log
2026-08-05 15:17:19 | INFO  | output_dir=/home/albert/Ancestor/output/Step2_Feature_Extraction_11000_3/2026-08-05-15-17-19
開始處理群組 T3，螺絲數量: 8screws...
2026-08-05 15:17:23 | INFO  | Saved plot: /home/albert/Ancestor/output/Step2_Feature_Extraction_11000_3/2026-08-05-15-17-19/plot_000.png
2026-08-05 15:17:23 | INFO  | Saved plot: /home/albert/Ancestor/output/Step2_Feature_Extraction_11000_3/2026-08-05-15-17-19/plot_001.png
2026-08-05 15:17:23 | INFO  | Saved plot: /home/albert/Ancestor/output/Step2_Feature_Extraction_11000_3/2026-08-05-15-17-19/plot_002.png
特徵數據已保存為 CSV 文件: /home/albert/Ancestor/data/Step-3/myfeature/T3/11000rpm/8screws/T3_Group_feature_data.csv
乾淨特徵數據已保存為 CSV 文件: /home/albert/Ancestor/data/Step-3/myfeature/T3/11000rpm/8screws/T3_Group_feature_data_clean.csv (599 -> 300 列)
開始處理群組 T3，螺絲數量: 7screws...
2026-08-05 15:17:32 | INFO  | Saved plot: /home/albert/Ancestor/output/Step2_Feature_Extraction_11000_3/2026-08-05-15-17-19/plot_003.png
2026-08-05 15:17:32 | INFO  | Saved plot: /home/albert/Ancestor/output/Step2_Feature_Extraction_11000_3/2026-08-05-15-17-19/plot_004.png
2026-08-05 15:17:32 | INFO  | Saved plot: /home/albert/Ancestor/output/Step2_Feature_Extraction_11000_3/2026-08-05-15-17-19/plot_005.png
特徵數據已保存為 CSV 文件: /home/albert/Ancestor/data/Step-3/myfeature/T3/11000rpm/7screws/T3_Group_feature_data.csv
乾淨特徵數據已保存為 CSV 文件: /home/albert/Ancestor/data/Step-3/myfeature/T3/11000rpm/7screws/T3_Group_feature_data_clean.csv (599 -> 308 列)
開始處理群組 T3，螺絲數量: 6screws...
2026-08-05 15:17:40 | INFO  | Saved plot: /home/albert/Ancestor/output/Step2_Feature_Extraction_11000_3/2026-08-05-15-17-19/plot_006.png
2026-08-05 15:17:41 | INFO  | Saved plot: /home/albert/Ancestor/output/Step2_Feature_Extraction_11000_3/2026-08-05-15-17-19/plot_007.png
2026-08-05 15:17:41 | INFO  | Saved plot: /home/albert/Ancestor/output/Step2_Feature_Extraction_11000_3/2026-08-05-15-17-19/plot_008.png
特徵數據已保存為 CSV 文件: /home/albert/Ancestor/data/Step-3/myfeature/T3/11000rpm/6screws/T3_Group_feature_data.csv
乾淨特徵數據已保存為 CSV 文件: /home/albert/Ancestor/data/Step-3/myfeature/T3/11000rpm/6screws/T3_Group_feature_data_clean.csv (599 -> 309 列)
開始處理群組 T3，螺絲數量: 5screws...
2026-08-05 15:17:49 | INFO  | Saved plot: /home/albert/Ancestor/output/Step2_Feature_Extraction_11000_3/2026-08-05-15-17-19/plot_009.png
2026-08-05 15:17:50 | INFO  | Saved plot: /home/albert/Ancestor/output/Step2_Feature_Extraction_11000_3/2026-08-05-15-17-19/plot_010.png
2026-08-05 15:17:50 | INFO  | Saved plot: /home/albert/Ancestor/output/Step2_Feature_Extraction_11000_3/2026-08-05-15-17-19/plot_011.png
特徵數據已保存為 CSV 文件: /home/albert/Ancestor/data/Step-3/myfeature/T3/11000rpm/5screws/T3_Group_feature_data.csv
乾淨特徵數據已保存為 CSV 文件: /home/albert/Ancestor/data/Step-3/myfeature/T3/11000rpm/5screws/T3_Group_feature_data_clean.csv (599 -> 304 列)
開始處理群組 T3，螺絲數量: 4screws...
2026-08-05 15:17:59 | INFO  | Saved plot: /home/albert/Ancestor/output/Step2_Feature_Extraction_11000_3/2026-08-05-15-17-19/plot_012.png
2026-08-05 15:17:59 | INFO  | Saved plot: /home/albert/Ancestor/output/Step2_Feature_Extraction_11000_3/2026-08-05-15-17-19/plot_013.png
2026-08-05 15:17:59 | INFO  | Saved plot: /home/albert/Ancestor/output/Step2_Feature_Extraction_11000_3/2026-08-05-15-17-19/plot_014.png
特徵數據已保存為 CSV 文件: /home/albert/Ancestor/data/Step-3/myfeature/T3/11000rpm/4screws/T3_Group_feature_data.csv
乾淨特徵數據已保存為 CSV 文件: /home/albert/Ancestor/data/Step-3/myfeature/T3/11000rpm/4screws/T3_Group_feature_data_clean.csv (599 -> 282 列)
開始處理群組 T3，螺絲數量: 3screws...
2026-08-05 15:18:08 | INFO  | Saved plot: /home/albert/Ancestor/output/Step2_Feature_Extraction_11000_3/2026-08-05-15-17-19/plot_015.png
2026-08-05 15:18:08 | INFO  | Saved plot: /home/albert/Ancestor/output/Step2_Feature_Extraction_11000_3/2026-08-05-15-17-19/plot_016.png
2026-08-05 15:18:08 | INFO  | Saved plot: /home/albert/Ancestor/output/Step2_Feature_Extraction_11000_3/2026-08-05-15-17-19/plot_017.png
特徵數據已保存為 CSV 文件: /home/albert/Ancestor/data/Step-3/myfeature/T3/11000rpm/3screws/T3_Group_feature_data.csv
乾淨特徵數據已保存為 CSV 文件: /home/albert/Ancestor/data/Step-3/myfeature/T3/11000rpm/3screws/T3_Group_feature_data_clean.csv (599 -> 305 列)
開始處理群組 T3，螺絲數量: 2screws...
2026-08-05 15:18:17 | INFO  | Saved plot: /home/albert/Ancestor/output/Step2_Feature_Extraction_11000_3/2026-08-05-15-17-19/plot_018.png
2026-08-05 15:18:17 | INFO  | Saved plot: /home/albert/Ancestor/output/Step2_Feature_Extraction_11000_3/2026-08-05-15-17-19/plot_019.png
2026-08-05 15:18:17 | INFO  | Saved plot: /home/albert/Ancestor/output/Step2_Feature_Extraction_11000_3/2026-08-05-15-17-19/plot_020.png
特徵數據已保存為 CSV 文件: /home/albert/Ancestor/data/Step-3/myfeature/T3/11000rpm/2screws/T3_Group_feature_data.csv
乾淨特徵數據已保存為 CSV 文件: /home/albert/Ancestor/data/Step-3/myfeature/T3/11000rpm/2screws/T3_Group_feature_data_clean.csv (599 -> 340 列)
開始處理群組 T3，螺絲數量: 1screws...
2026-08-05 15:18:26 | INFO  | Saved plot: /home/albert/Ancestor/output/Step2_Feature_Extraction_11000_3/2026-08-05-15-17-19/plot_021.png
2026-08-05 15:18:26 | INFO  | Saved plot: /home/albert/Ancestor/output/Step2_Feature_Extraction_11000_3/2026-08-05-15-17-19/plot_022.png
2026-08-05 15:18:26 | INFO  | Saved plot: /home/albert/Ancestor/output/Step2_Feature_Extraction_11000_3/2026-08-05-15-17-19/plot_023.png
特徵數據已保存為 CSV 文件: /home/albert/Ancestor/data/Step-3/myfeature/T3/11000rpm/1screws/T3_Group_feature_data.csv
乾淨特徵數據已保存為 CSV 文件: /home/albert/Ancestor/data/Step-3/myfeature/T3/11000rpm/1screws/T3_Group_feature_data_clean.csv (599 -> 352 列)
開始處理群組 T3，螺絲數量: 3_14screws...
2026-08-05 15:18:35 | INFO  | Saved plot: /home/albert/Ancestor/output/Step2_Feature_Extraction_11000_3/2026-08-05-15-17-19/plot_024.png
2026-08-05 15:18:35 | INFO  | Saved plot: /home/albert/Ancestor/output/Step2_Feature_Extraction_11000_3/2026-08-05-15-17-19/plot_025.png
2026-08-05 15:18:35 | INFO  | Saved plot: /home/albert/Ancestor/output/Step2_Feature_Extraction_11000_3/2026-08-05-15-17-19/plot_026.png
特徵數據已保存為 CSV 文件: /home/albert/Ancestor/data/Step-3/myfeature/T3/11000rpm/3_14screws/T3_Group_feature_data.csv
乾淨特徵數據已保存為 CSV 文件: /home/albert/Ancestor/data/Step-3/myfeature/T3/11000rpm/3_14screws/T3_Group_feature_data_clean.csv (599 -> 317 列)
開始處理群組 T3，螺絲數量: 4_146screws...
2026-08-05 15:18:44 | INFO  | Saved plot: /home/albert/Ancestor/output/Step2_Feature_Extraction_11000_3/2026-08-05-15-17-19/plot_027.png
2026-08-05 15:18:44 | INFO  | Saved plot: /home/albert/Ancestor/output/Step2_Feature_Extraction_11000_3/2026-08-05-15-17-19/plot_028.png
2026-08-05 15:18:44 | INFO  | Saved plot: /home/albert/Ancestor/output/Step2_Feature_Extraction_11000_3/2026-08-05-15-17-19/plot_029.png
特徵數據已保存為 CSV 文件: /home/albert/Ancestor/data/Step-3/myfeature/T3/11000rpm/4_146screws/T3_Group_feature_data.csv
乾淨特徵數據已保存為 CSV 文件: /home/albert/Ancestor/data/Step-3/myfeature/T3/11000rpm/4_146screws/T3_Group_feature_data_clean.csv (599 -> 310 列)
