2026-08-05 16:49:15 | INFO  | Logger initialized
2026-08-05 16:49:15 | INFO  | log_file=/home/albert/Ancestor/logs/Step6_Model_08_Retrain/2026-08-05-16-49-15.log
2026-08-05 16:49:15 | INFO  | output_dir=/home/albert/Ancestor/output/Step6_Model_08_Retrain/2026-08-05-16-49-15
[gpu_utils] GPU x1 已啟用：['/physical_device:GPU:0']
自訂 Label Mapping:
8screws: 0
1screws: 1
2screws: 2
3screws: 3
4screws: 4
5screws: 5
6screws: 6
7screws: 7
3_14screws: 8
4_146screws: 9
[Training] Device: /GPU:0
Epoch 1/100
145/145 25ms/step accuracy=0.8552 loss=0.5730 val_accuracy=0.1009 val_loss=2.6052
Epoch 2/100
145/145 7ms/step accuracy=0.9981 loss=0.0336 val_accuracy=0.8603 val_loss=0.4529
Epoch 3/100
145/145 8ms/step accuracy=0.9991 loss=0.0154 val_accuracy=0.9991 val_loss=0.0097
Epoch 4/100
145/145 6ms/step accuracy=0.9998 loss=0.0077 val_accuracy=1.0000 val_loss=0.0034
Epoch 5/100
145/145 7ms/step accuracy=1.0000 loss=0.0054 val_accuracy=1.0000 val_loss=0.0022
Epoch 6/100
145/145 6ms/step accuracy=1.0000 loss=0.0036 val_accuracy=1.0000 val_loss=0.0015
Epoch 7/100
145/145 7ms/step accuracy=1.0000 loss=0.0027 val_accuracy=1.0000 val_loss=0.0012
Epoch 8/100
145/145 6ms/step accuracy=0.9996 loss=0.0029 val_accuracy=1.0000 val_loss=9.4740e-04
Epoch 9/100
145/145 7ms/step accuracy=1.0000 loss=0.0020 val_accuracy=1.0000 val_loss=7.0030e-04
Epoch 10/100
145/145 6ms/step accuracy=1.0000 loss=0.0015 val_accuracy=1.0000 val_loss=5.9454e-04
Epoch 11/100
145/145 7ms/step accuracy=0.9998 loss=0.0017 val_accuracy=1.0000 val_loss=5.0045e-04
Epoch 12/100
145/145 5ms/step accuracy=0.9996 loss=0.0014
145/145 7ms/step accuracy=0.9998 loss=0.0012 val_accuracy=1.0000 val_loss=4.3099e-04
Epoch 13/100
145/145 7ms/step accuracy=1.0000 loss=8.2875e-04 val_accuracy=1.0000 val_loss=3.7279e-04
Epoch 14/100
145/145 6ms/step accuracy=1.0000 loss=7.3523e-04 val_accuracy=1.0000 val_loss=3.1753e-04
Epoch 15/100
145/145 7ms/step accuracy=1.0000 loss=8.1269e-04 val_accuracy=1.0000 val_loss=2.8330e-04
Epoch 16/100
145/145 6ms/step accuracy=1.0000 loss=7.9895e-04 val_accuracy=1.0000 val_loss=2.6869e-04
Epoch 17/100
145/145 7ms/step accuracy=1.0000 loss=6.8270e-04 val_accuracy=1.0000 val_loss=2.1070e-04
Epoch 18/100
145/145 7ms/step accuracy=1.0000 loss=4.5451e-04 val_accuracy=1.0000 val_loss=1.8817e-04
Epoch 19/100
145/145 5ms/step accuracy=1.0000 loss=4.5511e-04
145/145 7ms/step accuracy=1.0000 loss=5.1404e-04 val_accuracy=1.0000 val_loss=1.6736e-04
Epoch 20/100
145/145 7ms/step accuracy=1.0000 loss=6.0119e-04 val_accuracy=1.0000 val_loss=1.4512e-04
Epoch 21/100
145/145 7ms/step accuracy=1.0000 loss=3.6074e-04 val_accuracy=1.0000 val_loss=1.3300e-04
Epoch 22/100
145/145 6ms/step accuracy=1.0000 loss=4.1597e-04 val_accuracy=1.0000 val_loss=9.8088e-05
Epoch 23/100
145/145 6ms/step accuracy=1.0000 loss=2.5642e-04 val_accuracy=1.0000 val_loss=9.0301e-05
Epoch 24/100
145/145 5ms/step accuracy=1.0000 loss=2.2924e-04
145/145 7ms/step accuracy=1.0000 loss=2.2633e-04 val_accuracy=1.0000 val_loss=8.3962e-05
Epoch 25/100
145/145 7ms/step accuracy=1.0000 loss=2.7840e-04 val_accuracy=1.0000 val_loss=7.2873e-05
Epoch 26/100
145/145 7ms/step accuracy=1.0000 loss=2.7295e-04 val_accuracy=1.0000 val_loss=6.6678e-05
Epoch 27/100
145/145 8ms/step accuracy=1.0000 loss=1.9877e-04 val_accuracy=1.0000 val_loss=5.8409e-05
Epoch 28/100
145/145 7ms/step accuracy=1.0000 loss=2.0926e-04 val_accuracy=1.0000 val_loss=5.2897e-05
Epoch 29/100
145/145 7ms/step accuracy=1.0000 loss=1.8178e-04 val_accuracy=1.0000 val_loss=4.6432e-05
Epoch 30/100
145/145 7ms/step accuracy=1.0000 loss=1.3973e-04 val_accuracy=1.0000 val_loss=4.1442e-05
Epoch 31/100
145/145 5ms/step accuracy=1.0000 loss=1.9067e-04
145/145 7ms/step accuracy=1.0000 loss=2.1866e-04 val_accuracy=1.0000 val_loss=3.8370e-05
Epoch 32/100
145/145 8ms/step accuracy=1.0000 loss=1.0663e-04 val_accuracy=1.0000 val_loss=3.5208e-05
Epoch 33/100
145/145 7ms/step accuracy=1.0000 loss=1.3831e-04 val_accuracy=1.0000 val_loss=3.3119e-05
Epoch 34/100
145/145 6ms/step accuracy=1.0000 loss=2.5098e-04 val_accuracy=1.0000 val_loss=6.5794e-05
Epoch 35/100
145/145 8ms/step accuracy=1.0000 loss=1.2029e-04 val_accuracy=1.0000 val_loss=2.9733e-05
Epoch 36/100
145/145 7ms/step accuracy=1.0000 loss=9.8743e-05 val_accuracy=1.0000 val_loss=2.5488e-05
Epoch 37/100
145/145 8ms/step accuracy=1.0000 loss=8.5127e-05 val_accuracy=1.0000 val_loss=2.3443e-05
Epoch 38/100
145/145 7ms/step accuracy=1.0000 loss=9.8043e-05 val_accuracy=1.0000 val_loss=2.1274e-05
Epoch 39/100
145/145 5ms/step accuracy=1.0000 loss=7.2424e-05
145/145 7ms/step accuracy=1.0000 loss=6.8380e-05 val_accuracy=1.0000 val_loss=1.8862e-05
Epoch 40/100
145/145 7ms/step accuracy=1.0000 loss=6.1712e-05 val_accuracy=1.0000 val_loss=1.8148e-05
Epoch 41/100
145/145 7ms/step accuracy=1.0000 loss=5.4434e-05 val_accuracy=1.0000 val_loss=1.6881e-05
Epoch 42/100
145/145 7ms/step accuracy=1.0000 loss=7.1533e-05 val_accuracy=1.0000 val_loss=1.4844e-05
Epoch 43/100
145/145 7ms/step accuracy=1.0000 loss=4.5467e-05 val_accuracy=1.0000 val_loss=1.3761e-05
Epoch 44/100
145/145 8ms/step accuracy=1.0000 loss=4.3661e-05 val_accuracy=1.0000 val_loss=1.2649e-05
Epoch 45/100
145/145 8ms/step accuracy=1.0000 loss=4.7516e-05 val_accuracy=1.0000 val_loss=1.1807e-05
Epoch 46/100
145/145 5ms/step accuracy=1.0000 loss=6.1264e-05
145/145 7ms/step accuracy=1.0000 loss=6.3497e-05 val_accuracy=1.0000 val_loss=9.3237e-06
Epoch 47/100
145/145 8ms/step accuracy=1.0000 loss=6.9302e-05 val_accuracy=1.0000 val_loss=8.9802e-06
Epoch 48/100
145/145 7ms/step accuracy=1.0000 loss=4.0998e-05 val_accuracy=1.0000 val_loss=9.2121e-06
Epoch 49/100
145/145 7ms/step accuracy=1.0000 loss=3.4891e-05 val_accuracy=1.0000 val_loss=8.6181e-06
Epoch 50/100
145/145 7ms/step accuracy=1.0000 loss=3.5459e-05 val_accuracy=1.0000 val_loss=7.9968e-06
Epoch 51/100
145/145 6ms/step accuracy=1.0000 loss=3.1277e-05 val_accuracy=1.0000 val_loss=7.2562e-06
Epoch 52/100
145/145 6ms/step accuracy=1.0000 loss=3.2042e-05 val_accuracy=1.0000 val_loss=6.4964e-06
Epoch 53/100
145/145 6ms/step accuracy=1.0000 loss=3.5260e-05 val_accuracy=1.0000 val_loss=5.9484e-06
Epoch 54/100
145/145 6ms/step accuracy=1.0000 loss=2.2980e-05 val_accuracy=1.0000 val_loss=5.6135e-06
Epoch 55/100
145/145 7ms/step accuracy=1.0000 loss=2.3538e-05 val_accuracy=1.0000 val_loss=4.9550e-06
Epoch 56/100
145/145 7ms/step accuracy=1.0000 loss=2.0710e-05 val_accuracy=1.0000 val_loss=4.3351e-06
Epoch 57/100
145/145 6ms/step accuracy=1.0000 loss=2.2678e-05 val_accuracy=1.0000 val_loss=4.0347e-06
Epoch 58/100
145/145 5ms/step accuracy=1.0000 loss=1.3991e-05
145/145 6ms/step accuracy=1.0000 loss=1.4710e-05 val_accuracy=1.0000 val_loss=4.0166e-06
Epoch 59/100
145/145 7ms/step accuracy=1.0000 loss=1.4285e-05 val_accuracy=1.0000 val_loss=3.6391e-06
Epoch 60/100
145/145 7ms/step accuracy=1.0000 loss=1.5174e-05 val_accuracy=1.0000 val_loss=3.2051e-06
Epoch 61/100
145/145 6ms/step accuracy=1.0000 loss=7.0211e-05 val_accuracy=1.0000 val_loss=1.6509e-05
Epoch 62/100
145/145 7ms/step accuracy=1.0000 loss=2.1168e-05 val_accuracy=1.0000 val_loss=9.1301e-06
Epoch 63/100
145/145 6ms/step accuracy=1.0000 loss=1.8826e-05 val_accuracy=1.0000 val_loss=6.7142e-06
Epoch 64/100
145/145 7ms/step accuracy=1.0000 loss=2.6025e-05 val_accuracy=1.0000 val_loss=3.3654e-06
Epoch 65/100
145/145 6ms/step accuracy=1.0000 loss=1.4462e-05 val_accuracy=1.0000 val_loss=3.0042e-06
Epoch 66/100
145/145 6ms/step accuracy=1.0000 loss=2.4535e-05 val_accuracy=1.0000 val_loss=3.8222e-06
Epoch 67/100
145/145 7ms/step accuracy=1.0000 loss=2.4281e-05 val_accuracy=1.0000 val_loss=4.7433e-06
Epoch 68/100
145/145 6ms/step accuracy=1.0000 loss=1.2027e-05 val_accuracy=1.0000 val_loss=3.4584e-06
Epoch 69/100
145/145 7ms/step accuracy=1.0000 loss=1.0361e-05 val_accuracy=1.0000 val_loss=3.0016e-06
Epoch 70/100
145/145 6ms/step accuracy=1.0000 loss=1.0025e-05 val_accuracy=1.0000 val_loss=2.9785e-06
Epoch 71/100
145/145 7ms/step accuracy=1.0000 loss=7.3443e-06 val_accuracy=1.0000 val_loss=2.6429e-06
Epoch 72/100
145/145 6ms/step accuracy=1.0000 loss=7.7438e-06 val_accuracy=1.0000 val_loss=2.4515e-06
Epoch 73/100
145/145 6ms/step accuracy=1.0000 loss=5.7411e-06 val_accuracy=1.0000 val_loss=2.4540e-06
Epoch 74/100
145/145 7ms/step accuracy=1.0000 loss=5.5423e-06 val_accuracy=1.0000 val_loss=2.0086e-06
Epoch 75/100
145/145 7ms/step accuracy=1.0000 loss=5.3811e-06 val_accuracy=1.0000 val_loss=1.7167e-06
Epoch 76/100
145/145 5ms/step accuracy=1.0000 loss=4.5872e-06
145/145 7ms/step accuracy=1.0000 loss=5.4866e-06 val_accuracy=1.0000 val_loss=1.5114e-06
Epoch 77/100
145/145 7ms/step accuracy=1.0000 loss=3.9911e-06 val_accuracy=1.0000 val_loss=1.4768e-06
Epoch 78/100
145/145 7ms/step accuracy=1.0000 loss=4.4854e-06 val_accuracy=1.0000 val_loss=1.2413e-06
Epoch 79/100
145/145 8ms/step accuracy=1.0000 loss=4.5331e-06 val_accuracy=1.0000 val_loss=1.2342e-06
Epoch 80/100
145/145 8ms/step accuracy=1.0000 loss=3.5319e-06 val_accuracy=1.0000 val_loss=1.2145e-06
Epoch 81/100
145/145 7ms/step accuracy=1.0000 loss=3.7191e-06 val_accuracy=1.0000 val_loss=1.1714e-06
Epoch 82/100
145/145 8ms/step accuracy=1.0000 loss=3.6821e-06 val_accuracy=1.0000 val_loss=1.0709e-06
Epoch 83/100
145/145 7ms/step accuracy=1.0000 loss=7.2100e-06 val_accuracy=1.0000 val_loss=1.3258e-06
Epoch 84/100
145/145 7ms/step accuracy=1.0000 loss=4.2892e-06 val_accuracy=1.0000 val_loss=1.5389e-06
Epoch 85/100
145/145 6ms/step accuracy=1.0000 loss=3.8204e-06 val_accuracy=1.0000 val_loss=1.2661e-06
Epoch 86/100
145/145 7ms/step accuracy=0.9994 loss=0.0040 val_accuracy=1.0000 val_loss=1.1534e-04
Epoch 87/100
145/145 6ms/step accuracy=1.0000 loss=8.0037e-05 val_accuracy=1.0000 val_loss=1.0135e-05
Epoch 88/100
145/145 7ms/step accuracy=1.0000 loss=4.5924e-05 val_accuracy=1.0000 val_loss=7.6035e-06
Epoch 89/100
145/145 6ms/step accuracy=1.0000 loss=2.2691e-05 val_accuracy=1.0000 val_loss=7.1951e-06
Epoch 90/100
145/145 7ms/step accuracy=1.0000 loss=1.8164e-05 val_accuracy=1.0000 val_loss=5.3059e-06
Epoch 91/100
145/145 7ms/step accuracy=1.0000 loss=1.9903e-05 val_accuracy=1.0000 val_loss=5.7083e-06
Epoch 92/100
145/145 5ms/step accuracy=1.0000 loss=8.8323e-06
145/145 7ms/step accuracy=1.0000 loss=9.7597e-06 val_accuracy=1.0000 val_loss=5.2468e-06
37/37 4ms/step accuracy=1.0000 loss=1.0709e-06
Screw Number Loss: 0.0000, Screw Number Accuracy: 1.0000
2026-08-05 16:51:15 | INFO  | Saved plot: /home/albert/Ancestor/output/Step6_Model_08_Retrain/2026-08-05-16-49-15/plot_000.png
2026-08-05 16:51:16 | INFO  | Saved plot: /home/albert/Ancestor/output/Step6_Model_08_Retrain/2026-08-05-16-49-15/plot_001.png
2026-08-05 16:51:18 | INFO  | Saved plot: /home/albert/Ancestor/output/Step6_Model_08_Retrain/2026-08-05-16-49-15/plot_002.png
重訓練模型已儲存：/home/albert/Ancestor/data/Step-1/model/ResNet_C11000_retrained.keras
