2026-08-05 16:04:54 | INFO  | Logger initialized
2026-08-05 16:04:54 | INFO  | log_file=/home/albert/Ancestor/logs/Step3_Model_19_TwoStage/2026-08-05-16-04-54.log
2026-08-05 16:04:54 | INFO  | output_dir=/home/albert/Ancestor/output/Step3_Model_19_TwoStage/2026-08-05-16-04-54
[gpu_utils] GPU x1 已啟用：['/physical_device:GPU:0']
自訂 Label Mapping:
8screws: 0
1screws: 1
2screws: 2
3screws: 3
4screws: 4
0 0
模型已成功載入。
Model 2 - Layer 0: input_layer | Trainable: False
Model 2 - Layer 1: conv1d | Trainable: False
Model 2 - Layer 2: conv1d_1 | Trainable: False
Model 2 - Layer 3: max_pooling1d | Trainable: False
Model 2 - Layer 4: conv1d_2 | Trainable: False
Model 2 - Layer 5: max_pooling1d_1 | Trainable: False
Model 2 - Layer 6: conv1d_3 | Trainable: True
Model 2 - Layer 7: max_pooling1d_2 | Trainable: True
Model 2 - Layer 8: flatten | Trainable: True
Model 2 - Layer 9: dense | Trainable: True
Model 2 - Layer 10: dropout | Trainable: True
Model 2 - Layer 11: Screw_Number_Output | Trainable: True
[Training] Device: /GPU:0
Epoch 1/100
75/75 34ms/step accuracy=0.3989 loss=4.3604
75/75 54ms/step accuracy=0.4453 loss=3.5518 val_accuracy=0.5359 val_loss=2.3386
Epoch 2/100
75/75 4ms/step accuracy=0.5497 loss=1.9849 val_accuracy=0.6344 val_loss=1.3546
Epoch 3/100
75/75 5ms/step accuracy=0.6390 loss=1.1946 val_accuracy=0.7262 val_loss=0.8663
Epoch 4/100
75/75 4ms/step accuracy=0.7120 loss=0.8575 val_accuracy=0.7813 val_loss=0.6346
Epoch 5/100
75/75 5ms/step accuracy=0.7525 loss=0.6662 val_accuracy=0.8147 val_loss=0.4953
Epoch 6/100
75/75 4ms/step accuracy=0.7880 loss=0.5755 val_accuracy=0.8531 val_loss=0.4122
Epoch 7/100
75/75 5ms/step accuracy=0.8043 loss=0.4896 val_accuracy=0.8831 val_loss=0.3503
Epoch 8/100
75/75 4ms/step accuracy=0.8264 loss=0.4459 val_accuracy=0.9048 val_loss=0.3094
Epoch 9/100
75/75 5ms/step accuracy=0.8460 loss=0.4091 val_accuracy=0.9182 val_loss=0.2615
Epoch 10/100
75/75 4ms/step accuracy=0.8627 loss=0.3568 val_accuracy=0.9299 val_loss=0.2393
Epoch 11/100
75/75 5ms/step accuracy=0.8548 loss=0.3619 val_accuracy=0.9399 val_loss=0.2142
Epoch 12/100
75/75 4ms/step accuracy=0.8740 loss=0.3341 val_accuracy=0.9533 val_loss=0.1874
Epoch 13/100
75/75 5ms/step accuracy=0.8844 loss=0.3044 val_accuracy=0.9566 val_loss=0.1684
Epoch 14/100
75/75 4ms/step accuracy=0.8982 loss=0.2849 val_accuracy=0.9666 val_loss=0.1524
Epoch 15/100
75/75 5ms/step accuracy=0.8911 loss=0.2759 val_accuracy=0.9766 val_loss=0.1357
Epoch 16/100
75/75 4ms/step accuracy=0.9032 loss=0.2646 val_accuracy=0.9800 val_loss=0.1253
Epoch 17/100
75/75 5ms/step accuracy=0.9082 loss=0.2597 val_accuracy=0.9800 val_loss=0.1154
Epoch 18/100
75/75 4ms/step accuracy=0.9094 loss=0.2395 val_accuracy=0.9850 val_loss=0.1059
Epoch 19/100
75/75 5ms/step accuracy=0.9140 loss=0.2308 val_accuracy=0.9850 val_loss=0.0963
Epoch 20/100
75/75 4ms/step accuracy=0.9149 loss=0.2144 val_accuracy=0.9850 val_loss=0.0878
Epoch 21/100
75/75 5ms/step accuracy=0.9261 loss=0.2053 val_accuracy=0.9850 val_loss=0.0843
Epoch 22/100
75/75 4ms/step accuracy=0.9328 loss=0.1827 val_accuracy=0.9917 val_loss=0.0755
Epoch 23/100
75/75 5ms/step accuracy=0.9261 loss=0.1836 val_accuracy=0.9917 val_loss=0.0718
Epoch 24/100
75/75 4ms/step accuracy=0.9341 loss=0.1767 val_accuracy=0.9933 val_loss=0.0658
Epoch 25/100
75/75 5ms/step accuracy=0.9391 loss=0.1766 val_accuracy=0.9933 val_loss=0.0627
Epoch 26/100
75/75 4ms/step accuracy=0.9386 loss=0.1689 val_accuracy=0.9933 val_loss=0.0610
Epoch 27/100
75/75 5ms/step accuracy=0.9428 loss=0.1554 val_accuracy=0.9950 val_loss=0.0528
Epoch 28/100
75/75 4ms/step accuracy=0.9366 loss=0.1466 val_accuracy=0.9950 val_loss=0.0507
Epoch 29/100
75/75 5ms/step accuracy=0.9391 loss=0.1546 val_accuracy=0.9950 val_loss=0.0489
Epoch 30/100
75/75 4ms/step accuracy=0.9495 loss=0.1372 val_accuracy=0.9950 val_loss=0.0446
Epoch 31/100
75/75 5ms/step accuracy=0.9357 loss=0.1517 val_accuracy=0.9950 val_loss=0.0448
Epoch 32/100
75/75 4ms/step accuracy=0.9453 loss=0.1420 val_accuracy=0.9950 val_loss=0.0410
Epoch 33/100
75/75 5ms/step accuracy=0.9508 loss=0.1301 val_accuracy=0.9950 val_loss=0.0391
Epoch 34/100
75/75 5ms/step accuracy=0.9449 loss=0.1370 val_accuracy=0.9950 val_loss=0.0356
Epoch 35/100
75/75 4ms/step accuracy=0.9495 loss=0.1243 val_accuracy=0.9950 val_loss=0.0333
Epoch 36/100
75/75 5ms/step accuracy=0.9478 loss=0.1345 val_accuracy=0.9950 val_loss=0.0328
Epoch 37/100
75/75 4ms/step accuracy=0.9512 loss=0.1262 val_accuracy=0.9967 val_loss=0.0305
Epoch 38/100
75/75 5ms/step accuracy=0.9528 loss=0.1196 val_accuracy=0.9950 val_loss=0.0303
Epoch 39/100
75/75 4ms/step accuracy=0.9608 loss=0.1153 val_accuracy=0.9967 val_loss=0.0272
Epoch 40/100
75/75 5ms/step accuracy=0.9587 loss=0.1067 val_accuracy=0.9967 val_loss=0.0255
Epoch 41/100
75/75 4ms/step accuracy=0.9608 loss=0.1079 val_accuracy=0.9967 val_loss=0.0244
Epoch 42/100
75/75 5ms/step accuracy=0.9599 loss=0.1058 val_accuracy=0.9967 val_loss=0.0234
Epoch 43/100
75/75 4ms/step accuracy=0.9578 loss=0.1087 val_accuracy=0.9967 val_loss=0.0228
Epoch 44/100
75/75 5ms/step accuracy=0.9524 loss=0.1085 val_accuracy=0.9967 val_loss=0.0220
Epoch 45/100
75/75 4ms/step accuracy=0.9570 loss=0.1064 val_accuracy=0.9967 val_loss=0.0200
Epoch 46/100
75/75 5ms/step accuracy=0.9549 loss=0.1140 val_accuracy=0.9967 val_loss=0.0190
Epoch 47/100
75/75 4ms/step accuracy=0.9645 loss=0.0883 val_accuracy=0.9967 val_loss=0.0171
Epoch 48/100
75/75 5ms/step accuracy=0.9654 loss=0.0878 val_accuracy=0.9967 val_loss=0.0170
Epoch 49/100
75/75 4ms/step accuracy=0.9608 loss=0.0965 val_accuracy=0.9967 val_loss=0.0159
Epoch 50/100
75/75 5ms/step accuracy=0.9587 loss=0.0975 val_accuracy=0.9967 val_loss=0.0159
Epoch 51/100
75/75 4ms/step accuracy=0.9649 loss=0.0882 val_accuracy=0.9967 val_loss=0.0144
Epoch 52/100
75/75 5ms/step accuracy=0.9633 loss=0.0993 val_accuracy=0.9967 val_loss=0.0147
Epoch 53/100
75/75 4ms/step accuracy=0.9629 loss=0.0951 val_accuracy=0.9967 val_loss=0.0131
Epoch 54/100
75/75 5ms/step accuracy=0.9624 loss=0.0977 val_accuracy=0.9967 val_loss=0.0142
Epoch 55/100
75/75 4ms/step accuracy=0.9620 loss=0.0918 val_accuracy=0.9967 val_loss=0.0119
Epoch 56/100
75/75 5ms/step accuracy=0.9679 loss=0.0847 val_accuracy=0.9967 val_loss=0.0109
Epoch 57/100
75/75 4ms/step accuracy=0.9687 loss=0.0870 val_accuracy=0.9967 val_loss=0.0103
Epoch 58/100
75/75 5ms/step accuracy=0.9624 loss=0.1012 val_accuracy=0.9967 val_loss=0.0114
Epoch 59/100
75/75 4ms/step accuracy=0.9662 loss=0.0879 val_accuracy=0.9967 val_loss=0.0105
Epoch 60/100
75/75 5ms/step accuracy=0.9674 loss=0.0835 val_accuracy=0.9967 val_loss=0.0096
Epoch 61/100
75/75 4ms/step accuracy=0.9687 loss=0.0880 val_accuracy=0.9967 val_loss=0.0094
Epoch 62/100
75/75 5ms/step accuracy=0.9695 loss=0.0824 val_accuracy=0.9967 val_loss=0.0079
Epoch 63/100
75/75 4ms/step accuracy=0.9741 loss=0.0790 val_accuracy=0.9967 val_loss=0.0078
Epoch 64/100
75/75 5ms/step accuracy=0.9658 loss=0.0827 val_accuracy=0.9983 val_loss=0.0071
Epoch 65/100
75/75 4ms/step accuracy=0.9787 loss=0.0646 val_accuracy=0.9983 val_loss=0.0069
Epoch 66/100
75/75 5ms/step accuracy=0.9712 loss=0.0675 val_accuracy=0.9983 val_loss=0.0065
Epoch 67/100
75/75 4ms/step accuracy=0.9725 loss=0.0720 val_accuracy=0.9983 val_loss=0.0064
Epoch 68/100
75/75 5ms/step accuracy=0.9716 loss=0.0781 val_accuracy=0.9983 val_loss=0.0052
Epoch 69/100
75/75 4ms/step accuracy=0.9754 loss=0.0695 val_accuracy=0.9983 val_loss=0.0057
Epoch 70/100
75/75 5ms/step accuracy=0.9737 loss=0.0687 val_accuracy=0.9983 val_loss=0.0049
Epoch 71/100
75/75 4ms/step accuracy=0.9733 loss=0.0784 val_accuracy=0.9983 val_loss=0.0056
Epoch 72/100
75/75 5ms/step accuracy=0.9770 loss=0.0687 val_accuracy=0.9983 val_loss=0.0050
Epoch 73/100
75/75 4ms/step accuracy=0.9762 loss=0.0724 val_accuracy=0.9983 val_loss=0.0055
Epoch 74/100
75/75 5ms/step accuracy=0.9741 loss=0.0688 val_accuracy=0.9983 val_loss=0.0047
Epoch 75/100
75/75 4ms/step accuracy=0.9758 loss=0.0681 val_accuracy=0.9983 val_loss=0.0041
Epoch 76/100
75/75 5ms/step accuracy=0.9745 loss=0.0677 val_accuracy=0.9983 val_loss=0.0038
Epoch 77/100
75/75 4ms/step accuracy=0.9745 loss=0.0703 val_accuracy=0.9983 val_loss=0.0041
Epoch 78/100
75/75 5ms/step accuracy=0.9754 loss=0.0640 val_accuracy=1.0000 val_loss=0.0029
Epoch 79/100
75/75 4ms/step accuracy=0.9720 loss=0.0734 val_accuracy=0.9983 val_loss=0.0036
Epoch 80/100
75/75 4ms/step accuracy=0.9666 loss=0.0726 val_accuracy=0.9983 val_loss=0.0034
Epoch 81/100
75/75 4ms/step accuracy=0.9779 loss=0.0582 val_accuracy=0.9983 val_loss=0.0031
Epoch 82/100
75/75 5ms/step accuracy=0.9766 loss=0.0630 val_accuracy=0.9983 val_loss=0.0031
Epoch 83/100
75/75 4ms/step accuracy=0.9816 loss=0.0582 val_accuracy=1.0000 val_loss=0.0025
Epoch 84/100
75/75 5ms/step accuracy=0.9762 loss=0.0647 val_accuracy=1.0000 val_loss=0.0023
Epoch 85/100
75/75 4ms/step accuracy=0.9695 loss=0.0718 val_accuracy=1.0000 val_loss=0.0026
Epoch 86/100
75/75 5ms/step accuracy=0.9762 loss=0.0652 val_accuracy=1.0000 val_loss=0.0023
Epoch 87/100
75/75 4ms/step accuracy=0.9766 loss=0.0582 val_accuracy=1.0000 val_loss=0.0021
Epoch 88/100
75/75 5ms/step accuracy=0.9745 loss=0.0596 val_accuracy=1.0000 val_loss=0.0017
Epoch 89/100
75/75 4ms/step accuracy=0.9766 loss=0.0591 val_accuracy=1.0000 val_loss=0.0020
Epoch 90/100
75/75 5ms/step accuracy=0.9716 loss=0.0720 val_accuracy=1.0000 val_loss=0.0020
Epoch 91/100
75/75 4ms/step accuracy=0.9745 loss=0.0619 val_accuracy=1.0000 val_loss=0.0015
Epoch 92/100
75/75 5ms/step accuracy=0.9741 loss=0.0636 val_accuracy=1.0000 val_loss=0.0016
Epoch 93/100
75/75 4ms/step accuracy=0.9770 loss=0.0591 val_accuracy=1.0000 val_loss=0.0015
Epoch 94/100
75/75 5ms/step accuracy=0.9779 loss=0.0677 val_accuracy=1.0000 val_loss=0.0017
Epoch 95/100
75/75 4ms/step accuracy=0.9754 loss=0.0582 val_accuracy=1.0000 val_loss=0.0012
Epoch 96/100
75/75 5ms/step accuracy=0.9725 loss=0.0664 val_accuracy=1.0000 val_loss=0.0017
Epoch 97/100
75/75 4ms/step accuracy=0.9787 loss=0.0649 val_accuracy=1.0000 val_loss=0.0012
Epoch 98/100
75/75 5ms/step accuracy=0.9762 loss=0.0627 val_accuracy=1.0000 val_loss=0.0013
Epoch 99/100
75/75 4ms/step accuracy=0.9787 loss=0.0607 val_accuracy=1.0000 val_loss=0.0010
Epoch 100/100
75/75 5ms/step accuracy=0.9758 loss=0.0578 val_accuracy=1.0000 val_loss=0.0010
19/19 3ms/step accuracy=1.0000 loss=0.0010
Loss: 0.0010, Accuracy: 1.0000
2026-08-05 16:05:38 | INFO  | Saved plot: /home/albert/Ancestor/output/Step3_Model_19_TwoStage/2026-08-05-16-04-54/plot_000.png
2026-08-05 16:05:39 | INFO  | Saved plot: /home/albert/Ancestor/output/Step3_Model_19_TwoStage/2026-08-05-16-04-54/plot_001.png
2026-08-05 16:05:40 | INFO  | Saved plot: /home/albert/Ancestor/output/Step3_Model_19_TwoStage/2026-08-05-16-04-54/plot_002.png
